Tue May 17 22:44:47 UTC 2022
[31;43m***** uname -a; Release; date; *****[0m
Linux SAPEF4DB01 5.3.18-24.67-default #1 SMP Tue Jun 1 14:07:53 UTC 2021 (f0fe006) x86_64 x86_64 x86_64 GNU/Linux
NAME="SLES"
VERSION="15-SP2"
VERSION_ID="15.2"
PRETTY_NAME="SUSE Linux Enterprise Server 15 SP2"
ID="sles"
ID_LIKE="suse"
ANSI_COLOR="0;32"
CPE_NAME="cpe:/o:suse:sles:15:sp2"
VARIANT_ID="sles-sap"
Tue May 17 22:44:47 UTC 2022

[31;43m***** Network; Route; Netstat; *****[0m

[31;43m***** DF; Fdisk; FSTAB; GRUB; Mount *****[0m
Filesystem                                          Size  Used Avail Use% Mounted on
devtmpfs                                             31G  8.0K   31G   1% /dev
tmpfs                                                48G  368K   48G   1% /dev/shm
tmpfs                                                31G  1.2M   31G   1% /run
tmpfs                                                31G     0   31G   0% /sys/fs/cgroup
/dev/nvme0n1p1                                      100G   19G   82G  19% /
tmpfs                                                31G   44K   31G   1% /tmp
/dev/mapper/hana_shared_HFE-hana_shared_HFE         300G   46G  255G  16% /hana/shared/HFE
/dev/mapper/usr_sap-usr_sap                          50G  2.6G   48G   6% /usr/sap
/dev/mapper/home-home                                20G  214M   20G   2% /home
/dev/mapper/hana_data_HFE-hana_data_HFE             700G   28G  673G   4% /hana/data/HFE
/dev/mapper/hana_log_HFE-hana_log_HFE               600G  3.1G  597G   1% /hana/log/HFE
/dev/mapper/sapbackup-sapbackup                     600G   44G  557G   8% /SAPBackup
fs-01fc7465ebc02fcfb.efs.us-east-1.amazonaws.com:/  8.0E  6.3G  8.0E   1% /sapmnt/F4E
fs-b36da833.efs.us-east-1.amazonaws.com:/           8.0E   24T  8.0E   1% /SAPMedia
tmpfs                                               6.2G     0  6.2G   0% /run/user/473
tmpfs                                               6.2G     0  6.2G   0% /run/user/3000
/dev/mapper/var_log_audit-var_log_audit              20G  2.7G   18G  14% /var/log/audit
/dev/mapper/var_tmp-var_tmp                          20G  1.2G   19G   6% /var/tmp
/dev/mapper/var-var                                  20G  669M   20G   4% /var
/dev/mapper/var_log-var_log                          20G  1.2G   19G   6% /var/log
Disk /dev/nvme0n1: 100 GiB, 107374182400 bytes, 209715200 sectors
Disk model: Amazon Elastic Block Store              
Units: sectors of 1 * 512 = 512 bytes
Sector size (logical/physical): 512 bytes / 4096 bytes
I/O size (minimum/optimal): 4096 bytes / 4096 bytes
Disklabel type: dos
Disk identifier: 0x6c5d29eb

Device         Boot Start       End   Sectors  Size Id Type
/dev/nvme0n1p1       2048 209715166 209713119  100G 83 Linux


Disk /dev/nvme4n1: 20 GiB, 21474836480 bytes, 41943040 sectors
Disk model: Amazon Elastic Block Store              
Units: sectors of 1 * 512 = 512 bytes
Sector size (logical/physical): 512 bytes / 4096 bytes
I/O size (minimum/optimal): 4096 bytes / 4096 bytes


Disk /dev/nvme1n1: 600 GiB, 644245094400 bytes, 1258291200 sectors
Disk model: Amazon Elastic Block Store              
Units: sectors of 1 * 512 = 512 bytes
Sector size (logical/physical): 512 bytes / 4096 bytes
I/O size (minimum/optimal): 4096 bytes / 4096 bytes


Disk /dev/nvme2n1: 20 GiB, 21474836480 bytes, 41943040 sectors
Disk model: Amazon Elastic Block Store              
Units: sectors of 1 * 512 = 512 bytes
Sector size (logical/physical): 512 bytes / 4096 bytes
I/O size (minimum/optimal): 4096 bytes / 4096 bytes


Disk /dev/nvme8n1: 300 GiB, 322122547200 bytes, 629145600 sectors
Disk model: Amazon Elastic Block Store              
Units: sectors of 1 * 512 = 512 bytes
Sector size (logical/physical): 512 bytes / 4096 bytes
I/O size (minimum/optimal): 4096 bytes / 4096 bytes


Disk /dev/nvme7n1: 20 GiB, 21474836480 bytes, 41943040 sectors
Disk model: Amazon Elastic Block Store              
Units: sectors of 1 * 512 = 512 bytes
Sector size (logical/physical): 512 bytes / 4096 bytes
I/O size (minimum/optimal): 4096 bytes / 4096 bytes


Disk /dev/nvme3n1: 20 GiB, 21474836480 bytes, 41943040 sectors
Disk model: Amazon Elastic Block Store              
Units: sectors of 1 * 512 = 512 bytes
Sector size (logical/physical): 512 bytes / 4096 bytes
I/O size (minimum/optimal): 4096 bytes / 4096 bytes


Disk /dev/nvme5n1: 600 GiB, 644245094400 bytes, 1258291200 sectors
Disk model: Amazon Elastic Block Store              
Units: sectors of 1 * 512 = 512 bytes
Sector size (logical/physical): 512 bytes / 4096 bytes
I/O size (minimum/optimal): 4096 bytes / 4096 bytes


Disk /dev/nvme6n1: 20 GiB, 21474836480 bytes, 41943040 sectors
Disk model: Amazon Elastic Block Store              
Units: sectors of 1 * 512 = 512 bytes
Sector size (logical/physical): 512 bytes / 4096 bytes
I/O size (minimum/optimal): 4096 bytes / 4096 bytes


Disk /dev/nvme9n1: 700 GiB, 751619276800 bytes, 1468006400 sectors
Disk model: Amazon Elastic Block Store              
Units: sectors of 1 * 512 = 512 bytes
Sector size (logical/physical): 512 bytes / 4096 bytes
I/O size (minimum/optimal): 4096 bytes / 4096 bytes


Disk /dev/nvme10n1: 2 GiB, 2147483648 bytes, 4194304 sectors
Disk model: Amazon Elastic Block Store              
Units: sectors of 1 * 512 = 512 bytes
Sector size (logical/physical): 512 bytes / 4096 bytes
I/O size (minimum/optimal): 4096 bytes / 4096 bytes


Disk /dev/nvme11n1: 50 GiB, 53687091200 bytes, 104857600 sectors
Disk model: Amazon Elastic Block Store              
Units: sectors of 1 * 512 = 512 bytes
Sector size (logical/physical): 512 bytes / 4096 bytes
I/O size (minimum/optimal): 4096 bytes / 4096 bytes


Disk /dev/mapper/home-home: 20 GiB, 21470642176 bytes, 41934848 sectors
Units: sectors of 1 * 512 = 512 bytes
Sector size (logical/physical): 512 bytes / 4096 bytes
I/O size (minimum/optimal): 4096 bytes / 4096 bytes


Disk /dev/mapper/hana_data_HFE-hana_data_HFE: 700 GiB, 751615082496 bytes, 1467998208 sectors
Units: sectors of 1 * 512 = 512 bytes
Sector size (logical/physical): 512 bytes / 4096 bytes
I/O size (minimum/optimal): 4096 bytes / 4096 bytes


Disk /dev/mapper/hana_shared_HFE-hana_shared_HFE: 300 GiB, 322118352896 bytes, 629137408 sectors
Units: sectors of 1 * 512 = 512 bytes
Sector size (logical/physical): 512 bytes / 4096 bytes
I/O size (minimum/optimal): 4096 bytes / 4096 bytes


Disk /dev/mapper/var_tmp-var_tmp: 20 GiB, 21470642176 bytes, 41934848 sectors
Units: sectors of 1 * 512 = 512 bytes
Sector size (logical/physical): 512 bytes / 4096 bytes
I/O size (minimum/optimal): 4096 bytes / 4096 bytes


Disk /dev/mapper/hana_log_HFE-hana_log_HFE: 600 GiB, 644240900096 bytes, 1258283008 sectors
Units: sectors of 1 * 512 = 512 bytes
Sector size (logical/physical): 512 bytes / 4096 bytes
I/O size (minimum/optimal): 4096 bytes / 4096 bytes


Disk /dev/mapper/var_log_audit-var_log_audit: 20 GiB, 21470642176 bytes, 41934848 sectors
Units: sectors of 1 * 512 = 512 bytes
Sector size (logical/physical): 512 bytes / 4096 bytes
I/O size (minimum/optimal): 4096 bytes / 4096 bytes


Disk /dev/mapper/sapbackup-sapbackup: 600 GiB, 644240900096 bytes, 1258283008 sectors
Units: sectors of 1 * 512 = 512 bytes
Sector size (logical/physical): 512 bytes / 4096 bytes
I/O size (minimum/optimal): 4096 bytes / 4096 bytes


Disk /dev/mapper/usr_sap-usr_sap: 50 GiB, 53682896896 bytes, 104849408 sectors
Units: sectors of 1 * 512 = 512 bytes
Sector size (logical/physical): 512 bytes / 4096 bytes
I/O size (minimum/optimal): 4096 bytes / 4096 bytes


Disk /dev/mapper/var-var: 20 GiB, 21470642176 bytes, 41934848 sectors
Units: sectors of 1 * 512 = 512 bytes
Sector size (logical/physical): 512 bytes / 4096 bytes
I/O size (minimum/optimal): 4096 bytes / 4096 bytes


Disk /dev/mapper/var_log-var_log: 20 GiB, 21470642176 bytes, 41934848 sectors
Units: sectors of 1 * 512 = 512 bytes
Sector size (logical/physical): 512 bytes / 4096 bytes
I/O size (minimum/optimal): 4096 bytes / 4096 bytes
LABEL=ROOT / xfs defaults 0 0
UUID=372650c0-12d3-47e9-a329-c38fe916c021 swap swap defaults 0 0
UUID=dcf997dd-cae8-4d08-8de2-ee79e83d4133 /home	xfs nodev,nosuid,noexec 0 0
UUID=9bdbb765-b784-42e8-83ac-51970abd0e67 /var/log/audit xfs nodev,nosuid,noexec 0 0
UUID=536ef96f-f713-47db-b23e-f889b267c791 /var/tmp xfs nodev,nosuid,noexec 0 0
tmpfs /dev/shm tmpfs defaults,nodev,nosuid,noexec 0 0
tmpfs /tmp tmpfs defaults,nodev,nosuid,noexec,nofail 0 0
tmpfs /run/user/1000 tmpfs rw,nosuid,nodev,relatime,size=6503948k,mode=700,uid=1000,gid=100 0 0
/dev/mapper/hana_shared_HFE-hana_shared_HFE /hana/shared/HFE xfs rw,relatime,attr2,inode64,logbufs=8,logbsize=32k,noquota 0 0
/dev/mapper/usr_sap-usr_sap /usr/sap xfs rw,relatime,attr2,inode64,logbufs=8,logbsize=32k,noquota 0 0
fs-b36da833.efs.us-east-1.amazonaws.com:/ /SAPMedia nfs4 rw,relatime,vers=4.1,rsize=1048576,wsize=1048576,namlen=255,hard,noresvport,proto=tcp,timeo=600,retrans=2,sec=sys,clientaddr=172.18.196.151,local_lock=none,addr=172.18.136.231 0 0
/dev/mapper/hana_log_HFE-hana_log_HFE /hana/log/HFE xfs rw,relatime,attr2,inode64,logbufs=8,logbsize=32k,sunit=8,swidth=8,noquota 0 0
/dev/mapper/hana_data_HFE-hana_data_HFE /hana/data/HFE xfs rw,relatime,attr2,inode64,logbufs=8,logbsize=32k,sunit=8,swidth=8,noquota 0 0
/dev/mapper/sapbackup-sapbackup /SAPBackup xfs rw,relatime,attr2,inode64,logbufs=8,logbsize=32k,sunit=8,swidth=8,noquota 0 0
fs-01fc7465ebc02fcfb.efs.us-east-1.amazonaws.com:/ /sapmnt/F4E nfs4 rw,relatime,vers=4.1,rsize=1048576,wsize=1048576,namlen=255,hard,noresvport,proto=tcp,timeo=600,retrans=2,sec=sys,clientaddr=172.18.196.151,local_lock=none,addr=172.18.196.26 0 0
UUID=ad0528eb-5ddb-4967-8509-5336243a7a11 /var xfs nodev,nosuid,noexec 0 0
UUID=26e9024d-555a-43ff-8bcb-4951f2618a87 /var/log xfs nodev,nosuid,noexec 0 0
sysfs on /sys type sysfs (rw,nosuid,nodev,noexec,relatime)
proc on /proc type proc (rw,nosuid,nodev,noexec,relatime)
devtmpfs on /dev type devtmpfs (rw,nosuid,size=32395640k,nr_inodes=8098910,mode=755)
securityfs on /sys/kernel/security type securityfs (rw,nosuid,nodev,noexec,relatime)
tmpfs on /dev/shm type tmpfs (rw,nosuid,nodev,noexec,size=50180096k)
devpts on /dev/pts type devpts (rw,nosuid,noexec,relatime,gid=5,mode=620,ptmxmode=000)
tmpfs on /run type tmpfs (rw,nosuid,nodev,mode=755)
tmpfs on /sys/fs/cgroup type tmpfs (ro,nosuid,nodev,noexec,mode=755)
cgroup on /sys/fs/cgroup/unified type cgroup2 (rw,nosuid,nodev,noexec,relatime)
cgroup on /sys/fs/cgroup/systemd type cgroup (rw,nosuid,nodev,noexec,relatime,xattr,name=systemd)
pstore on /sys/fs/pstore type pstore (rw,nosuid,nodev,noexec,relatime)
none on /sys/fs/bpf type bpf (rw,nosuid,nodev,noexec,relatime)
cgroup on /sys/fs/cgroup/net_cls,net_prio type cgroup (rw,nosuid,nodev,noexec,relatime,net_cls,net_prio)
cgroup on /sys/fs/cgroup/pids type cgroup (rw,nosuid,nodev,noexec,relatime,pids)
cgroup on /sys/fs/cgroup/devices type cgroup (rw,nosuid,nodev,noexec,relatime,devices)
cgroup on /sys/fs/cgroup/freezer type cgroup (rw,nosuid,nodev,noexec,relatime,freezer)
cgroup on /sys/fs/cgroup/cpu,cpuacct type cgroup (rw,nosuid,nodev,noexec,relatime,cpu,cpuacct)
cgroup on /sys/fs/cgroup/perf_event type cgroup (rw,nosuid,nodev,noexec,relatime,perf_event)
cgroup on /sys/fs/cgroup/blkio type cgroup (rw,nosuid,nodev,noexec,relatime,blkio)
cgroup on /sys/fs/cgroup/memory type cgroup (rw,nosuid,nodev,noexec,relatime,memory)
cgroup on /sys/fs/cgroup/hugetlb type cgroup (rw,nosuid,nodev,noexec,relatime,hugetlb)
cgroup on /sys/fs/cgroup/cpuset type cgroup (rw,nosuid,nodev,noexec,relatime,cpuset)
cgroup on /sys/fs/cgroup/rdma type cgroup (rw,nosuid,nodev,noexec,relatime,rdma)
/dev/nvme0n1p1 on / type xfs (rw,relatime,attr2,inode64,logbufs=8,logbsize=32k,noquota)
systemd-1 on /proc/sys/fs/binfmt_misc type autofs (rw,relatime,fd=28,pgrp=1,timeout=0,minproto=5,maxproto=5,direct,pipe_ino=18069)
mqueue on /dev/mqueue type mqueue (rw,relatime)
debugfs on /sys/kernel/debug type debugfs (rw,relatime)
hugetlbfs on /dev/hugepages type hugetlbfs (rw,relatime,pagesize=2M)
tmpfs on /tmp type tmpfs (rw,nosuid,nodev,noexec,relatime)
/dev/mapper/hana_shared_HFE-hana_shared_HFE on /hana/shared/HFE type xfs (rw,relatime,attr2,inode64,logbufs=8,logbsize=32k,noquota)
/dev/mapper/usr_sap-usr_sap on /usr/sap type xfs (rw,relatime,attr2,inode64,logbufs=8,logbsize=32k,noquota)
/dev/mapper/home-home on /home type xfs (rw,nosuid,nodev,noexec,relatime,attr2,inode64,logbufs=8,logbsize=32k,sunit=8,swidth=8,noquota)
/dev/mapper/hana_data_HFE-hana_data_HFE on /hana/data/HFE type xfs (rw,relatime,attr2,inode64,logbufs=8,logbsize=32k,sunit=8,swidth=8,noquota)
/dev/mapper/hana_log_HFE-hana_log_HFE on /hana/log/HFE type xfs (rw,relatime,attr2,inode64,logbufs=8,logbsize=32k,sunit=8,swidth=8,noquota)
/dev/mapper/sapbackup-sapbackup on /SAPBackup type xfs (rw,relatime,attr2,inode64,logbufs=8,logbsize=32k,sunit=8,swidth=8,noquota)
binfmt_misc on /proc/sys/fs/binfmt_misc type binfmt_misc (rw,relatime)
fs-01fc7465ebc02fcfb.efs.us-east-1.amazonaws.com:/ on /sapmnt/F4E type nfs4 (rw,relatime,vers=4.1,rsize=1048576,wsize=1048576,namlen=255,hard,noresvport,proto=tcp,timeo=600,retrans=2,sec=sys,clientaddr=172.18.196.151,local_lock=none,addr=172.18.196.26)
fs-b36da833.efs.us-east-1.amazonaws.com:/ on /SAPMedia type nfs4 (rw,relatime,vers=4.1,rsize=1048576,wsize=1048576,namlen=255,hard,noresvport,proto=tcp,timeo=600,retrans=2,sec=sys,clientaddr=172.18.196.151,local_lock=none,addr=172.18.136.231)
tmpfs on /run/user/473 type tmpfs (rw,nosuid,nodev,relatime,size=6481012k,mode=700,uid=473,gid=79)
tmpfs on /run/user/3000 type tmpfs (rw,nosuid,nodev,relatime,size=6481012k,mode=700,uid=3000,gid=79)
tracefs on /sys/kernel/debug/tracing type tracefs (rw,relatime)
/dev/mapper/var_log_audit-var_log_audit on /var/log/audit type xfs (rw,nosuid,nodev,noexec,relatime,attr2,inode64,logbufs=8,logbsize=32k,sunit=8,swidth=8,noquota)
/dev/mapper/var_tmp-var_tmp on /var/tmp type xfs (rw,nosuid,nodev,noexec,relatime,attr2,inode64,logbufs=8,logbsize=32k,sunit=8,swidth=8,noquota)
/dev/mapper/var-var on /var type xfs (rw,nosuid,nodev,noexec,relatime,attr2,inode64,logbufs=8,logbsize=32k,noquota)
/dev/mapper/var_log-var_log on /var/log type xfs (rw,nosuid,nodev,noexec,relatime,attr2,inode64,logbufs=8,logbsize=32k,noquota)
/dev/mapper/var_tmp-var_tmp on /var/tmp type xfs (rw,nosuid,nodev,noexec,relatime,attr2,inode64,logbufs=8,logbsize=32k,sunit=8,swidth=8,noquota)
/dev/mapper/var_log_audit-var_log_audit on /var/log/audit type xfs (rw,nosuid,nodev,noexec,relatime,attr2,inode64,logbufs=8,logbsize=32k,sunit=8,swidth=8,noquota)

[31;43m***** DISK & DM info from FDISK *****[0m
Disk /dev/nvme0n1: 100 GiB, 107374182400 bytes, 209715200 sectors
Disk model: Amazon Elastic Block Store              
Disklabel type: dos
Disk identifier: 0x6c5d29eb
Disk /dev/nvme4n1: 20 GiB, 21474836480 bytes, 41943040 sectors
Disk model: Amazon Elastic Block Store              
Disk /dev/nvme1n1: 600 GiB, 644245094400 bytes, 1258291200 sectors
Disk model: Amazon Elastic Block Store              
Disk /dev/nvme2n1: 20 GiB, 21474836480 bytes, 41943040 sectors
Disk model: Amazon Elastic Block Store              
Disk /dev/nvme8n1: 300 GiB, 322122547200 bytes, 629145600 sectors
Disk model: Amazon Elastic Block Store              
Disk /dev/nvme7n1: 20 GiB, 21474836480 bytes, 41943040 sectors
Disk model: Amazon Elastic Block Store              
Disk /dev/nvme3n1: 20 GiB, 21474836480 bytes, 41943040 sectors
Disk model: Amazon Elastic Block Store              
Disk /dev/nvme5n1: 600 GiB, 644245094400 bytes, 1258291200 sectors
Disk model: Amazon Elastic Block Store              
Disk /dev/nvme6n1: 20 GiB, 21474836480 bytes, 41943040 sectors
Disk model: Amazon Elastic Block Store              
Disk /dev/nvme9n1: 700 GiB, 751619276800 bytes, 1468006400 sectors
Disk model: Amazon Elastic Block Store              
Disk /dev/nvme10n1: 2 GiB, 2147483648 bytes, 4194304 sectors
Disk model: Amazon Elastic Block Store              
Disk /dev/nvme11n1: 50 GiB, 53687091200 bytes, 104857600 sectors
Disk model: Amazon Elastic Block Store              
Disk /dev/mapper/home-home: 20 GiB, 21470642176 bytes, 41934848 sectors
Disk /dev/mapper/hana_data_HFE-hana_data_HFE: 700 GiB, 751615082496 bytes, 1467998208 sectors
Disk /dev/mapper/hana_shared_HFE-hana_shared_HFE: 300 GiB, 322118352896 bytes, 629137408 sectors
Disk /dev/mapper/var_tmp-var_tmp: 20 GiB, 21470642176 bytes, 41934848 sectors
Disk /dev/mapper/hana_log_HFE-hana_log_HFE: 600 GiB, 644240900096 bytes, 1258283008 sectors
Disk /dev/mapper/var_log_audit-var_log_audit: 20 GiB, 21470642176 bytes, 41934848 sectors
Disk /dev/mapper/sapbackup-sapbackup: 600 GiB, 644240900096 bytes, 1258283008 sectors
Disk /dev/mapper/usr_sap-usr_sap: 50 GiB, 53682896896 bytes, 104849408 sectors
Disk /dev/mapper/var-var: 20 GiB, 21470642176 bytes, 41934848 sectors
Disk /dev/mapper/var_log-var_log: 20 GiB, 21470642176 bytes, 41934848 sectors

[31;43m***** PP process; All Running Procs; PP/Multipath devices Info *****[0m
root     13600 13578  0 22:44 pts/1    00:00:00 grep Powerpath
UID        PID  PPID  C STIME TTY          TIME CMD
root         1     0  0 May02 ?        00:01:18 /usr/lib/systemd/systemd --switched-root --system --deserialize 22
root         2     0  0 May02 ?        00:00:00 [kthreadd]
root         3     2  0 May02 ?        00:00:00 [rcu_gp]
root         4     2  0 May02 ?        00:00:00 [rcu_par_gp]
root         6     2  0 May02 ?        00:00:00 [kworker/0:0H-kblockd]
root         9     2  0 May02 ?        00:00:00 [mm_percpu_wq]
root        10     2  0 May02 ?        00:00:10 [ksoftirqd/0]
root        11     2  0 May02 ?        00:10:22 [rcu_sched]
root        12     2  0 May02 ?        00:00:02 [migration/0]
root        13     2  0 May02 ?        00:00:00 [idle_inject/0]
root        14     2  0 May02 ?        00:00:00 [cpuhp/0]
root        15     2  0 May02 ?        00:00:00 [cpuhp/1]
root        16     2  0 May02 ?        00:00:00 [idle_inject/1]
root        17     2  0 May02 ?        00:00:02 [migration/1]
root        18     2  0 May02 ?        00:00:08 [ksoftirqd/1]
root        20     2  0 May02 ?        00:00:00 [kworker/1:0H-events_highpri]
root        21     2  0 May02 ?        00:00:00 [cpuhp/2]
root        22     2  0 May02 ?        00:00:00 [idle_inject/2]
root        23     2  0 May02 ?        00:00:02 [migration/2]
root        24     2  0 May02 ?        00:00:06 [ksoftirqd/2]
root        26     2  0 May02 ?        00:00:00 [kworker/2:0H-kblockd]
root        27     2  0 May02 ?        00:00:00 [cpuhp/3]
root        28     2  0 May02 ?        00:00:00 [idle_inject/3]
root        29     2  0 May02 ?        00:00:02 [migration/3]
root        30     2  0 May02 ?        00:00:06 [ksoftirqd/3]
root        32     2  0 May02 ?        00:00:00 [kworker/3:0H-kblockd]
root        33     2  0 May02 ?        00:00:00 [cpuhp/4]
root        34     2  0 May02 ?        00:00:00 [idle_inject/4]
root        35     2  0 May02 ?        00:00:02 [migration/4]
root        36     2  0 May02 ?        00:00:05 [ksoftirqd/4]
root        38     2  0 May02 ?        00:00:00 [kworker/4:0H-kblockd]
root        39     2  0 May02 ?        00:00:00 [cpuhp/5]
root        40     2  0 May02 ?        00:00:00 [idle_inject/5]
root        41     2  0 May02 ?        00:00:02 [migration/5]
root        42     2  0 May02 ?        00:00:05 [ksoftirqd/5]
root        44     2  0 May02 ?        00:00:00 [kworker/5:0H-kblockd]
root        45     2  0 May02 ?        00:00:00 [cpuhp/6]
root        46     2  0 May02 ?        00:00:00 [idle_inject/6]
root        47     2  0 May02 ?        00:00:02 [migration/6]
root        48     2  0 May02 ?        00:00:05 [ksoftirqd/6]
root        50     2  0 May02 ?        00:00:00 [kworker/6:0H-kblockd]
root        51     2  0 May02 ?        00:00:00 [cpuhp/7]
root        52     2  0 May02 ?        00:00:00 [idle_inject/7]
root        53     2  0 May02 ?        00:00:02 [migration/7]
root        54     2  0 May02 ?        00:00:05 [ksoftirqd/7]
root        56     2  0 May02 ?        00:00:00 [kworker/7:0H-xfs-log/nvme0n1p1]
root        58     2  0 May02 ?        00:00:00 [kdevtmpfs]
root        59     2  0 May02 ?        00:00:00 [netns]
root        60     2  0 May02 ?        00:00:00 [rcu_tasks_kthre]
root        61     2  0 May02 ?        00:00:01 [kauditd]
root        62     2  0 May02 ?        00:00:00 [khungtaskd]
root        63     2  0 May02 ?        00:00:00 [oom_reaper]
root        64     2  0 May02 ?        00:00:00 [writeback]
root        65     2  0 May02 ?        00:00:00 [kcompactd0]
root        66     2  0 May02 ?        00:00:00 [ksmd]
root       122     2  0 May02 ?        00:00:00 [kintegrityd]
root       123     2  0 May02 ?        00:00:00 [kblockd]
root       124     2  0 May02 ?        00:00:00 [blkcg_punt_bio]
root       126     2  0 May02 ?        00:00:00 [tpm_dev_wq]
root       127     2  0 May02 ?        00:00:00 [edac-poller]
root       128     2  0 May02 ?        00:00:00 [devfreq_wq]
root       129     2  0 May02 ?        00:00:00 [watchdogd]
root       134     2  0 May02 ?        00:00:00 [kswapd0]
root       137     2  0 May02 ?        00:00:00 [kthrotld]
root       139     2  0 May02 ?        00:00:00 [ipv6_addrconf]
root       144     2  0 May02 ?        00:00:00 [kstrp]
root       149     2  0 May02 ?        00:00:00 [charger_manager]
root       162     2  0 May02 ?        00:00:49 [kworker/3:2-events]
root       287     2  0 May02 ?        00:00:00 [nvme-wq]
root       288     2  0 May02 ?        00:00:00 [nvme-reset-wq]
root       289     2  0 May02 ?        00:00:00 [nvme-delete-wq]
root       290     2  0 May02 ?        00:00:00 [ena]
root       345     2  0 May02 ?        00:00:00 [xfsalloc]
root       346     2  0 May02 ?        00:00:00 [xfs_mru_cache]
root       349     2  0 May02 ?        00:00:00 [xfs-buf/nvme0n1]
root       351     2  0 May02 ?        00:00:00 [xfs-conv/nvme0n]
root       352     2  0 May02 ?        00:00:00 [xfs-cil/nvme0n1]
root       353     2  0 May02 ?        00:00:00 [xfs-reclaim/nvm]
root       354     2  0 May02 ?        00:00:00 [xfs-eofblocks/n]
root       356     2  0 May02 ?        00:00:00 [xfs-log/nvme0n1]
root       357     2  0 May02 ?        00:01:41 [xfsaild/nvme0n1]
root       361     2  0 May02 ?        00:00:01 [kworker/2:1H-kblockd]
root       362     2  0 May02 ?        00:03:31 [kworker/7:1H-xfs-log/nvme0n1p1]
root       391     2  0 00:22 ?        00:00:00 [kworker/u17:0-xprtiod]
root       396     2  0 May02 ?        00:00:02 [kworker/6:1H-kblockd]
root       397     2  0 May02 ?        00:00:01 [kworker/3:1H-kblockd]
root       398     2  0 May02 ?        00:00:01 [kworker/0:1H-kblockd]
root       399     2  0 May02 ?        00:00:02 [kworker/4:1H-kblockd]
root       400     2  0 May02 ?        00:03:28 [kworker/5:1H-xfs-log/nvme0n1p1]
root       436     2  0 May02 ?        00:00:01 [kworker/1:1H-kblockd]
root       444     1  0 May02 ?        00:00:14 /usr/lib/systemd/systemd-journald
root       447     1  0 May02 ?        00:01:11 /usr/sbin/haveged -w 1024 -v 0 -F
root       470     1  0 May02 ?        00:00:01 /usr/lib/systemd/systemd-udevd
root       518     2  0 May02 ?        00:00:00 [cryptd]
root       592     2  0 May02 ?        00:00:00 [nfit]
root       593     2  0 May02 ?        00:00:00 [kdmflush]
root       594     2  0 May02 ?        00:00:00 [kdmflush]
root       595     2  0 May02 ?        00:00:00 [kdmflush]
root       596     2  0 May02 ?        00:00:00 [kdmflush]
root       597     2  0 May02 ?        00:00:00 [kdmflush]
root       598     2  0 May02 ?        00:00:00 [kdmflush]
root       599     2  0 May02 ?        00:00:00 [kdmflush]
root       600     2  0 May02 ?        00:00:00 [kdmflush]
root       607     2  0 May02 ?        00:00:00 [kdmflush]
root       610     2  0 May02 ?        00:00:00 [kdmflush]
root       635     2  0 May02 ?        00:00:00 [xfs-buf/dm-2]
root       636     2  0 May02 ?        00:00:00 [xfs-conv/dm-2]
root       637     2  0 May02 ?        00:00:00 [xfs-cil/dm-2]
root       638     2  0 May02 ?        00:00:00 [xfs-reclaim/dm-]
root       639     2  0 May02 ?        00:00:00 [xfs-eofblocks/d]
root       642     2  0 May02 ?        00:00:00 [xfs-buf/dm-0]
root       643     2  0 May02 ?        00:00:00 [xfs-conv/dm-0]
root       644     2  0 May02 ?        00:00:00 [xfs-cil/dm-0]
root       645     2  0 May02 ?        00:00:00 [xfs-reclaim/dm-]
root       646     2  0 May02 ?        00:00:00 [xfs-log/dm-2]
root       647     2  0 May02 ?        00:00:00 [xfs-eofblocks/d]
root       648     2  0 May02 ?        00:01:39 [xfsaild/dm-2]
root       649     2  0 May02 ?        00:00:00 [xfs-buf/dm-5]
root       650     2  0 May02 ?        00:00:00 [xfs-conv/dm-5]
root       651     2  0 May02 ?        00:00:00 [xfs-cil/dm-5]
root       652     2  0 May02 ?        00:00:00 [xfs-reclaim/dm-]
root       654     2  0 May02 ?        00:00:00 [xfs-eofblocks/d]
root       656     2  0 May02 ?        00:00:00 [xfs-buf/dm-6]
root       657     2  0 May02 ?        00:00:00 [xfs-conv/dm-6]
root       658     2  0 May02 ?        00:00:00 [xfs-buf/dm-7]
root       659     2  0 May02 ?        00:00:00 [xfs-cil/dm-6]
root       660     2  0 May02 ?        00:00:00 [xfs-conv/dm-7]
root       661     2  0 May02 ?        00:00:00 [xfs-reclaim/dm-]
root       662     2  0 May02 ?        00:00:00 [xfs-cil/dm-7]
root       663     2  0 May02 ?        00:00:00 [xfs-eofblocks/d]
root       664     2  0 May02 ?        00:00:00 [xfs-reclaim/dm-]
root       665     2  0 May02 ?        00:00:00 [xfs-log/dm-0]
root       666     2  0 May02 ?        00:01:38 [xfsaild/dm-0]
root       667     2  0 May02 ?        00:00:00 [xfs-buf/dm-4]
root       668     2  0 May02 ?        00:00:00 [xfs-conv/dm-4]
root       669     2  0 May02 ?        00:00:00 [xfs-cil/dm-4]
root       670     2  0 May02 ?        00:00:00 [xfs-reclaim/dm-]
root       671     2  0 May02 ?        00:00:00 [xfs-eofblocks/d]
root       672     2  0 May02 ?        00:00:00 [xfs-log/dm-5]
root       673     2  0 May02 ?        00:01:37 [xfsaild/dm-5]
root       674     2  0 May02 ?        00:00:00 [xfs-eofblocks/d]
root       675     2  0 May02 ?        00:00:00 [xfs-log/dm-6]
root       676     2  0 May02 ?        00:00:00 [xfsaild/dm-6]
root       678     2  0 May02 ?        00:00:00 [xfs-log/dm-4]
root       679     2  0 May02 ?        00:00:04 [xfsaild/dm-4]
root       680     2  0 May02 ?        00:00:00 [xfs-buf/dm-3]
root       681     2  0 May02 ?        00:00:00 [xfs-conv/dm-3]
root       682     2  0 May02 ?        00:00:00 [xfs-cil/dm-3]
root       683     2  0 May02 ?        00:00:00 [xfs-reclaim/dm-]
root       684     2  0 May02 ?        00:00:00 [xfs-eofblocks/d]
root       685     2  0 May02 ?        00:00:00 [xfs-log/dm-7]
root       686     2  0 May02 ?        00:01:36 [xfsaild/dm-7]
root       690     2  0 May02 ?        00:00:00 [xfs-log/dm-3]
root       691     2  0 May02 ?        00:00:08 [xfsaild/dm-3]
root       692     2  0 May02 ?        00:00:00 [xfs-buf/dm-1]
root       693     2  0 May02 ?        00:00:00 [xfs-conv/dm-1]
root       694     2  0 May02 ?        00:00:00 [xfs-cil/dm-1]
root       695     2  0 May02 ?        00:00:00 [xfs-reclaim/dm-]
root       696     2  0 May02 ?        00:00:00 [xfs-eofblocks/d]
root       697     2  0 May02 ?        00:00:00 [xfs-log/dm-1]
root       698     2  0 May02 ?        00:00:00 [xfsaild/dm-1]
root       712     1  0 May02 ?        00:00:04 /sbin/auditd
root       733     2  0 May02 ?        00:00:00 [audit_prune_tre]
message+   743     1  0 May02 ?        00:00:13 /usr/bin/dbus-daemon --system --address=systemd: --nofork --nopidfile --systemd-activation --syslog-only
root       752     1  0 May02 ?        00:00:31 /usr/sbin/irqbalance --foreground
root       757     1  0 May02 ?        00:00:02 /usr/sbin/rsyslogd -n -iNONE
nscd       785     1  0 May02 ?        00:00:33 /usr/sbin/nscd
root       864     1  0 May02 ?        00:00:07 /usr/lib/systemd/systemd-logind
root       894     1  0 May02 ?        00:32:20 splunkd -p 8089 start
root       896   894  0 May02 ?        00:04:08 [splunkd pid=894] splunkd -p 8089 start [process-runner]
root      1293     1  0 May02 ?        00:00:01 /usr/lib/wicked/bin/wickedd-dhcp4 --systemd --foreground
root      1294     1  0 May02 ?        00:00:00 /usr/lib/wicked/bin/wickedd-auto4 --systemd --foreground
root      1295     1  0 May02 ?        00:00:00 /usr/lib/wicked/bin/wickedd-dhcp6 --systemd --foreground
root      1308     1  0 May02 ?        00:00:00 /usr/sbin/wickedd --systemd --foreground
root      1321     1  0 May02 ?        00:00:00 /usr/sbin/wickedd-nanny --systemd --foreground
root      1923     1  0 May02 ?        00:00:00 /usr/bin/python3 /usr/bin/salt-minion
chrony    1931     1  0 May02 ?        00:00:00 /usr/sbin/chronyd -u chrony
root      1956     1  0 May02 ?        00:00:01 /usr/sbin/cron -n
awsdata   1985     1  0 May02 ?        00:00:00 jsvc.exec -errfile /var/log/aws-dataprovider/jsvcerr.log -jvm server -showversion -pidfile /tmp/aws-dataprovider.pid -cp /usr/local/ec2/aws-dataprovider/lib/installer.jar:/usr/local/ec2/aws-dataprovider/lib/commons-daemon-1.2.4/commons-daemon-1.2.4.jar -Dcom.amazon.aws.aws-dataprovider.proxypath=/usr/local/ec2/aws-dataprovider -Dcom.amazon.aws.aws-dataprovider.access=https://s3.amazonaws.com/aws-sap-data-provider -DisStandaloneVersion=yes com.amazon.aws.dataprovider.AwsDataProvider /usr/local/ec2/aws-dataprovider -vhostmd -LogLevel=INFO
awsdata   1987  1985  0 May02 ?        02:02:56 jsvc.exec -errfile /var/log/aws-dataprovider/jsvcerr.log -jvm server -showversion -pidfile /tmp/aws-dataprovider.pid -cp /usr/local/ec2/aws-dataprovider/lib/installer.jar:/usr/local/ec2/aws-dataprovider/lib/commons-daemon-1.2.4/commons-daemon-1.2.4.jar -Dcom.amazon.aws.aws-dataprovider.proxypath=/usr/local/ec2/aws-dataprovider -Dcom.amazon.aws.aws-dataprovider.access=https://s3.amazonaws.com/aws-sap-data-provider -DisStandaloneVersion=yes com.amazon.aws.dataprovider.AwsDataProvider /usr/local/ec2/aws-dataprovider -vhostmd -LogLevel=INFO
root      1988     1  0 May02 ?        00:01:03 /usr/sbin/amazon-ssm-agent
root      2008     2  0 May09 ?        00:00:00 [dio/dm-6]
root      2028     2  0 May02 ?        00:00:00 [rpciod]
root      2029     2  0 May02 ?        00:00:00 [xprtiod]
root      2055     1  0 May02 ?        00:00:00 /usr/sbin/sshd -D
root      2056     2  0 May02 ?        00:00:00 [nfsiod]
root      2073     2  0 May02 ?        00:00:00 [NFSv4 callback]
root      2093     1  0 May02 tty1     00:00:00 /sbin/agetty -o -p -- \u --noclear tty1 linux
root      2094     1  0 May02 ttyS0    00:00:00 /sbin/agetty -o -p -- \u --keep-baud 115200,38400,9600 ttyS0 vt220
root      2112     2  0 22:26 ?        00:00:00 [kworker/7:1-mm_percpu_wq]
root      2130     1  0 May02 ?        00:00:00 /opt/ds_agent/ds_agent -w /var/opt/ds_agent -b -i -e /opt/ds_agent/ext
root      2131  2130 16 May02 ?        2-14:52:39 /opt/ds_agent/ds_agent -w /var/opt/ds_agent -b -i -e /opt/ds_agent/ext
root      2154  1988  0 May02 ?        00:11:58 /usr/sbin/ssm-agent-worker
root      2187  1923  0 May02 ?        00:16:07 /usr/bin/python3 /usr/bin/salt-minion
root      2208     1  0 May02 ?        00:00:30 /usr/sap/hostctrl/exe/saphostexec pf=/usr/sap/hostctrl/exe/host_profile
uuidd     2233     1  0 May02 ?        00:00:02 /usr/sbin/uuidd --socket-activation
sapadm    2237     1  0 May02 ?        00:00:00 /usr/lib/systemd/systemd --user
sapadm    2238  2237  0 May02 ?        00:00:00 (sd-pam)
sapadm    2244     1  0 May02 ?        00:08:39 /usr/sap/hostctrl/exe/sapstartsrv pf=/usr/sap/hostctrl/exe/host_profile -D
root      2316     1  0 May02 ?        01:19:55 /usr/sap/hostctrl/exe/saposcol -l -w60 pf=/usr/sap/hostctrl/exe/host_profile
root      2317  2187  0 May02 ?        00:00:00 /usr/bin/python3 /usr/bin/salt-minion
hfeadm    2409     1  0 May02 ?        00:00:21 /usr/sap/HFE/HDB00/exe/sapstartsrv pf=/usr/sap/HFE/SYS/profile/HFE_HDB00_sapef4db01 -D -u hfeadm
root      2413     2  0 May02 ?        00:23:36 [ds_kproc]
root      2414     2  0 May02 ?        00:00:00 [ds_kmemcg]
root      2872     2  0 22:42 ?        00:00:00 [kworker/2:2-events]
root      3568     2  0 22:42 ?        00:00:00 [kworker/1:1]
root      3812     2  0 22:12 ?        00:00:00 [kworker/2:1-xfs-sync/dm-1]
root      5350     2  0 May09 ?        00:00:00 [xfs-buf/dm-8]
root      5351     2  0 May09 ?        00:00:00 [xfs-conv/dm-8]
root      5352     2  0 May09 ?        00:00:00 [xfs-cil/dm-8]
root      5353     2  0 May09 ?        00:00:00 [xfs-reclaim/dm-]
root      5354     2  0 May09 ?        00:00:00 [xfs-eofblocks/d]
root      5355     2  0 May09 ?        00:00:00 [xfs-log/dm-8]
root      5356     2  0 May09 ?        00:00:56 [xfsaild/dm-8]
root      5357     2  0 May09 ?        00:00:00 [xfs-buf/dm-9]
root      5358     2  0 May09 ?        00:00:00 [xfs-conv/dm-9]
root      5359     2  0 May09 ?        00:00:00 [xfs-cil/dm-9]
root      5360     2  0 May09 ?        00:00:00 [xfs-reclaim/dm-]
root      5361     2  0 May09 ?        00:00:00 [xfs-eofblocks/d]
root      5362     2  0 May09 ?        00:00:00 [xfs-log/dm-9]
root      5363     2  0 May09 ?        00:00:03 [xfsaild/dm-9]
root      5392     2  0 21:57 ?        00:00:00 [kworker/4:1-events]
root      6250 11320  0 03:04 ?        00:02:43 /opt/ds_agent/ds_am -g ../diag -v 5 -d /var/opt/ds_agent/am -P 1 -R
root      6934     2  0 14:40 ?        00:00:00 [kworker/0:1-events_power_efficient]
root      7606     2  0 22:35 ?        00:00:00 [kworker/2:0-events_power_efficient]
root      7777     2  0 22:43 ?        00:00:00 [kworker/5:1-events]
root     10043     2  0 22:36 ?        00:00:00 [kworker/1:2-xfs-reclaim/dm-3]
root     10416  2055  0 22:44 ?        00:00:00 sshd: AVJ1007 [priv]
root     10429     2  0 19:17 ?        00:00:03 [kworker/u16:2-xfs-cil/nvme0n1p1]
root     10809     2  0 May06 ?        00:00:00 bpfilter_umh
AVJ1007  10900 10416  0 22:44 ?        00:00:00 sshd: AVJ1007@pts/0
AVJ1007  10903 10900  0 22:44 pts/0    00:00:00 -bash
root     10948 10903  0 22:44 pts/0    00:00:00 sudo su -
root     10960 10948  0 22:44 pts/1    00:00:00 sudo su -
root     10961 10960  0 22:44 pts/1    00:00:00 su -
root     10962 10961  0 22:44 pts/1    00:00:00 -bash
root     11115     2  0 22:28 ?        00:00:00 [kworker/u16:0-xfs-cil/dm-0]
root     11320     1  0 May10 ?        00:00:00 /opt/ds_agent/ds_am -g ../diag -v 5 -d /var/opt/ds_agent/am -P 1 -R
root     12256     2  0 21:20 ?        00:00:01 [kworker/u16:1-xfs-cil/nvme0n1p1]
root     13578 10962  0 22:44 pts/1    00:00:00 -bash
root     13601 13578  0 22:44 pts/1    00:00:00 ps -eaf
root     15492     2  0 22:37 ?        00:00:00 [kworker/6:0-events]
root     15796     2  0 22:37 ?        00:00:00 [kworker/0:0-bmhook_wq]
root     16656     2  0 16:07 ?        00:00:00 [kworker/7:0-mm_percpu_wq]
root     17510     2  0 22:30 ?        00:00:00 [kworker/5:0-mm_percpu_wq]
root     18423     2  0 20:06 ?        00:00:02 [kworker/u16:4-events_unbound]
root     22262     2  0 21:53 ?        00:00:00 [kworker/1:0-events]
root     23529     1  0 May16 ?        00:00:00 /usr/sbin/sssd -i --logger=files
root     23549 23529  0 May16 ?        00:00:04 /usr/lib/sssd/sssd_be --domain lambweston.com --uid 0 --gid 0 --logger=files
root     23553 23529  0 May16 ?        00:00:02 /usr/lib/sssd/sssd_nss --uid 0 --gid 0 --logger=files
root     23554 23529  0 May16 ?        00:00:00 /usr/lib/sssd/sssd_pam --uid 0 --gid 0 --logger=files
root     24093     2  0 22:39 ?        00:00:00 [kworker/7:2-mm_percpu_wq]
root     24100     2  0 18:50 ?        00:00:00 [kworker/3:0]
root     25749     2  0 21:39 ?        00:00:00 [kworker/5:2-mm_percpu_wq]
root     30856     2  0 21:48 ?        00:00:00 [kworker/u17:1-xprtiod]
hfeadm   31692     1  0 May02 ?        00:00:00 sapstart pf=/usr/sap/HFE/SYS/profile/HFE_HDB00_sapef4db01
hfeadm   31699 31692  0 May02 ?        00:01:45 /usr/sap/HFE/HDB00/sapef4db01/trace/hdb.sapHFE_HDB00 -d -nw -f /usr/sap/HFE/HDB00/sapef4db01/daemon.ini pf=/usr/sap/HFE/SYS/profile/HFE_HDB00_sapef4db01
hfeadm   31719 31699  1 May02 ?        04:32:29 hdbnameserver
hfeadm   31856     1  0 May02 ?        00:00:59 hdbrsutil  --start --port 30001 --volume 1 --volumesuffix mnt00001/hdb00001 --identifier 1651498525
root     31893     2  0 May02 ?        00:00:00 [dio/dm-5]
root     31894     2  0 May02 ?        00:00:00 [dio/dm-0]
root     31977     2  0 20:55 ?        00:00:00 [kworker/6:2-bmhook_wq]
hfeadm   31991 31699  0 May02 ?        01:04:32 hdbcompileserver
hfeadm   31994 31699  0 May02 ?        01:04:12 hdbpreprocessor
hfeadm   32043 31699  7 May02 ?        1-04:46:16 hdbindexserver -port 30003
hfeadm   32046 31699  0 May02 ?        02:53:16 hdbxsengine -port 30007
hfeadm   32381     1  0 May02 ?        00:00:57 hdbrsutil  --start --port 30003 --volume 3 --volumesuffix mnt00001/hdb00003.00003 --identifier 1651498539
hfeadm   32533 31699  0 May02 ?        01:08:47 hdbdiserver -port 30025
hfeadm   32536 31699  0 May02 ?        01:33:24 hdbwebdispatcher
root     32744     2  0 22:34 ?        00:00:00 [kworker/4:0-mm_percpu_wq]
0

[31;43m***** Services; Chkconfig status; CPU/MEM/ *****[0m
amazon-ssm-agent.service             loaded active running amazon-ssm-agent                                                             
apparmor.service                     loaded failed failed  Load AppArmor profiles                                                       
auditd.service                       loaded active running Security Auditing Service                                                    
aws-dataprovider.service             loaded active running AWS Data Provider for SAP                                                    
chronyd.service                      loaded active running NTP client/server                                                            
cloud-config.service                 loaded active exited  Apply the settings specified in cloud-config                                 
cloud-final.service                  loaded active exited  Execute cloud user/final scripts                                             
cloud-init-local.service             loaded active exited  Initial cloud-init job (pre-networking)                                      
cloud-init.service                   loaded active exited  Initial cloud-init job (metadata service crawler)                            
cron.service                         loaded active running Command Scheduler                                                            
dbus.service                         loaded active running D-Bus System Message Bus                                                     
detect-part-label-duplicates.service loaded active exited  Detect if the system suffers from bsc#1089761                                
dracut-shutdown.service              loaded active exited  Restore /run/initramfs on shutdown                                           
ds_agent.service                     loaded active running Trend Micro Deep Security Agent                                              
getty@tty1.service                   loaded active running Getty on tty1                                                                
haveged.service                      loaded active running Entropy Daemon based on the HAVEGE algorithm                                 
irqbalance.service                   loaded active running irqbalance daemon                                                            
iscsi.service                        loaded active exited  Login and scanning of iSCSI devices                                          
jexec.service                        loaded active exited  LSB: Supports the direct execution of binary formats.                        
kbdsettings.service                  loaded active exited  Apply settings from /etc/sysconfig/keyboard                                  
klog.service                         loaded active exited  Early Kernel Boot Messages                                                   
kmod-static-nodes.service            loaded active exited  Create list of required static device nodes for the current kernel           
lvm2-monitor.service                 loaded active exited  Monitoring of LVM2 mirrors, snapshots etc. using dmeventd or progress polling
lvm2-pvscan@259:1.service            loaded active exited  LVM event activation on device 259:1                                         
lvm2-pvscan@259:10.service           loaded active exited  LVM event activation on device 259:10                                        
lvm2-pvscan@259:12.service           loaded active exited  LVM event activation on device 259:12                                        
lvm2-pvscan@259:3.service            loaded active exited  LVM event activation on device 259:3                                         
lvm2-pvscan@259:4.service            loaded active exited  LVM event activation on device 259:4                                         
lvm2-pvscan@259:5.service            loaded active exited  LVM event activation on device 259:5                                         
lvm2-pvscan@259:6.service            loaded active exited  LVM event activation on device 259:6                                         
lvm2-pvscan@259:7.service            loaded active exited  LVM event activation on device 259:7                                         
lvm2-pvscan@259:8.service            loaded active exited  LVM event activation on device 259:8                                         
lvm2-pvscan@259:9.service            loaded active exited  LVM event activation on device 259:9                                         
nscd.service                         loaded active running Name Service Cache Daemon                                                    
rsyslog.service                      loaded active running System Logging Service                                                       
salt-minion.service                  loaded active running The Salt Minion                                                              
sapinit.service                      loaded active running LSB: Start the sapstartsrv                                                   
saptune.service                      loaded active exited  Optimise system for running SAP workloads                                    
serial-getty@ttyS0.service           loaded active running Serial Getty on ttyS0                                                        
splunk.service                       loaded active running SYSV: Splunk indexer service                                                 
sshd.service                         loaded active running OpenSSH Daemon                                                               
sssd.service                         loaded active running System Security Services Daemon                                              
sysstat.service                      loaded active exited  Write information about system start to sysstat log                          
systemd-journal-flush.service        loaded active exited  Flush Journal to Persistent Storage                                          
systemd-journald.service             loaded active running Journal Service                                                              
systemd-logind.service               loaded active running Login Service                                                                
systemd-modules-load.service         loaded active exited  Load Kernel Modules                                                          
systemd-random-seed.service          loaded active exited  Load/Save Random Seed                                                        
systemd-remount-fs.service           loaded active exited  Remount Root and Kernel File Systems                                         
systemd-sysctl.service               loaded active exited  Apply Kernel Variables                                                       
systemd-tmpfiles-setup-dev.service   loaded active exited  Create Static Device Nodes in /dev                                           
systemd-tmpfiles-setup.service       loaded active exited  Create Volatile Files and Directories                                        
systemd-udev-settle.service          loaded active exited  udev Wait for Complete Device Initialization                                 
systemd-udev-trigger.service         loaded active exited  udev Coldplug all Devices                                                    
systemd-udevd.service                loaded active running udev Kernel Device Manager                                                   
systemd-update-utmp.service          loaded active exited  Update UTMP about System Boot/Shutdown                                       
systemd-user-sessions.service        loaded active exited  Permit User Sessions                                                         
systemd-vconsole-setup.service       loaded failed failed  Setup Virtual Console                                                        
user-runtime-dir@3000.service        loaded active exited  User Runtime Directory /run/user/3000                                        
user-runtime-dir@473.service         loaded active exited  User Runtime Directory /run/user/473                                         
user@3000.service                    loaded failed failed  User Manager for UID 3000                                                    
user@473.service                     loaded active running User Manager for UID 473                                                     
uuidd.service                        loaded active running Daemon for generating UUIDs                                                  
wicked.service                       loaded active exited  wicked managed network interfaces                                            
wickedd-auto4.service                loaded active running wicked AutoIPv4 supplicant service                                           
wickedd-dhcp4.service                loaded active running wicked DHCPv4 supplicant service                                             
wickedd-dhcp6.service                loaded active running wicked DHCPv6 supplicant service                                             
wickedd-nanny.service                loaded active running wicked network nanny service                                                 
wickedd.service                      loaded active running wicked network management service daemon                                     
jexec                     0:off  1:on   2:on   3:on   4:on   5:on   6:off
sapinit                   0:off  1:off  2:off  3:on   4:off  5:on   6:off
splunk                    0:off  1:off  2:on   3:on   4:off  5:on   6:off
processor	: 0
vendor_id	: GenuineIntel
cpu family	: 6
model		: 106
model name	: Intel(R) Xeon(R) Platinum 8375C CPU @ 2.90GHz
stepping	: 6
microcode	: 0xd000331
cpu MHz		: 3499.695
cache size	: 55296 KB
physical id	: 0
siblings	: 8
core id		: 0
cpu cores	: 4
apicid		: 0
initial apicid	: 0
fpu		: yes
fpu_exception	: yes
cpuid level	: 27
wp		: yes
flags		: fpu vme de pse tsc msr pae mce cx8 apic sep mtrr pge mca cmov pat pse36 clflush mmx fxsr sse sse2 ss ht syscall nx pdpe1gb rdtscp lm constant_tsc rep_good nopl xtopology nonstop_tsc cpuid aperfmperf tsc_known_freq pni pclmulqdq ssse3 fma cx16 pcid sse4_1 sse4_2 x2apic movbe popcnt tsc_deadline_timer aes xsave avx f16c rdrand hypervisor lahf_lm abm 3dnowprefetch invpcid_single ssbd ibrs ibpb stibp ibrs_enhanced fsgsbase tsc_adjust bmi1 avx2 smep bmi2 erms invpcid avx512f avx512dq rdseed adx smap avx512ifma clflushopt clwb avx512cd sha_ni avx512bw avx512vl xsaveopt xsavec xgetbv1 xsaves wbnoinvd ida arat avx512vbmi pku ospke avx512_vbmi2 gfni vaes vpclmulqdq avx512_vnni avx512_bitalg tme avx512_vpopcntdq rdpid md_clear flush_l1d arch_capabilities
bugs		: spectre_v1 spectre_v2 spec_store_bypass swapgs
bogomips	: 5799.91
clflush size	: 64
cache_alignment	: 64
address sizes	: 46 bits physical, 48 bits virtual
power management:

processor	: 1
vendor_id	: GenuineIntel
cpu family	: 6
model		: 106
model name	: Intel(R) Xeon(R) Platinum 8375C CPU @ 2.90GHz
stepping	: 6
microcode	: 0xd000331
cpu MHz		: 3499.859
cache size	: 55296 KB
physical id	: 0
siblings	: 8
core id		: 1
cpu cores	: 4
apicid		: 2
initial apicid	: 2
fpu		: yes
fpu_exception	: yes
cpuid level	: 27
wp		: yes
flags		: fpu vme de pse tsc msr pae mce cx8 apic sep mtrr pge mca cmov pat pse36 clflush mmx fxsr sse sse2 ss ht syscall nx pdpe1gb rdtscp lm constant_tsc rep_good nopl xtopology nonstop_tsc cpuid aperfmperf tsc_known_freq pni pclmulqdq ssse3 fma cx16 pcid sse4_1 sse4_2 x2apic movbe popcnt tsc_deadline_timer aes xsave avx f16c rdrand hypervisor lahf_lm abm 3dnowprefetch invpcid_single ssbd ibrs ibpb stibp ibrs_enhanced fsgsbase tsc_adjust bmi1 avx2 smep bmi2 erms invpcid avx512f avx512dq rdseed adx smap avx512ifma clflushopt clwb avx512cd sha_ni avx512bw avx512vl xsaveopt xsavec xgetbv1 xsaves wbnoinvd ida arat avx512vbmi pku ospke avx512_vbmi2 gfni vaes vpclmulqdq avx512_vnni avx512_bitalg tme avx512_vpopcntdq rdpid md_clear flush_l1d arch_capabilities
bugs		: spectre_v1 spectre_v2 spec_store_bypass swapgs
bogomips	: 5799.91
clflush size	: 64
cache_alignment	: 64
address sizes	: 46 bits physical, 48 bits virtual
power management:

processor	: 2
vendor_id	: GenuineIntel
cpu family	: 6
model		: 106
model name	: Intel(R) Xeon(R) Platinum 8375C CPU @ 2.90GHz
stepping	: 6
microcode	: 0xd000331
cpu MHz		: 3502.000
cache size	: 55296 KB
physical id	: 0
siblings	: 8
core id		: 2
cpu cores	: 4
apicid		: 4
initial apicid	: 4
fpu		: yes
fpu_exception	: yes
cpuid level	: 27
wp		: yes
flags		: fpu vme de pse tsc msr pae mce cx8 apic sep mtrr pge mca cmov pat pse36 clflush mmx fxsr sse sse2 ss ht syscall nx pdpe1gb rdtscp lm constant_tsc rep_good nopl xtopology nonstop_tsc cpuid aperfmperf tsc_known_freq pni pclmulqdq ssse3 fma cx16 pcid sse4_1 sse4_2 x2apic movbe popcnt tsc_deadline_timer aes xsave avx f16c rdrand hypervisor lahf_lm abm 3dnowprefetch invpcid_single ssbd ibrs ibpb stibp ibrs_enhanced fsgsbase tsc_adjust bmi1 avx2 smep bmi2 erms invpcid avx512f avx512dq rdseed adx smap avx512ifma clflushopt clwb avx512cd sha_ni avx512bw avx512vl xsaveopt xsavec xgetbv1 xsaves wbnoinvd ida arat avx512vbmi pku ospke avx512_vbmi2 gfni vaes vpclmulqdq avx512_vnni avx512_bitalg tme avx512_vpopcntdq rdpid md_clear flush_l1d arch_capabilities
bugs		: spectre_v1 spectre_v2 spec_store_bypass swapgs
bogomips	: 5799.91
clflush size	: 64
cache_alignment	: 64
address sizes	: 46 bits physical, 48 bits virtual
power management:

processor	: 3
vendor_id	: GenuineIntel
cpu family	: 6
model		: 106
model name	: Intel(R) Xeon(R) Platinum 8375C CPU @ 2.90GHz
stepping	: 6
microcode	: 0xd000331
cpu MHz		: 3500.191
cache size	: 55296 KB
physical id	: 0
siblings	: 8
core id		: 3
cpu cores	: 4
apicid		: 6
initial apicid	: 6
fpu		: yes
fpu_exception	: yes
cpuid level	: 27
wp		: yes
flags		: fpu vme de pse tsc msr pae mce cx8 apic sep mtrr pge mca cmov pat pse36 clflush mmx fxsr sse sse2 ss ht syscall nx pdpe1gb rdtscp lm constant_tsc rep_good nopl xtopology nonstop_tsc cpuid aperfmperf tsc_known_freq pni pclmulqdq ssse3 fma cx16 pcid sse4_1 sse4_2 x2apic movbe popcnt tsc_deadline_timer aes xsave avx f16c rdrand hypervisor lahf_lm abm 3dnowprefetch invpcid_single ssbd ibrs ibpb stibp ibrs_enhanced fsgsbase tsc_adjust bmi1 avx2 smep bmi2 erms invpcid avx512f avx512dq rdseed adx smap avx512ifma clflushopt clwb avx512cd sha_ni avx512bw avx512vl xsaveopt xsavec xgetbv1 xsaves wbnoinvd ida arat avx512vbmi pku ospke avx512_vbmi2 gfni vaes vpclmulqdq avx512_vnni avx512_bitalg tme avx512_vpopcntdq rdpid md_clear flush_l1d arch_capabilities
bugs		: spectre_v1 spectre_v2 spec_store_bypass swapgs
bogomips	: 5799.91
clflush size	: 64
cache_alignment	: 64
address sizes	: 46 bits physical, 48 bits virtual
power management:

processor	: 4
vendor_id	: GenuineIntel
cpu family	: 6
model		: 106
model name	: Intel(R) Xeon(R) Platinum 8375C CPU @ 2.90GHz
stepping	: 6
microcode	: 0xd000331
cpu MHz		: 3499.812
cache size	: 55296 KB
physical id	: 0
siblings	: 8
core id		: 0
cpu cores	: 4
apicid		: 1
initial apicid	: 1
fpu		: yes
fpu_exception	: yes
cpuid level	: 27
wp		: yes
flags		: fpu vme de pse tsc msr pae mce cx8 apic sep mtrr pge mca cmov pat pse36 clflush mmx fxsr sse sse2 ss ht syscall nx pdpe1gb rdtscp lm constant_tsc rep_good nopl xtopology nonstop_tsc cpuid aperfmperf tsc_known_freq pni pclmulqdq ssse3 fma cx16 pcid sse4_1 sse4_2 x2apic movbe popcnt tsc_deadline_timer aes xsave avx f16c rdrand hypervisor lahf_lm abm 3dnowprefetch invpcid_single ssbd ibrs ibpb stibp ibrs_enhanced fsgsbase tsc_adjust bmi1 avx2 smep bmi2 erms invpcid avx512f avx512dq rdseed adx smap avx512ifma clflushopt clwb avx512cd sha_ni avx512bw avx512vl xsaveopt xsavec xgetbv1 xsaves wbnoinvd ida arat avx512vbmi pku ospke avx512_vbmi2 gfni vaes vpclmulqdq avx512_vnni avx512_bitalg tme avx512_vpopcntdq rdpid md_clear flush_l1d arch_capabilities
bugs		: spectre_v1 spectre_v2 spec_store_bypass swapgs
bogomips	: 5799.91
clflush size	: 64
cache_alignment	: 64
address sizes	: 46 bits physical, 48 bits virtual
power management:

processor	: 5
vendor_id	: GenuineIntel
cpu family	: 6
model		: 106
model name	: Intel(R) Xeon(R) Platinum 8375C CPU @ 2.90GHz
stepping	: 6
microcode	: 0xd000331
cpu MHz		: 3501.410
cache size	: 55296 KB
physical id	: 0
siblings	: 8
core id		: 1
cpu cores	: 4
apicid		: 3
initial apicid	: 3
fpu		: yes
fpu_exception	: yes
cpuid level	: 27
wp		: yes
flags		: fpu vme de pse tsc msr pae mce cx8 apic sep mtrr pge mca cmov pat pse36 clflush mmx fxsr sse sse2 ss ht syscall nx pdpe1gb rdtscp lm constant_tsc rep_good nopl xtopology nonstop_tsc cpuid aperfmperf tsc_known_freq pni pclmulqdq ssse3 fma cx16 pcid sse4_1 sse4_2 x2apic movbe popcnt tsc_deadline_timer aes xsave avx f16c rdrand hypervisor lahf_lm abm 3dnowprefetch invpcid_single ssbd ibrs ibpb stibp ibrs_enhanced fsgsbase tsc_adjust bmi1 avx2 smep bmi2 erms invpcid avx512f avx512dq rdseed adx smap avx512ifma clflushopt clwb avx512cd sha_ni avx512bw avx512vl xsaveopt xsavec xgetbv1 xsaves wbnoinvd ida arat avx512vbmi pku ospke avx512_vbmi2 gfni vaes vpclmulqdq avx512_vnni avx512_bitalg tme avx512_vpopcntdq rdpid md_clear flush_l1d arch_capabilities
bugs		: spectre_v1 spectre_v2 spec_store_bypass swapgs
bogomips	: 5799.91
clflush size	: 64
cache_alignment	: 64
address sizes	: 46 bits physical, 48 bits virtual
power management:

processor	: 6
vendor_id	: GenuineIntel
cpu family	: 6
model		: 106
model name	: Intel(R) Xeon(R) Platinum 8375C CPU @ 2.90GHz
stepping	: 6
microcode	: 0xd000331
cpu MHz		: 3501.221
cache size	: 55296 KB
physical id	: 0
siblings	: 8
core id		: 2
cpu cores	: 4
apicid		: 5
initial apicid	: 5
fpu		: yes
fpu_exception	: yes
cpuid level	: 27
wp		: yes
flags		: fpu vme de pse tsc msr pae mce cx8 apic sep mtrr pge mca cmov pat pse36 clflush mmx fxsr sse sse2 ss ht syscall nx pdpe1gb rdtscp lm constant_tsc rep_good nopl xtopology nonstop_tsc cpuid aperfmperf tsc_known_freq pni pclmulqdq ssse3 fma cx16 pcid sse4_1 sse4_2 x2apic movbe popcnt tsc_deadline_timer aes xsave avx f16c rdrand hypervisor lahf_lm abm 3dnowprefetch invpcid_single ssbd ibrs ibpb stibp ibrs_enhanced fsgsbase tsc_adjust bmi1 avx2 smep bmi2 erms invpcid avx512f avx512dq rdseed adx smap avx512ifma clflushopt clwb avx512cd sha_ni avx512bw avx512vl xsaveopt xsavec xgetbv1 xsaves wbnoinvd ida arat avx512vbmi pku ospke avx512_vbmi2 gfni vaes vpclmulqdq avx512_vnni avx512_bitalg tme avx512_vpopcntdq rdpid md_clear flush_l1d arch_capabilities
bugs		: spectre_v1 spectre_v2 spec_store_bypass swapgs
bogomips	: 5799.91
clflush size	: 64
cache_alignment	: 64
address sizes	: 46 bits physical, 48 bits virtual
power management:

processor	: 7
vendor_id	: GenuineIntel
cpu family	: 6
model		: 106
model name	: Intel(R) Xeon(R) Platinum 8375C CPU @ 2.90GHz
stepping	: 6
microcode	: 0xd000331
cpu MHz		: 3494.970
cache size	: 55296 KB
physical id	: 0
siblings	: 8
core id		: 3
cpu cores	: 4
apicid		: 7
initial apicid	: 7
fpu		: yes
fpu_exception	: yes
cpuid level	: 27
wp		: yes
flags		: fpu vme de pse tsc msr pae mce cx8 apic sep mtrr pge mca cmov pat pse36 clflush mmx fxsr sse sse2 ss ht syscall nx pdpe1gb rdtscp lm constant_tsc rep_good nopl xtopology nonstop_tsc cpuid aperfmperf tsc_known_freq pni pclmulqdq ssse3 fma cx16 pcid sse4_1 sse4_2 x2apic movbe popcnt tsc_deadline_timer aes xsave avx f16c rdrand hypervisor lahf_lm abm 3dnowprefetch invpcid_single ssbd ibrs ibpb stibp ibrs_enhanced fsgsbase tsc_adjust bmi1 avx2 smep bmi2 erms invpcid avx512f avx512dq rdseed adx smap avx512ifma clflushopt clwb avx512cd sha_ni avx512bw avx512vl xsaveopt xsavec xgetbv1 xsaves wbnoinvd ida arat avx512vbmi pku ospke avx512_vbmi2 gfni vaes vpclmulqdq avx512_vnni avx512_bitalg tme avx512_vpopcntdq rdpid md_clear flush_l1d arch_capabilities
bugs		: spectre_v1 spectre_v2 spec_store_bypass swapgs
bogomips	: 5799.91
clflush size	: 64
cache_alignment	: 64
address sizes	: 46 bits physical, 48 bits virtual
power management:

MemTotal:       64810132 kB
MemFree:        15859376 kB
MemAvailable:   32993600 kB
Buffers:            2272 kB
Cached:         18532708 kB
SwapCached:            0 kB
Active:         33461788 kB
Inactive:       14473608 kB
Active(anon):   29401492 kB
Inactive(anon):  1106856 kB
Active(file):    4060296 kB
Inactive(file): 13366752 kB
Unevictable:          80 kB
Mlocked:              80 kB
SwapTotal:       2097148 kB
SwapFree:        2097148 kB
Dirty:               484 kB
Writeback:             0 kB
AnonPages:      29367296 kB
Mapped:          2390356 kB
Shmem:           1107932 kB
KReclaimable:     426020 kB
Slab:             603648 kB
SReclaimable:     426020 kB
SUnreclaim:       177628 kB
KernelStack:       25684 kB
PageTables:        92976 kB
NFS_Unstable:          0 kB
Bounce:                0 kB
WritebackTmp:          0 kB
CommitLimit:    34502212 kB
Committed_AS:   39449636 kB
VmallocTotal:   34359738367 kB
VmallocUsed:       69376 kB
VmallocChunk:          0 kB
Percpu:             2752 kB
HardwareCorrupted:     0 kB
AnonHugePages:    131072 kB
ShmemHugePages:        0 kB
ShmemPmdMapped:        0 kB
HugePages_Total:       0
HugePages_Free:        0
HugePages_Rsvd:        0
HugePages_Surp:        0
Hugepagesize:       2048 kB
Hugetlb:               0 kB
DirectMap4k:      550820 kB
DirectMap2M:    40327168 kB
DirectMap1G:    25165824 kB
  --- Physical volume ---
  PV Name               /dev/nvme11n1
  VG Name               usr_sap
  PV Size               50.00 GiB / not usable 4.00 MiB
  Allocatable           yes (but full)
  PE Size               4.00 MiB
  Total PE              12799
  Free PE               0
  Allocated PE          12799
  PV UUID               jFPGWP-XQca-TRdR-c20g-CCtv-CExn-iyPIHE
   
  --- Physical volume ---
  PV Name               /dev/nvme9n1
  VG Name               hana_data_HFE
  PV Size               700.00 GiB / not usable 4.00 MiB
  Allocatable           yes (but full)
  PE Size               4.00 MiB
  Total PE              179199
  Free PE               0
  Allocated PE          179199
  PV UUID               zMJ8Op-wJFL-nrM9-Ukor-sp4J-m2cu-JsftzV
   
  --- Physical volume ---
  PV Name               /dev/nvme6n1
  VG Name               var
  PV Size               20.00 GiB / not usable 4.00 MiB
  Allocatable           yes (but full)
  PE Size               4.00 MiB
  Total PE              5119
  Free PE               0
  Allocated PE          5119
  PV UUID               jxbnYv-9zS8-TNld-qlq5-pZEJ-w2Ra-TbTnmG
   
  --- Physical volume ---
  PV Name               /dev/nvme5n1
  VG Name               hana_log_HFE
  PV Size               600.00 GiB / not usable 4.00 MiB
  Allocatable           yes (but full)
  PE Size               4.00 MiB
  Total PE              153599
  Free PE               0
  Allocated PE          153599
  PV UUID               VIvhxY-Kx2w-LTD1-A7zO-fexP-7osR-SfrZCU
   
  --- Physical volume ---
  PV Name               /dev/nvme3n1
  VG Name               var_log
  PV Size               20.00 GiB / not usable 4.00 MiB
  Allocatable           yes (but full)
  PE Size               4.00 MiB
  Total PE              5119
  Free PE               0
  Allocated PE          5119
  PV UUID               E624Zw-FXsi-0MXq-NmFZ-Yif1-C9si-AMwJYq
   
  --- Physical volume ---
  PV Name               /dev/nvme8n1
  VG Name               hana_shared_HFE
  PV Size               300.00 GiB / not usable 4.00 MiB
  Allocatable           yes (but full)
  PE Size               4.00 MiB
  Total PE              76799
  Free PE               0
  Allocated PE          76799
  PV UUID               Otgbdk-Np0x-Geh6-Ppsy-S8RO-Htbh-WAsOAc
   
  --- Physical volume ---
  PV Name               /dev/nvme7n1
  VG Name               home
  PV Size               20.00 GiB / not usable 4.00 MiB
  Allocatable           yes (but full)
  PE Size               4.00 MiB
  Total PE              5119
  Free PE               0
  Allocated PE          5119
  PV UUID               ABzf9h-MOA1-AFuA-kWIy-dCqc-B6eu-aQcHIn
   
  --- Physical volume ---
  PV Name               /dev/nvme2n1
  VG Name               var_log_audit
  PV Size               20.00 GiB / not usable 4.00 MiB
  Allocatable           yes (but full)
  PE Size               4.00 MiB
  Total PE              5119
  Free PE               0
  Allocated PE          5119
  PV UUID               6mYYaS-XVOH-bwwi-Cz3k-nz0r-8M1p-dj1Wz3
   
  --- Physical volume ---
  PV Name               /dev/nvme1n1
  VG Name               sapbackup
  PV Size               600.00 GiB / not usable 4.00 MiB
  Allocatable           yes (but full)
  PE Size               4.00 MiB
  Total PE              153599
  Free PE               0
  Allocated PE          153599
  PV UUID               fdVdhp-lYo3-GElu-k0Ke-396K-eg8m-LrHr60
   
  --- Physical volume ---
  PV Name               /dev/nvme4n1
  VG Name               var_tmp
  PV Size               20.00 GiB / not usable 4.00 MiB
  Allocatable           yes (but full)
  PE Size               4.00 MiB
  Total PE              5119
  Free PE               0
  Allocated PE          5119
  PV UUID               rsN116-GIst-ZhsQ-ZOiT-iCt2-TzVS-CJ7DBl
   
  --- Volume group ---
  VG Name               usr_sap
  System ID             
  Format                lvm2
  Metadata Areas        1
  Metadata Sequence No  2
  VG Access             read/write
  VG Status             resizable
  MAX LV                0
  Cur LV                1
  Open LV               1
  Max PV                0
  Cur PV                1
  Act PV                1
  VG Size               50.00 GiB
  PE Size               4.00 MiB
  Total PE              12799
  Alloc PE / Size       12799 / 50.00 GiB
  Free  PE / Size       0 / 0   
  VG UUID               1A1u1q-ZCiF-DMdC-INfN-aAoo-02pN-12dnij
   
  --- Volume group ---
  VG Name               hana_data_HFE
  System ID             
  Format                lvm2
  Metadata Areas        1
  Metadata Sequence No  2
  VG Access             read/write
  VG Status             resizable
  MAX LV                0
  Cur LV                1
  Open LV               1
  Max PV                0
  Cur PV                1
  Act PV                1
  VG Size               700.00 GiB
  PE Size               4.00 MiB
  Total PE              179199
  Alloc PE / Size       179199 / 700.00 GiB
  Free  PE / Size       0 / 0   
  VG UUID               dLu58N-DAaB-XBXP-fHqE-3ojb-IBTM-DHU8HI
   
  --- Volume group ---
  VG Name               var
  System ID             
  Format                lvm2
  Metadata Areas        1
  Metadata Sequence No  2
  VG Access             read/write
  VG Status             resizable
  MAX LV                0
  Cur LV                1
  Open LV               1
  Max PV                0
  Cur PV                1
  Act PV                1
  VG Size               20.00 GiB
  PE Size               4.00 MiB
  Total PE              5119
  Alloc PE / Size       5119 / 20.00 GiB
  Free  PE / Size       0 / 0   
  VG UUID               gIC4hs-efPi-UQLl-hLmP-Ot6L-sykT-fTEuwC
   
  --- Volume group ---
  VG Name               hana_log_HFE
  System ID             
  Format                lvm2
  Metadata Areas        1
  Metadata Sequence No  2
  VG Access             read/write
  VG Status             resizable
  MAX LV                0
  Cur LV                1
  Open LV               1
  Max PV                0
  Cur PV                1
  Act PV                1
  VG Size               600.00 GiB
  PE Size               4.00 MiB
  Total PE              153599
  Alloc PE / Size       153599 / 600.00 GiB
  Free  PE / Size       0 / 0   
  VG UUID               Rfw1Yi-xxGx-XoF8-1lrj-LNKe-qcBR-kOiRNi
   
  --- Volume group ---
  VG Name               var_log
  System ID             
  Format                lvm2
  Metadata Areas        1
  Metadata Sequence No  2
  VG Access             read/write
  VG Status             resizable
  MAX LV                0
  Cur LV                1
  Open LV               1
  Max PV                0
  Cur PV                1
  Act PV                1
  VG Size               20.00 GiB
  PE Size               4.00 MiB
  Total PE              5119
  Alloc PE / Size       5119 / 20.00 GiB
  Free  PE / Size       0 / 0   
  VG UUID               bqtBKt-j5jt-H6fb-mXu3-lfOI-Alvj-SIN5AY
   
  --- Volume group ---
  VG Name               hana_shared_HFE
  System ID             
  Format                lvm2
  Metadata Areas        1
  Metadata Sequence No  4
  VG Access             read/write
  VG Status             resizable
  MAX LV                0
  Cur LV                1
  Open LV               1
  Max PV                0
  Cur PV                1
  Act PV                1
  VG Size               300.00 GiB
  PE Size               4.00 MiB
  Total PE              76799
  Alloc PE / Size       76799 / 300.00 GiB
  Free  PE / Size       0 / 0   
  VG UUID               qOMGip-F4Ba-BV6C-fPRg-4oCb-cX8X-vfl1DI
   
  --- Volume group ---
  VG Name               home
  System ID             
  Format                lvm2
  Metadata Areas        1
  Metadata Sequence No  2
  VG Access             read/write
  VG Status             resizable
  MAX LV                0
  Cur LV                1
  Open LV               1
  Max PV                0
  Cur PV                1
  Act PV                1
  VG Size               20.00 GiB
  PE Size               4.00 MiB
  Total PE              5119
  Alloc PE / Size       5119 / 20.00 GiB
  Free  PE / Size       0 / 0   
  VG UUID               YXk4g5-XeiZ-L8dK-Hi85-qYnY-m55d-ctTE0V
   
  --- Volume group ---
  VG Name               var_log_audit
  System ID             
  Format                lvm2
  Metadata Areas        1
  Metadata Sequence No  2
  VG Access             read/write
  VG Status             resizable
  MAX LV                0
  Cur LV                1
  Open LV               1
  Max PV                0
  Cur PV                1
  Act PV                1
  VG Size               20.00 GiB
  PE Size               4.00 MiB
  Total PE              5119
  Alloc PE / Size       5119 / 20.00 GiB
  Free  PE / Size       0 / 0   
  VG UUID               4XA1eO-CQYZ-7l0o-FPDe-DvKH-6dbi-dKwFLl
   
  --- Volume group ---
  VG Name               sapbackup
  System ID             
  Format                lvm2
  Metadata Areas        1
  Metadata Sequence No  2
  VG Access             read/write
  VG Status             resizable
  MAX LV                0
  Cur LV                1
  Open LV               1
  Max PV                0
  Cur PV                1
  Act PV                1
  VG Size               600.00 GiB
  PE Size               4.00 MiB
  Total PE              153599
  Alloc PE / Size       153599 / 600.00 GiB
  Free  PE / Size       0 / 0   
  VG UUID               dbxOkU-qNlF-uPcD-drSs-bDM7-UcTZ-TFbGLf
   
  --- Volume group ---
  VG Name               var_tmp
  System ID             
  Format                lvm2
  Metadata Areas        1
  Metadata Sequence No  2
  VG Access             read/write
  VG Status             resizable
  MAX LV                0
  Cur LV                1
  Open LV               1
  Max PV                0
  Cur PV                1
  Act PV                1
  VG Size               20.00 GiB
  PE Size               4.00 MiB
  Total PE              5119
  Alloc PE / Size       5119 / 20.00 GiB
  Free  PE / Size       0 / 0   
  VG UUID               4N1i7C-JvPJ-1vg6-M03c-sAhl-sXk4-ec5Gug
   
  --- Logical volume ---
  LV Path                /dev/usr_sap/usr_sap
  LV Name                usr_sap
  VG Name                usr_sap
  LV UUID                Oh4b49-ylHm-uT2I-2DIy-83uz-jWRs-Lgx91J
  LV Write Access        read/write
  LV Creation host, time SAPDF4DB01, 2019-08-26 04:41:27 +0000
  LV Status              available
  # open                 1
  LV Size                50.00 GiB
  Current LE             12799
  Segments               1
  Allocation             inherit
  Read ahead sectors     auto
  - currently set to     1024
  Block device           254:7
   
  --- Logical volume ---
  LV Path                /dev/hana_data_HFE/hana_data_HFE
  LV Name                hana_data_HFE
  VG Name                hana_data_HFE
  LV UUID                U0YmwO-YvTV-9DAG-louM-xd3y-BKGc-ATdSji
  LV Write Access        read/write
  LV Creation host, time SAPEF4DB01, 2022-02-23 15:43:24 +0000
  LV Status              available
  # open                 1
  LV Size                700.00 GiB
  Current LE             179199
  Segments               1
  Allocation             inherit
  Read ahead sectors     auto
  - currently set to     1024
  Block device           254:0
   
  --- Logical volume ---
  LV Path                /dev/var/var
  LV Name                var
  VG Name                var
  LV UUID                X7cDLa-o3vq-pj2s-xrhA-fH7x-tsQ3-pgbnL0
  LV Write Access        read/write
  LV Creation host, time SAPEF4DB01, 2022-05-02 07:43:35 +0000
  LV Status              available
  # open                 1
  LV Size                20.00 GiB
  Current LE             5119
  Segments               1
  Allocation             inherit
  Read ahead sectors     auto
  - currently set to     1024
  Block device           254:8
   
  --- Logical volume ---
  LV Path                /dev/hana_log_HFE/hana_log_HFE
  LV Name                hana_log_HFE
  VG Name                hana_log_HFE
  LV UUID                1xM9wU-aVJd-tW7D-0BwB-FMsF-JbxZ-L39Lpv
  LV Write Access        read/write
  LV Creation host, time SAPEF4DB01, 2022-02-23 15:43:45 +0000
  LV Status              available
  # open                 1
  LV Size                600.00 GiB
  Current LE             153599
  Segments               1
  Allocation             inherit
  Read ahead sectors     auto
  - currently set to     1024
  Block device           254:5
   
  --- Logical volume ---
  LV Path                /dev/var_log/var_log
  LV Name                var_log
  VG Name                var_log
  LV UUID                qqF6JM-7FcZ-eUJO-5jhs-IggD-UOmL-JcakwY
  LV Write Access        read/write
  LV Creation host, time SAPEF4DB01, 2022-05-02 07:43:35 +0000
  LV Status              available
  # open                 1
  LV Size                20.00 GiB
  Current LE             5119
  Segments               1
  Allocation             inherit
  Read ahead sectors     auto
  - currently set to     1024
  Block device           254:9
   
  --- Logical volume ---
  LV Path                /dev/hana_shared_HFE/hana_shared_HFE
  LV Name                hana_shared_HFE
  VG Name                hana_shared_HFE
  LV UUID                wCv5xK-7sp2-vFCB-M3WG-l9l1-mDrN-FLedgO
  LV Write Access        read/write
  LV Creation host, time SAPDF4DB01, 2019-08-26 04:39:52 +0000
  LV Status              available
  # open                 1
  LV Size                300.00 GiB
  Current LE             76799
  Segments               1
  Allocation             inherit
  Read ahead sectors     auto
  - currently set to     1024
  Block device           254:2
   
  --- Logical volume ---
  LV Path                /dev/home/home
  LV Name                home
  VG Name                home
  LV UUID                KGk32P-NsfU-8Pd2-3Kvx-agFF-mGId-3t28yO
  LV Write Access        read/write
  LV Creation host, time SAPXS4DB03, 2022-01-31 12:13:52 +0000
  LV Status              available
  # open                 1
  LV Size                20.00 GiB
  Current LE             5119
  Segments               1
  Allocation             inherit
  Read ahead sectors     auto
  - currently set to     1024
  Block device           254:1
   
  --- Logical volume ---
  LV Path                /dev/var_log_audit/var_log_audit
  LV Name                var_log_audit
  VG Name                var_log_audit
  LV UUID                2C0Y7A-b93b-hJYc-GQA0-wo8F-LpRr-YxNJ5u
  LV Write Access        read/write
  LV Creation host, time SAPXS4DB03, 2022-01-31 12:22:07 +0000
  LV Status              available
  # open                 1
  LV Size                20.00 GiB
  Current LE             5119
  Segments               1
  Allocation             inherit
  Read ahead sectors     auto
  - currently set to     1024
  Block device           254:4
   
  --- Logical volume ---
  LV Path                /dev/sapbackup/sapbackup
  LV Name                sapbackup
  VG Name                sapbackup
  LV UUID                5ylxT7-ouwp-27ko-vQKa-UUj2-JYEr-j4MxOJ
  LV Write Access        read/write
  LV Creation host, time SAPEF4DB01, 2022-02-23 16:05:50 +0000
  LV Status              available
  # open                 1
  LV Size                600.00 GiB
  Current LE             153599
  Segments               1
  Allocation             inherit
  Read ahead sectors     auto
  - currently set to     1024
  Block device           254:6
   
  --- Logical volume ---
  LV Path                /dev/var_tmp/var_tmp
  LV Name                var_tmp
  VG Name                var_tmp
  LV UUID                2Ff4jI-Egjb-EKNS-7oh6-n2II-uPma-jVTW3G
  LV Write Access        read/write
  LV Creation host, time SAPXS4DB03, 2022-01-31 12:16:58 +0000
  LV Status              available
  # open                 1
  LV Size                20.00 GiB
  Current LE             5119
  Segments               1
  Allocation             inherit
  Read ahead sectors     auto
  - currently set to     1024
  Block device           254:3
   
              total        used        free      shared  buff/cache   available
Mem:          63291       29285       15488        1081       18516       32221
Swap:          2047           0        2047

[31;43m***** NTPD status *****[0m
● ntpd.service - NTP Server Daemon
   Loaded: loaded (/usr/lib/systemd/system/ntpd.service; disabled; vendor preset: disabled)
  Drop-In: /run/systemd/generator/ntpd.service.d
           └─50-insserv.conf-$time.conf
   Active: inactive (dead)
     Docs: man:ntpd(1)

******************************************
SAPEF4DB01
5.3.18-24.67-default
NAME="SLES"
VERSION="15-SP2"
VERSION_ID="15.2"
PRETTY_NAME="SUSE Linux Enterprise Server 15 SP2"
ID="sles"
ID_LIKE="suse"
ANSI_COLOR="0;32"
CPE_NAME="cpe:/o:suse:sles:15:sp2"
VARIANT_ID="sles-sap"
 22:44:47  up 15 days 12:06,  0 users,  load average: 0.59, 0.63, 0.58
################################################################################
## /etc/ntp.conf
##
## Sample NTP configuration file.
## See package 'ntp-doc' for documentation, Mini-HOWTO and FAQ.
## Copyright (c) 1998 S.u.S.E. GmbH Fuerth, Germany.
##
## Author: Michael Andres,  <ma@suse.de>
##         Michael Skibbe,  <mskibbe@suse.de>
##
################################################################################

##
## Radio and modem clocks by convention have addresses in the 
## form 127.127.t.u, where t is the clock type and u is a unit 
## number in the range 0-3. 
##
## Most of these clocks require support in the form of a 
## serial port or special bus peripheral. The particular  
## device is normally specified by adding a soft link 
## /dev/device-u to the particular hardware device involved, 
## where u correspond to the unit number above. 
## 
## Generic DCF77 clock on serial port (Conrad DCF77)
## Address:     127.127.8.u
## Serial Port: /dev/refclock-u
##  
## (create soft link /dev/refclock-0 to the particular ttyS?)
##
# server 127.127.8.0 mode 5 prefer

##
## Undisciplined Local Clock. This is a fake driver intended for backup
## and when no outside source of synchronized time is available.
##
# server 127.127.1.0		# local clock (LCL)
# fudge  127.127.1.0 stratum 10	# LCL is unsynchronized

##
## Add external Servers using
## # rcntpd addserver <yourserver>
## The servers will only be added to the currently running instance, not
## to /etc/ntp.conf.
##

# Access control configuration; see /usr/share/doc/packages/ntp/html/accopt.html for
# details.  The web page <http://support.ntp.org/bin/view/Support/AccessRestrictions>
# might also be helpful.
#
# Note that "restrict" applies to both servers and clients, so a configuration
# that might be intended to block requests from certain clients could also end
# up blocking replies from your own upstream servers.

# By default, exchange time with everybody, but don't allow configuration.
restrict -4 default notrap nomodify nopeer noquery
restrict -6 default notrap nomodify nopeer noquery

# Local users may interrogate the ntp server more closely.
restrict 127.0.0.1
restrict ::1

# Clients from this (example!) subnet have unlimited access, but only if
# cryptographically authenticated.
#restrict 192.168.123.0 mask 255.255.255.0 notrust

##
## Miscellaneous stuff
##

driftfile /var/lib/ntp/drift/ntp.drift # path for drift file

logfile   /var/log/ntp		# alternate log file
# logconfig =syncstatus + sysevents
# logconfig =all

# statsdir /var/log/ntpstats/		# directory for statistics files
# filegen peerstats  file peerstats  type day enable
# filegen loopstats  file loopstats  type day enable
# filegen clockstats file clockstats type day enable

#
# Authentication stuff
#
keys /etc/ntp.keys		# path for keys file
trustedkey 1 # define trusted keys
requestkey 1			# key (7) for accessing server variables
controlkey 1			# key (6) for accessing server variables
server 172.30.144.243 ibrust
server 172.30.144.244 ibrust
sqlite3-3.36.0-3.12.1.x86_64                  Fri Apr 22 13:27:48 2022
aaa_base-84.87+git20180409.04c9dae-3.52.1.x86_64 Fri Apr 22 13:27:43 2022
python3-pip-20.0.2-6.15.1.noarch              Fri Apr 22 13:27:41 2022
python3-dbm-3.6.15-3.91.4.x86_64              Fri Apr 22 13:27:41 2022
python3-curses-3.6.15-3.91.4.x86_64           Fri Apr 22 13:27:41 2022
python3-3.6.15-3.91.4.x86_64                  Fri Apr 22 13:27:41 2022
python3-base-3.6.15-3.91.3.x86_64             Fri Apr 22 13:27:40 2022
shared-python-startup-0.1-1.5.1.noarch        Fri Apr 22 13:27:39 2022
libpython3_6m1_0-3.6.15-3.91.3.x86_64         Fri Apr 22 13:27:39 2022
polkit-0.116-3.6.1.x86_64                     Fri Apr 22 13:27:36 2022
libpolkit0-0.116-3.6.1.x86_64                 Fri Apr 22 13:27:36 2022
samba-python3-4.11.14+git.319.91d693db37c-4.35.1.x86_64 Fri Apr 22 13:27:33 2022
libsamba-policy0-python3-4.11.14+git.319.91d693db37c-4.35.1.x86_64 Fri Apr 22 13:27:33 2022
samba-client-4.11.14+git.319.91d693db37c-4.35.1.x86_64 Fri Apr 22 13:27:32 2022
samba-4.11.14+git.319.91d693db37c-4.35.1.x86_64 Fri Apr 22 13:27:32 2022
libsmbclient0-4.11.14+git.319.91d693db37c-4.35.1.x86_64 Fri Apr 22 13:27:32 2022
samba-libs-python3-4.11.14+git.319.91d693db37c-4.35.1.x86_64 Fri Apr 22 13:27:31 2022
libwbclient0-4.11.14+git.319.91d693db37c-4.35.1.x86_64 Fri Apr 22 13:27:31 2022
libsmbldap2-4.11.14+git.319.91d693db37c-4.35.1.x86_64 Fri Apr 22 13:27:31 2022
libsamba-passdb0-4.11.14+git.319.91d693db37c-4.35.1.x86_64 Fri Apr 22 13:27:31 2022
libnetapi0-4.11.14+git.319.91d693db37c-4.35.1.x86_64 Fri Apr 22 13:27:31 2022
libndr-krb5pac0-4.11.14+git.319.91d693db37c-4.35.1.x86_64 Fri Apr 22 13:27:31 2022
libdcerpc0-4.11.14+git.319.91d693db37c-4.35.1.x86_64 Fri Apr 22 13:27:31 2022
ctdb-4.11.14+git.319.91d693db37c-4.35.1.x86_64 Fri Apr 22 13:27:31 2022
samba-libs-4.11.14+git.319.91d693db37c-4.35.1.x86_64 Fri Apr 22 13:27:30 2022
libsmbconf0-4.11.14+git.319.91d693db37c-4.35.1.x86_64 Fri Apr 22 13:27:30 2022
libsamdb0-4.11.14+git.319.91d693db37c-4.35.1.x86_64 Fri Apr 22 13:27:30 2022
libsamba-util0-4.11.14+git.319.91d693db37c-4.35.1.x86_64 Fri Apr 22 13:27:30 2022
libsamba-hostconfig0-4.11.14+git.319.91d693db37c-4.35.1.x86_64 Fri Apr 22 13:27:30 2022
libsamba-credentials0-4.11.14+git.319.91d693db37c-4.35.1.x86_64 Fri Apr 22 13:27:30 2022
libndr0-4.11.14+git.319.91d693db37c-4.35.1.x86_64 Fri Apr 22 13:27:30 2022
libndr-standard0-4.11.14+git.319.91d693db37c-4.35.1.x86_64 Fri Apr 22 13:27:30 2022
libndr-nbt0-4.11.14+git.319.91d693db37c-4.35.1.x86_64 Fri Apr 22 13:27:30 2022
libdcerpc-binding0-4.11.14+git.319.91d693db37c-4.35.1.x86_64 Fri Apr 22 13:27:30 2022
libtevent-util0-4.11.14+git.319.91d693db37c-4.35.1.x86_64 Fri Apr 22 13:27:29 2022
bind-9.16.6-150000.12.60.1.x86_64             Fri Apr 22 13:27:26 2022
libhogweed4-3.4.1-4.18.1.x86_64               Fri Apr 22 13:27:23 2022
libnettle6-3.4.1-4.18.1.x86_64                Fri Apr 22 13:27:21 2022
cpio-mt-2.12-3.9.1.x86_64                     Fri Apr 22 13:27:19 2022
dump-rmt-0.4b46-1.31.x86_64                   Fri Apr 22 13:27:18 2022
cpio-lang-2.12-3.9.1.noarch                   Fri Apr 22 13:27:18 2022
cpio-2.12-3.9.1.x86_64                        Fri Apr 22 13:27:18 2022
libcares2-1.17.1+20200724-3.17.1.x86_64       Fri Apr 22 13:27:16 2022
libesmtp-1.0.6-150.4.1.x86_64                 Fri Apr 22 13:27:14 2022
ruby2.5-2.5.9-4.20.1.x86_64                   Fri Apr 22 13:27:11 2022
mozilla-nss-3.68.3-150000.3.67.1.x86_64       Fri Apr 22 13:27:09 2022
libsoftokn3-hmac-3.68.3-150000.3.67.1.x86_64  Fri Apr 22 13:27:09 2022
mozilla-nspr-4.32-3.20.1.x86_64               Fri Apr 22 13:27:08 2022
libsoftokn3-3.68.3-150000.3.67.1.x86_64       Fri Apr 22 13:27:08 2022
libfreebl3-hmac-3.68.3-150000.3.67.1.x86_64   Fri Apr 22 13:27:08 2022
libfreebl3-3.68.3-150000.3.67.1.x86_64        Fri Apr 22 13:27:08 2022
p11-kit-0.23.2-4.13.1.x86_64                  Fri Apr 22 13:27:06 2022
libjson-c3-0.13-3.3.1.x86_64                  Fri Apr 22 13:27:02 2022
libtiff5-4.0.9-45.5.1.x86_64                  Fri Apr 22 13:26:59 2022
python3-Twisted-19.10.0-3.6.1.x86_64          Fri Apr 22 13:26:55 2022
cyrus-sasl-2.1.26-5.10.1.x86_64               Fri Apr 22 13:26:52 2022
zsh-5.6-7.5.1.x86_64                          Fri Apr 22 13:26:49 2022
tcpdump-4.9.2-3.18.1.x86_64                   Fri Apr 22 13:26:46 2022
python3-lxml-4.7.1-3.7.1.x86_64               Fri Apr 22 13:26:44 2022
libqt5-qtimageformats-5.12.7-1.50.x86_64      Fri Apr 22 13:26:41 2022
libQt5Widgets5-5.12.7-4.17.1.x86_64           Fri Apr 22 13:26:41 2022
libQt5Svg5-5.12.7-3.3.1.x86_64                Fri Apr 22 13:26:41 2022
libQt5Network5-5.12.7-4.17.1.x86_64           Fri Apr 22 13:26:41 2022
libQt5Gui5-5.12.7-4.17.1.x86_64               Fri Apr 22 13:26:41 2022
libwebpdemux2-1.0.3-1.62.x86_64               Fri Apr 22 13:26:40 2022
libqt5-qttranslations-5.12.7-1.53.x86_64      Fri Apr 22 13:26:40 2022
libmng2-2.0.3-1.39.x86_64                     Fri Apr 22 13:26:40 2022
liblcms2-2-2.9-3.3.1.x86_64                   Fri Apr 22 13:26:40 2022
libjasper4-2.0.14-3.19.1.x86_64               Fri Apr 22 13:26:40 2022
libQt5DBus5-5.12.7-4.17.1.x86_64              Fri Apr 22 13:26:40 2022
libQt5Core5-5.12.7-4.17.1.x86_64              Fri Apr 22 13:26:40 2022
net-snmp-5.7.3-10.12.1.x86_64                 Fri Apr 22 13:26:36 2022
binutils-2.37-7.26.1.x86_64                   Fri Apr 22 13:26:34 2022
libctf0-2.37-7.26.1.x86_64                    Fri Apr 22 13:26:33 2022
libctf-nobfd0-2.37-7.26.1.x86_64              Fri Apr 22 13:26:33 2022
libz1-1.2.11-150000.3.30.1.x86_64             Fri Apr 22 13:26:30 2022
vim-8.0.1568-5.17.1.x86_64                    Fri Apr 22 13:26:28 2022
vim-data-common-8.0.1568-5.17.1.noarch        Fri Apr 22 13:26:27 2022
vim-data-8.0.1568-5.17.1.noarch               Fri Apr 22 13:26:27 2022
glibc-extra-2.26-13.65.1.x86_64               Fri Apr 22 13:26:22 2022
glibc-2.26-13.65.1.x86_64                     Fri Apr 22 13:26:22 2022
expat-2.2.5-3.19.1.x86_64                     Fri Apr 22 13:26:19 2022
python3-apparmor-2.13.4-3.11.1.x86_64         Mon Apr 18 15:49:37 2022
perl-apparmor-2.13.4-3.11.1.x86_64            Mon Apr 18 15:49:37 2022
apparmor-utils-lang-2.13.4-3.11.1.noarch      Mon Apr 18 15:49:37 2022
apparmor-utils-2.13.4-3.11.1.noarch           Mon Apr 18 15:49:37 2022
libapparmor1-2.13.4-3.11.1.x86_64             Mon Apr 18 15:49:35 2022
aide-0.16-24.1.x86_64                         Mon Apr 18 15:49:31 2022
sles-ltss-release-15.2-7.3.1.x86_64           Mon Apr  4 11:10:38 2022
systemd-sysvinit-234-24.108.1.x86_64          Wed Mar 30 12:00:41 2022
udev-234-24.108.1.x86_64                      Wed Mar 30 12:00:40 2022
systemd-bash-completion-234-24.108.1.noarch   Wed Mar 30 12:00:39 2022
systemd-234-24.108.1.x86_64                   Wed Mar 30 12:00:39 2022
grub2-systemd-sleep-plugin-2.04-9.52.3.noarch Wed Mar 30 12:00:39 2022
bash-completion-2.7-4.6.1.noarch              Wed Mar 30 12:00:38 2022
chrony-4.1-5.9.1.x86_64                       Wed Mar 23 15:04:02 2022
libnettle4-2.7.1-13.6.1.x86_64                Wed Mar 23 15:04:01 2022
aws-sap-dataprovider-standalone-4.1-0.amzn2.x86_64 Mon Mar 21 10:41:01 2022
jre1.8-1.8.0_321-fcs.x86_64                   Mon Mar 21 10:40:55 2022
openssh-8.1p1-5.21.1.x86_64                   Fri Mar 18 12:58:45 2022
ds_agent-20.0.0-2971.SuSE_15.x86_64           Mon Jan 31 14:35:50 2022
xdg-utils-20170508-3.2.noarch                 Sun Jan 16 12:52:05 2022
hwdata-0.353-3.36.1.noarch                    Sun Jan 16 12:52:04 2022
SUSEConnect-0.3.32-3.40.1.x86_64              Sun Jan 16 12:28:41 2022
zypper-search-packages-plugin-0.7-5.35.noarch Wed Jan 12 14:27:53 2022
zypper-needs-restarting-1.14.50-21.1.noarch   Wed Jan 12 14:27:53 2022
zypper-lifecycle-plugin-0.6.1490613702.a925823-2.43.noarch Wed Jan 12 14:27:53 2022
zypper-1.14.50-21.1.x86_64                    Wed Jan 12 14:27:53 2022
lifecycle-data-sle-module-server-applications-1-5.4.1.x86_64 Wed Jan 12 14:27:53 2022
lifecycle-data-sle-module-development-tools-1-3.10.1.noarch Wed Jan 12 14:27:53 2022
lifecycle-data-sle-module-desktop-applications-1-5.4.1.x86_64 Wed Jan 12 14:27:53 2022
zypper-log-1.14.50-21.1.noarch                Wed Jan 12 14:27:52 2022
lifecycle-data-sle-module-basesystem-2-8.4.1.x86_64 Wed Jan 12 14:27:52 2022
libzypp-17.28.8-20.1.x86_64                   Wed Jan 12 14:27:52 2022
libsolv-tools-0.7.20-9.2.x86_64               Wed Jan 12 14:27:52 2022
libprotobuf-lite20-3.9.2-4.9.1.x86_64         Wed Jan 12 14:27:52 2022
salt-minion-3002.2-52.1.x86_64                Wed Jan 12 14:27:31 2022
salt-3002.2-52.1.x86_64                       Wed Jan 12 14:27:31 2022
python3-salt-3002.2-52.1.x86_64               Wed Jan 12 14:27:30 2022
python3-tornado-4.5.3-3.3.1.x86_64            Wed Jan 12 14:27:29 2022
python3-pyzmq-17.1.2-3.3.1.x86_64             Wed Jan 12 14:27:29 2022
python3-numpy-1.17.3-4.11.1.x86_64            Wed Jan 12 14:27:29 2022
libopenblas_pthreads0-0.3.7-2.17.x86_64       Wed Jan 12 14:27:29 2022
supportutils-plugin-salt-1.1.5-3.3.1.noarch   Wed Jan 12 14:27:27 2022
python3-zope.interface-4.4.2-3.2.1.x86_64     Wed Jan 12 14:27:27 2022
python3-service_identity-18.1.0-3.2.1.noarch  Wed Jan 12 14:27:27 2022
python3-pyinotify-0.9.6-4.5.1.noarch          Wed Jan 12 14:27:27 2022
python3-pyOpenSSL-17.5.0-8.3.1.noarch         Wed Jan 12 14:27:27 2022
python3-incremental-17.5.0-3.2.1.noarch       Wed Jan 12 14:27:27 2022
python3-hyperlink-17.2.1-3.2.1.noarch         Wed Jan 12 14:27:27 2022
python3-hyperframe-5.2.0-3.2.1.noarch         Wed Jan 12 14:27:27 2022
python3-hpack-3.0.0-3.2.1.noarch              Wed Jan 12 14:27:27 2022
python3-h2-3.2.0-3.2.2.noarch                 Wed Jan 12 14:27:27 2022
python3-constantly-15.1.0-3.2.1.noarch        Wed Jan 12 14:27:27 2022
python3-attrs-19.3.0-3.2.1.noarch             Wed Jan 12 14:27:27 2022
python3-PyHamcrest-1.9.0-3.2.2.noarch         Wed Jan 12 14:27:27 2022
python3-Automat-0.6.0-3.2.1.noarch            Wed Jan 12 14:27:27 2022
libzmq5-4.2.3-3.15.4.x86_64                   Wed Jan 12 14:27:27 2022
libgfortran4-7.5.0+r278197-4.30.1.x86_64      Wed Jan 12 14:27:27 2022
python3-pyasn1-modules-0.2.1-3.4.12.noarch    Wed Jan 12 14:27:26 2022
python3-psutil-5.4.8-4.24.x86_64              Wed Jan 12 14:27:26 2022
python3-netaddr-0.7.19-1.17.noarch            Wed Jan 12 14:27:26 2022
python3-msgpack-0.5.6-1.19.x86_64             Wed Jan 12 14:27:26 2022
python3-greenlet-0.4.13-2.25.x86_64           Wed Jan 12 14:27:26 2022
python3-gevent-1.2.2-3.26.x86_64              Wed Jan 12 14:27:26 2022
python3-distro-1.5.0-3.5.1.noarch             Wed Jan 12 14:27:26 2022
libunwind-1.5.0-4.5.1.x86_64                  Wed Jan 12 14:27:26 2022
libquadmath0-11.2.1+git610-1.3.9.x86_64       Wed Jan 12 14:27:26 2022
libpgm-5_2-0-5.2.122-5.3.1.x86_64             Wed Jan 12 14:27:26 2022
ntp-4.2.8p15-4.19.1.x86_64                    Fri Dec 17 10:09:22 2021
libdns_sd-0.7-3.9.1.x86_64                    Fri Dec 17 10:09:22 2021
libstdc++6-11.2.1+git610-1.3.9.x86_64         Fri Dec 17 05:01:10 2021
libgcc_s1-11.2.1+git610-1.3.9.x86_64          Fri Dec 17 05:01:10 2021
libatomic1-11.2.1+git610-1.3.9.x86_64         Fri Dec 17 05:00:52 2021
psmisc-lang-23.0-6.16.1.noarch                Thu Dec 16 18:36:56 2021
psmisc-23.0-6.16.1.x86_64                     Thu Dec 16 18:36:54 2021
saptune-3.0.1-8.19.1.x86_64                   Thu Dec 16 13:07:13 2021
mokutil-0.4.0-4.3.1.x86_64                    Thu Dec 16 13:07:11 2021
systemd-32bit-234-24.99.1.x86_64              Sun Dec 12 15:36:30 2021
sssd-32bit-1.16.1-15.32.x86_64                Sun Dec 12 15:36:30 2021
pam_ldap-32bit-186-1.21.x86_64                Sun Dec 12 15:36:30 2021
pam-32bit-1.3.0-6.50.1.x86_64                 Sun Dec 12 15:36:30 2021
libudev1-32bit-234-24.99.1.x86_64             Sun Dec 12 15:36:30 2021
libtirpc3-32bit-1.0.2-3.8.1.x86_64            Sun Dec 12 15:36:30 2021
libnsl2-32bit-1.2.0-2.44.x86_64               Sun Dec 12 15:36:30 2021
libdevmapper1_03-32bit-1.02.163-8.36.1.x86_64 Sun Dec 12 15:36:30 2021
libcryptsetup12-32bit-2.0.6-4.3.1.x86_64      Sun Dec 12 15:36:30 2021
libz1-32bit-1.2.11-3.21.1.x86_64              Sun Dec 12 15:36:29 2021
libverto1-32bit-0.2.6-3.20.x86_64             Sun Dec 12 15:36:29 2021
libuuid1-32bit-2.33.2-4.16.1.x86_64           Sun Dec 12 15:36:29 2021
libselinux1-32bit-3.0-1.31.x86_64             Sun Dec 12 15:36:29 2021
libseccomp2-32bit-2.4.1-3.3.1.x86_64          Sun Dec 12 15:36:29 2021
libsasl2-3-32bit-2.1.26-5.7.1.x86_64          Sun Dec 12 15:36:29 2021
libpcre1-32bit-8.45-20.10.1.x86_64            Sun Dec 12 15:36:29 2021
libopenssl1_1-32bit-1.1.1d-11.30.1.x86_64     Sun Dec 12 15:36:29 2021
libmount1-32bit-2.33.2-4.16.1.x86_64          Sun Dec 12 15:36:29 2021
liblzma5-32bit-5.2.3-4.3.1.x86_64             Sun Dec 12 15:36:29 2021
liblz4-1-32bit-1.8.0-3.8.1.x86_64             Sun Dec 12 15:36:29 2021
libldap-2_4-2-32bit-2.4.46-9.58.1.x86_64      Sun Dec 12 15:36:29 2021
libkeyutils1-32bit-1.6.3-5.6.1.x86_64         Sun Dec 12 15:36:29 2021
libjson-c3-32bit-0.13-1.19.x86_64             Sun Dec 12 15:36:29 2021
libgpg-error0-32bit-1.29-1.8.x86_64           Sun Dec 12 15:36:29 2021
libgcrypt20-32bit-1.8.2-8.39.1.x86_64         Sun Dec 12 15:36:29 2021
libcrack2-32bit-2.9.7-11.6.1.x86_64           Sun Dec 12 15:36:29 2021
libcom_err2-32bit-1.43.8-4.26.1.x86_64        Sun Dec 12 15:36:29 2021
libcap2-32bit-2.26-4.6.1.x86_64               Sun Dec 12 15:36:29 2021
libblkid1-32bit-2.33.2-4.16.1.x86_64          Sun Dec 12 15:36:29 2021
libaudit1-32bit-2.8.1-12.3.1.x86_64           Sun Dec 12 15:36:29 2021
libattr1-32bit-2.4.47-2.19.x86_64             Sun Dec 12 15:36:29 2021
libargon2-1-32bit-0.0+git20171227.670229c-2.14.x86_64 Sun Dec 12 15:36:29 2021
libacl1-32bit-2.2.52-4.3.1.x86_64             Sun Dec 12 15:36:29 2021
krb5-32bit-1.16.3-3.24.1.x86_64               Sun Dec 12 15:36:29 2021
glibc-32bit-2.26-13.62.1.x86_64               Sun Dec 12 15:36:28 2021
pam_ldap-186-1.21.x86_64                      Sun Dec 12 15:35:40 2021
bind-chrootenv-9.16.6-12.57.1.x86_64          Sun Dec 12 15:15:30 2021
libmariadb3-3.1.13-3.30.1.x86_64              Sun Dec 12 15:15:29 2021
python3-tevent-0.10.0-1.38.x86_64             Sun Dec 12 15:12:24 2021
python3-tdb-1.4.2-1.39.x86_64                 Sun Dec 12 15:12:24 2021
python3-ldb-2.0.12-3.6.1.x86_64               Sun Dec 12 15:12:24 2021
libarchive13-3.4.2-2.24.x86_64                Sun Dec 12 15:12:03 2021
sssd-ldap-1.16.1-17.14.1.x86_64               Sun Dec 12 04:54:11 2021
sssd-krb5-common-1.16.1-17.14.1.x86_64        Sun Dec 12 04:54:10 2021
sssd-1.16.1-17.14.1.x86_64                    Sun Dec 12 04:53:25 2021
sssd-common-1.16.1-17.14.1.x86_64             Sun Dec 12 04:53:24 2021
libsss_nss_idmap0-1.16.1-17.14.1.x86_64       Sun Dec 12 04:53:24 2021
libsss_idmap0-1.16.1-17.14.1.x86_64           Sun Dec 12 04:53:24 2021
libsss_certmap0-1.16.1-17.14.1.x86_64         Sun Dec 12 04:53:24 2021
libref_array1-0.1.5-3.3.1.x86_64              Sun Dec 12 04:53:24 2021
libpath_utils1-0.2.1-3.3.1.x86_64             Sun Dec 12 04:53:24 2021
libini_config5-1.3.1-3.3.1.x86_64             Sun Dec 12 04:53:24 2021
libdhash1-0.5.0-3.3.1.x86_64                  Sun Dec 12 04:53:24 2021
libcollection4-0.7.0-3.3.1.x86_64             Sun Dec 12 04:53:24 2021
libbasicobjects0-0.1.1-3.3.1.x86_64           Sun Dec 12 04:53:24 2021
gpg-pubkey-50a3dd1c-50f35137                  Mon Jun 14 10:33:37 2021
gpg-pubkey-39db7c82-5f68629b                  Mon Jun 14 10:33:37 2021
gpg-pubkey-307e3d54-5aaa90a5                  Mon Jun 14 10:33:37 2021
yast2-update-4.2.21-3.7.1.x86_64              Mon Jun 14 10:33:21 2021
yast2-registration-4.2.46-3.9.2.noarch        Mon Jun 14 10:33:21 2021
yast2-add-on-4.2.17-3.3.2.noarch              Mon Jun 14 10:33:21 2021
autoyast2-installation-4.2.50-3.13.1.noarch   Mon Jun 14 10:33:21 2021
yast2-users-4.2.11-1.10.x86_64                Mon Jun 14 10:33:20 2021
yast2-sudo-4.2.3-1.72.noarch                  Mon Jun 14 10:33:20 2021
yast2-samba-server-4.2.4-1.60.noarch          Mon Jun 14 10:33:20 2021
yast2-mail-4.2.3-3.3.1.noarch                 Mon Jun 14 10:33:20 2021
yast2-ldap-4.1.0-1.28.x86_64                  Mon Jun 14 10:33:20 2021
yast2-installation-4.2.51-3.24.1.noarch       Mon Jun 14 10:33:20 2021
yast2-ftp-server-4.2.5-1.2.noarch             Mon Jun 14 10:33:20 2021
yast2-dns-server-4.2.4-1.163.noarch           Mon Jun 14 10:33:20 2021
yast2-dhcp-server-4.2.3-1.32.noarch           Mon Jun 14 10:33:20 2021
patterns-ha-ha_sles-15.1.0-11.1.x86_64        Mon Jun 14 10:33:20 2021
ha-cluster-bootstrap-0.5-11.23.noarch         Mon Jun 14 10:33:20 2021
yast2-sap-ha-1.0.8-3.6.1.noarch               Mon Jun 14 10:33:19 2021
yast2-nis-server-4.2.2-1.64.noarch            Mon Jun 14 10:33:19 2021
yast2-http-server-4.2.7-1.64.noarch           Mon Jun 14 10:33:19 2021
hawk2-2.6.4+git.1618478653.7272e6b6-3.30.2.x86_64 Mon Jun 14 10:33:19 2021
yast2-services-manager-4.2.7-3.3.1.noarch     Mon Jun 14 10:33:17 2021
yast2-samba-client-4.2.4-3.3.1.noarch         Mon Jun 14 10:33:17 2021
yast2-ntp-client-4.2.12-3.3.1.noarch          Mon Jun 14 10:33:17 2021
yast2-nis-client-4.2.4-3.3.1.x86_64           Mon Jun 14 10:33:17 2021
yast2-network-4.2.99-3.58.1.noarch            Mon Jun 14 10:33:17 2021
sap-suse-cluster-connector-3.1.2-7.6.1.noarch Mon Jun 14 10:33:17 2021
hawk-apiserver-0.0.4+git.1604696958.cd5cdf1-5.6.1.x86_64 Mon Jun 14 10:33:17 2021
SAPHanaSR-0.154.1-4.14.1.noarch               Mon Jun 14 10:33:17 2021
yast2-tftp-server-4.2.0-1.152.noarch          Mon Jun 14 10:33:16 2021
yast2-saptune-1.3-3.3.1.noarch                Mon Jun 14 10:33:16 2021
yast2-online-update-frontend-4.2.2-1.176.noarch Mon Jun 14 10:33:16 2021
yast2-online-update-4.2.2-1.176.noarch        Mon Jun 14 10:33:16 2021
yast2-nfs-client-4.2.8-1.13.noarch            Mon Jun 14 10:33:16 2021
yast2-kdump-4.2.9-1.79.x86_64                 Mon Jun 14 10:33:16 2021
yast2-iplb-4.2.0-1.152.noarch                 Mon Jun 14 10:33:16 2021
yast2-drbd-4.2.2-1.111.noarch                 Mon Jun 14 10:33:16 2021
yast2-control-center-qt-4.2.3-1.67.x86_64     Mon Jun 14 10:33:16 2021
yast2-control-center-4.2.3-1.67.x86_64        Mon Jun 14 10:33:16 2021
yast2-audit-laf-4.2.0-1.152.noarch            Mon Jun 14 10:33:16 2021
yast2-sysconfig-4.2.1-1.141.noarch            Mon Jun 14 10:33:15 2021
yast2-support-4.2.3-1.94.noarch               Mon Jun 14 10:33:15 2021
yast2-squid-4.2.1-1.153.x86_64                Mon Jun 14 10:33:15 2021
yast2-slp-4.1.1-1.143.x86_64                  Mon Jun 14 10:33:15 2021
yast2-sap-scp-prodlist-1.0.4-1.49.x86_64      Mon Jun 14 10:33:15 2021
yast2-sap-scp-1.0.4-1.62.x86_64               Mon Jun 14 10:33:15 2021
yast2-proxy-4.2.2-1.143.noarch                Mon Jun 14 10:33:15 2021
yast2-printer-4.2.0-1.152.x86_64              Mon Jun 14 10:33:15 2021
yast2-nfs-server-4.2.4-1.68.noarch            Mon Jun 14 10:33:15 2021
yast2-journal-4.2.2-1.143.noarch              Mon Jun 14 10:33:15 2021
yast2-iscsi-lio-server-4.2.5-1.19.noarch      Mon Jun 14 10:33:15 2021
ruby2.5-rubygem-sass-rails-5.0.7-1.21.x86_64  Mon Jun 14 10:33:15 2021
ruby2.5-rubygem-rails-5_1-5.1.4-1.26.x86_64   Mon Jun 14 10:33:15 2021
ruby2.5-rubygem-js-routes-1.4.1-1.26.x86_64   Mon Jun 14 10:33:15 2021
ruby2.5-rubygem-gettext_i18n_rails_js-1.3.0-1.28.x86_64 Mon Jun 14 10:33:15 2021
ruby2.5-rubygem-actionmailer-5_1-5.1.4-1.26.x86_64 Mon Jun 14 10:33:15 2021
ruby2.5-rubygem-actioncable-5_1-5.1.4-1.26.x86_64 Mon Jun 14 10:33:15 2021
yast2-tune-4.2.5-3.5.1.x86_64                 Mon Jun 14 10:33:14 2021
yast2-storage-ng-4.2.115-3.17.2.x86_64        Mon Jun 14 10:33:14 2021
yast2-security-4.2.25-3.27.1.noarch           Mon Jun 14 10:33:14 2021
yast2-iscsi-client-4.2.7-3.3.1.noarch         Mon Jun 14 10:33:14 2021
yast2-country-4.2.20-3.3.2.x86_64             Mon Jun 14 10:33:14 2021
yast2-bootloader-4.2.28-3.9.1.x86_64          Mon Jun 14 10:33:14 2021
ruby2.5-rubygem-sprockets-rails-3.2.1-1.26.x86_64 Mon Jun 14 10:33:14 2021
crmsh-4.3.0+20210507.bf02d791-5.50.1.noarch   Mon Jun 14 10:33:14 2021
yast2-pam-4.2.5-3.3.2.noarch                  Mon Jun 14 10:33:13 2021
yast2-packager-4.2.69-3.15.1.x86_64           Mon Jun 14 10:33:13 2021
yast2-hana-firewall-2.0.4-3.3.1.x86_64        Mon Jun 14 10:33:13 2021
yast2-firewall-4.2.6-3.6.1.noarch             Mon Jun 14 10:33:13 2021
yast2-cluster-4.2.11-3.12.1.noarch            Mon Jun 14 10:33:13 2021
yast2-4.2.93-3.27.1.x86_64                    Mon Jun 14 10:33:13 2021
pacemaker-2.0.4+20200616.2deceaa3a-3.6.1.x86_64 Mon Jun 14 10:33:13 2021
lvm2-lockd-2.03.05-8.30.1.x86_64              Mon Jun 14 10:33:13 2021
supportutils-plugin-suse-public-cloud-1.0.5-3.6.1.noarch Mon Jun 14 10:33:12 2021
supportutils-plugin-ha-sap-0.0.1+git.1586941845.6e2fc42-1.3.1.noarch Mon Jun 14 10:33:12 2021
ruby2.5-rubygem-railties-5_1-5.1.4-3.3.1.x86_64 Mon Jun 14 10:33:12 2021
ruby2.5-rubygem-activejob-5_1-5.1.4-3.3.1.x86_64 Mon Jun 14 10:33:12 2021
ruby2.5-rubygem-actionview-5_1-5.1.4-3.3.1.x86_64 Mon Jun 14 10:33:12 2021
ruby2.5-rubygem-actionpack-5_1-5.1.4-3.9.1.x86_64 Mon Jun 14 10:33:12 2021
patterns-server-enterprise-sap_server-20171206-12.3.1.x86_64 Mon Jun 14 10:33:12 2021
ocfs2-tools-1.8.5-12.6.2.x86_64               Mon Jun 14 10:33:12 2021
libdlm-4.0.9-6.6.1.x86_64                     Mon Jun 14 10:33:12 2021
docker-20.10.6_ce-6.49.3.x86_64               Mon Jun 14 10:33:12 2021
