Thu May 12 15:42:18 UTC 2022
[31;43m***** uname -a; Release; date; *****[0m
Linux SAPEBJCI 5.3.18-24.67-default #1 SMP Tue Jun 1 14:07:53 UTC 2021 (f0fe006) x86_64 x86_64 x86_64 GNU/Linux
NAME="SLES"
VERSION="15-SP2"
VERSION_ID="15.2"
PRETTY_NAME="SUSE Linux Enterprise Server 15 SP2"
ID="sles"
ID_LIKE="suse"
ANSI_COLOR="0;32"
CPE_NAME="cpe:/o:suse:sles:15:sp2"
VARIANT_ID="sles-sap"
Thu May 12 15:42:18 UTC 2022

[31;43m***** Network; Route; Netstat; *****[0m

[31;43m***** DF; Fdisk; FSTAB; GRUB; Mount *****[0m
Filesystem                                          Size  Used Avail Use% Mounted on
devtmpfs                                            7.7G     0  7.7G   0% /dev
tmpfs                                                36G  268K   36G   1% /dev/shm
tmpfs                                               7.7G  1.1M  7.7G   1% /run
tmpfs                                               7.7G     0  7.7G   0% /sys/fs/cgroup
/dev/nvme0n1p1                                      100G   14G   87G  14% /
tmpfs                                               7.7G  1.5M  7.7G   1% /tmp
/dev/mapper/usr_sap-usr_sap                          10G  1.1G  9.0G  11% /usr/sap
/dev/mapper/var-var                                  20G  632M   20G   4% /var
/dev/mapper/home-home                                20G  410M   20G   3% /home
/dev/mapper/usr_sap_BJE-usr_sap_BJE                 100G   58G   43G  58% /usr/sap/BJE
/dev/mapper/var_log-var_log                          20G  1.6G   19G   8% /var/log
/dev/mapper/var_tmp-var_tmp                          20G  163M   20G   1% /var/tmp
/dev/mapper/var_log_audit-var_log_audit              20G  2.7G   18G  14% /var/log/audit
fs-b36da833.efs.us-east-1.amazonaws.com:/           8.0E   23T  8.0E   1% /SAPMedia
fs-0d79d1f626e7767b5.efs.us-east-1.amazonaws.com:/  8.0E     0  8.0E   0% /sapmnt/BJE
tmpfs                                               1.6G     0  1.6G   0% /run/user/1725039485
tmpfs                                               1.6G     0  1.6G   0% /run/user/1725056532
tmpfs                                               1.6G     0  1.6G   0% /run/user/1725029451
Disk /dev/nvme0n1: 100 GiB, 107374182400 bytes, 209715200 sectors
Disk model: Amazon Elastic Block Store              
Units: sectors of 1 * 512 = 512 bytes
Sector size (logical/physical): 512 bytes / 4096 bytes
I/O size (minimum/optimal): 4096 bytes / 4096 bytes
Disklabel type: dos
Disk identifier: 0x6c5d29eb

Device         Boot Start       End   Sectors  Size Id Type
/dev/nvme0n1p1       2048 209715166 209713119  100G 83 Linux


Disk /dev/nvme2n1: 20 GiB, 21474836480 bytes, 41943040 sectors
Disk model: Amazon Elastic Block Store              
Units: sectors of 1 * 512 = 512 bytes
Sector size (logical/physical): 512 bytes / 4096 bytes
I/O size (minimum/optimal): 4096 bytes / 4096 bytes


Disk /dev/nvme1n1: 20 GiB, 21474836480 bytes, 41943040 sectors
Disk model: Amazon Elastic Block Store              
Units: sectors of 1 * 512 = 512 bytes
Sector size (logical/physical): 512 bytes / 4096 bytes
I/O size (minimum/optimal): 4096 bytes / 4096 bytes


Disk /dev/nvme3n1: 100 GiB, 107374182400 bytes, 209715200 sectors
Disk model: Amazon Elastic Block Store              
Units: sectors of 1 * 512 = 512 bytes
Sector size (logical/physical): 512 bytes / 4096 bytes
I/O size (minimum/optimal): 4096 bytes / 4096 bytes


Disk /dev/nvme4n1: 20 GiB, 21474836480 bytes, 41943040 sectors
Disk model: Amazon Elastic Block Store              
Units: sectors of 1 * 512 = 512 bytes
Sector size (logical/physical): 512 bytes / 4096 bytes
I/O size (minimum/optimal): 4096 bytes / 4096 bytes


Disk /dev/nvme7n1: 32 GiB, 34359738368 bytes, 67108864 sectors
Disk model: Amazon Elastic Block Store              
Units: sectors of 1 * 512 = 512 bytes
Sector size (logical/physical): 512 bytes / 4096 bytes
I/O size (minimum/optimal): 4096 bytes / 4096 bytes


Disk /dev/nvme8n1: 20 GiB, 21474836480 bytes, 41943040 sectors
Disk model: Amazon Elastic Block Store              
Units: sectors of 1 * 512 = 512 bytes
Sector size (logical/physical): 512 bytes / 4096 bytes
I/O size (minimum/optimal): 4096 bytes / 4096 bytes


Disk /dev/nvme6n1: 20 GiB, 21474836480 bytes, 41943040 sectors
Disk model: Amazon Elastic Block Store              
Units: sectors of 1 * 512 = 512 bytes
Sector size (logical/physical): 512 bytes / 4096 bytes
I/O size (minimum/optimal): 4096 bytes / 4096 bytes


Disk /dev/nvme5n1: 10 GiB, 10737418240 bytes, 20971520 sectors
Disk model: Amazon Elastic Block Store              
Units: sectors of 1 * 512 = 512 bytes
Sector size (logical/physical): 512 bytes / 4096 bytes
I/O size (minimum/optimal): 4096 bytes / 4096 bytes


Disk /dev/mapper/var-var: 20 GiB, 21470642176 bytes, 41934848 sectors
Units: sectors of 1 * 512 = 512 bytes
Sector size (logical/physical): 512 bytes / 4096 bytes
I/O size (minimum/optimal): 4096 bytes / 4096 bytes


Disk /dev/mapper/usr_sap_BJE-usr_sap_BJE: 100 GiB, 107369988096 bytes, 209707008 sectors
Units: sectors of 1 * 512 = 512 bytes
Sector size (logical/physical): 512 bytes / 4096 bytes
I/O size (minimum/optimal): 4096 bytes / 4096 bytes


Disk /dev/mapper/var_tmp-var_tmp: 20 GiB, 21470642176 bytes, 41934848 sectors
Units: sectors of 1 * 512 = 512 bytes
Sector size (logical/physical): 512 bytes / 4096 bytes
I/O size (minimum/optimal): 4096 bytes / 4096 bytes


Disk /dev/mapper/var_log-var_log: 20 GiB, 21470642176 bytes, 41934848 sectors
Units: sectors of 1 * 512 = 512 bytes
Sector size (logical/physical): 512 bytes / 4096 bytes
I/O size (minimum/optimal): 4096 bytes / 4096 bytes


Disk /dev/mapper/home-home: 20 GiB, 21470642176 bytes, 41934848 sectors
Units: sectors of 1 * 512 = 512 bytes
Sector size (logical/physical): 512 bytes / 4096 bytes
I/O size (minimum/optimal): 4096 bytes / 4096 bytes


Disk /dev/mapper/usr_sap-usr_sap: 10 GiB, 10733223936 bytes, 20963328 sectors
Units: sectors of 1 * 512 = 512 bytes
Sector size (logical/physical): 512 bytes / 4096 bytes
I/O size (minimum/optimal): 4096 bytes / 4096 bytes


Disk /dev/mapper/var_log_audit-var_log_audit: 20 GiB, 21470642176 bytes, 41934848 sectors
Units: sectors of 1 * 512 = 512 bytes
Sector size (logical/physical): 512 bytes / 4096 bytes
I/O size (minimum/optimal): 4096 bytes / 4096 bytes
LABEL=ROOT / xfs defaults 0 0
UUID=b0f332e8-3590-4d14-b87e-cf55681d49e5 /home	xfs nodev,nosuid,noexec 0 0
UUID=f490763d-9bc1-4243-a16a-9e68cf9d7998 /var/log/audit xfs nodev,nosuid,noexec 0 0
UUID=42d2e66b-a0b7-4dd6-938c-9744da29800d /var/tmp xfs nodev,nosuid,noexec 0 0
tmpfs /dev/shm tmpfs defaults,nodev,nosuid,noexec 0 0
tmpfs /tmp tmpfs defaults,nodev,nosuid,noexec,nofail 0 0
/dev/mapper/usr_sap-usr_sap /usr/sap xfs rw,relatime,attr2,inode64,logbufs=8,logbsize=32k,noquota 0 0
/dev/mapper/usr_sap_BJE-usr_sap_BJE /usr/sap/BJE xfs rw,relatime,attr2,inode64,logbufs=8,logbsize=32k,noquota 0 0
fs-b36da833.efs.us-east-1.amazonaws.com:/ /SAPMedia nfs4 rw,relatime,vers=4.1,rsize=1048576,wsize=1048576,namlen=255,hard,noresvport,proto=tcp,timeo=600,retrans=2,sec=sys,clientaddr=172.18.196.7,local_lock=none,addr=172.18.136.231 0 0
fs-0d79d1f626e7767b5.efs.us-east-1.amazonaws.com:/ /sapmnt/BJE nfs4 rw,relatime,vers=4.1,rsize=1048576,wsize=1048576,namlen=255,hard,noresvport,proto=tcp,timeo=600,retrans=2,sec=sys,clientaddr=172.18.196.7,local_lock=none,addr=172.18.196.40 0 0
UUID=0d8a4df1-d5f3-41c8-a749-99608c6e1219 swap swap defaults 0 0
UUID=d2910071-430e-4ddb-a590-1121a1d95c6a /var xfs nodev,nosuid,noexec 0 0
UUID=d69fa276-a564-4fef-b5c0-734c597966ba /var/log xfs nodev,nosuid,noexec 0 0
sysfs on /sys type sysfs (rw,nosuid,nodev,noexec,relatime)
proc on /proc type proc (rw,nosuid,nodev,noexec,relatime)
devtmpfs on /dev type devtmpfs (rw,nosuid,size=8047440k,nr_inodes=2011860,mode=755)
securityfs on /sys/kernel/security type securityfs (rw,nosuid,nodev,noexec,relatime)
tmpfs on /dev/shm type tmpfs (rw,nosuid,nodev,noexec,size=37251072k)
devpts on /dev/pts type devpts (rw,nosuid,noexec,relatime,gid=5,mode=620,ptmxmode=000)
tmpfs on /run type tmpfs (rw,nosuid,nodev,mode=755)
tmpfs on /sys/fs/cgroup type tmpfs (ro,nosuid,nodev,noexec,mode=755)
cgroup on /sys/fs/cgroup/unified type cgroup2 (rw,nosuid,nodev,noexec,relatime)
cgroup on /sys/fs/cgroup/systemd type cgroup (rw,nosuid,nodev,noexec,relatime,xattr,name=systemd)
pstore on /sys/fs/pstore type pstore (rw,nosuid,nodev,noexec,relatime)
none on /sys/fs/bpf type bpf (rw,nosuid,nodev,noexec,relatime)
cgroup on /sys/fs/cgroup/rdma type cgroup (rw,nosuid,nodev,noexec,relatime,rdma)
cgroup on /sys/fs/cgroup/devices type cgroup (rw,nosuid,nodev,noexec,relatime,devices)
cgroup on /sys/fs/cgroup/pids type cgroup (rw,nosuid,nodev,noexec,relatime,pids)
cgroup on /sys/fs/cgroup/cpuset type cgroup (rw,nosuid,nodev,noexec,relatime,cpuset)
cgroup on /sys/fs/cgroup/blkio type cgroup (rw,nosuid,nodev,noexec,relatime,blkio)
cgroup on /sys/fs/cgroup/freezer type cgroup (rw,nosuid,nodev,noexec,relatime,freezer)
cgroup on /sys/fs/cgroup/cpu,cpuacct type cgroup (rw,nosuid,nodev,noexec,relatime,cpu,cpuacct)
cgroup on /sys/fs/cgroup/net_cls,net_prio type cgroup (rw,nosuid,nodev,noexec,relatime,net_cls,net_prio)
cgroup on /sys/fs/cgroup/memory type cgroup (rw,nosuid,nodev,noexec,relatime,memory)
cgroup on /sys/fs/cgroup/hugetlb type cgroup (rw,nosuid,nodev,noexec,relatime,hugetlb)
cgroup on /sys/fs/cgroup/perf_event type cgroup (rw,nosuid,nodev,noexec,relatime,perf_event)
/dev/nvme0n1p1 on / type xfs (rw,relatime,attr2,inode64,logbufs=8,logbsize=32k,noquota)
mqueue on /dev/mqueue type mqueue (rw,relatime)
hugetlbfs on /dev/hugepages type hugetlbfs (rw,relatime,pagesize=2M)
debugfs on /sys/kernel/debug type debugfs (rw,relatime)
systemd-1 on /proc/sys/fs/binfmt_misc type autofs (rw,relatime,fd=36,pgrp=1,timeout=0,minproto=5,maxproto=5,direct,pipe_ino=17524)
tmpfs on /tmp type tmpfs (rw,nosuid,nodev,noexec,relatime)
/dev/mapper/usr_sap-usr_sap on /usr/sap type xfs (rw,relatime,attr2,inode64,logbufs=8,logbsize=32k,noquota)
/dev/mapper/var-var on /var type xfs (rw,nosuid,nodev,noexec,relatime,attr2,inode64,logbufs=8,logbsize=32k,noquota)
tmpfs on /var/run type tmpfs (rw,nosuid,nodev,mode=755)
/dev/mapper/home-home on /home type xfs (rw,nosuid,nodev,noexec,relatime,attr2,inode64,logbufs=8,logbsize=32k,sunit=8,swidth=8,noquota)
/dev/mapper/usr_sap_BJE-usr_sap_BJE on /usr/sap/BJE type xfs (rw,relatime,attr2,inode64,logbufs=8,logbsize=32k,noquota)
/dev/mapper/var_log-var_log on /var/log type xfs (rw,nosuid,nodev,noexec,relatime,attr2,inode64,logbufs=8,logbsize=32k,noquota)
/dev/mapper/var_tmp-var_tmp on /var/tmp type xfs (rw,nosuid,nodev,noexec,relatime,attr2,inode64,logbufs=8,logbsize=32k,sunit=8,swidth=8,noquota)
/dev/mapper/var_log_audit-var_log_audit on /var/log/audit type xfs (rw,nosuid,nodev,noexec,relatime,attr2,inode64,logbufs=8,logbsize=32k,sunit=8,swidth=8,noquota)
binfmt_misc on /proc/sys/fs/binfmt_misc type binfmt_misc (rw,relatime)
fs-b36da833.efs.us-east-1.amazonaws.com:/ on /SAPMedia type nfs4 (rw,relatime,vers=4.1,rsize=1048576,wsize=1048576,namlen=255,hard,noresvport,proto=tcp,timeo=600,retrans=2,sec=sys,clientaddr=172.18.196.7,local_lock=none,addr=172.18.136.231)
fs-0d79d1f626e7767b5.efs.us-east-1.amazonaws.com:/ on /sapmnt/BJE type nfs4 (rw,relatime,vers=4.1,rsize=1048576,wsize=1048576,namlen=255,hard,noresvport,proto=tcp,timeo=600,retrans=2,sec=sys,clientaddr=172.18.196.7,local_lock=none,addr=172.18.196.40)
tmpfs on /run/user/1725039485 type tmpfs (rw,nosuid,nodev,relatime,size=1611372k,mode=700,uid=1725039485,gid=1725000513)
tmpfs on /var/run/user/1725039485 type tmpfs (rw,nosuid,nodev,relatime,size=1611372k,mode=700,uid=1725039485,gid=1725000513)
tmpfs on /run/user/1725056532 type tmpfs (rw,nosuid,nodev,relatime,size=1611372k,mode=700,uid=1725056532,gid=1725000513)
tmpfs on /var/run/user/1725056532 type tmpfs (rw,nosuid,nodev,relatime,size=1611372k,mode=700,uid=1725056532,gid=1725000513)
tracefs on /sys/kernel/debug/tracing type tracefs (rw,relatime)
tmpfs on /run/user/1725029451 type tmpfs (rw,nosuid,nodev,relatime,size=1611372k,mode=700,uid=1725029451,gid=1725000513)
tmpfs on /var/run/user/1725029451 type tmpfs (rw,nosuid,nodev,relatime,size=1611372k,mode=700,uid=1725029451,gid=1725000513)

[31;43m***** DISK & DM info from FDISK *****[0m
Disk /dev/nvme0n1: 100 GiB, 107374182400 bytes, 209715200 sectors
Disk model: Amazon Elastic Block Store              
Disklabel type: dos
Disk identifier: 0x6c5d29eb
Disk /dev/nvme2n1: 20 GiB, 21474836480 bytes, 41943040 sectors
Disk model: Amazon Elastic Block Store              
Disk /dev/nvme1n1: 20 GiB, 21474836480 bytes, 41943040 sectors
Disk model: Amazon Elastic Block Store              
Disk /dev/nvme3n1: 100 GiB, 107374182400 bytes, 209715200 sectors
Disk model: Amazon Elastic Block Store              
Disk /dev/nvme4n1: 20 GiB, 21474836480 bytes, 41943040 sectors
Disk model: Amazon Elastic Block Store              
Disk /dev/nvme7n1: 32 GiB, 34359738368 bytes, 67108864 sectors
Disk model: Amazon Elastic Block Store              
Disk /dev/nvme8n1: 20 GiB, 21474836480 bytes, 41943040 sectors
Disk model: Amazon Elastic Block Store              
Disk /dev/nvme6n1: 20 GiB, 21474836480 bytes, 41943040 sectors
Disk model: Amazon Elastic Block Store              
Disk /dev/nvme5n1: 10 GiB, 10737418240 bytes, 20971520 sectors
Disk model: Amazon Elastic Block Store              
Disk /dev/mapper/var-var: 20 GiB, 21470642176 bytes, 41934848 sectors
Disk /dev/mapper/usr_sap_BJE-usr_sap_BJE: 100 GiB, 107369988096 bytes, 209707008 sectors
Disk /dev/mapper/var_tmp-var_tmp: 20 GiB, 21470642176 bytes, 41934848 sectors
Disk /dev/mapper/var_log-var_log: 20 GiB, 21470642176 bytes, 41934848 sectors
Disk /dev/mapper/home-home: 20 GiB, 21470642176 bytes, 41934848 sectors
Disk /dev/mapper/usr_sap-usr_sap: 10 GiB, 10733223936 bytes, 20963328 sectors
Disk /dev/mapper/var_log_audit-var_log_audit: 20 GiB, 21470642176 bytes, 41934848 sectors

[31;43m***** PP process; All Running Procs; PP/Multipath devices Info *****[0m
root     12701 12683  0 15:42 pts/1    00:00:00 grep Powerpath
UID        PID  PPID  C STIME TTY          TIME CMD
root         1     0  0 May02 ?        00:00:56 /usr/lib/systemd/systemd --switched-root --system --deserialize 22
root         2     0  0 May02 ?        00:00:00 [kthreadd]
root         3     2  0 May02 ?        00:00:00 [rcu_gp]
root         4     2  0 May02 ?        00:00:00 [rcu_par_gp]
root         6     2  0 May02 ?        00:00:00 [kworker/0:0H-events_highpri]
root         9     2  0 May02 ?        00:00:00 [mm_percpu_wq]
root        10     2  0 May02 ?        00:00:18 [ksoftirqd/0]
root        11     2  0 May02 ?        00:05:41 [rcu_sched]
root        12     2  0 May02 ?        00:00:02 [migration/0]
root        13     2  0 May02 ?        00:00:00 [idle_inject/0]
root        14     2  0 May02 ?        00:00:00 [cpuhp/0]
root        15     2  0 May02 ?        00:00:00 [cpuhp/1]
root        16     2  0 May02 ?        00:00:00 [idle_inject/1]
root        17     2  0 May02 ?        00:00:02 [migration/1]
root        18     2  0 May02 ?        00:00:17 [ksoftirqd/1]
root        20     2  0 May02 ?        00:00:00 [kworker/1:0H-events_highpri]
root        21     2  0 May02 ?        00:00:00 [cpuhp/2]
root        22     2  0 May02 ?        00:00:00 [idle_inject/2]
root        23     2  0 May02 ?        00:00:02 [migration/2]
root        24     2  0 May02 ?        00:00:16 [ksoftirqd/2]
root        26     2  0 May02 ?        00:00:00 [kworker/2:0H-xfs-log/nvme0n1p1]
root        27     2  0 May02 ?        00:00:00 [cpuhp/3]
root        28     2  0 May02 ?        00:00:00 [idle_inject/3]
root        29     2  0 May02 ?        00:00:02 [migration/3]
root        30     2  0 May02 ?        00:00:15 [ksoftirqd/3]
root        32     2  0 May02 ?        00:00:00 [kworker/3:0H-events_highpri]
root        34     2  0 May02 ?        00:00:00 [kdevtmpfs]
root        35     2  0 May02 ?        00:00:00 [netns]
root        36     2  0 May02 ?        00:00:00 [rcu_tasks_kthre]
root        37     2  0 May02 ?        00:00:02 [kauditd]
root        38     2  0 May02 ?        00:00:00 [khungtaskd]
root        39     2  0 May02 ?        00:00:00 [oom_reaper]
root        40     2  0 May02 ?        00:00:00 [writeback]
root        41     2  0 May02 ?        00:00:00 [kcompactd0]
root        42     2  0 May02 ?        00:00:00 [ksmd]
root        43     2  0 May02 ?        00:00:03 [khugepaged]
root        97     2  0 May02 ?        00:00:00 [kintegrityd]
root        98     2  0 May02 ?        00:00:00 [kblockd]
root        99     2  0 May02 ?        00:00:00 [blkcg_punt_bio]
root       100     2  0 May02 ?        00:00:00 [tpm_dev_wq]
root       101     2  0 May02 ?        00:00:00 [edac-poller]
root       102     2  0 May02 ?        00:00:00 [devfreq_wq]
root       103     2  0 May02 ?        00:00:00 [watchdogd]
root       108     2  0 May02 ?        00:00:01 [kswapd0]
root       111     2  0 May02 ?        00:00:00 [kthrotld]
root       112     2  0 May02 ?        00:00:00 [ipv6_addrconf]
root       117     2  0 May02 ?        00:00:00 [kstrp]
root       123     2  0 May02 ?        00:00:00 [charger_manager]
root       288     2  0 May02 ?        00:00:00 [ena]
root       289     2  0 May02 ?        00:00:00 [nvme-wq]
root       293     2  0 May02 ?        00:00:00 [nvme-reset-wq]
root       297     2  0 May02 ?        00:00:00 [nvme-delete-wq]
root       328     2  0 May02 ?        00:00:00 [xfsalloc]
root       330     2  0 May02 ?        00:00:00 [xfs_mru_cache]
root       333     2  0 May02 ?        00:00:00 [xfs-buf/nvme0n1]
root       334     2  0 May02 ?        00:00:00 [xfs-conv/nvme0n]
root       336     2  0 May02 ?        00:00:00 [xfs-cil/nvme0n1]
root       337     2  0 May02 ?        00:00:00 [xfs-reclaim/nvm]
root       338     2  0 May02 ?        00:00:00 [xfs-eofblocks/n]
root       340     2  0 May02 ?        00:00:00 [xfs-log/nvme0n1]
root       341     2  0 May02 ?        00:01:00 [xfsaild/nvme0n1]
root       343     2  0 May02 ?        00:00:01 [kworker/2:1H-xfs-log/dm-0]
root       416     1  0 May02 ?        00:00:11 /usr/lib/systemd/systemd-journald
root       420     2  0 May02 ?        00:00:01 [kworker/0:1H-xfs-log/dm-5]
root       421     2  0 May02 ?        00:00:00 [kworker/1:1H-xfs-log/dm-4]
root       422     2  0 May02 ?        00:00:01 [kworker/3:1H-kblockd]
root       432     1  0 May02 ?        00:00:30 /usr/sbin/haveged -w 1024 -v 0 -F
root       437     1  0 May02 ?        00:00:00 /usr/lib/systemd/systemd-udevd
root       463     2  0 May02 ?        00:00:00 [cryptd]
root       517     2  0 May02 ?        00:00:00 [kdmflush]
root       526     2  0 May02 ?        00:00:00 [kdmflush]
root       529     2  0 May02 ?        00:00:00 [kdmflush]
root       530     2  0 May02 ?        00:00:00 [kdmflush]
root       531     2  0 May02 ?        00:00:00 [kdmflush]
root       532     2  0 May02 ?        00:00:00 [kdmflush]
root       533     2  0 May02 ?        00:00:00 [kdmflush]
root       555     2  0 May02 ?        00:00:00 [nfit]
root       559     2  0 May02 ?        00:00:00 [xfs-buf/dm-6]
root       560     2  0 May02 ?        00:00:00 [xfs-conv/dm-6]
root       561     2  0 May02 ?        00:00:00 [xfs-cil/dm-6]
root       562     2  0 May02 ?        00:00:00 [xfs-reclaim/dm-]
root       563     2  0 May02 ?        00:00:00 [xfs-eofblocks/d]
root       564     2  0 May02 ?        00:00:00 [xfs-buf/dm-0]
root       565     2  0 May02 ?        00:00:00 [xfs-buf/dm-4]
root       566     2  0 May02 ?        00:00:00 [xfs-conv/dm-0]
root       567     2  0 May02 ?        00:00:00 [xfs-conv/dm-4]
root       568     2  0 May02 ?        00:00:00 [xfs-cil/dm-0]
root       569     2  0 May02 ?        00:00:00 [xfs-cil/dm-4]
root       570     2  0 May02 ?        00:00:00 [xfs-reclaim/dm-]
root       571     2  0 May02 ?        00:00:00 [xfs-eofblocks/d]
root       572     2  0 May02 ?        00:00:00 [xfs-reclaim/dm-]
root       573     2  0 May02 ?        00:00:00 [xfs-eofblocks/d]
root       574     2  0 May02 ?        00:00:00 [xfs-log/dm-6]
root       575     2  0 May02 ?        00:00:00 [xfsaild/dm-6]
root       576     2  0 May02 ?        00:00:00 [xfs-log/dm-0]
root       577     2  0 May02 ?        00:01:00 [xfsaild/dm-0]
root       578     2  0 May02 ?        00:00:00 [xfs-log/dm-4]
root       579     2  0 May02 ?        00:00:00 [xfsaild/dm-4]
root       581     2  0 May02 ?        00:00:00 [xfs-buf/dm-1]
root       582     2  0 May02 ?        00:00:00 [xfs-conv/dm-1]
root       583     2  0 May02 ?        00:00:00 [xfs-cil/dm-1]
root       584     2  0 May02 ?        00:00:00 [xfs-reclaim/dm-]
root       585     2  0 May02 ?        00:00:00 [xfs-eofblocks/d]
root       586     2  0 May02 ?        00:00:00 [xfs-log/dm-1]
root       587     2  0 May02 ?        00:01:00 [xfsaild/dm-1]
root       590     2  0 May02 ?        00:00:00 [xfs-buf/dm-5]
root       591     2  0 May02 ?        00:00:00 [xfs-conv/dm-5]
root       592     2  0 May02 ?        00:00:00 [xfs-cil/dm-5]
root       593     2  0 May02 ?        00:00:00 [xfs-reclaim/dm-]
root       594     2  0 May02 ?        00:00:00 [xfs-eofblocks/d]
root       595     2  0 May02 ?        00:00:00 [xfs-log/dm-5]
root       596     2  0 May02 ?        00:00:38 [xfsaild/dm-5]
root       603     2  0 May02 ?        00:00:00 [xfs-buf/dm-3]
root       604     2  0 May02 ?        00:00:00 [xfs-conv/dm-3]
root       605     2  0 May02 ?        00:00:00 [xfs-cil/dm-3]
root       606     2  0 May02 ?        00:00:00 [xfs-reclaim/dm-]
root       607     2  0 May02 ?        00:00:00 [xfs-eofblocks/d]
root       608     2  0 May02 ?        00:00:00 [xfs-log/dm-3]
root       609     2  0 May02 ?        00:00:00 [xfsaild/dm-3]
root       631     2  0 May02 ?        00:00:00 [xfs-buf/dm-2]
root       632     2  0 May02 ?        00:00:00 [xfs-conv/dm-2]
root       633     2  0 May02 ?        00:00:00 [xfs-cil/dm-2]
root       634     2  0 May02 ?        00:00:00 [xfs-reclaim/dm-]
root       636     2  0 May02 ?        00:00:00 [xfs-eofblocks/d]
root       640     2  0 May02 ?        00:00:00 [xfs-log/dm-2]
root       641     2  0 May02 ?        00:00:45 [xfsaild/dm-2]
root       657     1  0 May02 ?        00:00:08 /sbin/auditd
root       678     2  0 May02 ?        00:00:00 [audit_prune_tre]
root       709     1  0 May02 ?        00:00:00 /usr/sbin/sssd -i --logger=files
nscd       713     1  0 May02 ?        00:00:56 /usr/sbin/nscd
root       720     1  0 May02 ?        00:00:18 /usr/sbin/irqbalance --foreground
message+   732     1  0 May02 ?        00:00:10 /usr/bin/dbus-daemon --system --address=systemd: --nofork --nopidfile --systemd-activation --syslog-only
root       775     1  0 May02 ?        00:00:02 /usr/sbin/rsyslogd -n -iNONE
root       794   709  0 May02 ?        00:00:20 /usr/lib/sssd/sssd_be --domain lambweston.com --uid 0 --gid 0 --logger=files
root       795   709  0 May02 ?        00:00:07 /usr/lib/sssd/sssd_nss --uid 0 --gid 0 --logger=files
root       796   709  0 May02 ?        00:00:04 /usr/lib/sssd/sssd_pam --uid 0 --gid 0 --logger=files
root       797     1  0 May02 ?        00:00:05 /usr/lib/systemd/systemd-logind
root       839     1  0 May02 ?        00:00:00 /usr/lib/wicked/bin/wickedd-dhcp6 --systemd --foreground
root       840     1  0 May02 ?        00:00:00 /usr/lib/wicked/bin/wickedd-auto4 --systemd --foreground
root       841     1  0 May02 ?        00:00:00 /usr/lib/wicked/bin/wickedd-dhcp4 --systemd --foreground
root       843     1  0 May02 ?        00:00:00 /usr/sbin/wickedd --systemd --foreground
root       850     1  0 May02 ?        00:00:00 /usr/sbin/wickedd-nanny --systemd --foreground
root       859     1  0 May02 ?        00:20:48 splunkd -p 8089 start
root       861   859  0 May02 ?        00:04:05 [splunkd pid=859] splunkd -p 8089 start [process-runner]
root      1362     2  0 15:40 ?        00:00:00 [kworker/2:3-xfs-sync/dm-1]
root      1783     1  0 May02 ?        00:00:00 /usr/bin/python3 /usr/bin/salt-minion
chrony    1795     1  0 May02 ?        00:00:00 /usr/sbin/chronyd -u chrony
awsdata   1827     1  0 May02 ?        00:00:00 jsvc.exec -errfile /var/log/aws-dataprovider/jsvcerr.log -jvm server -showversion -pidfile /tmp/aws-dataprovider.pid -cp /usr/local/ec2/aws-dataprovider/lib/installer.jar:/usr/local/ec2/aws-dataprovider/lib/commons-daemon-1.2.4/commons-daemon-1.2.4.jar -Dcom.amazon.aws.aws-dataprovider.proxypath=/usr/local/ec2/aws-dataprovider -Dcom.amazon.aws.aws-dataprovider.access=https://s3.amazonaws.com/aws-sap-data-provider -DisStandaloneVersion=yes com.amazon.aws.dataprovider.AwsDataProvider /usr/local/ec2/aws-dataprovider -vhostmd -LogLevel=INFO
awsdata   1829  1827  0 May02 ?        00:05:49 jsvc.exec -errfile /var/log/aws-dataprovider/jsvcerr.log -jvm server -showversion -pidfile /tmp/aws-dataprovider.pid -cp /usr/local/ec2/aws-dataprovider/lib/installer.jar:/usr/local/ec2/aws-dataprovider/lib/commons-daemon-1.2.4/commons-daemon-1.2.4.jar -Dcom.amazon.aws.aws-dataprovider.proxypath=/usr/local/ec2/aws-dataprovider -Dcom.amazon.aws.aws-dataprovider.access=https://s3.amazonaws.com/aws-sap-data-provider -DisStandaloneVersion=yes com.amazon.aws.dataprovider.AwsDataProvider /usr/local/ec2/aws-dataprovider -vhostmd -LogLevel=INFO
root      1831     1  0 May02 ?        00:00:00 /usr/sbin/cron -n
root      1890  1783  0 May02 ?        00:10:47 /usr/bin/python3 /usr/bin/salt-minion
root      1892  1890  0 May02 ?        00:00:00 /usr/bin/python3 /usr/bin/salt-minion
root      1934     1  0 May02 ?        00:00:34 /usr/sbin/amazon-ssm-agent
root      1943     1  0 May02 ?        00:00:00 /usr/sbin/sshd -D
root      1944     2  0 May02 ?        00:00:00 [rpciod]
root      1945     2  0 May02 ?        00:00:00 [xprtiod]
root      1960     2  0 May02 ?        00:00:00 [nfsiod]
root      1984     1  0 May02 ?        00:00:00 /opt/ds_agent/ds_agent -w /var/opt/ds_agent -b -i -e /opt/ds_agent/ext
root      1985  1984  3 May02 ?        09:04:16 /opt/ds_agent/ds_agent -w /var/opt/ds_agent -b -i -e /opt/ds_agent/ext
root      1999     2  0 May02 ?        00:00:00 [NFSv4 callback]
root      2020     1  0 May02 tty1     00:00:00 /sbin/agetty -o -p -- \u --noclear tty1 linux
root      2023     1  0 May02 ttyS0    00:00:00 /sbin/agetty -o -p -- \u --keep-baud 115200,38400,9600 ttyS0 vt220
root      2106     2  0 May02 ?        00:35:30 [ds_kproc]
root      2109     2  0 May02 ?        00:00:00 [ds_kmemcg]
root      2303  1934  0 May02 ?        00:05:50 /usr/sbin/ssm-agent-worker
root      2409     1  0 May02 ?        00:00:00 /opt/ds_agent/ds_am -g ../diag -v 5 -d /var/opt/ds_agent/am -P 1 -R
root      2519     2  0 14:54 ?        00:00:00 [kworker/u8:4-events_unbound]
root      2535  2409  0 03:04 ?        00:00:59 /opt/ds_agent/ds_am -g ../diag -v 5 -d /var/opt/ds_agent/am -P 1 -R
root      2979     2  0 13:43 ?        00:00:00 [kworker/u8:2-xfs-cil/dm-5]
root      3825 24954  0 15:41 pts/0    00:00:00 sudo su -
root      3836  3825  0 15:41 pts/1    00:00:00 sudo su -
root      3837  3836  0 15:41 pts/1    00:00:00 su -
root      3850  3837  0 15:41 pts/1    00:00:00 -bash
root      7088     2  0 14:05 ?        00:00:00 [kworker/u9:1-xprtiod]
root      7230     2  0 15:34 ?        00:00:00 [kworker/1:2-bmhook_wq]
root      7749     2  0 15:20 ?        00:00:00 [kworker/0:1-xfs-reclaim/dm-1]
ATH0011  10352     1  0 May02 ?        00:00:00 /usr/lib/systemd/systemd --user
ATH0011  10354 10352  0 May02 ?        00:00:00 (sd-pam)
root     10816     2  0 May06 ?        00:00:00 bpfilter_umh
root     12664     2  0 15:42 ?        00:00:00 [kworker/1:3-xfs-buf/dm-5]
root     12683  3850  0 15:42 pts/1    00:00:00 -bash
root     12702 12683  0 15:42 pts/1    00:00:00 ps -eaf
root     13122     2  0 15:38 ?        00:00:00 [kworker/2:0-xfs-sync/dm-1]
root     13423     2  0 14:45 ?        00:00:00 [kworker/1:1-xfs-sync/dm-3]
bjeadm   13969     1  0 May02 ?        00:21:42 /usr/sap/BJE/sap_bobj/enterprise_xi40/linux_x64/sapjvm//bin/java -Djava.util.logging.config.file=/usr/sap/BJE/sap_bobj/tomcat/conf/logging.properties -Djava.util.logging.manager=org.apache.juli.ClassLoaderLogManager -d64 -Djava.awt.headless=true -Djava.net.preferIPv4Stack=false -Xmx2048m -XX:MaxMetaspaceSize=384m -Djava.util.logging.manager=org.apache.juli.ClassLoaderLogManager -Djava.util.logging.config.file=/usr/sap/BJE/sap_bobj/tomcat/conf/logging.properties -Xloggc:/usr/sap/BJE/sap_bobj/tomcat/logs/gcTomcat.gc -XX:+PrintGCDetails -XX:+PrintGCTimeStamps -Dcom.sap.vm.tag=tomcat_sapdbjci -Djdk.tls.ephemeralDHKeySize=2048 -Djava.protocol.handler.pkgs=org.apache.catalina.webresources -Dorg.apache.catalina.security.SecurityListener.UMASK=0027 -Dcom.sun.management.jmxremote -Dcom.sun.management.jmxremote.port=9004 -Dcom.sun.management.jmxremote.authenticate=true -Dcom.sun.management.jmxremote.ssl=true -Dcom.sun.management.jmxremote.password.file=/usr/sap/BJE/sap_bobj/tomcat/conf/jmxremote.password -Dcom.sun.management.jmxremote.access.file=/usr/sap/BJE/sap_bobj/tomcat/conf/jmxremote.access -Dignore.endorsed.dirs= -classpath /usr/sap/BJE/sap_bobj/tomcat/bin/bootstrap.jar:/usr/sap/BJE/sap_bobj/tomcat/bin/tomcat-juli.jar -Dcatalina.base=/usr/sap/BJE/sap_bobj/tomcat -Dcatalina.home=/usr/sap/BJE/sap_bobj/tomcat -Djava.io.tmpdir=/usr/sap/BJE/sap_bobj/tomcat/temp org.apache.catalina.startup.Bootstrap start
ABR1021  14063     1  0 May02 ?        00:00:00 /usr/lib/systemd/systemd --user
ABR1021  14082 14063  0 May02 ?        00:00:00 (sd-pam)
root     14675     2  0 15:27 ?        00:00:00 [kworker/2:1-events_power_efficient]
root     15942     2  0 15:28 ?        00:00:00 [kworker/2:2-mm_percpu_wq]
bjeadm   17923     1  0 May02 ?        00:00:00 /bin/sh /usr/sap/BJE/sap_bobj/enterprise_xi40/generic/bobjrestart.sh /usr/sap/BJD/sap_bobj/enterprise_xi40/generic/javalaunch.sh -Dbobj.product.languages.dir=/usr/sap/BJD/sap_bobj/enterprise_xi40/Languages/ -Djava.net.preferIPv4Stack=false -Djavax.net.ssl.sessionCacheSize=1000 -Djava.awt.headless=true -Dcom.sap.vm.tag=SAPEBJCI -Xms64m -Xmx256m -XX:+ExitVMOnOutOfMemoryError -XX:+HeapDumpOnOutOfMemoryError -XX:+PrintGCTimeStamps -XX:+PrintGCDetails -XX:LogGcMaxFileCount=3 -XX:LogGcMaxFileSize=5m -XX:HeapDumpPath=/usr/sap/BJD/sap_bobj/logging/ -XtraceFile=/usr/sap/BJD/sap_bobj/logging/SAPEBJCI_jvm_@PID.log -XX:GCHistoryFilename=/usr/sap/BJD/sap_bobj/logging/SAPEBJCI_gc.prf -Xloggc:/usr/sap/BJD/sap_bobj/logging/SAPEBJCI_gc.log -XX:ErrorFile=/usr/sap/BJD/sap_bobj/logging/SAPEBJCI_dump_@PID.log -jar /usr/sap/BJD/sap_bobj/enterprise_xi40/java/lib/SIA.jar -boot /usr/sap/BJD/sap_bobj/enterprise_xi40/linux_x64/_boe_SAPDBJCI.bootstrap -port 6410 -pidFile /usr/sap/BJD/sap_bobj/serverpids/SAPEBJCI.pid -loggingPath /usr/sap/BJD/sap_bobj/logging/ -traceinipath /usr/sap/BJD/sap_bobj/enterprise_xi40/conf/BO_trace.ini -name SAPDBJCI -dbinfo /usr/sap/BJD/sap_bobj/enterprise_xi40/linux_x64/_boe_SAPDBJCI.dbinfo -piddir /usr/sap/BJD/sap_bobj/serverpids/ -noauditor -fips
bjeadm   17931 17923  0 May02 ?        00:15:14 /usr/sap/BJE/sap_bobj/enterprise_xi40/linux_x64/sapjvm/bin/java -d64 -Djava.awt.headless=true -Xmx128m -Xms32m -Xss256k -Dbobj.product.languages.dir=/usr/sap/BJD/sap_bobj/enterprise_xi40/Languages/ -Djava.net.preferIPv4Stack=false -Djavax.net.ssl.sessionCacheSize=1000 -Djava.awt.headless=true -Dcom.sap.vm.tag=SAPEBJCI -Xms64m -Xmx256m -XX:+ExitVMOnOutOfMemoryError -XX:+HeapDumpOnOutOfMemoryError -XX:+PrintGCTimeStamps -XX:+PrintGCDetails -XX:LogGcMaxFileCount=3 -XX:LogGcMaxFileSize=5m -XX:HeapDumpPath=/usr/sap/BJD/sap_bobj/logging/ -XtraceFile=/usr/sap/BJD/sap_bobj/logging/SAPEBJCI_jvm_@PID.log -XX:GCHistoryFilename=/usr/sap/BJD/sap_bobj/logging/SAPEBJCI_gc.prf -Xloggc:/usr/sap/BJD/sap_bobj/logging/SAPEBJCI_gc.log -XX:ErrorFile=/usr/sap/BJD/sap_bobj/logging/SAPEBJCI_dump_@PID.log -jar /usr/sap/BJD/sap_bobj/enterprise_xi40/java/lib/SIA.jar -boot /usr/sap/BJD/sap_bobj/enterprise_xi40/linux_x64/_boe_SAPDBJCI.bootstrap -port 6410 -pidFile /usr/sap/BJD/sap_bobj/serverpids/SAPEBJCI.pid -loggingPath /usr/sap/BJD/sap_bobj/logging/ -traceinipath /usr/sap/BJD/sap_bobj/enterprise_xi40/conf/BO_trace.ini -name SAPDBJCI -dbinfo /usr/sap/BJD/sap_bobj/enterprise_xi40/linux_x64/_boe_SAPDBJCI.dbinfo -piddir /usr/sap/BJD/sap_bobj/serverpids/ -noauditor -fips -fg
bjeadm   17978 17931 14 May02 ?        1-11:18:28 /usr/sap/BJD/sap_bobj/enterprise_xi40/linux_x64//boe_cmsd -loggingPath /usr/sap/BJD/sap_bobj/logging/ -startedBySIA -requestport 6401 -port 6400 -fg -restart -name SAPDBJCI.cms -pidfile /usr/sap/BJD/sap_bobj/serverpids/SAPDBJCI_SAPEBJCI.CentralManagementServer.pid -fips -dbinfo /usr/sap/BJD/sap_bobj/enterprise_xi40/linux_x64/_boe_SAPDBJCI.dbinfo -noauditor -autoboot
uuidd    17981     1  0 May02 ?        00:15:15 /usr/sbin/uuidd --socket-activation
bjeadm   18159 17931  0 May02 ?        00:04:32 /usr/sap/BJD/sap_bobj/enterprise_xi40/linux_x64//boe_filesd -loggingPath /usr/sap/BJD/sap_bobj/logging/ -requestport 6403 -fg -restart -name Input.SAPDBJCI -pidfile /usr/sap/BJD/sap_bobj/serverpids/SAPDBJCI_SAPEBJCI.InputFileRepository.pid -fips -ns SAPEBJCI.sap.lambweston.com:6400
bjeadm   18186 17931  0 May02 ?        02:05:41 /usr/sap/BJD/sap_bobj/enterprise_xi40/linux_x64/sapjvm/bin/java -Dcom.wily.introscope.agent.agentName=aps_SAPEBJCI.AdaptiveProcessingServer -Dcom.wily.introscope.agentProfile=/usr/sap/BJE/sap_bobj/enterprise_xi40/java/wily/SAPEBJCI.AdaptiveProcessingServer.profile -javaagent:/usr/sap/BJE/sap_bobj/enterprise_xi40/java/wily/Agent.jar -server -d64 -Dcom.sap.vm.tag=SAPEBJCI.AdaptiveProcessingServer -Djava.awt.headless=true -Dbobj.enterprise.home=/usr/sap/BJD/sap_bobj/enterprise_xi40/ -Dbobj.javaserver.home=/usr/sap/BJD/sap_bobj/enterprise_xi40/java/pjs/container/ -Dboe.common.dir=/usr/sap/BJD/sap_bobj/enterprise_xi40/java/lib/ -Dboe.external.dir=/usr/sap/BJD/sap_bobj/enterprise_xi40/java/lib//external -Dboe.bundles.dir=/usr/sap/BJD/sap_bobj/enterprise_xi40/java/lib//bundles -Djava.io.tmpdir=/usr/sap/BJD/sap_bobj/enterprise_xi40/java/pjs/container/temp -Dbusinessobjects.logs.home=/usr/sap/BJD/sap_bobj/logging/ -XtraceFile=/usr/sap/BJD/sap_bobj/logging/aps_SAPEBJCI.AdaptiveProcessingServer_jvm.log -XX:GCHistoryFilename=/usr/sap/BJD/sap_bobj/logging/aps_SAPEBJCI.AdaptiveProcessingServer_gc.prf -Xloggc:/usr/sap/BJD/sap_bobj/logging/aps_SAPEBJCI.AdaptiveProcessingServer_gc.log -XX:+PrintGCTimeStamps -XX:+PrintGCDetails -XX:LogGcMaxFileCount=3 -XX:LogGcMaxFileSize=5m -XX:ErrorFile=/usr/sap/BJD/sap_bobj/logging/aps_SAPEBJCI.AdaptiveProcessingServer_dump_@PID.log -Xms512m -Xmx2g -XX:MaxMetaspaceSize=256m -XX:+UseParallelOldGC -XX:+HeapDumpOnOutOfMemoryError -XX:HeapDumpPath=/usr/sap/BJD/sap_bobj/logging/ -XX:+ExitVMOnOutOfMemoryError -Djava.net.preferIPv4Stack=false -Dbusinessobjects.connectivity.directory=/usr/sap/BJD/sap_bobj/enterprise_xi40//dataAccess/connectionServer -Djavax.xml.parsers.SAXParserFactory=com.sun.org.apache.xerces.internal.jaxp.SAXParserFactoryImpl -jar /usr/sap/BJD/sap_bobj/enterprise_xi40/java/pjs/container/bin/boeserver.jar -workdir /usr/sap/BJD/sap_bobj/enterprise_xi40/java/pjs/container/work -requestport 6402 -name SAPDBJCI.AdaptiveProcessingServer -pidfile /usr/sap/BJD/sap_bobj/serverpids/SAPDBJCI_SAPEBJCI.AdaptiveProcessingServer.pid -ns SAPEBJCI.sap.lambweston.com:6400
bjeadm   18195 17931  0 May02 ?        00:00:00 /bin/sh /usr/sap/BJD/sap_bobj/enterprise_xi40/linux_x86//boe_crprocd -loggingPath /usr/sap/BJD/sap_bobj/logging/ -documentType CrystalEnterprise.Report -restart -name SAPDBJCI.CrystalReports2016ProcessingServer -pidfile /usr/sap/BJD/sap_bobj/serverpids/SAPDBJCI_SAPEBJCI.CrystalReports2016ProcessingServer.pid -fips -ns SAPEBJCI.sap.lambweston.com:6400 -fg
bjeadm   18199 17931  1 May02 ?        03:01:19 /usr/sap/BJD/sap_bobj/enterprise_xi40/linux_x64/sapjvm/bin/java -Dcom.wily.introscope.agent.agentName=aps_SAPEBJCI.APS.Data -Dcom.wily.introscope.agentProfile=/usr/sap/BJE/sap_bobj/enterprise_xi40/java/wily/SAPEBJCI.APS.Data.profile -javaagent:/usr/sap/BJE/sap_bobj/enterprise_xi40/java/wily/Agent.jar -server -d64 -Dcom.sap.vm.tag=SAPEBJCI.APS.Data -Djava.awt.headless=true -Dbobj.enterprise.home=/usr/sap/BJD/sap_bobj/enterprise_xi40/ -Dbobj.javaserver.home=/usr/sap/BJD/sap_bobj/enterprise_xi40/java/pjs/container/ -Dboe.common.dir=/usr/sap/BJD/sap_bobj/enterprise_xi40/java/lib/ -Dboe.external.dir=/usr/sap/BJD/sap_bobj/enterprise_xi40/java/lib//external -Dboe.bundles.dir=/usr/sap/BJD/sap_bobj/enterprise_xi40/java/lib//bundles -Djava.io.tmpdir=/usr/sap/BJD/sap_bobj/enterprise_xi40/java/pjs/container/temp -Dbusinessobjects.logs.home=/usr/sap/BJD/sap_bobj/logging/ -XtraceFile=/usr/sap/BJD/sap_bobj/logging/aps_SAPEBJCI.APS.Data_jvm.log -XX:GCHistoryFilename=/usr/sap/BJD/sap_bobj/logging/aps_SAPEBJCI.APS.Data_gc.prf -Xloggc:/usr/sap/BJD/sap_bobj/logging/aps_SAPEBJCI.APS.Data_gc.log -XX:+PrintGCTimeStamps -XX:+PrintGCDetails -XX:LogGcMaxFileCount=3 -XX:LogGcMaxFileSize=5m -XX:ErrorFile=/usr/sap/BJD/sap_bobj/logging/aps_SAPEBJCI.APS.Data_dump_@PID.log -Xms512m -Xmx4g -XX:MaxMetaspaceSize=256m -XX:+UseParallelOldGC -XX:+HeapDumpOnOutOfMemoryError -XX:HeapDumpPath=/usr/sap/BJD/sap_bobj/logging/ -XX:+ExitVMOnOutOfMemoryError -Djava.net.preferIPv4Stack=false -Dbusinessobjects.connectivity.directory=/usr/sap/BJD/sap_bobj/enterprise_xi40//dataAccess/connectionServer -Djavax.xml.parsers.SAXParserFactory=com.sun.org.apache.xerces.internal.jaxp.SAXParserFactoryImpl -Dcom.businessobjects.datafederator.server.home=/usr/sap/BJD/sap_bobj/enterprise_xi40/java/pjs/services/DataFederatorService/resources -Dbo_cluster.config_dir=/usr/sap/BJD/sap_bobj/enterprise_xi40/linux_x64/config -jar /usr/sap/BJD/sap_bobj/enterprise_xi40/java/pjs/container/bin/boeserver.jar -workdir /usr/sap/BJD/sap_bobj/enterprise_xi40/java/pjs/container/work -name SAPDBJCI.APS.Data -pidfile /usr/sap/BJD/sap_bobj/serverpids/SAPDBJCI_SAPEBJCI.APS.Data.pid -ns SAPEBJCI.sap.lambweston.com:6400
bjeadm   18204 17931  0 May02 ?        00:10:11 /usr/sap/BJD/sap_bobj/enterprise_xi40/linux_x64//WIReportServer -JTCss 1024 -loggingPath /usr/sap/BJD/sap_bobj/logging/ -requestport 6408 -fg -restart -name SAPDBJCI.WebIntelligenceProcessingServer -pidfile /usr/sap/BJD/sap_bobj/serverpids/SAPDBJCI_SAPEBJCI.WebIntelligenceProcessingServer.pid -fips -ns SAPEBJCI.sap.lambweston.com:6400
bjeadm   18207 18195  0 May02 ?        00:07:08 /usr/sap/BJD/sap_bobj/enterprise_xi40/linux_x86//boe_crprocd.bin -loggingPath /usr/sap/BJD/sap_bobj/logging/ -documentType CrystalEnterprise.Report -restart -name SAPDBJCI.CrystalReports2016ProcessingServer -pidfile /usr/sap/BJD/sap_bobj/serverpids/SAPDBJCI_SAPEBJCI.CrystalReports2016ProcessingServer.pid -fips -ns SAPEBJCI.sap.lambweston.com:6400 -fg
bjeadm   18220 17931  1 May02 ?        02:30:55 /usr/sap/BJD/sap_bobj/enterprise_xi40/linux_x64/sapjvm/bin/java -Dcom.wily.introscope.agent.agentName=wacs_SAPEBJCI.WebApplicationContainerServer -Dcom.wily.introscope.agentProfile=/usr/sap/BJE/sap_bobj/enterprise_xi40/java/wily/SAPEBJCI.WebApplicationContainerServer.profile -javaagent:/usr/sap/BJE/sap_bobj/enterprise_xi40/java/wily/Agent.jar -server -d64 -Dcom.sap.vm.tag=SAPEBJCI.WebApplicationContainerServer -Djava.awt.headless=true -Dbobj.enterprise.home=/usr/sap/BJD/sap_bobj/enterprise_xi40/ -Dbobj.javaserver.home=/usr/sap/BJD/sap_bobj/enterprise_xi40/java/pjs/container/ -Dboe.common.dir=/usr/sap/BJD/sap_bobj/enterprise_xi40/java/lib/ -Dboe.external.dir=/usr/sap/BJD/sap_bobj/enterprise_xi40/java/lib//external -Dboe.bundles.dir=/usr/sap/BJD/sap_bobj/enterprise_xi40/java/lib//bundles -Dbobj.trustedauth.home=/usr/sap/BJD/sap_bobj/enterprise_xi40/java/pjs/container/bin -Djava.io.tmpdir=/usr/sap/BJD/sap_bobj/enterprise_xi40/java/pjs/container/temp -Dbusinessobjects.logs.home=/usr/sap/BJD/sap_bobj/logging/ -XtraceFile=/usr/sap/BJD/sap_bobj/logging/wacs_SAPEBJCI.WebApplicationContainerServer_jvm.log -XX:GCHistoryFilename=/usr/sap/BJD/sap_bobj/logging/wacs_SAPEBJCI.WebApplicationContainerServer_gc.prf -Xloggc:/usr/sap/BJD/sap_bobj/logging/wacs_SAPEBJCI.WebApplicationContainerServer_gc.log -XX:+PrintGCTimeStamps -XX:+PrintGCDetails -XX:LogGcMaxFileCount=3 -XX:LogGcMaxFileSize=5m -XX:ErrorFile=/usr/sap/BJD/sap_bobj/logging/wacs_SAPEBJCI.WebApplicationContainerServer_dump_@PID.log -Xms512m -Xmx2g -XX:MaxMetaspaceSize=400m -XX:+UseParallelOldGC -XX:+HeapDumpOnOutOfMemoryError -XX:HeapDumpPath=/usr/sap/BJD/sap_bobj/logging/ -XX:+ExitVMOnOutOfMemoryError -Djcsi.kerberos.maxpacketsize=0 -Djava.net.preferIPv4Stack=false -jar /usr/sap/BJD/sap_bobj/enterprise_xi40/java/pjs/container/bin/boeserver.jar -workdir /usr/sap/BJD/sap_bobj/enterprise_xi40/java/pjs/container/work -requestport 6409 -name SAPDBJCI.WebApplicationContainerServer -pidfile /usr/sap/BJD/sap_bobj/serverpids/SAPDBJCI_SAPEBJCI.WebApplicationContainerServer.pid -ns SAPEBJCI.sap.lambweston.com:6400
bjeadm   18224 17931  0 May02 ?        00:07:21 /usr/sap/BJD/sap_bobj/enterprise_xi40/linux_x64//boe_crprocd.bin -loggingPath /usr/sap/BJD/sap_bobj/logging/ -documentType CrystalEnterprise.Report -fg -restart -name SAPDBJCI.CrystalReportsProcessingServer -pidfile /usr/sap/BJD/sap_bobj/serverpids/SAPDBJCI_SAPEBJCI.CrystalReportsProcessingServer.pid -fips -ns SAPEBJCI.sap.lambweston.com:6400
bjeadm   18261 17931  0 May02 ?        00:02:38 /usr/sap/BJD/sap_bobj/enterprise_xi40/linux_x64//ConnectionServer -loggingPath /usr/sap/BJD/sap_bobj/logging/ -requestport 6411 -fg -restart -name SAPDBJCI.ConnectionServer -pidfile /usr/sap/BJD/sap_bobj/serverpids/SAPDBJCI_SAPEBJCI.ConnectionServer.pid -fips -ns SAPEBJCI.sap.lambweston.com:6400
bjeadm   18271 17931  0 May02 ?        00:18:51 /usr/sap/BJD/sap_bobj/enterprise_xi40/linux_x64//boe_crcached.bin -loggingPath /usr/sap/BJD/sap_bobj/logging/ -cache -nops -documentType CrystalEnterprise.Report -fg -restart -name SAPDBJCI.CrystalReportsCacheServer -pidfile /usr/sap/BJD/sap_bobj/serverpids/SAPDBJCI_SAPEBJCI.CrystalReportsCacheServer.pid -fips -ns SAPEBJCI.sap.lambweston.com:6400
bjeadm   18281 17931  0 May02 ?        00:04:03 /usr/sap/BJD/sap_bobj/enterprise_xi40/linux_x64//boe_jobsd -javaargs Dcom.sap.vm.tag=jobserver_SAPDBJCI.AdaptiveJobServer,Dbusinessobjects.connectivity.directory=/usr/sap/BJD/sap_bobj/enterprise_xi40//dataAccess/connectionServer,Dcom.businessobjects.mds.cs.ImplementationID=csEX,Djava.awt.headless=true,XX:MaxMetaspaceSize=192m -loggingPath /usr/sap/BJD/sap_bobj/logging/ -maxDesktops 0 -jsTypeDescription Crystal Reports Job Server -objectType CrystalEnterprise.Report -requestport 6407 -fg -restart -name SAPDBJCI.AdaptiveJobServer -pidfile /usr/sap/BJD/sap_bobj/serverpids/SAPDBJCI_SAPEBJCI.AdaptiveJobServer.pid -fips -ns SAPEBJCI.sap.lambweston.com:6400
bjeadm   18289 17931  0 May02 ?        00:07:14 /usr/sap/BJD/sap_bobj/enterprise_xi40//linux_x64/boe_xcprocd -loggingPath /usr/sap/BJD/sap_bobj/logging/ -documentType CrystalEnterprise.XL.Query -maxDesktops 0 -fg -restart -name SAPDBJCI.DashboardsProcessingServer -pidfile /usr/sap/BJD/sap_bobj/serverpids/SAPDBJCI_SAPEBJCI.DashboardsProcessingServer.pid -fips -ns SAPEBJCI.sap.lambweston.com:6400
bjeadm   18309 17931  0 May02 ?        02:18:22 /usr/sap/BJD/sap_bobj/enterprise_xi40/linux_x64/sapjvm/bin/java -Dcom.wily.introscope.agent.agentName=aps_SAPEBJCI.APS.Analysis -Dcom.wily.introscope.agentProfile=/usr/sap/BJE/sap_bobj/enterprise_xi40/java/wily/SAPEBJCI.APS.Analysis.profile -javaagent:/usr/sap/BJE/sap_bobj/enterprise_xi40/java/wily/Agent.jar -server -d64 -Dcom.sap.vm.tag=SAPEBJCI.APS.Analysis -Djava.awt.headless=true -Dbobj.enterprise.home=/usr/sap/BJD/sap_bobj/enterprise_xi40/ -Dbobj.javaserver.home=/usr/sap/BJD/sap_bobj/enterprise_xi40/java/pjs/container/ -Dboe.common.dir=/usr/sap/BJD/sap_bobj/enterprise_xi40/java/lib/ -Dboe.external.dir=/usr/sap/BJD/sap_bobj/enterprise_xi40/java/lib//external -Dboe.bundles.dir=/usr/sap/BJD/sap_bobj/enterprise_xi40/java/lib//bundles -Djava.io.tmpdir=/usr/sap/BJD/sap_bobj/enterprise_xi40/java/pjs/container/temp -Dbusinessobjects.logs.home=/usr/sap/BJD/sap_bobj/logging/ -XtraceFile=/usr/sap/BJD/sap_bobj/logging/aps_SAPEBJCI.APS.Analysis_jvm.log -XX:GCHistoryFilename=/usr/sap/BJD/sap_bobj/logging/aps_SAPEBJCI.APS.Analysis_gc.prf -Xloggc:/usr/sap/BJD/sap_bobj/logging/aps_SAPEBJCI.APS.Analysis_gc.log -XX:+PrintGCTimeStamps -XX:+PrintGCDetails -XX:LogGcMaxFileCount=3 -XX:LogGcMaxFileSize=5m -XX:ErrorFile=/usr/sap/BJD/sap_bobj/logging/aps_SAPEBJCI.APS.Analysis_dump_@PID.log -Xms512m -Xmx1g -XX:MaxMetaspaceSize=256m -XX:+UseParallelOldGC -XX:+HeapDumpOnOutOfMemoryError -XX:HeapDumpPath=/usr/sap/BJD/sap_bobj/logging/ -XX:+ExitVMOnOutOfMemoryError -Djava.net.preferIPv4Stack=false -Djava.library.path=/usr/sap/BJD/sap_bobj/enterprise_xi40/linux_x64/ -Xss1M -jar /usr/sap/BJD/sap_bobj/enterprise_xi40/java/pjs/container/bin/boeserver.jar -workdir /usr/sap/BJD/sap_bobj/enterprise_xi40/java/pjs/container/work -name SAPDBJCI.APS.Analysis -pidfile /usr/sap/BJD/sap_bobj/serverpids/SAPDBJCI_SAPEBJCI.APS.Analysis.pid -ns SAPEBJCI.sap.lambweston.com:6400
bjeadm   18315 17931  2 May02 ?        05:13:52 /usr/sap/BJD/sap_bobj/enterprise_xi40/linux_x64/sapjvm/bin/java -Dcom.wily.introscope.agent.agentName=aps_SAPEBJCI.APS.Core -Dcom.wily.introscope.agentProfile=/usr/sap/BJE/sap_bobj/enterprise_xi40/java/wily/SAPEBJCI.APS.Core.profile -javaagent:/usr/sap/BJE/sap_bobj/enterprise_xi40/java/wily/Agent.jar -server -d64 -Dcom.sap.vm.tag=SAPEBJCI.APS.Core -Djava.awt.headless=true -Dbobj.enterprise.home=/usr/sap/BJD/sap_bobj/enterprise_xi40/ -Dbobj.javaserver.home=/usr/sap/BJD/sap_bobj/enterprise_xi40/java/pjs/container/ -Dboe.common.dir=/usr/sap/BJD/sap_bobj/enterprise_xi40/java/lib/ -Dboe.external.dir=/usr/sap/BJD/sap_bobj/enterprise_xi40/java/lib//external -Dboe.bundles.dir=/usr/sap/BJD/sap_bobj/enterprise_xi40/java/lib//bundles -Djava.io.tmpdir=/usr/sap/BJD/sap_bobj/enterprise_xi40/java/pjs/container/temp -Dbusinessobjects.logs.home=/usr/sap/BJD/sap_bobj/logging/ -XtraceFile=/usr/sap/BJD/sap_bobj/logging/aps_SAPEBJCI.APS.Core_jvm.log -XX:GCHistoryFilename=/usr/sap/BJD/sap_bobj/logging/aps_SAPEBJCI.APS.Core_gc.prf -Xloggc:/usr/sap/BJD/sap_bobj/logging/aps_SAPEBJCI.APS.Core_gc.log -XX:+PrintGCTimeStamps -XX:+PrintGCDetails -XX:LogGcMaxFileCount=3 -XX:LogGcMaxFileSize=5m -XX:ErrorFile=/usr/sap/BJD/sap_bobj/logging/aps_SAPEBJCI.APS.Core_dump_@PID.log -Xms512m -Xmx2g -XX:MaxMetaspaceSize=256m -XX:+UseParallelOldGC -XX:+HeapDumpOnOutOfMemoryError -XX:HeapDumpPath=/usr/sap/BJD/sap_bobj/logging/ -XX:+ExitVMOnOutOfMemoryError -Djava.net.preferIPv4Stack=false -Dbusinessobjects.connectivity.directory=/usr/sap/BJD/sap_bobj/enterprise_xi40//dataAccess/connectionServer -jar /usr/sap/BJD/sap_bobj/enterprise_xi40/java/pjs/container/bin/boeserver.jar -workdir /usr/sap/BJD/sap_bobj/enterprise_xi40/java/pjs/container/work -name SAPDBJCI.APS.Core -pidfile /usr/sap/BJD/sap_bobj/serverpids/SAPDBJCI_SAPEBJCI.APS.Core.pid -ns SAPEBJCI.sap.lambweston.com:6400
bjeadm   18321 17931  0 May02 ?        00:04:16 /usr/sap/BJD/sap_bobj/enterprise_xi40/linux_x64//boe_filesd -loggingPath /usr/sap/BJD/sap_bobj/logging/ -requestport 64012 -fg -restart -name Output.SAPDBJCI -pidfile /usr/sap/BJD/sap_bobj/serverpids/SAPDBJCI_SAPEBJCI.OutputFileRepository.pid -fips -ns SAPEBJCI.sap.lambweston.com:6400
bjeadm   18342 17931  0 May02 ?        02:12:48 /usr/sap/BJD/sap_bobj/enterprise_xi40/linux_x64/sapjvm/bin/java -Dcom.wily.introscope.agent.agentName=aps_SAPEBJCI.APS.Auditing -Dcom.wily.introscope.agentProfile=/usr/sap/BJE/sap_bobj/enterprise_xi40/java/wily/SAPEBJCI.APS.Auditing.profile -javaagent:/usr/sap/BJE/sap_bobj/enterprise_xi40/java/wily/Agent.jar -server -d64 -Dcom.sap.vm.tag=SAPEBJCI.APS.Auditing -Djava.awt.headless=true -Dbobj.enterprise.home=/usr/sap/BJD/sap_bobj/enterprise_xi40/ -Dbobj.javaserver.home=/usr/sap/BJD/sap_bobj/enterprise_xi40/java/pjs/container/ -Dboe.common.dir=/usr/sap/BJD/sap_bobj/enterprise_xi40/java/lib/ -Dboe.external.dir=/usr/sap/BJD/sap_bobj/enterprise_xi40/java/lib//external -Dboe.bundles.dir=/usr/sap/BJD/sap_bobj/enterprise_xi40/java/lib//bundles -Djava.io.tmpdir=/usr/sap/BJD/sap_bobj/enterprise_xi40/java/pjs/container/temp -Dbusinessobjects.logs.home=/usr/sap/BJD/sap_bobj/logging/ -XtraceFile=/usr/sap/BJD/sap_bobj/logging/aps_SAPEBJCI.APS.Auditing_jvm.log -XX:GCHistoryFilename=/usr/sap/BJD/sap_bobj/logging/aps_SAPEBJCI.APS.Auditing_gc.prf -Xloggc:/usr/sap/BJD/sap_bobj/logging/aps_SAPEBJCI.APS.Auditing_gc.log -XX:+PrintGCTimeStamps -XX:+PrintGCDetails -XX:LogGcMaxFileCount=3 -XX:LogGcMaxFileSize=5m -XX:ErrorFile=/usr/sap/BJD/sap_bobj/logging/aps_SAPEBJCI.APS.Auditing_dump_@PID.log -Xms512m -Xmx512m -XX:MaxMetaspaceSize=256m -XX:+UseParallelOldGC -XX:+HeapDumpOnOutOfMemoryError -XX:HeapDumpPath=/usr/sap/BJD/sap_bobj/logging/ -XX:+ExitVMOnOutOfMemoryError -Djava.net.preferIPv4Stack=false -jar /usr/sap/BJD/sap_bobj/enterprise_xi40/java/pjs/container/bin/boeserver.jar -workdir /usr/sap/BJD/sap_bobj/enterprise_xi40/java/pjs/container/work -name SAPDBJCI.APS.Auditing -pidfile /usr/sap/BJD/sap_bobj/serverpids/SAPDBJCI_SAPEBJCI.APS.Auditing.pid -ns SAPEBJCI.sap.lambweston.com:6400
bjeadm   18365 17931  0 May02 ?        01:53:51 /usr/sap/BJD/sap_bobj/enterprise_xi40//linux_x64/boe_xccached -loggingPath /usr/sap/BJD/sap_bobj/logging/ -cache -nops -documentType CrystalEnterprise.XL.Query -minBackgroundRetryTime 0 -fg -restart -name SAPDBJCI.DashboardsCacheServer -pidfile /usr/sap/BJD/sap_bobj/serverpids/SAPDBJCI_SAPEBJCI.DashboardsCacheServer.pid -fips -ns SAPEBJCI.sap.lambweston.com:6400
bjeadm   18438 17931  0 May02 ?        00:04:05 /usr/sap/BJD/sap_bobj/enterprise_xi40/linux_x64//boe_eventsd -loggingPath /usr/sap/BJD/sap_bobj/logging/ -fg -restart -name SAPDBJCI.EventServer -pidfile /usr/sap/BJD/sap_bobj/serverpids/SAPDBJCI_SAPEBJCI.EventServer.pid -fips -ns SAPEBJCI.sap.lambweston.com:6400
root     18882     2  0 14:17 ?        00:00:00 [kworker/u9:0-xprtiod]
root     19339     2  0 15:32 ?        00:00:00 [kworker/3:1-xfs-sync/dm-6]
root     19340     2  0 15:32 ?        00:00:00 [kworker/u8:1-events_unbound]
root     19477  1943  0 15:39 ?        00:00:00 sshd: ASP1033 [priv]
bjeadm   19682 18224  0 May02 ?        01:49:18 /usr/sap/BJD/sap_bobj/enterprise_xi40/linux_x64/sapjvm/bin/../bin/java -server -d64 -Dbusinessobjects.connectivity.directory=/usr/sap/BJD/sap_bobj/enterprise_xi40//dataAccess/connectionServer -Dcom.businessobjects.mds.cs.ImplementationID=csEX -Dcom.sap.vm.tag=crproc_SAPDBJCI.CrystalReportsProcessingServer -Dbobj.enterprise.home=/usr/sap/BJD/sap_bobj/enterprise_xi40/ -Dcom.wily.introscope.agent.agentName=crproc_SAPEBJCI.CrystalReportsProcessingServer_child_JRC-VIEW1 -Dcom.wily.introscope.agentProfile=/usr/sap/BJD/sap_bobj/enterprise_xi40//java/wily/SAPDBJCI.CrystalReportsProcessingServer.profile -javaagent:/usr/sap/BJD/sap_bobj/enterprise_xi40//java/wily/Agent.jar -Dtracelog.process=crproc_SAPEBJCI.CrystalReportsProcessingServer_child_JRC-VIEW1 -Dbobj.logging=true -Dbusinessobjects.logs.home=/usr/sap/BJD/sap_bobj/logging/ -Dtracelog.logdir=/usr/sap/BJD/sap_bobj/logging/ -Dbusinessobjects.ns=SAPEBJCI.sap.lambweston.com:6400 -Dbusinessobjects.server.friendlyname=SAPDBJCI.CrystalReportsProcessingServer -Djava.net.preferIPv4Stack=false -Djava.awt.headless=true -XX:MaxMetaspaceSize=192m -Xmx2048m -Xloggc:/usr/sap/BJD/sap_bobj/logging//crproc_SAPEBJCI.CrystalReportsProcessingServer_child_JRC-VIEW1_gc.log -XX:+PrintGCTimeStamps -XX:+PrintGCDetails -XX:+HeapDumpOnOutOfMemoryError -XX:HeapDumpPath=/usr/sap/BJD/sap_bobj/logging/ -XX:+UseParallelOldGC -XX:LogGcMaxFileCount=3 -XX:LogGcMaxFileSize=5m -XX:+ExitVMOnOutOfMemoryError -XtraceFile=/usr/sap/BJD/sap_bobj/logging//crproc_SAPEBJCI.CrystalReportsProcessingServer_child_JRC-VIEW1_jvm_@PID.log -XX:ErrorFile=/usr/sap/BJD/sap_bobj/logging//crproc_SAPEBJCI.CrystalReportsProcessingServer_child_JRC-VIEW1_dump_@PID_@COUNT.log -XX:GCHistoryFilename=/usr/sap/BJD/sap_bobj/logging//crproc_SAPEBJCI.CrystalReportsProcessingServer_child_JRC-VIEW1_gc.prf com.businessobjects.ras21.servercore.servercontainer.ProcChildMain -loggingPath /usr/sap/BJD/sap_bobj/logging/ -documentType CrystalEnterprise.Report -fg -restart -name SAPDBJCI.CrystalReportsProcessingServer -pidfile /usr/sap/BJD/sap_bobj/serverpids/SAPDBJCI_SAPEBJCI.CrystalReportsProcessingServer.pid -fips -ns SAPEBJCI.sap.lambweston.com:6400 -psChildName SAPDBJCI.CrystalReportsProcessingServer_child_JRC-VIEW1 -psChildID JRC-VIEW1 -psdir /usr/sap/BJD/sap_bobj/data//CrystalReportsProcessingServer/temp/SAPDBJCI.CrystalReportsProcessingServer/child_JRC-VIEW1_18224 -pscommondir /usr/sap/BJD/sap_bobj/data//CrystalReportsProcessingServer/temp/SAPDBJCI.CrystalReportsProcessingServer/common -orphanTimeout 63 -psChildEngine JRC-VIEW -lib procCR -initFileName /usr/sap/BJD/sap_bobj/data//CrystalReportsProcessingServer/temp/SAPDBJCI.CrystalReportsProcessingServer/child_JRC-VIEW1_18224/4730ba214a7e201 -isProcChild
bjeadm   20110 18289  0 May02 ?        01:48:33 /usr/sap/BJD/sap_bobj/enterprise_xi40/linux_x64/sapjvm/bin/../bin/java -server -d64 -Xmx858M -Dswfinjection.lang.directory=/usr/sap/BJD/sap_bobj/enterprise_xi40/java/lib/ -Dbusinessobjects.connectivity.directory=/usr/sap/BJD/sap_bobj/enterprise_xi40//dataAccess/connectionServer -Dcom.sap.vm.tag=xcproc_SAPDBJCI.DashboardsProcessingServer -Dbobj.enterprise.home=/usr/sap/BJD/sap_bobj/enterprise_xi40/ -Dcom.wily.introscope.agent.agentName=xcproc_SAPEBJCI.DashboardsProcessingServer_child_DSL1 -Dcom.wily.introscope.agentProfile=/usr/sap/BJD/sap_bobj/enterprise_xi40//java/wily/SAPDBJCI.DashboardsProcessingServer.profile -javaagent:/usr/sap/BJD/sap_bobj/enterprise_xi40//java/wily/Agent.jar -Dtracelog.process=xcproc_SAPEBJCI.DashboardsProcessingServer_child_DSL1 -Dbobj.logging=true -Dbusinessobjects.logs.home=/usr/sap/BJD/sap_bobj/logging/ -Dtracelog.logdir=/usr/sap/BJD/sap_bobj/logging/ -Dbusinessobjects.ns=SAPEBJCI.sap.lambweston.com:6400 -Dbusinessobjects.server.friendlyname=SAPDBJCI.DashboardsProcessingServer -Djava.net.preferIPv4Stack=false -Djava.awt.headless=true -XX:MaxMetaspaceSize=192m -Xloggc:/usr/sap/BJD/sap_bobj/logging//xcproc_SAPEBJCI.DashboardsProcessingServer_child_DSL1_gc.log -XX:+PrintGCTimeStamps -XX:+PrintGCDetails -XX:+HeapDumpOnOutOfMemoryError -XX:HeapDumpPath=/usr/sap/BJD/sap_bobj/logging/ -XX:+UseParallelOldGC -XX:LogGcMaxFileCount=3 -XX:LogGcMaxFileSize=5m -XX:+ExitVMOnOutOfMemoryError -XtraceFile=/usr/sap/BJD/sap_bobj/logging//xcproc_SAPEBJCI.DashboardsProcessingServer_child_DSL1_jvm_@PID.log -XX:ErrorFile=/usr/sap/BJD/sap_bobj/logging//xcproc_SAPEBJCI.DashboardsProcessingServer_child_DSL1_dump_@PID_@COUNT.log -XX:GCHistoryFilename=/usr/sap/BJD/sap_bobj/logging//xcproc_SAPEBJCI.DashboardsProcessingServer_child_DSL1_gc.prf com.businessobjects.ras21.servercore.servercontainer.ProcChildMain -loggingPath /usr/sap/BJD/sap_bobj/logging/ -documentType CrystalEnterprise.XL.Query -maxDesktops 0 -fg -restart -name SAPDBJCI.DashboardsProcessingServer -pidfile /usr/sap/BJD/sap_bobj/serverpids/SAPDBJCI_SAPEBJCI.DashboardsProcessingServer.pid -fips -ns SAPEBJCI.sap.lambweston.com:6400 -psChildName SAPDBJCI.DashboardsProcessingServer_child_DSL1 -psChildID DSL1 -psdir /usr/sap/BJD/sap_bobj/data//XcelsiusProcessingServer/temp/SAPDBJCI.DashboardsProcessingServer/child_DSL1_18289 -pscommondir /usr/sap/BJD/sap_bobj/data//XcelsiusProcessingServer/temp/SAPDBJCI.DashboardsProcessingServer/common -orphanTimeout 63 -psChildEngine DSL -lib XcelsiusServer -initFileName /usr/sap/BJD/sap_bobj/data//XcelsiusProcessingServer/temp/SAPDBJCI.DashboardsProcessingServer/child_DSL1_18289/4771ba214aafa11 -isProcChild
root     24679     2  0 14:39 ?        00:00:00 [kworker/u8:0-xfs-cil/dm-4]
ASP1033  24891     1  0 15:39 ?        00:00:00 /usr/lib/systemd/systemd --user
ASP1033  24919 24891  0 15:39 ?        00:00:00 (sd-pam)
ASP1033  24953 19477  0 15:39 ?        00:00:00 sshd: ASP1033@pts/0
ASP1033  24954 24953  0 15:39 pts/0    00:00:00 -bash
root     27414     2  0 15:36 ?        00:00:00 [kworker/0:2-events]
root     27691     2  0 15:40 ?        00:00:00 [kworker/1:0-xfs-sync/dm-3]
root     32293     2  0 15:37 ?        00:00:00 [kworker/3:0-mm_percpu_wq]
0

[31;43m***** Services; Chkconfig status; CPU/MEM/ *****[0m
amazon-ssm-agent.service               loaded active     running       amazon-ssm-agent                                                             
apparmor.service                       loaded failed     failed        Load AppArmor profiles                                                       
auditd.service                         loaded active     running       Security Auditing Service                                                    
aws-dataprovider.service               loaded active     running       AWS Data Provider for SAP                                                    
chronyd.service                        loaded active     running       NTP client/server                                                            
cloud-config.service                   loaded active     exited        Apply the settings specified in cloud-config                                 
cloud-final.service                    loaded active     exited        Execute cloud user/final scripts                                             
cloud-init-local.service               loaded active     exited        Initial cloud-init job (pre-networking)                                      
cloud-init.service                     loaded active     exited        Initial cloud-init job (metadata service crawler)                            
cloud-netconfig.service                loaded activating start   start Update cloud-netconfig Setup                                                 
cron.service                           loaded active     running       Command Scheduler                                                            
dbus.service                           loaded active     running       D-Bus System Message Bus                                                     
detect-part-label-duplicates.service   loaded active     exited        Detect if the system suffers from bsc#1089761                                
dracut-shutdown.service                loaded active     exited        Restore /run/initramfs on shutdown                                           
ds_agent.service                       loaded active     running       Trend Micro Deep Security Agent                                              
getty@tty1.service                     loaded active     running       Getty on tty1                                                                
haveged.service                        loaded active     running       Entropy Daemon based on the HAVEGE algorithm                                 
irqbalance.service                     loaded active     running       irqbalance daemon                                                            
iscsi.service                          loaded active     exited        Login and scanning of iSCSI devices                                          
jexec.service                          loaded active     exited        LSB: Supports the direct execution of binary formats.                        
kbdsettings.service                    loaded active     exited        Apply settings from /etc/sysconfig/keyboard                                  
klog.service                           loaded active     exited        Early Kernel Boot Messages                                                   
kmod-static-nodes.service              loaded active     exited        Create list of required static device nodes for the current kernel           
lvm2-monitor.service                   loaded active     exited        Monitoring of LVM2 mirrors, snapshots etc. using dmeventd or progress polling
lvm2-pvscan@259:1.service              loaded active     exited        LVM event activation on device 259:1                                         
lvm2-pvscan@259:2.service              loaded active     exited        LVM event activation on device 259:2                                         
lvm2-pvscan@259:4.service              loaded active     exited        LVM event activation on device 259:4                                         
lvm2-pvscan@259:5.service              loaded active     exited        LVM event activation on device 259:5                                         
lvm2-pvscan@259:7.service              loaded active     exited        LVM event activation on device 259:7                                         
lvm2-pvscan@259:8.service              loaded active     exited        LVM event activation on device 259:8                                         
lvm2-pvscan@259:9.service              loaded active     exited        LVM event activation on device 259:9                                         
nscd.service                           loaded active     running       Name Service Cache Daemon                                                    
rsyslog.service                        loaded active     running       System Logging Service                                                       
salt-minion.service                    loaded active     running       The Salt Minion                                                              
sapinit.service                        loaded active     exited        LSB: Start the sapstartsrv                                                   
saptune.service                        loaded active     exited        Optimise system for running SAP workloads                                    
serial-getty@ttyS0.service             loaded active     running       Serial Getty on ttyS0                                                        
splunk.service                         loaded active     running       SYSV: Splunk indexer service                                                 
sshd.service                           loaded active     running       OpenSSH Daemon                                                               
sssd.service                           loaded active     running       System Security Services Daemon                                              
sysstat.service                        loaded active     exited        Write information about system start to sysstat log                          
systemd-journal-catalog-update.service loaded active     exited        Rebuild Journal Catalog                                                      
systemd-journal-flush.service          loaded active     exited        Flush Journal to Persistent Storage                                          
systemd-journald.service               loaded active     running       Journal Service                                                              
systemd-logind.service                 loaded active     running       Login Service                                                                
systemd-modules-load.service           loaded active     exited        Load Kernel Modules                                                          
systemd-random-seed.service            loaded active     exited        Load/Save Random Seed                                                        
systemd-remount-fs.service             loaded active     exited        Remount Root and Kernel File Systems                                         
systemd-sysctl.service                 loaded active     exited        Apply Kernel Variables                                                       
systemd-tmpfiles-setup-dev.service     loaded active     exited        Create Static Device Nodes in /dev                                           
systemd-tmpfiles-setup.service         loaded active     exited        Create Volatile Files and Directories                                        
systemd-udev-settle.service            loaded active     exited        udev Wait for Complete Device Initialization                                 
systemd-udev-trigger.service           loaded active     exited        udev Coldplug all Devices                                                    
systemd-udevd.service                  loaded active     running       udev Kernel Device Manager                                                   
systemd-update-done.service            loaded active     exited        Update is Completed                                                          
systemd-update-utmp.service            loaded active     exited        Update UTMP about System Boot/Shutdown                                       
systemd-user-sessions.service          loaded active     exited        Permit User Sessions                                                         
systemd-vconsole-setup.service         loaded failed     failed        Setup Virtual Console                                                        
user-runtime-dir@1725029451.service    loaded active     exited        User Runtime Directory /run/user/1725029451                                  
user-runtime-dir@1725039485.service    loaded active     exited        User Runtime Directory /run/user/1725039485                                  
user-runtime-dir@1725056532.service    loaded active     exited        User Runtime Directory /run/user/1725056532                                  
user@1725029451.service                loaded active     running       User Manager for UID 1725029451                                              
user@1725039485.service                loaded active     running       User Manager for UID 1725039485                                              
user@1725056532.service                loaded active     running       User Manager for UID 1725056532                                              
uuidd.service                          loaded active     running       Daemon for generating UUIDs                                                  
wicked.service                         loaded active     exited        wicked managed network interfaces                                            
wickedd-auto4.service                  loaded active     running       wicked AutoIPv4 supplicant service                                           
wickedd-dhcp4.service                  loaded active     running       wicked DHCPv4 supplicant service                                             
wickedd-dhcp6.service                  loaded active     running       wicked DHCPv6 supplicant service                                             
wickedd-nanny.service                  loaded active     running       wicked network nanny service                                                 
wickedd.service                        loaded active     running       wicked network management service daemon                                     
jexec                     0:off  1:on   2:on   3:on   4:on   5:on   6:off
sapinit                   0:off  1:off  2:off  3:on   4:off  5:on   6:off
splunk                    0:off  1:off  2:on   3:on   4:off  5:on   6:off
processor	: 0
vendor_id	: GenuineIntel
cpu family	: 6
model		: 106
model name	: Intel(R) Xeon(R) Platinum 8375C CPU @ 2.90GHz
stepping	: 6
microcode	: 0xd000331
cpu MHz		: 3500.178
cache size	: 55296 KB
physical id	: 0
siblings	: 4
core id		: 0
cpu cores	: 2
apicid		: 0
initial apicid	: 0
fpu		: yes
fpu_exception	: yes
cpuid level	: 27
wp		: yes
flags		: fpu vme de pse tsc msr pae mce cx8 apic sep mtrr pge mca cmov pat pse36 clflush mmx fxsr sse sse2 ss ht syscall nx pdpe1gb rdtscp lm constant_tsc rep_good nopl xtopology nonstop_tsc cpuid aperfmperf tsc_known_freq pni pclmulqdq ssse3 fma cx16 pcid sse4_1 sse4_2 x2apic movbe popcnt tsc_deadline_timer aes xsave avx f16c rdrand hypervisor lahf_lm abm 3dnowprefetch invpcid_single ssbd ibrs ibpb stibp ibrs_enhanced fsgsbase tsc_adjust bmi1 avx2 smep bmi2 erms invpcid avx512f avx512dq rdseed adx smap avx512ifma clflushopt clwb avx512cd sha_ni avx512bw avx512vl xsaveopt xsavec xgetbv1 xsaves wbnoinvd ida arat avx512vbmi pku ospke avx512_vbmi2 gfni vaes vpclmulqdq avx512_vnni avx512_bitalg tme avx512_vpopcntdq rdpid md_clear flush_l1d arch_capabilities
bugs		: spectre_v1 spectre_v2 spec_store_bypass swapgs
bogomips	: 5799.94
clflush size	: 64
cache_alignment	: 64
address sizes	: 46 bits physical, 48 bits virtual
power management:

processor	: 1
vendor_id	: GenuineIntel
cpu family	: 6
model		: 106
model name	: Intel(R) Xeon(R) Platinum 8375C CPU @ 2.90GHz
stepping	: 6
microcode	: 0xd000331
cpu MHz		: 3500.034
cache size	: 55296 KB
physical id	: 0
siblings	: 4
core id		: 1
cpu cores	: 2
apicid		: 2
initial apicid	: 2
fpu		: yes
fpu_exception	: yes
cpuid level	: 27
wp		: yes
flags		: fpu vme de pse tsc msr pae mce cx8 apic sep mtrr pge mca cmov pat pse36 clflush mmx fxsr sse sse2 ss ht syscall nx pdpe1gb rdtscp lm constant_tsc rep_good nopl xtopology nonstop_tsc cpuid aperfmperf tsc_known_freq pni pclmulqdq ssse3 fma cx16 pcid sse4_1 sse4_2 x2apic movbe popcnt tsc_deadline_timer aes xsave avx f16c rdrand hypervisor lahf_lm abm 3dnowprefetch invpcid_single ssbd ibrs ibpb stibp ibrs_enhanced fsgsbase tsc_adjust bmi1 avx2 smep bmi2 erms invpcid avx512f avx512dq rdseed adx smap avx512ifma clflushopt clwb avx512cd sha_ni avx512bw avx512vl xsaveopt xsavec xgetbv1 xsaves wbnoinvd ida arat avx512vbmi pku ospke avx512_vbmi2 gfni vaes vpclmulqdq avx512_vnni avx512_bitalg tme avx512_vpopcntdq rdpid md_clear flush_l1d arch_capabilities
bugs		: spectre_v1 spectre_v2 spec_store_bypass swapgs
bogomips	: 5799.94
clflush size	: 64
cache_alignment	: 64
address sizes	: 46 bits physical, 48 bits virtual
power management:

processor	: 2
vendor_id	: GenuineIntel
cpu family	: 6
model		: 106
model name	: Intel(R) Xeon(R) Platinum 8375C CPU @ 2.90GHz
stepping	: 6
microcode	: 0xd000331
cpu MHz		: 3500.167
cache size	: 55296 KB
physical id	: 0
siblings	: 4
core id		: 0
cpu cores	: 2
apicid		: 1
initial apicid	: 1
fpu		: yes
fpu_exception	: yes
cpuid level	: 27
wp		: yes
flags		: fpu vme de pse tsc msr pae mce cx8 apic sep mtrr pge mca cmov pat pse36 clflush mmx fxsr sse sse2 ss ht syscall nx pdpe1gb rdtscp lm constant_tsc rep_good nopl xtopology nonstop_tsc cpuid aperfmperf tsc_known_freq pni pclmulqdq ssse3 fma cx16 pcid sse4_1 sse4_2 x2apic movbe popcnt tsc_deadline_timer aes xsave avx f16c rdrand hypervisor lahf_lm abm 3dnowprefetch invpcid_single ssbd ibrs ibpb stibp ibrs_enhanced fsgsbase tsc_adjust bmi1 avx2 smep bmi2 erms invpcid avx512f avx512dq rdseed adx smap avx512ifma clflushopt clwb avx512cd sha_ni avx512bw avx512vl xsaveopt xsavec xgetbv1 xsaves wbnoinvd ida arat avx512vbmi pku ospke avx512_vbmi2 gfni vaes vpclmulqdq avx512_vnni avx512_bitalg tme avx512_vpopcntdq rdpid md_clear flush_l1d arch_capabilities
bugs		: spectre_v1 spectre_v2 spec_store_bypass swapgs
bogomips	: 5799.94
clflush size	: 64
cache_alignment	: 64
address sizes	: 46 bits physical, 48 bits virtual
power management:

processor	: 3
vendor_id	: GenuineIntel
cpu family	: 6
model		: 106
model name	: Intel(R) Xeon(R) Platinum 8375C CPU @ 2.90GHz
stepping	: 6
microcode	: 0xd000331
cpu MHz		: 3500.448
cache size	: 55296 KB
physical id	: 0
siblings	: 4
core id		: 1
cpu cores	: 2
apicid		: 3
initial apicid	: 3
fpu		: yes
fpu_exception	: yes
cpuid level	: 27
wp		: yes
flags		: fpu vme de pse tsc msr pae mce cx8 apic sep mtrr pge mca cmov pat pse36 clflush mmx fxsr sse sse2 ss ht syscall nx pdpe1gb rdtscp lm constant_tsc rep_good nopl xtopology nonstop_tsc cpuid aperfmperf tsc_known_freq pni pclmulqdq ssse3 fma cx16 pcid sse4_1 sse4_2 x2apic movbe popcnt tsc_deadline_timer aes xsave avx f16c rdrand hypervisor lahf_lm abm 3dnowprefetch invpcid_single ssbd ibrs ibpb stibp ibrs_enhanced fsgsbase tsc_adjust bmi1 avx2 smep bmi2 erms invpcid avx512f avx512dq rdseed adx smap avx512ifma clflushopt clwb avx512cd sha_ni avx512bw avx512vl xsaveopt xsavec xgetbv1 xsaves wbnoinvd ida arat avx512vbmi pku ospke avx512_vbmi2 gfni vaes vpclmulqdq avx512_vnni avx512_bitalg tme avx512_vpopcntdq rdpid md_clear flush_l1d arch_capabilities
bugs		: spectre_v1 spectre_v2 spec_store_bypass swapgs
bogomips	: 5799.94
clflush size	: 64
cache_alignment	: 64
address sizes	: 46 bits physical, 48 bits virtual
power management:

MemTotal:       16113732 kB
MemFree:          844828 kB
MemAvailable:    5884560 kB
Buffers:            1164 kB
Cached:          4182492 kB
SwapCached:         1632 kB
Active:         11320440 kB
Inactive:        1794304 kB
Active(anon):    7923664 kB
Inactive(anon):  1009972 kB
Active(file):    3396776 kB
Inactive(file):   784332 kB
Unevictable:          80 kB
Mlocked:              80 kB
SwapTotal:      33554428 kB
SwapFree:       33551612 kB
Dirty:               236 kB
Writeback:             0 kB
AnonPages:       8763932 kB
Mapped:           458556 kB
Shmem:              2528 kB
KReclaimable:    1220188 kB
Slab:            1411820 kB
SReclaimable:    1220188 kB
SUnreclaim:       191632 kB
KernelStack:       32436 kB
PageTables:        42260 kB
NFS_Unstable:          0 kB
Bounce:                0 kB
WritebackTmp:          0 kB
CommitLimit:    41611292 kB
Committed_AS:    9817136 kB
VmallocTotal:   34359738367 kB
VmallocUsed:       81796 kB
VmallocChunk:          0 kB
Percpu:             1328 kB
HardwareCorrupted:     0 kB
AnonHugePages:   7079936 kB
ShmemHugePages:        0 kB
ShmemPmdMapped:        0 kB
HugePages_Total:       0
HugePages_Free:        0
HugePages_Rsvd:        0
HugePages_Surp:        0
Hugepagesize:       2048 kB
Hugetlb:               0 kB
DirectMap4k:      546724 kB
DirectMap2M:    15951872 kB
DirectMap1G:           0 kB
  --- Physical volume ---
  PV Name               /dev/nvme5n1
  VG Name               usr_sap
  PV Size               10.00 GiB / not usable 4.00 MiB
  Allocatable           yes (but full)
  PE Size               4.00 MiB
  Total PE              2559
  Free PE               0
  Allocated PE          2559
  PV UUID               AdYpbN-efCI-PMMN-jfMJ-LYmc-9NpT-Cg8kVz
   
  --- Physical volume ---
  PV Name               /dev/nvme6n1
  VG Name               var_tmp
  PV Size               20.00 GiB / not usable 4.00 MiB
  Allocatable           yes (but full)
  PE Size               4.00 MiB
  Total PE              5119
  Free PE               0
  Allocated PE          5119
  PV UUID               wAmJXj-FDD4-1hDY-0cXx-ttd6-kjwY-T43elR
   
  --- Physical volume ---
  PV Name               /dev/nvme8n1
  VG Name               home
  PV Size               20.00 GiB / not usable 4.00 MiB
  Allocatable           yes (but full)
  PE Size               4.00 MiB
  Total PE              5119
  Free PE               0
  Allocated PE          5119
  PV UUID               pig3UV-Jedo-yWMq-HoAG-aoTj-dTOU-qua6zR
   
  --- Physical volume ---
  PV Name               /dev/nvme4n1
  VG Name               var_log_audit
  PV Size               20.00 GiB / not usable 4.00 MiB
  Allocatable           yes (but full)
  PE Size               4.00 MiB
  Total PE              5119
  Free PE               0
  Allocated PE          5119
  PV UUID               fFbILu-X1ae-47uY-0y6N-QiKX-tY7n-f12XjZ
   
  --- Physical volume ---
  PV Name               /dev/nvme3n1
  VG Name               usr_sap_BJE
  PV Size               100.00 GiB / not usable 4.00 MiB
  Allocatable           yes (but full)
  PE Size               4.00 MiB
  Total PE              25599
  Free PE               0
  Allocated PE          25599
  PV UUID               U3xXgK-B1jT-15pl-h0TI-GAjo-nnzV-zoN4zJ
   
  --- Physical volume ---
  PV Name               /dev/nvme1n1
  VG Name               var_log
  PV Size               20.00 GiB / not usable 4.00 MiB
  Allocatable           yes (but full)
  PE Size               4.00 MiB
  Total PE              5119
  Free PE               0
  Allocated PE          5119
  PV UUID               pPWtxo-n2mn-8jmD-yXFA-gDeP-DPcD-3L01k5
   
  --- Physical volume ---
  PV Name               /dev/nvme2n1
  VG Name               var
  PV Size               20.00 GiB / not usable 4.00 MiB
  Allocatable           yes (but full)
  PE Size               4.00 MiB
  Total PE              5119
  Free PE               0
  Allocated PE          5119
  PV UUID               63sbrD-ImMU-iTaT-4Skc-Hke8-DpQ1-6II0cy
   
  --- Volume group ---
  VG Name               usr_sap
  System ID             
  Format                lvm2
  Metadata Areas        1
  Metadata Sequence No  4
  VG Access             read/write
  VG Status             resizable
  MAX LV                0
  Cur LV                1
  Open LV               1
  Max PV                0
  Cur PV                1
  Act PV                1
  VG Size               10.00 GiB
  PE Size               4.00 MiB
  Total PE              2559
  Alloc PE / Size       2559 / 10.00 GiB
  Free  PE / Size       0 / 0   
  VG UUID               IqWPDm-waaS-uZ9g-UD34-ZBdJ-xnpg-lSf12u
   
  --- Volume group ---
  VG Name               var_tmp
  System ID             
  Format                lvm2
  Metadata Areas        1
  Metadata Sequence No  2
  VG Access             read/write
  VG Status             resizable
  MAX LV                0
  Cur LV                1
  Open LV               1
  Max PV                0
  Cur PV                1
  Act PV                1
  VG Size               20.00 GiB
  PE Size               4.00 MiB
  Total PE              5119
  Alloc PE / Size       5119 / 20.00 GiB
  Free  PE / Size       0 / 0   
  VG UUID               DY1r39-ALrk-5neb-k21V-I3Kv-PWIn-6KgY9v
   
  --- Volume group ---
  VG Name               home
  System ID             
  Format                lvm2
  Metadata Areas        1
  Metadata Sequence No  2
  VG Access             read/write
  VG Status             resizable
  MAX LV                0
  Cur LV                1
  Open LV               1
  Max PV                0
  Cur PV                1
  Act PV                1
  VG Size               20.00 GiB
  PE Size               4.00 MiB
  Total PE              5119
  Alloc PE / Size       5119 / 20.00 GiB
  Free  PE / Size       0 / 0   
  VG UUID               YTrIbR-cquE-c3Cb-62Y2-UQ2T-0H3V-47rrag
   
  --- Volume group ---
  VG Name               var_log_audit
  System ID             
  Format                lvm2
  Metadata Areas        1
  Metadata Sequence No  2
  VG Access             read/write
  VG Status             resizable
  MAX LV                0
  Cur LV                1
  Open LV               1
  Max PV                0
  Cur PV                1
  Act PV                1
  VG Size               20.00 GiB
  PE Size               4.00 MiB
  Total PE              5119
  Alloc PE / Size       5119 / 20.00 GiB
  Free  PE / Size       0 / 0   
  VG UUID               Vi7osb-o8S2-udqT-hxjH-L5O9-qNz5-kU30ic
   
  --- Volume group ---
  VG Name               usr_sap_BJE
  System ID             
  Format                lvm2
  Metadata Areas        1
  Metadata Sequence No  7
  VG Access             read/write
  VG Status             resizable
  MAX LV                0
  Cur LV                1
  Open LV               1
  Max PV                0
  Cur PV                1
  Act PV                1
  VG Size               100.00 GiB
  PE Size               4.00 MiB
  Total PE              25599
  Alloc PE / Size       25599 / 100.00 GiB
  Free  PE / Size       0 / 0   
  VG UUID               QW8D8u-zxw7-RCpN-W72i-VFP9-70BX-BqXeMX
   
  --- Volume group ---
  VG Name               var_log
  System ID             
  Format                lvm2
  Metadata Areas        1
  Metadata Sequence No  2
  VG Access             read/write
  VG Status             resizable
  MAX LV                0
  Cur LV                1
  Open LV               1
  Max PV                0
  Cur PV                1
  Act PV                1
  VG Size               20.00 GiB
  PE Size               4.00 MiB
  Total PE              5119
  Alloc PE / Size       5119 / 20.00 GiB
  Free  PE / Size       0 / 0   
  VG UUID               VYgLPa-Ew9e-nV2D-dKWv-eTLs-0YOf-cTTmKj
   
  --- Volume group ---
  VG Name               var
  System ID             
  Format                lvm2
  Metadata Areas        1
  Metadata Sequence No  2
  VG Access             read/write
  VG Status             resizable
  MAX LV                0
  Cur LV                1
  Open LV               1
  Max PV                0
  Cur PV                1
  Act PV                1
  VG Size               20.00 GiB
  PE Size               4.00 MiB
  Total PE              5119
  Alloc PE / Size       5119 / 20.00 GiB
  Free  PE / Size       0 / 0   
  VG UUID               MXqznG-i92M-pWxy-zuQr-GBYO-fmZW-Cm4RKX
   
  --- Logical volume ---
  LV Path                /dev/usr_sap/usr_sap
  LV Name                usr_sap
  VG Name                usr_sap
  LV UUID                P96700-bhBd-TuGa-kzGn-msZi-c6tD-wxtnYc
  LV Write Access        read/write
  LV Creation host, time SAPDBJCI, 2019-08-13 11:53:43 +0000
  LV Status              available
  # open                 1
  LV Size                10.00 GiB
  Current LE             2559
  Segments               1
  Allocation             inherit
  Read ahead sectors     auto
  - currently set to     1024
  Block device           254:6
   
  --- Logical volume ---
  LV Path                /dev/var_tmp/var_tmp
  LV Name                var_tmp
  VG Name                var_tmp
  LV UUID                vk8uvW-9KER-wNS6-arqT-59kj-2edF-emqBcg
  LV Write Access        read/write
  LV Creation host, time SAPXS4CIPA, 2022-01-31 11:44:13 +0000
  LV Status              available
  # open                 1
  LV Size                20.00 GiB
  Current LE             5119
  Segments               1
  Allocation             inherit
  Read ahead sectors     auto
  - currently set to     1024
  Block device           254:3
   
  --- Logical volume ---
  LV Path                /dev/home/home
  LV Name                home
  VG Name                home
  LV UUID                CR8tUs-pTAr-aoj7-C2eP-7JJN-lROj-LwE2PR
  LV Write Access        read/write
  LV Creation host, time SAPXS4CIPA, 2022-01-31 11:31:59 +0000
  LV Status              available
  # open                 1
  LV Size                20.00 GiB
  Current LE             5119
  Segments               1
  Allocation             inherit
  Read ahead sectors     auto
  - currently set to     1024
  Block device           254:4
   
  --- Logical volume ---
  LV Path                /dev/var_log_audit/var_log_audit
  LV Name                var_log_audit
  VG Name                var_log_audit
  LV UUID                h0eafH-iwFv-ppd0-OvTJ-3hgw-PVVA-RbQpqb
  LV Write Access        read/write
  LV Creation host, time SAPXS4CIPA, 2022-01-31 11:52:55 +0000
  LV Status              available
  # open                 1
  LV Size                20.00 GiB
  Current LE             5119
  Segments               1
  Allocation             inherit
  Read ahead sectors     auto
  - currently set to     1024
  Block device           254:2
   
  --- Logical volume ---
  LV Path                /dev/usr_sap_BJE/usr_sap_BJE
  LV Name                usr_sap_BJE
  VG Name                usr_sap_BJE
  LV UUID                42WiPz-Zecj-qTxc-iWDD-QGYx-PA9d-ec3kPu
  LV Write Access        read/write
  LV Creation host, time SAPDBJCI, 2019-08-13 11:54:17 +0000
  LV Status              available
  # open                 1
  LV Size                100.00 GiB
  Current LE             25599
  Segments               1
  Allocation             inherit
  Read ahead sectors     auto
  - currently set to     1024
  Block device           254:1
   
  --- Logical volume ---
  LV Path                /dev/var_log/var_log
  LV Name                var_log
  VG Name                var_log
  LV UUID                FIsO0o-wyeB-d30k-S5Ap-0HvR-9L7p-0Oepp3
  LV Write Access        read/write
  LV Creation host, time SAPEBJCI, 2022-05-02 10:39:49 +0000
  LV Status              available
  # open                 1
  LV Size                20.00 GiB
  Current LE             5119
  Segments               1
  Allocation             inherit
  Read ahead sectors     auto
  - currently set to     1024
  Block device           254:5
   
  --- Logical volume ---
  LV Path                /dev/var/var
  LV Name                var
  VG Name                var
  LV UUID                bldSeY-ZBv5-oXdG-Euwj-eSX8-BZna-wGqyE6
  LV Write Access        read/write
  LV Creation host, time SAPEBJCI, 2022-05-02 10:35:47 +0000
  LV Status              available
  # open                 1
  LV Size                20.00 GiB
  Current LE             5119
  Segments               1
  Allocation             inherit
  Read ahead sectors     auto
  - currently set to     1024
  Block device           254:0
   
              total        used        free      shared  buff/cache   available
Mem:          15736        9633         825           2        5277        5747
Swap:         32767           2       32765

[31;43m***** NTPD status *****[0m
● ntpd.service - NTP Server Daemon
   Loaded: loaded (/usr/lib/systemd/system/ntpd.service; disabled; vendor preset: disabled)
  Drop-In: /run/systemd/generator/ntpd.service.d
           └─50-insserv.conf-$time.conf
   Active: inactive (dead)
     Docs: man:ntpd(1)

******************************************
SAPEBJCI
5.3.18-24.67-default
NAME="SLES"
VERSION="15-SP2"
VERSION_ID="15.2"
PRETTY_NAME="SUSE Linux Enterprise Server 15 SP2"
ID="sles"
ID_LIKE="suse"
ANSI_COLOR="0;32"
CPE_NAME="cpe:/o:suse:sles:15:sp2"
VARIANT_ID="sles-sap"
 15:42:19  up 10 days  4:56,  1 user,  load average: 0.48, 0.46, 0.38
################################################################################
## /etc/ntp.conf
##
## Sample NTP configuration file.
## See package 'ntp-doc' for documentation, Mini-HOWTO and FAQ.
## Copyright (c) 1998 S.u.S.E. GmbH Fuerth, Germany.
##
## Author: Michael Andres,  <ma@suse.de>
##         Michael Skibbe,  <mskibbe@suse.de>
##
################################################################################

##
## Radio and modem clocks by convention have addresses in the 
## form 127.127.t.u, where t is the clock type and u is a unit 
## number in the range 0-3. 
##
## Most of these clocks require support in the form of a 
## serial port or special bus peripheral. The particular  
## device is normally specified by adding a soft link 
## /dev/device-u to the particular hardware device involved, 
## where u correspond to the unit number above. 
## 
## Generic DCF77 clock on serial port (Conrad DCF77)
## Address:     127.127.8.u
## Serial Port: /dev/refclock-u
##  
## (create soft link /dev/refclock-0 to the particular ttyS?)
##
# server 127.127.8.0 mode 5 prefer

##
## Undisciplined Local Clock. This is a fake driver intended for backup
## and when no outside source of synchronized time is available.
##
# server 127.127.1.0		# local clock (LCL)
# fudge  127.127.1.0 stratum 10	# LCL is unsynchronized

##
## Add external Servers using
## # rcntpd addserver <yourserver>
## The servers will only be added to the currently running instance, not
## to /etc/ntp.conf.
##

# Access control configuration; see /usr/share/doc/packages/ntp/html/accopt.html for
# details.  The web page <http://support.ntp.org/bin/view/Support/AccessRestrictions>
# might also be helpful.
#
# Note that "restrict" applies to both servers and clients, so a configuration
# that might be intended to block requests from certain clients could also end
# up blocking replies from your own upstream servers.

# By default, exchange time with everybody, but don't allow configuration.
restrict -4 default notrap nomodify nopeer noquery
restrict -6 default notrap nomodify nopeer noquery

# Local users may interrogate the ntp server more closely.
restrict 127.0.0.1
restrict ::1

# Clients from this (example!) subnet have unlimited access, but only if
# cryptographically authenticated.
#restrict 192.168.123.0 mask 255.255.255.0 notrust

##
## Miscellaneous stuff
##

driftfile /var/lib/ntp/drift/ntp.drift # path for drift file

logfile   /var/log/ntp		# alternate log file
# logconfig =syncstatus + sysevents
# logconfig =all

# statsdir /var/log/ntpstats/		# directory for statistics files
# filegen peerstats  file peerstats  type day enable
# filegen loopstats  file loopstats  type day enable
# filegen clockstats file clockstats type day enable

#
# Authentication stuff
#
keys /etc/ntp.keys		# path for keys file
trustedkey 1 # define trusted keys
requestkey 1			# key (7) for accessing server variables
controlkey 1			# key (6) for accessing server variables

server 172.30.144.243 ibrust
server 172.30.144.244 ibrust
python3-apparmor-2.13.4-3.11.1.x86_64         Fri Apr 22 13:46:46 2022
perl-apparmor-2.13.4-3.11.1.x86_64            Fri Apr 22 13:46:46 2022
libapparmor1-2.13.4-3.11.1.x86_64             Fri Apr 22 13:46:46 2022
apparmor-utils-lang-2.13.4-3.11.1.noarch      Fri Apr 22 13:46:46 2022
apparmor-utils-2.13.4-3.11.1.noarch           Fri Apr 22 13:46:46 2022
aaa_base-84.87+git20180409.04c9dae-3.52.1.x86_64 Fri Apr 22 13:44:12 2022
python3-pip-20.0.2-6.15.1.noarch              Fri Apr 22 13:44:09 2022
python3-dbm-3.6.15-3.91.4.x86_64              Fri Apr 22 13:44:09 2022
python3-curses-3.6.15-3.91.4.x86_64           Fri Apr 22 13:44:09 2022
python3-3.6.15-3.91.4.x86_64                  Fri Apr 22 13:44:09 2022
python3-base-3.6.15-3.91.3.x86_64             Fri Apr 22 13:44:08 2022
shared-python-startup-0.1-1.5.1.noarch        Fri Apr 22 13:44:07 2022
libpython3_6m1_0-3.6.15-3.91.3.x86_64         Fri Apr 22 13:44:07 2022
polkit-0.116-3.6.1.x86_64                     Fri Apr 22 13:44:03 2022
libpolkit0-0.116-3.6.1.x86_64                 Fri Apr 22 13:44:03 2022
samba-python3-4.11.14+git.319.91d693db37c-4.35.1.x86_64 Fri Apr 22 13:44:01 2022
libsamba-policy0-python3-4.11.14+git.319.91d693db37c-4.35.1.x86_64 Fri Apr 22 13:44:00 2022
samba-client-4.11.14+git.319.91d693db37c-4.35.1.x86_64 Fri Apr 22 13:43:59 2022
samba-4.11.14+git.319.91d693db37c-4.35.1.x86_64 Fri Apr 22 13:43:59 2022
libsmbclient0-4.11.14+git.319.91d693db37c-4.35.1.x86_64 Fri Apr 22 13:43:59 2022
samba-libs-python3-4.11.14+git.319.91d693db37c-4.35.1.x86_64 Fri Apr 22 13:43:58 2022
libsmbldap2-4.11.14+git.319.91d693db37c-4.35.1.x86_64 Fri Apr 22 13:43:58 2022
libsamba-passdb0-4.11.14+git.319.91d693db37c-4.35.1.x86_64 Fri Apr 22 13:43:58 2022
libnetapi0-4.11.14+git.319.91d693db37c-4.35.1.x86_64 Fri Apr 22 13:43:58 2022
libndr-krb5pac0-4.11.14+git.319.91d693db37c-4.35.1.x86_64 Fri Apr 22 13:43:58 2022
libdcerpc0-4.11.14+git.319.91d693db37c-4.35.1.x86_64 Fri Apr 22 13:43:58 2022
ctdb-4.11.14+git.319.91d693db37c-4.35.1.x86_64 Fri Apr 22 13:43:58 2022
libwbclient0-4.11.14+git.319.91d693db37c-4.35.1.x86_64 Fri Apr 22 13:43:57 2022
libsmbconf0-4.11.14+git.319.91d693db37c-4.35.1.x86_64 Fri Apr 22 13:43:57 2022
libsamdb0-4.11.14+git.319.91d693db37c-4.35.1.x86_64 Fri Apr 22 13:43:57 2022
libsamba-util0-4.11.14+git.319.91d693db37c-4.35.1.x86_64 Fri Apr 22 13:43:57 2022
libsamba-hostconfig0-4.11.14+git.319.91d693db37c-4.35.1.x86_64 Fri Apr 22 13:43:57 2022
libsamba-credentials0-4.11.14+git.319.91d693db37c-4.35.1.x86_64 Fri Apr 22 13:43:57 2022
libndr0-4.11.14+git.319.91d693db37c-4.35.1.x86_64 Fri Apr 22 13:43:57 2022
libndr-standard0-4.11.14+git.319.91d693db37c-4.35.1.x86_64 Fri Apr 22 13:43:57 2022
libndr-nbt0-4.11.14+git.319.91d693db37c-4.35.1.x86_64 Fri Apr 22 13:43:57 2022
libdcerpc-binding0-4.11.14+git.319.91d693db37c-4.35.1.x86_64 Fri Apr 22 13:43:57 2022
samba-libs-4.11.14+git.319.91d693db37c-4.35.1.x86_64 Fri Apr 22 13:43:56 2022
libtevent-util0-4.11.14+git.319.91d693db37c-4.35.1.x86_64 Fri Apr 22 13:43:56 2022
bind-9.16.6-150000.12.60.1.x86_64             Fri Apr 22 13:43:52 2022
libhogweed4-3.4.1-4.18.1.x86_64               Fri Apr 22 13:43:49 2022
libnettle6-3.4.1-4.18.1.x86_64                Fri Apr 22 13:43:47 2022
dump-rmt-0.4b46-1.31.x86_64                   Fri Apr 22 13:43:44 2022
cpio-mt-2.12-3.9.1.x86_64                     Fri Apr 22 13:43:44 2022
cpio-lang-2.12-3.9.1.noarch                   Fri Apr 22 13:43:44 2022
cpio-2.12-3.9.1.x86_64                        Fri Apr 22 13:43:44 2022
libcares2-1.17.1+20200724-3.17.1.x86_64       Fri Apr 22 13:43:41 2022
libesmtp-1.0.6-150.4.1.x86_64                 Fri Apr 22 13:43:38 2022
ruby2.5-2.5.9-4.20.1.x86_64                   Fri Apr 22 13:43:36 2022
mozilla-nss-3.68.3-150000.3.67.1.x86_64       Fri Apr 22 13:43:33 2022
libsoftokn3-hmac-3.68.3-150000.3.67.1.x86_64  Fri Apr 22 13:43:33 2022
libsoftokn3-3.68.3-150000.3.67.1.x86_64       Fri Apr 22 13:43:33 2022
libfreebl3-hmac-3.68.3-150000.3.67.1.x86_64   Fri Apr 22 13:43:33 2022
libfreebl3-3.68.3-150000.3.67.1.x86_64        Fri Apr 22 13:43:33 2022
mozilla-nspr-4.32-3.20.1.x86_64               Fri Apr 22 13:43:32 2022
p11-kit-0.23.2-4.13.1.x86_64                  Fri Apr 22 13:43:30 2022
libjson-c3-0.13-3.3.1.x86_64                  Fri Apr 22 13:43:25 2022
libtiff5-4.0.9-45.5.1.x86_64                  Fri Apr 22 13:43:22 2022
python3-Twisted-19.10.0-3.6.1.x86_64          Fri Apr 22 13:43:18 2022
cyrus-sasl-2.1.26-5.10.1.x86_64               Fri Apr 22 13:43:13 2022
zsh-5.6-7.5.1.x86_64                          Fri Apr 22 13:43:11 2022
tcpdump-4.9.2-3.18.1.x86_64                   Fri Apr 22 13:43:07 2022
python3-lxml-4.7.1-3.7.1.x86_64               Fri Apr 22 13:43:05 2022
libqt5-qtimageformats-5.12.7-1.50.x86_64      Fri Apr 22 13:43:02 2022
libQt5Widgets5-5.12.7-4.17.1.x86_64           Fri Apr 22 13:43:02 2022
libQt5Svg5-5.12.7-3.3.1.x86_64                Fri Apr 22 13:43:02 2022
libQt5Gui5-5.12.7-4.17.1.x86_64               Fri Apr 22 13:43:02 2022
libqt5-qttranslations-5.12.7-1.53.x86_64      Fri Apr 22 13:43:01 2022
libmng2-2.0.3-1.39.x86_64                     Fri Apr 22 13:43:01 2022
libjasper4-2.0.14-3.19.1.x86_64               Fri Apr 22 13:43:01 2022
libQt5Network5-5.12.7-4.17.1.x86_64           Fri Apr 22 13:43:01 2022
libQt5DBus5-5.12.7-4.17.1.x86_64              Fri Apr 22 13:43:01 2022
libQt5Core5-5.12.7-4.17.1.x86_64              Fri Apr 22 13:43:01 2022
libwebpdemux2-1.0.3-1.62.x86_64               Fri Apr 22 13:43:00 2022
liblcms2-2-2.9-3.3.1.x86_64                   Fri Apr 22 13:43:00 2022
net-snmp-5.7.3-10.12.1.x86_64                 Fri Apr 22 13:42:56 2022
binutils-2.37-7.26.1.x86_64                   Fri Apr 22 13:42:53 2022
libctf0-2.37-7.26.1.x86_64                    Fri Apr 22 13:42:52 2022
libctf-nobfd0-2.37-7.26.1.x86_64              Fri Apr 22 13:42:52 2022
libz1-1.2.11-150000.3.30.1.x86_64             Fri Apr 22 13:42:49 2022
vim-data-8.0.1568-5.17.1.noarch               Fri Apr 22 13:42:46 2022
vim-8.0.1568-5.17.1.x86_64                    Fri Apr 22 13:42:46 2022
vim-data-common-8.0.1568-5.17.1.noarch        Fri Apr 22 13:42:45 2022
glibc-extra-2.26-13.65.1.x86_64               Fri Apr 22 13:42:40 2022
glibc-2.26-13.65.1.x86_64                     Fri Apr 22 13:42:36 2022
expat-2.2.5-3.19.1.x86_64                     Fri Apr 22 13:42:33 2022
aide-0.16-24.1.x86_64                         Thu Apr 14 10:11:39 2022
sqlite3-3.36.0-3.12.1.x86_64                  Thu Apr  7 12:01:35 2022
systemd-sysvinit-234-24.108.1.x86_64          Wed Mar 30 11:51:59 2022
udev-234-24.108.1.x86_64                      Wed Mar 30 11:51:58 2022
systemd-bash-completion-234-24.108.1.noarch   Wed Mar 30 11:51:56 2022
systemd-234-24.108.1.x86_64                   Wed Mar 30 11:51:56 2022
grub2-systemd-sleep-plugin-2.04-9.52.3.noarch Wed Mar 30 11:51:56 2022
bash-completion-2.7-4.6.1.noarch              Wed Mar 30 11:51:56 2022
libnettle4-2.7.1-13.6.1.x86_64                Wed Mar 23 14:52:29 2022
chrony-4.1-5.9.1.x86_64                       Wed Mar 23 14:52:29 2022
aws-sap-dataprovider-standalone-4.1-0.amzn2.x86_64 Mon Mar 21 10:32:38 2022
jre1.8-1.8.0_321-fcs.x86_64                   Mon Mar 21 10:32:30 2022
zypper-1.14.51-27.1.x86_64                    Fri Mar 18 12:49:13 2022
libzypp-17.29.4-31.1.x86_64                   Fri Mar 18 12:49:09 2022
openssh-8.1p1-5.21.1.x86_64                   Fri Mar 18 12:43:11 2022
xdg-utils-20170508-3.2.noarch                 Sun Jan 16 13:05:12 2022
hwdata-0.353-3.36.1.noarch                    Sun Jan 16 13:05:11 2022
SUSEConnect-0.3.32-3.40.1.x86_64              Sun Jan 16 12:12:56 2022
zypper-search-packages-plugin-0.7-5.35.noarch Wed Jan 12 14:34:09 2022
zypper-needs-restarting-1.14.50-21.1.noarch   Wed Jan 12 14:34:09 2022
zypper-lifecycle-plugin-0.6.1490613702.a925823-2.43.noarch Wed Jan 12 14:34:09 2022
lifecycle-data-sle-module-server-applications-1-5.4.1.x86_64 Wed Jan 12 14:34:09 2022
lifecycle-data-sle-module-development-tools-1-3.10.1.noarch Wed Jan 12 14:34:09 2022
lifecycle-data-sle-module-desktop-applications-1-5.4.1.x86_64 Wed Jan 12 14:34:09 2022
zypper-log-1.14.50-21.1.noarch                Wed Jan 12 14:34:08 2022
lifecycle-data-sle-module-basesystem-2-8.4.1.x86_64 Wed Jan 12 14:34:08 2022
libsolv-tools-0.7.20-9.2.x86_64               Wed Jan 12 14:34:08 2022
libprotobuf-lite20-3.9.2-4.9.1.x86_64         Wed Jan 12 14:34:08 2022
salt-minion-3002.2-52.1.x86_64                Wed Jan 12 14:33:35 2022
salt-3002.2-52.1.x86_64                       Wed Jan 12 14:33:35 2022
python3-salt-3002.2-52.1.x86_64               Wed Jan 12 14:33:35 2022
python3-tornado-4.5.3-3.3.1.x86_64            Wed Jan 12 14:33:33 2022
python3-pyzmq-17.1.2-3.3.1.x86_64             Wed Jan 12 14:33:33 2022
supportutils-plugin-salt-1.1.5-3.3.1.noarch   Wed Jan 12 14:33:32 2022
python3-zope.interface-4.4.2-3.2.1.x86_64     Wed Jan 12 14:33:32 2022
python3-service_identity-18.1.0-3.2.1.noarch  Wed Jan 12 14:33:32 2022
python3-pyinotify-0.9.6-4.5.1.noarch          Wed Jan 12 14:33:32 2022
python3-pyOpenSSL-17.5.0-8.3.1.noarch         Wed Jan 12 14:33:32 2022
python3-numpy-1.17.3-4.11.1.x86_64            Wed Jan 12 14:33:32 2022
python3-incremental-17.5.0-3.2.1.noarch       Wed Jan 12 14:33:32 2022
python3-hyperlink-17.2.1-3.2.1.noarch         Wed Jan 12 14:33:32 2022
python3-hyperframe-5.2.0-3.2.1.noarch         Wed Jan 12 14:33:32 2022
python3-hpack-3.0.0-3.2.1.noarch              Wed Jan 12 14:33:32 2022
python3-h2-3.2.0-3.2.2.noarch                 Wed Jan 12 14:33:32 2022
python3-gevent-1.2.2-3.26.x86_64              Wed Jan 12 14:33:32 2022
python3-distro-1.5.0-3.5.1.noarch             Wed Jan 12 14:33:32 2022
python3-constantly-15.1.0-3.2.1.noarch        Wed Jan 12 14:33:32 2022
python3-attrs-19.3.0-3.2.1.noarch             Wed Jan 12 14:33:32 2022
python3-PyHamcrest-1.9.0-3.2.2.noarch         Wed Jan 12 14:33:32 2022
python3-Automat-0.6.0-3.2.1.noarch            Wed Jan 12 14:33:32 2022
libzmq5-4.2.3-3.15.4.x86_64                   Wed Jan 12 14:33:32 2022
libunwind-1.5.0-4.5.1.x86_64                  Wed Jan 12 14:33:32 2022
python3-pyasn1-modules-0.2.1-3.4.12.noarch    Wed Jan 12 14:33:31 2022
python3-psutil-5.4.8-4.24.x86_64              Wed Jan 12 14:33:31 2022
python3-netaddr-0.7.19-1.17.noarch            Wed Jan 12 14:33:31 2022
python3-msgpack-0.5.6-1.19.x86_64             Wed Jan 12 14:33:31 2022
python3-greenlet-0.4.13-2.25.x86_64           Wed Jan 12 14:33:31 2022
libpgm-5_2-0-5.2.122-5.3.1.x86_64             Wed Jan 12 14:33:31 2022
libopenblas_pthreads0-0.3.7-2.17.x86_64       Wed Jan 12 14:33:30 2022
ds_agent-20.0.0-2971.SuSE_15.x86_64           Wed Jan  5 16:36:27 2022
psmisc-lang-23.0-6.16.1.noarch                Sat Dec 18 14:00:12 2021
psmisc-23.0-6.16.1.x86_64                     Sat Dec 18 14:00:12 2021
x11perf-1.6.0-1.20.x86_64                     Fri Dec 17 12:40:06 2021
x11-tools-0.1-2.18.noarch                     Fri Dec 17 12:40:06 2021
x11-japanese-bitmap-fonts-20020904-1.22.noarch Fri Dec 17 12:40:06 2021
gcc7-fortran-32bit-7.5.0+r278197-4.30.1.x86_64 Fri Dec 17 12:38:04 2021
gcc7-c++-32bit-7.5.0+r278197-4.30.1.x86_64    Fri Dec 17 12:38:04 2021
gcc-objc-7-3.9.1.x86_64                       Fri Dec 17 12:38:04 2021
gcc-fortran-32bit-7-3.9.1.x86_64              Fri Dec 17 12:38:04 2021
gcc-c++-32bit-7-3.9.1.x86_64                  Fri Dec 17 12:38:04 2021
gcc-ada-7-3.9.1.x86_64                        Fri Dec 17 12:38:04 2021
gcc-PIE-7-3.9.1.x86_64                        Fri Dec 17 12:38:04 2021
