Thu May 12 15:38:25 UTC 2022
[31;43m***** uname -a; Release; date; *****[0m
Linux SAPEB4DB01 5.3.18-24.67-default #1 SMP Tue Jun 1 14:07:53 UTC 2021 (f0fe006) x86_64 x86_64 x86_64 GNU/Linux
NAME="SLES"
VERSION="15-SP2"
VERSION_ID="15.2"
PRETTY_NAME="SUSE Linux Enterprise Server 15 SP2"
ID="sles"
ID_LIKE="suse"
ANSI_COLOR="0;32"
CPE_NAME="cpe:/o:suse:sles:15:sp2"
VARIANT_ID="sles-sap"
Thu May 12 15:38:25 UTC 2022

[31;43m***** Network; Route; Netstat; *****[0m

[31;43m***** DF; Fdisk; FSTAB; GRUB; Mount *****[0m
Filesystem                                          Size  Used Avail Use% Mounted on
devtmpfs                                            124G     0  124G   0% /dev
tmpfs                                               188G  288K  188G   1% /dev/shm
tmpfs                                               124G  1.4M  124G   1% /run
tmpfs                                               124G     0  124G   0% /sys/fs/cgroup
/dev/nvme0n1p1                                      100G   12G   89G  12% /
tmpfs                                               124G  168K  124G   1% /tmp
/dev/mapper/usr_sap-usr_sap                          50G  4.5G   46G   9% /usr/sap
/dev/mapper/hana_shared_BHE-hana_shared_BHE         1.0T  119G  905G  12% /hana/shared/BHE
/dev/mapper/sapbackup-sapbackup                     1.2T  521G  679G  44% /SAPBackup
/dev/mapper/home-home                                20G  1.4G   19G   7% /home
/dev/mapper/var-var                                  20G  652M   20G   4% /var
/dev/mapper/hana_data_BHE-hana_data_BHE             1.2T   50G  1.2T   5% /hana/data/BHE
/dev/mapper/hana_log_BHE-hana_log_BHE               600G  9.8G  590G   2% /hana/log/BHE
/dev/mapper/var_log-var_log                          20G  1.3G   19G   7% /var/log
/dev/mapper/var_tmp-var_tmp                          20G  1.2G   19G   6% /var/tmp
/dev/mapper/var_log_audit-var_log_audit              20G  3.2G   17G  16% /var/log/audit
fs-b36da833.efs.us-east-1.amazonaws.com:/           8.0E   23T  8.0E   1% /SAPMedia
fs-0d51ce97941be5a02.efs.us-east-1.amazonaws.com:/  8.0E  9.9G  8.0E   1% /sapmnt/B4E
tmpfs                                                25G     0   25G   0% /run/user/1001
tmpfs                                                25G     0   25G   0% /run/user/473
tmpfs                                                25G     0   25G   0% /run/user/3002
tmpfs                                                25G     0   25G   0% /run/user/1725029451
Disk /dev/nvme1n1: 1.2 TiB, 1288490188800 bytes, 2516582400 sectors
Disk model: Amazon Elastic Block Store              
Units: sectors of 1 * 512 = 512 bytes
Sector size (logical/physical): 512 bytes / 4096 bytes
I/O size (minimum/optimal): 4096 bytes / 4096 bytes


Disk /dev/nvme0n1: 100 GiB, 107374182400 bytes, 209715200 sectors
Disk model: Amazon Elastic Block Store              
Units: sectors of 1 * 512 = 512 bytes
Sector size (logical/physical): 512 bytes / 4096 bytes
I/O size (minimum/optimal): 4096 bytes / 4096 bytes
Disklabel type: dos
Disk identifier: 0x6c5d29eb

Device         Boot Start       End   Sectors  Size Id Type
/dev/nvme0n1p1       2048 209715166 209713119  100G 83 Linux


Disk /dev/nvme2n1: 20 GiB, 21474836480 bytes, 41943040 sectors
Disk model: Amazon Elastic Block Store              
Units: sectors of 1 * 512 = 512 bytes
Sector size (logical/physical): 512 bytes / 4096 bytes
I/O size (minimum/optimal): 4096 bytes / 4096 bytes


Disk /dev/nvme4n1: 20 GiB, 21474836480 bytes, 41943040 sectors
Disk model: Amazon Elastic Block Store              
Units: sectors of 1 * 512 = 512 bytes
Sector size (logical/physical): 512 bytes / 4096 bytes
I/O size (minimum/optimal): 4096 bytes / 4096 bytes


Disk /dev/nvme3n1: 2 GiB, 2147483648 bytes, 4194304 sectors
Disk model: Amazon Elastic Block Store              
Units: sectors of 1 * 512 = 512 bytes
Sector size (logical/physical): 512 bytes / 4096 bytes
I/O size (minimum/optimal): 4096 bytes / 4096 bytes


Disk /dev/nvme5n1: 1 TiB, 1099511627776 bytes, 2147483648 sectors
Disk model: Amazon Elastic Block Store              
Units: sectors of 1 * 512 = 512 bytes
Sector size (logical/physical): 512 bytes / 4096 bytes
I/O size (minimum/optimal): 4096 bytes / 4096 bytes


Disk /dev/nvme6n1: 1.2 TiB, 1288490188800 bytes, 2516582400 sectors
Disk model: Amazon Elastic Block Store              
Units: sectors of 1 * 512 = 512 bytes
Sector size (logical/physical): 512 bytes / 4096 bytes
I/O size (minimum/optimal): 4096 bytes / 4096 bytes


Disk /dev/nvme7n1: 20 GiB, 21474836480 bytes, 41943040 sectors
Disk model: Amazon Elastic Block Store              
Units: sectors of 1 * 512 = 512 bytes
Sector size (logical/physical): 512 bytes / 4096 bytes
I/O size (minimum/optimal): 4096 bytes / 4096 bytes


Disk /dev/nvme8n1: 20 GiB, 21474836480 bytes, 41943040 sectors
Disk model: Amazon Elastic Block Store              
Units: sectors of 1 * 512 = 512 bytes
Sector size (logical/physical): 512 bytes / 4096 bytes
I/O size (minimum/optimal): 4096 bytes / 4096 bytes


Disk /dev/nvme9n1: 50 GiB, 53687091200 bytes, 104857600 sectors
Disk model: Amazon Elastic Block Store              
Units: sectors of 1 * 512 = 512 bytes
Sector size (logical/physical): 512 bytes / 4096 bytes
I/O size (minimum/optimal): 4096 bytes / 4096 bytes


Disk /dev/nvme10n1: 600 GiB, 644245094400 bytes, 1258291200 sectors
Disk model: Amazon Elastic Block Store              
Units: sectors of 1 * 512 = 512 bytes
Sector size (logical/physical): 512 bytes / 4096 bytes
I/O size (minimum/optimal): 4096 bytes / 4096 bytes


Disk /dev/nvme11n1: 20 GiB, 21474836480 bytes, 41943040 sectors
Disk model: Amazon Elastic Block Store              
Units: sectors of 1 * 512 = 512 bytes
Sector size (logical/physical): 512 bytes / 4096 bytes
I/O size (minimum/optimal): 4096 bytes / 4096 bytes


Disk /dev/mapper/var-var: 20 GiB, 21470642176 bytes, 41934848 sectors
Units: sectors of 1 * 512 = 512 bytes
Sector size (logical/physical): 512 bytes / 4096 bytes
I/O size (minimum/optimal): 4096 bytes / 4096 bytes


Disk /dev/mapper/var_tmp-var_tmp: 20 GiB, 21470642176 bytes, 41934848 sectors
Units: sectors of 1 * 512 = 512 bytes
Sector size (logical/physical): 512 bytes / 4096 bytes
I/O size (minimum/optimal): 4096 bytes / 4096 bytes


Disk /dev/mapper/hana_data_BHE-hana_data_BHE: 1.2 TiB, 1288485994496 bytes, 2516574208 sectors
Units: sectors of 1 * 512 = 512 bytes
Sector size (logical/physical): 512 bytes / 4096 bytes
I/O size (minimum/optimal): 4096 bytes / 4096 bytes


Disk /dev/mapper/var_log_audit-var_log_audit: 20 GiB, 21470642176 bytes, 41934848 sectors
Units: sectors of 1 * 512 = 512 bytes
Sector size (logical/physical): 512 bytes / 4096 bytes
I/O size (minimum/optimal): 4096 bytes / 4096 bytes


Disk /dev/mapper/hana_log_BHE-hana_log_BHE: 600 GiB, 644240900096 bytes, 1258283008 sectors
Units: sectors of 1 * 512 = 512 bytes
Sector size (logical/physical): 512 bytes / 4096 bytes
I/O size (minimum/optimal): 4096 bytes / 4096 bytes


Disk /dev/mapper/usr_sap-usr_sap: 50 GiB, 53682896896 bytes, 104849408 sectors
Units: sectors of 1 * 512 = 512 bytes
Sector size (logical/physical): 512 bytes / 4096 bytes
I/O size (minimum/optimal): 4096 bytes / 4096 bytes


Disk /dev/mapper/home-home: 20 GiB, 21470642176 bytes, 41934848 sectors
Units: sectors of 1 * 512 = 512 bytes
Sector size (logical/physical): 512 bytes / 4096 bytes
I/O size (minimum/optimal): 4096 bytes / 4096 bytes


Disk /dev/mapper/hana_shared_BHE-hana_shared_BHE: 1024 GiB, 1099507433472 bytes, 2147475456 sectors
Units: sectors of 1 * 512 = 512 bytes
Sector size (logical/physical): 512 bytes / 4096 bytes
I/O size (minimum/optimal): 4096 bytes / 4096 bytes


Disk /dev/mapper/var_log-var_log: 20 GiB, 21470642176 bytes, 41934848 sectors
Units: sectors of 1 * 512 = 512 bytes
Sector size (logical/physical): 512 bytes / 4096 bytes
I/O size (minimum/optimal): 4096 bytes / 4096 bytes


Disk /dev/mapper/sapbackup-sapbackup: 1.2 TiB, 1288485994496 bytes, 2516574208 sectors
Units: sectors of 1 * 512 = 512 bytes
Sector size (logical/physical): 512 bytes / 4096 bytes
I/O size (minimum/optimal): 4096 bytes / 4096 bytes
LABEL=ROOT / xfs defaults 0 0
UUID=961fcd21-4381-440b-afd3-1d0585a823e5 swap swap defaults 0 0
UUID=dcf997dd-cae8-4d08-8de2-ee79e83d4133 /home	xfs nodev,nosuid,noexec 0 0
UUID=9bdbb765-b784-42e8-83ac-51970abd0e67 /var/log/audit xfs nodev,nosuid,noexec 0 0
UUID=536ef96f-f713-47db-b23e-f889b267c791 /var/tmp xfs nodev,nosuid,noexec 0 0
tmpfs /dev/shm tmpfs defaults,nodev,nosuid,noexec 0 0
fs-b36da833.efs.us-east-1.amazonaws.com:/ /SAPMedia nfs4 rw,relatime,vers=4.1,rsize=1048576,wsize=1048576,namlen=255,hard,noresvport,proto=tcp,timeo=600,retrans=2,sec=sys,clientaddr=172.18.196.160,local_lock=none,addr=172.18.136.231 0 0
/dev/mapper/hana_shared_BHE-hana_shared_BHE /hana/shared/BHE xfs rw,relatime,attr2,inode64,logbufs=8,logbsize=32k,noquota 0 0
/dev/mapper/usr_sap-usr_sap /usr/sap xfs rw,relatime,attr2,inode64,logbufs=8,logbsize=32k,noquota 0 0
/dev/mapper/sapbackup-sapbackup /SAPBackup xfs rw,relatime,attr2,inode64,logbufs=8,logbsize=32k,noquota 0 0
/dev/mapper/hana_data_BHE-hana_data_BHE /hana/data/BHE xfs rw,relatime,attr2,inode64,logbufs=8,logbsize=32k,sunit=8,swidth=8,noquota 0 0
/dev/mapper/hana_log_BHE-hana_log_BHE /hana/log/BHE xfs rw,relatime,attr2,inode64,logbufs=8,logbsize=32k,sunit=8,swidth=8,noquota 0 0
fs-0d51ce97941be5a02.efs.us-east-1.amazonaws.com:/ /sapmnt/B4E nfs4 rw,relatime,vers=4.1,rsize=1048576,wsize=1048576,namlen=255,hard,noresvport,proto=tcp,timeo=600,retrans=2,sec=sys,clientaddr=172.18.196.160,local_lock=none,addr=172.18.196.16 0 0
tmpfs /tmp tmpfs defaults,nodev,nosuid,noexec,nofail 0 0
UUID=e2b90ce2-633e-4871-89f7-1817c96a69b3 /var xfs nodev,nosuid,noexec 0 0
UUID=ca72f39b-cc3a-45c6-922c-69ba1d791f28 /var/log xfs nodev,nosuid,noexec 0 0
sysfs on /sys type sysfs (rw,nosuid,nodev,noexec,relatime)
proc on /proc type proc (rw,nosuid,nodev,noexec,relatime)
devtmpfs on /dev type devtmpfs (rw,nosuid,size=129885824k,nr_inodes=32471456,mode=755)
securityfs on /sys/kernel/security type securityfs (rw,nosuid,nodev,noexec,relatime)
tmpfs on /dev/shm type tmpfs (rw,nosuid,nodev,noexec,size=196414464k)
devpts on /dev/pts type devpts (rw,nosuid,noexec,relatime,gid=5,mode=620,ptmxmode=000)
tmpfs on /run type tmpfs (rw,nosuid,nodev,mode=755)
tmpfs on /sys/fs/cgroup type tmpfs (ro,nosuid,nodev,noexec,mode=755)
cgroup on /sys/fs/cgroup/unified type cgroup2 (rw,nosuid,nodev,noexec,relatime)
cgroup on /sys/fs/cgroup/systemd type cgroup (rw,nosuid,nodev,noexec,relatime,xattr,name=systemd)
pstore on /sys/fs/pstore type pstore (rw,nosuid,nodev,noexec,relatime)
none on /sys/fs/bpf type bpf (rw,nosuid,nodev,noexec,relatime)
cgroup on /sys/fs/cgroup/cpu,cpuacct type cgroup (rw,nosuid,nodev,noexec,relatime,cpu,cpuacct)
cgroup on /sys/fs/cgroup/net_cls,net_prio type cgroup (rw,nosuid,nodev,noexec,relatime,net_cls,net_prio)
cgroup on /sys/fs/cgroup/perf_event type cgroup (rw,nosuid,nodev,noexec,relatime,perf_event)
cgroup on /sys/fs/cgroup/devices type cgroup (rw,nosuid,nodev,noexec,relatime,devices)
cgroup on /sys/fs/cgroup/freezer type cgroup (rw,nosuid,nodev,noexec,relatime,freezer)
cgroup on /sys/fs/cgroup/rdma type cgroup (rw,nosuid,nodev,noexec,relatime,rdma)
cgroup on /sys/fs/cgroup/pids type cgroup (rw,nosuid,nodev,noexec,relatime,pids)
cgroup on /sys/fs/cgroup/memory type cgroup (rw,nosuid,nodev,noexec,relatime,memory)
cgroup on /sys/fs/cgroup/blkio type cgroup (rw,nosuid,nodev,noexec,relatime,blkio)
cgroup on /sys/fs/cgroup/cpuset type cgroup (rw,nosuid,nodev,noexec,relatime,cpuset)
cgroup on /sys/fs/cgroup/hugetlb type cgroup (rw,nosuid,nodev,noexec,relatime,hugetlb)
/dev/nvme0n1p1 on / type xfs (rw,relatime,attr2,inode64,logbufs=8,logbsize=32k,noquota)
systemd-1 on /proc/sys/fs/binfmt_misc type autofs (rw,relatime,fd=31,pgrp=1,timeout=0,minproto=5,maxproto=5,direct,pipe_ino=31806)
mqueue on /dev/mqueue type mqueue (rw,relatime)
debugfs on /sys/kernel/debug type debugfs (rw,relatime)
hugetlbfs on /dev/hugepages type hugetlbfs (rw,relatime,pagesize=2M)
tmpfs on /tmp type tmpfs (rw,nosuid,nodev,noexec,relatime)
/dev/mapper/usr_sap-usr_sap on /usr/sap type xfs (rw,relatime,attr2,inode64,logbufs=8,logbsize=32k,noquota)
/dev/mapper/hana_shared_BHE-hana_shared_BHE on /hana/shared/BHE type xfs (rw,relatime,attr2,inode64,logbufs=8,logbsize=32k,noquota)
/dev/mapper/sapbackup-sapbackup on /SAPBackup type xfs (rw,relatime,attr2,inode64,logbufs=8,logbsize=32k,noquota)
/dev/mapper/home-home on /home type xfs (rw,nosuid,nodev,noexec,relatime,attr2,inode64,logbufs=8,logbsize=32k,sunit=8,swidth=8,noquota)
/dev/mapper/var-var on /var type xfs (rw,nosuid,nodev,noexec,relatime,attr2,inode64,logbufs=8,logbsize=32k,noquota)
tmpfs on /var/run type tmpfs (rw,nosuid,nodev,mode=755)
/dev/mapper/hana_data_BHE-hana_data_BHE on /hana/data/BHE type xfs (rw,relatime,attr2,inode64,logbufs=8,logbsize=32k,sunit=8,swidth=8,noquota)
/dev/mapper/hana_log_BHE-hana_log_BHE on /hana/log/BHE type xfs (rw,relatime,attr2,inode64,logbufs=8,logbsize=32k,sunit=8,swidth=8,noquota)
/dev/mapper/var_log-var_log on /var/log type xfs (rw,nosuid,nodev,noexec,relatime,attr2,inode64,logbufs=8,logbsize=32k,noquota)
/dev/mapper/var_tmp-var_tmp on /var/tmp type xfs (rw,nosuid,nodev,noexec,relatime,attr2,inode64,logbufs=8,logbsize=32k,sunit=8,swidth=8,noquota)
/dev/mapper/var_log_audit-var_log_audit on /var/log/audit type xfs (rw,nosuid,nodev,noexec,relatime,attr2,inode64,logbufs=8,logbsize=32k,sunit=8,swidth=8,noquota)
binfmt_misc on /proc/sys/fs/binfmt_misc type binfmt_misc (rw,relatime)
fs-b36da833.efs.us-east-1.amazonaws.com:/ on /SAPMedia type nfs4 (rw,relatime,vers=4.1,rsize=1048576,wsize=1048576,namlen=255,hard,noresvport,proto=tcp,timeo=600,retrans=2,sec=sys,clientaddr=172.18.196.160,local_lock=none,addr=172.18.136.231)
fs-0d51ce97941be5a02.efs.us-east-1.amazonaws.com:/ on /sapmnt/B4E type nfs4 (rw,relatime,vers=4.1,rsize=1048576,wsize=1048576,namlen=255,hard,noresvport,proto=tcp,timeo=600,retrans=2,sec=sys,clientaddr=172.18.196.160,local_lock=none,addr=172.18.196.16)
tmpfs on /run/user/1001 type tmpfs (rw,nosuid,nodev,relatime,size=25979048k,mode=700,uid=1001,gid=79)
tmpfs on /var/run/user/1001 type tmpfs (rw,nosuid,nodev,relatime,size=25979048k,mode=700,uid=1001,gid=79)
tmpfs on /run/user/473 type tmpfs (rw,nosuid,nodev,relatime,size=25979048k,mode=700,uid=473,gid=79)
tmpfs on /var/run/user/473 type tmpfs (rw,nosuid,nodev,relatime,size=25979048k,mode=700,uid=473,gid=79)
tmpfs on /run/user/3002 type tmpfs (rw,nosuid,nodev,relatime,size=25979048k,mode=700,uid=3002,gid=79)
tmpfs on /var/run/user/3002 type tmpfs (rw,nosuid,nodev,relatime,size=25979048k,mode=700,uid=3002,gid=79)
tracefs on /sys/kernel/debug/tracing type tracefs (rw,relatime)
tmpfs on /run/user/1725029451 type tmpfs (rw,nosuid,nodev,relatime,size=25979048k,mode=700,uid=1725029451,gid=1725000513)
tmpfs on /var/run/user/1725029451 type tmpfs (rw,nosuid,nodev,relatime,size=25979048k,mode=700,uid=1725029451,gid=1725000513)

[31;43m***** DISK & DM info from FDISK *****[0m
Disk /dev/nvme1n1: 1.2 TiB, 1288490188800 bytes, 2516582400 sectors
Disk model: Amazon Elastic Block Store              
Disk /dev/nvme0n1: 100 GiB, 107374182400 bytes, 209715200 sectors
Disk model: Amazon Elastic Block Store              
Disklabel type: dos
Disk identifier: 0x6c5d29eb
Disk /dev/nvme2n1: 20 GiB, 21474836480 bytes, 41943040 sectors
Disk model: Amazon Elastic Block Store              
Disk /dev/nvme4n1: 20 GiB, 21474836480 bytes, 41943040 sectors
Disk model: Amazon Elastic Block Store              
Disk /dev/nvme3n1: 2 GiB, 2147483648 bytes, 4194304 sectors
Disk model: Amazon Elastic Block Store              
Disk /dev/nvme5n1: 1 TiB, 1099511627776 bytes, 2147483648 sectors
Disk model: Amazon Elastic Block Store              
Disk /dev/nvme6n1: 1.2 TiB, 1288490188800 bytes, 2516582400 sectors
Disk model: Amazon Elastic Block Store              
Disk /dev/nvme7n1: 20 GiB, 21474836480 bytes, 41943040 sectors
Disk model: Amazon Elastic Block Store              
Disk /dev/nvme8n1: 20 GiB, 21474836480 bytes, 41943040 sectors
Disk model: Amazon Elastic Block Store              
Disk /dev/nvme9n1: 50 GiB, 53687091200 bytes, 104857600 sectors
Disk model: Amazon Elastic Block Store              
Disk /dev/nvme10n1: 600 GiB, 644245094400 bytes, 1258291200 sectors
Disk model: Amazon Elastic Block Store              
Disk /dev/nvme11n1: 20 GiB, 21474836480 bytes, 41943040 sectors
Disk model: Amazon Elastic Block Store              
Disk /dev/mapper/var-var: 20 GiB, 21470642176 bytes, 41934848 sectors
Disk /dev/mapper/var_tmp-var_tmp: 20 GiB, 21470642176 bytes, 41934848 sectors
Disk /dev/mapper/hana_data_BHE-hana_data_BHE: 1.2 TiB, 1288485994496 bytes, 2516574208 sectors
Disk /dev/mapper/var_log_audit-var_log_audit: 20 GiB, 21470642176 bytes, 41934848 sectors
Disk /dev/mapper/hana_log_BHE-hana_log_BHE: 600 GiB, 644240900096 bytes, 1258283008 sectors
Disk /dev/mapper/usr_sap-usr_sap: 50 GiB, 53682896896 bytes, 104849408 sectors
Disk /dev/mapper/home-home: 20 GiB, 21470642176 bytes, 41934848 sectors
Disk /dev/mapper/hana_shared_BHE-hana_shared_BHE: 1024 GiB, 1099507433472 bytes, 2147475456 sectors
Disk /dev/mapper/var_log-var_log: 20 GiB, 21470642176 bytes, 41934848 sectors
Disk /dev/mapper/sapbackup-sapbackup: 1.2 TiB, 1288485994496 bytes, 2516574208 sectors

[31;43m***** PP process; All Running Procs; PP/Multipath devices Info *****[0m
root     12144 12126  0 15:38 pts/1    00:00:00 grep Powerpath
UID        PID  PPID  C STIME TTY          TIME CMD
root         1     0  0 May02 ?        00:01:06 /usr/lib/systemd/systemd --switched-root --system --deserialize 22
root         2     0  0 May02 ?        00:00:00 [kthreadd]
root         3     2  0 May02 ?        00:00:00 [rcu_gp]
root         4     2  0 May02 ?        00:00:00 [rcu_par_gp]
root         6     2  0 May02 ?        00:00:00 [kworker/0:0H-events_highpri]
root         9     2  0 May02 ?        00:00:00 [mm_percpu_wq]
root        10     2  0 May02 ?        00:00:01 [ksoftirqd/0]
root        11     2  0 May02 ?        00:04:38 [rcu_sched]
root        12     2  0 May02 ?        00:00:01 [migration/0]
root        13     2  0 May02 ?        00:00:00 [idle_inject/0]
root        14     2  0 May02 ?        00:00:00 [cpuhp/0]
root        15     2  0 May02 ?        00:00:00 [cpuhp/1]
root        16     2  0 May02 ?        00:00:00 [idle_inject/1]
root        17     2  0 May02 ?        00:00:01 [migration/1]
root        18     2  0 May02 ?        00:00:00 [ksoftirqd/1]
root        20     2  0 May02 ?        00:00:00 [kworker/1:0H-events_highpri]
root        21     2  0 May02 ?        00:00:00 [cpuhp/2]
root        22     2  0 May02 ?        00:00:00 [idle_inject/2]
root        23     2  0 May02 ?        00:00:01 [migration/2]
root        24     2  0 May02 ?        00:00:00 [ksoftirqd/2]
root        26     2  0 May02 ?        00:00:00 [kworker/2:0H-events_highpri]
root        27     2  0 May02 ?        00:00:00 [cpuhp/3]
root        28     2  0 May02 ?        00:00:00 [idle_inject/3]
root        29     2  0 May02 ?        00:00:01 [migration/3]
root        30     2  0 May02 ?        00:00:00 [ksoftirqd/3]
root        32     2  0 May02 ?        00:00:00 [kworker/3:0H-events_highpri]
root        33     2  0 May02 ?        00:00:00 [cpuhp/4]
root        34     2  0 May02 ?        00:00:00 [idle_inject/4]
root        35     2  0 May02 ?        00:00:01 [migration/4]
root        36     2  0 May02 ?        00:00:00 [ksoftirqd/4]
root        38     2  0 May02 ?        00:00:00 [kworker/4:0H-events_highpri]
root        39     2  0 May02 ?        00:00:00 [cpuhp/5]
root        40     2  0 May02 ?        00:00:00 [idle_inject/5]
root        41     2  0 May02 ?        00:00:01 [migration/5]
root        42     2  0 May02 ?        00:00:00 [ksoftirqd/5]
root        44     2  0 May02 ?        00:00:00 [kworker/5:0H-events_highpri]
root        45     2  0 May02 ?        00:00:00 [cpuhp/6]
root        46     2  0 May02 ?        00:00:00 [idle_inject/6]
root        47     2  0 May02 ?        00:00:01 [migration/6]
root        48     2  0 May02 ?        00:00:00 [ksoftirqd/6]
root        50     2  0 May02 ?        00:00:00 [kworker/6:0H-events_highpri]
root        51     2  0 May02 ?        00:00:00 [cpuhp/7]
root        52     2  0 May02 ?        00:00:00 [idle_inject/7]
root        53     2  0 May02 ?        00:00:01 [migration/7]
root        54     2  0 May02 ?        00:00:00 [ksoftirqd/7]
root        56     2  0 May02 ?        00:00:00 [kworker/7:0H-events_highpri]
root        57     2  0 May02 ?        00:00:00 [cpuhp/8]
root        58     2  0 May02 ?        00:00:00 [idle_inject/8]
root        59     2  0 May02 ?        00:00:01 [migration/8]
root        60     2  0 May02 ?        00:00:00 [ksoftirqd/8]
root        62     2  0 May02 ?        00:00:00 [kworker/8:0H-events_highpri]
root        63     2  0 May02 ?        00:00:00 [cpuhp/9]
root        64     2  0 May02 ?        00:00:00 [idle_inject/9]
root        65     2  0 May02 ?        00:00:01 [migration/9]
root        66     2  0 May02 ?        00:00:00 [ksoftirqd/9]
root        68     2  0 May02 ?        00:00:00 [kworker/9:0H-events_highpri]
root        69     2  0 May02 ?        00:00:00 [cpuhp/10]
root        70     2  0 May02 ?        00:00:00 [idle_inject/10]
root        71     2  0 May02 ?        00:00:01 [migration/10]
root        72     2  0 May02 ?        00:00:00 [ksoftirqd/10]
root        74     2  0 May02 ?        00:00:00 [kworker/10:0H-events_highpri]
root        75     2  0 May02 ?        00:00:00 [cpuhp/11]
root        76     2  0 May02 ?        00:00:00 [idle_inject/11]
root        77     2  0 May02 ?        00:00:01 [migration/11]
root        78     2  0 May02 ?        00:00:00 [ksoftirqd/11]
root        80     2  0 May02 ?        00:00:00 [kworker/11:0H-events_highpri]
root        81     2  0 May02 ?        00:00:00 [cpuhp/12]
root        82     2  0 May02 ?        00:00:00 [idle_inject/12]
root        83     2  0 May02 ?        00:00:01 [migration/12]
root        84     2  0 May02 ?        00:00:00 [ksoftirqd/12]
root        86     2  0 May02 ?        00:00:00 [kworker/12:0H-events_highpri]
root        87     2  0 May02 ?        00:00:00 [cpuhp/13]
root        88     2  0 May02 ?        00:00:00 [idle_inject/13]
root        89     2  0 May02 ?        00:00:01 [migration/13]
root        90     2  0 May02 ?        00:00:00 [ksoftirqd/13]
root        92     2  0 May02 ?        00:00:00 [kworker/13:0H-events_highpri]
root        93     2  0 May02 ?        00:00:00 [cpuhp/14]
root        94     2  0 May02 ?        00:00:00 [idle_inject/14]
root        95     2  0 May02 ?        00:00:01 [migration/14]
root        96     2  0 May02 ?        00:00:00 [ksoftirqd/14]
root        98     2  0 May02 ?        00:00:00 [kworker/14:0H-events_highpri]
root        99     2  0 May02 ?        00:00:00 [cpuhp/15]
root       100     2  0 May02 ?        00:00:00 [idle_inject/15]
root       101     2  0 May02 ?        00:00:01 [migration/15]
root       102     2  0 May02 ?        00:00:00 [ksoftirqd/15]
root       104     2  0 May02 ?        00:00:00 [kworker/15:0H-events_highpri]
root       105     2  0 May02 ?        00:00:00 [cpuhp/16]
root       106     2  0 May02 ?        00:00:00 [idle_inject/16]
root       107     2  0 May02 ?        00:00:01 [migration/16]
root       108     2  0 May02 ?        00:00:00 [ksoftirqd/16]
root       110     2  0 May02 ?        00:00:00 [kworker/16:0H-events_highpri]
root       111     2  0 May02 ?        00:00:00 [cpuhp/17]
root       112     2  0 May02 ?        00:00:00 [idle_inject/17]
root       113     2  0 May02 ?        00:00:01 [migration/17]
root       114     2  0 May02 ?        00:00:00 [ksoftirqd/17]
root       116     2  0 May02 ?        00:00:00 [kworker/17:0H-events_highpri]
root       117     2  0 May02 ?        00:00:00 [cpuhp/18]
root       118     2  0 May02 ?        00:00:00 [idle_inject/18]
root       119     2  0 May02 ?        00:00:01 [migration/18]
root       120     2  0 May02 ?        00:00:00 [ksoftirqd/18]
root       122     2  0 May02 ?        00:00:00 [kworker/18:0H-events_highpri]
root       123     2  0 May02 ?        00:00:00 [cpuhp/19]
root       124     2  0 May02 ?        00:00:00 [idle_inject/19]
root       125     2  0 May02 ?        00:00:01 [migration/19]
root       126     2  0 May02 ?        00:00:00 [ksoftirqd/19]
root       128     2  0 May02 ?        00:00:00 [kworker/19:0H-events_highpri]
root       129     2  0 May02 ?        00:00:00 [cpuhp/20]
root       130     2  0 May02 ?        00:00:00 [idle_inject/20]
root       131     2  0 May02 ?        00:00:01 [migration/20]
root       132     2  0 May02 ?        00:00:00 [ksoftirqd/20]
root       134     2  0 May02 ?        00:00:00 [kworker/20:0H-events_highpri]
root       135     2  0 May02 ?        00:00:00 [cpuhp/21]
root       136     2  0 May02 ?        00:00:00 [idle_inject/21]
root       137     2  0 May02 ?        00:00:01 [migration/21]
root       138     2  0 May02 ?        00:00:00 [ksoftirqd/21]
root       140     2  0 May02 ?        00:00:00 [kworker/21:0H-events_highpri]
root       141     2  0 May02 ?        00:00:00 [cpuhp/22]
root       142     2  0 May02 ?        00:00:00 [idle_inject/22]
root       143     2  0 May02 ?        00:00:01 [migration/22]
root       144     2  0 May02 ?        00:00:00 [ksoftirqd/22]
root       146     2  0 May02 ?        00:00:00 [kworker/22:0H-xfs-log/nvme0n1p1]
root       147     2  0 May02 ?        00:00:00 [cpuhp/23]
root       148     2  0 May02 ?        00:00:00 [idle_inject/23]
root       149     2  0 May02 ?        00:00:01 [migration/23]
root       150     2  0 May02 ?        00:00:00 [ksoftirqd/23]
root       152     2  0 May02 ?        00:00:00 [kworker/23:0H-events_highpri]
root       153     2  0 May02 ?        00:00:00 [cpuhp/24]
root       154     2  0 May02 ?        00:00:00 [idle_inject/24]
root       155     2  0 May02 ?        00:00:01 [migration/24]
root       156     2  0 May02 ?        00:00:00 [ksoftirqd/24]
root       158     2  0 May02 ?        00:00:00 [kworker/24:0H-events_highpri]
root       159     2  0 May02 ?        00:00:00 [cpuhp/25]
root       160     2  0 May02 ?        00:00:00 [idle_inject/25]
root       161     2  0 May02 ?        00:00:01 [migration/25]
root       162     2  0 May02 ?        00:00:00 [ksoftirqd/25]
root       164     2  0 May02 ?        00:00:00 [kworker/25:0H-events_highpri]
root       165     2  0 May02 ?        00:00:00 [cpuhp/26]
root       166     2  0 May02 ?        00:00:00 [idle_inject/26]
root       167     2  0 May02 ?        00:00:01 [migration/26]
root       168     2  0 May02 ?        00:00:00 [ksoftirqd/26]
root       170     2  0 May02 ?        00:00:00 [kworker/26:0H-events_highpri]
root       171     2  0 May02 ?        00:00:00 [cpuhp/27]
root       172     2  0 May02 ?        00:00:00 [idle_inject/27]
root       173     2  0 May02 ?        00:00:01 [migration/27]
root       174     2  0 May02 ?        00:00:00 [ksoftirqd/27]
root       176     2  0 May02 ?        00:00:00 [kworker/27:0H-events_highpri]
root       177     2  0 May02 ?        00:00:00 [cpuhp/28]
root       178     2  0 May02 ?        00:00:00 [idle_inject/28]
root       179     2  0 May02 ?        00:00:01 [migration/28]
root       180     2  0 May02 ?        00:00:00 [ksoftirqd/28]
root       182     2  0 May02 ?        00:00:00 [kworker/28:0H-events_highpri]
root       183     2  0 May02 ?        00:00:00 [cpuhp/29]
root       184     2  0 May02 ?        00:00:00 [idle_inject/29]
root       185     2  0 May02 ?        00:00:01 [migration/29]
root       186     2  0 May02 ?        00:00:00 [ksoftirqd/29]
root       188     2  0 May02 ?        00:00:00 [kworker/29:0H-events_highpri]
root       189     2  0 May02 ?        00:00:00 [cpuhp/30]
root       190     2  0 May02 ?        00:00:00 [idle_inject/30]
root       191     2  0 May02 ?        00:00:01 [migration/30]
root       192     2  0 May02 ?        00:00:00 [ksoftirqd/30]
root       194     2  0 May02 ?        00:00:00 [kworker/30:0H-events_highpri]
root       195     2  0 May02 ?        00:00:00 [cpuhp/31]
root       196     2  0 May02 ?        00:00:00 [idle_inject/31]
root       197     2  0 May02 ?        00:00:01 [migration/31]
root       198     2  0 May02 ?        00:00:00 [ksoftirqd/31]
root       200     2  0 May02 ?        00:00:00 [kworker/31:0H-events_highpri]
root       202     2  0 May02 ?        00:00:00 [kdevtmpfs]
root       203     2  0 May02 ?        00:00:00 [netns]
root       204     2  0 May02 ?        00:00:00 [rcu_tasks_kthre]
root       205     2  0 May02 ?        00:00:00 [kauditd]
root       209     2  0 May02 ?        00:00:00 [khungtaskd]
root       210     2  0 May02 ?        00:00:00 [oom_reaper]
root       211     2  0 May02 ?        00:00:00 [writeback]
root       212     2  0 May02 ?        00:00:00 [kcompactd0]
root       213     2  0 May02 ?        00:00:00 [ksmd]
root       273     2  0 May02 ?        00:00:00 [kintegrityd]
root       274     2  0 May02 ?        00:00:00 [kblockd]
root       275     2  0 May02 ?        00:00:00 [blkcg_punt_bio]
root       276     2  0 May02 ?        00:00:00 [tpm_dev_wq]
root       277     2  0 May02 ?        00:00:00 [edac-poller]
root       278     2  0 May02 ?        00:00:00 [devfreq_wq]
root       279     2  0 May02 ?        00:00:00 [watchdogd]
root       288     2  0 May02 ?        00:00:00 [kswapd0]
root       291     2  0 May02 ?        00:00:00 [kthrotld]
root       294     2  0 May02 ?        00:00:00 [ipv6_addrconf]
root       300     2  0 May02 ?        00:00:00 [kstrp]
root       305     2  0 May02 ?        00:00:00 [charger_manager]
daaadm     344  3626  0 May03 ?        00:32:16 /usr/sap/DAA/SMDA98/exe/jstart -appTrc -nodeId=0 pf=/usr/sap/DAA/SYS/profile/DAA_SMDA98_SAPEB4DB01 -hostvm -nodeName=smdagent -file=/usr/sap/DAA/SMDA98/SMDAgent/smdagent.properties -jvmFile=/usr/sap/DAA/SMDA98/work/jstart.jvm -traceFile=/usr/sap/DAA/SMDA98/work/dev_smdagent -javaOutFile=/usr/sap/DAA/SMDA98/work/jvm_smdagent.out
root       455     2  0 May02 ?        00:00:00 [nvme-wq]
root       456     2  0 May02 ?        00:00:00 [nvme-reset-wq]
root       459     2  0 May02 ?        00:00:00 [nvme-delete-wq]
root       470     2  0 May02 ?        00:00:00 [ena]
root       506     2  0 May02 ?        00:00:00 [xfsalloc]
root       508     2  0 May02 ?        00:00:00 [xfs_mru_cache]
root       509     2  0 15:09 ?        00:00:00 [kworker/0:1-rcu_par_gp]
root       511     2  0 May02 ?        00:00:00 [xfs-buf/nvme0n1]
root       513     2  0 May02 ?        00:00:00 [xfs-conv/nvme0n]
root       514     2  0 May02 ?        00:00:00 [xfs-cil/nvme0n1]
root       515     2  0 May02 ?        00:00:00 [xfs-reclaim/nvm]
root       516     2  0 May02 ?        00:00:00 [xfs-eofblocks/n]
root       517     2  0 May02 ?        00:00:00 [xfs-log/nvme0n1]
root       518     2  0 May02 ?        00:00:49 [xfsaild/nvme0n1]
root       519     2  0 May02 ?        00:00:00 [kworker/22:1H-xfs-log/nvme0n1p1]
root       601     1  0 May02 ?        00:00:14 /usr/lib/systemd/systemd-journald
root       603     2  0 May02 ?        00:00:00 [kworker/2:1H-kblockd]
root       604     2  0 May02 ?        00:00:00 [kworker/0:1H-kblockd]
root       605     2  0 May02 ?        00:00:00 [kworker/1:1H-kblockd]
root       606     2  0 May02 ?        00:00:00 [kworker/3:1H-kblockd]
root       607     2  0 May02 ?        00:00:00 [kworker/4:1H-xfs-log/dm-9]
root       608     2  0 May02 ?        00:00:00 [kworker/5:1H-xfs-log/dm-3]
root       609     2  0 May02 ?        00:00:00 [kworker/6:1H-kblockd]
root       610     2  0 May02 ?        00:00:00 [kworker/7:1H-kblockd]
root       611     2  0 May02 ?        00:00:00 [kworker/9:1H-kblockd]
root       612     2  0 May02 ?        00:00:00 [kworker/8:1H-kblockd]
root       613     2  0 May02 ?        00:00:00 [kworker/10:1H-kblockd]
root       614     2  0 May02 ?        00:00:00 [kworker/11:1H-kblockd]
root       615     2  0 May02 ?        00:00:00 [kworker/12:1H-kblockd]
root       616     2  0 May02 ?        00:00:00 [kworker/13:1H-xfs-log/dm-3]
root       617     2  0 May02 ?        00:00:00 [kworker/14:1H-xfs-log/dm-5]
root       618     2  0 May02 ?        00:00:00 [kworker/15:1H-kblockd]
root       619     2  0 May02 ?        00:00:00 [kworker/16:1H-kblockd]
root       620     2  0 May02 ?        00:00:00 [kworker/17:1H-kblockd]
root       621     2  0 May02 ?        00:00:00 [kworker/19:1H-xfs-log/dm-1]
root       622     2  0 May02 ?        00:00:02 [kworker/18:1H-xfs-log/dm-8]
root       623     2  0 May02 ?        00:00:00 [kworker/23:1H-kblockd]
root       624     2  0 May02 ?        00:00:00 [kworker/24:1H-kblockd]
root       625     2  0 May02 ?        00:00:01 [kworker/25:1H-xfs-log/dm-2]
root       626     2  0 May02 ?        00:00:01 [kworker/26:1H-xfs-log/dm-8]
root       627     2  0 May02 ?        00:00:00 [kworker/27:1H-kblockd]
root       628     2  0 May02 ?        00:00:00 [kworker/28:1H-kblockd]
root       629     2  0 May02 ?        00:00:00 [kworker/29:1H-kblockd]
root       630     2  0 May02 ?        00:00:00 [kworker/30:1H-xfs-log/nvme0n1p1]
root       631     2  0 May02 ?        00:00:00 [kworker/20:1H-kblockd]
root       632     2  0 May02 ?        00:00:00 [kworker/31:1H-kblockd]
root       633     2  0 May02 ?        00:00:00 [kworker/21:1H-xfs-log/dm-4]
root       642     1  0 May02 ?        00:00:00 /usr/lib/systemd/systemd-udevd
root       650     1  0 May02 ?        00:00:59 /usr/sbin/haveged -w 1024 -v 0 -F
root       727     2  0 May02 ?        00:00:00 [cryptd]
root       788     2  0 May02 ?        00:00:00 [nfit]
root       804     2  0 May02 ?        00:00:00 [kdmflush]
root       805     2  0 May02 ?        00:00:00 [kdmflush]
root       806     2  0 May02 ?        00:00:00 [kdmflush]
root       807     2  0 May02 ?        00:00:00 [kdmflush]
root       808     2  0 May02 ?        00:00:00 [kdmflush]
root       809     2  0 May02 ?        00:00:00 [kdmflush]
root       810     2  0 May02 ?        00:00:00 [kdmflush]
root       811     2  0 May02 ?        00:00:00 [kdmflush]
root       813     2  0 May02 ?        00:00:00 [kdmflush]
root       814     2  0 May02 ?        00:00:00 [kdmflush]
root       846     2  0 May02 ?        00:00:00 [xfs-buf/dm-6]
root       847     2  0 May02 ?        00:00:00 [xfs-conv/dm-6]
root       848     2  0 May02 ?        00:00:00 [xfs-cil/dm-6]
root       850     2  0 May02 ?        00:00:00 [xfs-reclaim/dm-]
root       851     2  0 May02 ?        00:00:00 [xfs-eofblocks/d]
root       852     2  0 May02 ?        00:00:00 [xfs-buf/dm-2]
root       853     2  0 May02 ?        00:00:00 [xfs-conv/dm-2]
root       854     2  0 May02 ?        00:00:00 [xfs-cil/dm-2]
root       855     2  0 May02 ?        00:00:00 [xfs-reclaim/dm-]
root       856     2  0 May02 ?        00:00:00 [xfs-eofblocks/d]
root       857     2  0 May02 ?        00:00:00 [xfs-buf/dm-8]
root       858     2  0 May02 ?        00:00:00 [xfs-conv/dm-8]
root       859     2  0 May02 ?        00:00:00 [xfs-cil/dm-8]
root       860     2  0 May02 ?        00:00:00 [xfs-reclaim/dm-]
root       862     2  0 May02 ?        00:00:00 [xfs-eofblocks/d]
root       864     2  0 May02 ?        00:00:00 [xfs-log/dm-6]
root       865     2  0 May02 ?        00:00:00 [xfsaild/dm-6]
root       866     2  0 May02 ?        00:00:00 [xfs-buf/dm-3]
root       867     2  0 May02 ?        00:00:00 [xfs-conv/dm-3]
root       868     2  0 May02 ?        00:00:00 [xfs-cil/dm-3]
root       869     2  0 May02 ?        00:00:00 [xfs-reclaim/dm-]
root       870     2  0 May02 ?        00:00:00 [xfs-log/dm-2]
root       871     2  0 May02 ?        00:00:48 [xfsaild/dm-2]
root       872     2  0 May02 ?        00:00:00 [xfs-eofblocks/d]
root       873     2  0 May02 ?        00:00:00 [xfs-log/dm-8]
root       874     2  0 May02 ?        00:00:49 [xfsaild/dm-8]
root       876     2  0 May02 ?        00:00:00 [xfs-log/dm-3]
root       877     2  0 May02 ?        00:00:48 [xfsaild/dm-3]
root       878     2  0 May02 ?        00:00:00 [xfs-buf/dm-5]
root       879     2  0 May02 ?        00:00:00 [xfs-conv/dm-5]
root       880     2  0 May02 ?        00:00:00 [xfs-cil/dm-5]
root       881     2  0 May02 ?        00:00:00 [xfs-reclaim/dm-]
root       883     2  0 May02 ?        00:00:00 [xfs-eofblocks/d]
root       885     2  0 May02 ?        00:00:00 [xfs-buf/dm-1]
root       886     2  0 May02 ?        00:00:00 [xfs-conv/dm-1]
root       887     2  0 May02 ?        00:00:00 [xfs-cil/dm-1]
root       888     2  0 May02 ?        00:00:00 [xfs-reclaim/dm-]
root       889     2  0 May02 ?        00:00:00 [xfs-eofblocks/d]
root       890     2  0 May02 ?        00:00:00 [xfs-buf/dm-7]
root       891     2  0 May02 ?        00:00:00 [xfs-conv/dm-7]
root       892     2  0 May02 ?        00:00:00 [xfs-cil/dm-7]
root       893     2  0 May02 ?        00:00:00 [xfs-reclaim/dm-]
root       894     2  0 May02 ?        00:00:00 [xfs-eofblocks/d]
root       895     2  0 May02 ?        00:00:00 [xfs-log/dm-5]
root       896     2  0 May02 ?        00:00:48 [xfsaild/dm-5]
root       897     2  0 May02 ?        00:00:00 [xfs-log/dm-1]
root       898     2  0 May02 ?        00:00:48 [xfsaild/dm-1]
root       899     2  0 May02 ?        00:00:00 [xfs-log/dm-7]
root       900     2  0 May02 ?        00:00:00 [xfsaild/dm-7]
root       906     2  0 May02 ?        00:00:00 [xfs-buf/dm-9]
root       907     2  0 May02 ?        00:00:00 [xfs-conv/dm-9]
root       908     2  0 May02 ?        00:00:00 [xfs-cil/dm-9]
root       910     2  0 May02 ?        00:00:00 [xfs-reclaim/dm-]
root       913     2  0 May02 ?        00:00:00 [xfs-eofblocks/d]
root       914     2  0 May02 ?        00:00:00 [xfs-buf/dm-0]
root       915     2  0 May02 ?        00:00:00 [xfs-conv/dm-0]
root       916     2  0 May02 ?        00:00:00 [xfs-cil/dm-0]
root       917     2  0 May02 ?        00:00:00 [xfs-reclaim/dm-]
root       918     2  0 May02 ?        00:00:00 [xfs-eofblocks/d]
root       919     2  0 May02 ?        00:00:00 [xfs-log/dm-9]
root       920     2  0 May02 ?        00:00:34 [xfsaild/dm-9]
root       921     2  0 May02 ?        00:00:00 [xfs-log/dm-0]
root       922     2  0 May02 ?        00:00:04 [xfsaild/dm-0]
root       953     2  0 May02 ?        00:00:00 [xfs-buf/dm-4]
root       954     2  0 May02 ?        00:00:00 [xfs-conv/dm-4]
root       955     2  0 May02 ?        00:00:00 [xfs-cil/dm-4]
root       956     2  0 May02 ?        00:00:00 [xfs-reclaim/dm-]
root       957     2  0 May02 ?        00:00:00 [xfs-eofblocks/d]
root       958     2  0 May02 ?        00:00:00 [xfs-log/dm-4]
root       959     2  0 May02 ?        00:00:04 [xfsaild/dm-4]
root       980     1  0 May02 ?        00:00:01 /sbin/auditd
root      1001     2  0 May02 ?        00:00:00 [audit_prune_tre]
root      1018     1  0 May02 ?        00:00:00 /usr/sbin/sssd -i --logger=files
root      1019     1  0 May02 ?        00:00:37 /usr/sbin/irqbalance --foreground
nscd      1023     1  0 May02 ?        00:00:51 /usr/sbin/nscd
message+  1031     1  0 May02 ?        00:00:15 /usr/bin/dbus-daemon --system --address=systemd: --nofork --nopidfile --systemd-activation --syslog-only
root      1103     1  0 May02 ?        00:00:02 /usr/sbin/rsyslogd -n -iNONE
root      1123  1018  0 May02 ?        00:00:24 /usr/lib/sssd/sssd_be --domain lambweston.com --uid 0 --gid 0 --logger=files
root      1124  1018  0 May02 ?        00:00:09 /usr/lib/sssd/sssd_nss --uid 0 --gid 0 --logger=files
root      1125  1018  0 May02 ?        00:00:03 /usr/lib/sssd/sssd_pam --uid 0 --gid 0 --logger=files
root      1126     1  0 May02 ?        00:00:09 /usr/lib/systemd/systemd-logind
root      1167     1  0 May02 ?        00:00:00 /usr/lib/wicked/bin/wickedd-dhcp4 --systemd --foreground
root      1168     1  0 May02 ?        00:00:00 /usr/lib/wicked/bin/wickedd-auto4 --systemd --foreground
root      1169     1  0 May02 ?        00:00:00 /usr/lib/wicked/bin/wickedd-dhcp6 --systemd --foreground
root      1171     1  0 May02 ?        00:00:00 /usr/sbin/wickedd --systemd --foreground
root      1177     1  0 May02 ?        00:00:00 /usr/sbin/wickedd-nanny --systemd --foreground
root      1221     2  0 08:27 ?        00:00:00 [kworker/u64:0-events_unbound]
root      1225     1  0 May02 ?        00:18:46 splunkd -p 8089 start
root      1247  1225  0 May02 ?        00:02:18 [splunkd pid=1225] splunkd -p 8089 start [process-runner]
root      1551     2  0 11:09 ?        00:00:00 [kworker/13:0-mm_percpu_wq]
chrony    2115     1  0 May02 ?        00:00:00 /usr/sbin/chronyd -u chrony
root      2121     1  0 May02 ?        00:00:00 /usr/bin/python3 /usr/bin/salt-minion
root      2153     1  0 May02 ?        00:00:00 /usr/sbin/cron -n
awsdata   2159     1  0 May02 ?        00:00:00 jsvc.exec -errfile /var/log/aws-dataprovider/jsvcerr.log -jvm server -showversion -pidfile /tmp/aws-dataprovider.pid -cp /usr/local/ec2/aws-dataprovider/lib/installer.jar:/usr/local/ec2/aws-dataprovider/lib/commons-daemon-1.2.4/commons-daemon-1.2.4.jar -Dcom.amazon.aws.aws-dataprovider.proxypath=/usr/local/ec2/aws-dataprovider -Dcom.amazon.aws.aws-dataprovider.access=https://s3.amazonaws.com/aws-sap-data-provider -DisStandaloneVersion=yes com.amazon.aws.dataprovider.AwsDataProvider /usr/local/ec2/aws-dataprovider -vhostmd -LogLevel=INFO
awsdata   2161  2159  0 May02 ?        01:17:33 jsvc.exec -errfile /var/log/aws-dataprovider/jsvcerr.log -jvm server -showversion -pidfile /tmp/aws-dataprovider.pid -cp /usr/local/ec2/aws-dataprovider/lib/installer.jar:/usr/local/ec2/aws-dataprovider/lib/commons-daemon-1.2.4/commons-daemon-1.2.4.jar -Dcom.amazon.aws.aws-dataprovider.proxypath=/usr/local/ec2/aws-dataprovider -Dcom.amazon.aws.aws-dataprovider.access=https://s3.amazonaws.com/aws-sap-data-provider -DisStandaloneVersion=yes com.amazon.aws.dataprovider.AwsDataProvider /usr/local/ec2/aws-dataprovider -vhostmd -LogLevel=INFO
root      2253  2121  0 May02 ?        00:09:48 /usr/bin/python3 /usr/bin/salt-minion
root      2256  2253  0 May02 ?        00:00:00 /usr/bin/python3 /usr/bin/salt-minion
root      2257     1  0 May02 ?        00:01:11 /usr/sbin/amazon-ssm-agent
root      2286     2  0 May02 ?        00:00:00 [rpciod]
root      2287     2  0 May02 ?        00:00:00 [xprtiod]
root      2297     1  0 May02 ?        00:00:00 /usr/sbin/sshd -D
root      2298     2  0 May02 ?        00:00:00 [nfsiod]
root      2311     1  0 May02 ?        00:00:00 /opt/ds_agent/ds_agent -w /var/opt/ds_agent -b -i -e /opt/ds_agent/ext
root      2312  2311  3 May02 ?        07:46:33 /opt/ds_agent/ds_agent -w /var/opt/ds_agent -b -i -e /opt/ds_agent/ext
root      2333     2  0 May02 ?        00:00:00 [NFSv4 callback]
root      2361     1  0 May02 tty1     00:00:00 /sbin/agetty -o -p -- \u --noclear tty1 linux
root      2364     1  0 May02 ttyS0    00:00:00 /sbin/agetty -o -p -- \u --keep-baud 115200,38400,9600 ttyS0 vt220
root      2371     2  0 07:09 ?        00:00:00 [kworker/14:1-mm_percpu_wq]
root      2440     2  0 May02 ?        00:01:51 [ds_kproc]
root      2441     2  0 May02 ?        00:00:00 [ds_kmemcg]
root      2664     1  0 May02 ?        00:00:19 /usr/sap/hostctrl/exe/saphostexec pf=/usr/sap/hostctrl/exe/host_profile
root      2693  2257  0 May02 ?        00:09:05 /usr/sbin/ssm-agent-worker
uuidd     2695     1  0 May02 ?        00:00:02 /usr/sbin/uuidd --socket-activation
bheadm    2714     1  0 May02 ?        00:00:04 /usr/lib/systemd/systemd --user
bheadm    2715  2714  0 May02 ?        00:00:00 (sd-pam)
sapadm    2727     1  0 May02 ?        00:00:04 /usr/lib/systemd/systemd --user
sapadm    2745  2727  0 May02 ?        00:00:00 (sd-pam)
sapadm    2809     1  0 May02 ?        00:09:08 /usr/sap/hostctrl/exe/sapstartsrv pf=/usr/sap/hostctrl/exe/host_profile -D
bheadm    2813     1  0 May02 ?        00:00:15 /usr/sap/BHE/HDB00/exe/sapstartsrv pf=/usr/sap/BHE/SYS/profile/BHE_HDB00_sapeb4db01 -D -u bheadm
root      2871     1  0 May02 ?        00:00:00 /opt/ds_agent/ds_am -g ../diag -v 5 -d /var/opt/ds_agent/am -P 1 -R
daaadm    2926     1  0 May02 ?        00:00:04 /usr/lib/systemd/systemd --user
daaadm    3017  2926  0 May02 ?        00:00:00 (sd-pam)
root      3023     1  0 May02 ?        00:39:02 /usr/sap/hostctrl/exe/saposcol -l -w60 pf=/usr/sap/hostctrl/exe/host_profile
daaadm    3185     1  0 May02 ?        00:00:09 /usr/sap/DAA/SMDA98/exe/sapstartsrv pf=/usr/sap/DAA/SYS/profile/DAA_SMDA98_SAPEB4DB01 -D -u daaadm
root      3397     2  0 13:54 ?        00:00:00 [kworker/11:2]
root      3426     2  0 13:54 ?        00:00:00 [kworker/6:2-bmhook_wq]
daaadm    3591     1  0 May02 ?        00:00:00 sapstart pf=/usr/sap/DAA/SYS/profile/DAA_SMDA98_SAPEB4DB01
daaadm    3626  3591  0 May02 ?        00:00:01 /usr/sap/DAA/SMDA98/work/jc.sapDAA_SMDA98 pf=/usr/sap/DAA/SYS/profile/DAA_SMDA98_SAPEB4DB01
root      4078  2871  0 May11 ?        00:04:15 /opt/ds_agent/ds_am -g ../diag -v 5 -d /var/opt/ds_agent/am -P 1 -R
root      5040     2  0 05:54 ?        00:00:00 [kworker/9:2-rcu_gp]
root      5510     2  0 12:39 ?        00:00:00 [kworker/3:1-rcu_gp]
root      5923     2  0 May11 ?        00:00:00 [kworker/26:2-events]
root      6308     2  0 May11 ?        00:00:00 [kworker/15:2-mm_percpu_wq]
root      6406     2  0 15:22 ?        00:00:00 [kworker/8:2-mm_percpu_wq]
root      6819     2  0 12:42 ?        00:00:00 [kworker/8:1-mm_percpu_wq]
root      7121     2  0 15:24 ?        00:00:00 [kworker/19:1]
root      7264     2  0 15:24 ?        00:00:00 [kworker/3:2-mm_percpu_wq]
root      7920     2  0 11:24 ?        00:00:00 [kworker/2:0]
root      8223     2  0 15:28 ?        00:00:00 [kworker/18:2-events_power_efficient]
root      8224     2  0 15:28 ?        00:00:00 [kworker/25:1-mm_percpu_wq]
root      8225     2  0 15:28 ?        00:00:00 [kworker/24:0-mm_percpu_wq]
root      8929     2  0 06:05 ?        00:00:00 [kworker/u65:2-xprtiod]
root      9021     2  0 14:09 ?        00:00:00 [kworker/28:2-rcu_par_gp]
root      9049     2  0 14:09 ?        00:00:00 [kworker/26:1-xfs-conv/dm-8]
root      9339     2  0 03:24 ?        00:00:00 [kworker/16:1-events]
root      9416     2  0 15:30 ?        00:00:00 [kworker/5:1-events]
root      9613     2  0 15:31 ?        00:00:00 [kworker/22:3-xfs-sync/dm-1]
root      9658     2  0 15:31 ?        00:00:00 [kworker/23:2-mm_percpu_wq]
root      9780     2  0 10:09 ?        00:00:00 [kworker/27:1-mm_percpu_wq]
root      9949     2  0 10:09 ?        00:00:00 [kworker/29:1-mm_percpu_wq]
root     10558     2  0 15:34 ?        00:00:00 [kworker/8:0-mm_percpu_wq]
root     11129     2  0 15:35 ?        00:00:00 [kworker/25:0-mm_percpu_wq]
root     11130     2  0 15:35 ?        00:00:00 [kworker/24:2-events]
root     11301     2  0 14:14 ?        00:00:00 [kworker/23:1-events_power_efficient]
root     11816  2297  0 15:37 ?        00:00:00 sshd: ASP1033 [priv]
ASP1033  11823     1  0 15:37 ?        00:00:00 /usr/lib/systemd/systemd --user
ASP1033  11852 11823  0 15:37 ?        00:00:00 (sd-pam)
ASP1033  11882 11816  0 15:37 ?        00:00:00 sshd: ASP1033@pts/0
ASP1033  11883 11882  0 15:37 pts/0    00:00:00 -bash
root     11926 11883  0 15:37 pts/0    00:00:00 sudo su -
root     11927 11926  0 15:37 pts/1    00:00:00 sudo su -
root     11928 11927  0 15:37 pts/1    00:00:00 su -
root     11929 11928  0 15:37 pts/1    00:00:00 -bash
root     12099     2  0 15:38 ?        00:00:00 [kworker/22:1]
root     12126 11929  0 15:38 pts/1    00:00:00 -bash
root     12145 12126  0 15:38 pts/1    00:00:00 ps -eaf
root     12943     2  0 04:54 ?        00:00:00 [kworker/14:0-rcu_gp]
root     13117     2  0 14:19 ?        00:00:00 [kworker/25:2-mm_percpu_wq]
root     13399     2  0 11:39 ?        00:00:00 [kworker/10:1]
root     13494     2  0 11:39 ?        00:00:00 [kworker/1:1-rcu_gp]
root     15148     2  0 14:24 ?        00:00:00 [kworker/31:2-rcu_par_gp]
bheadm   15221 18262  0 May06 ?        00:20:52 hdbdiserver -port 30025
root     16090     2  0 10:24 ?        00:00:00 [kworker/10:2-mm_percpu_wq]
root     16672     2  0 06:24 ?        00:00:00 [kworker/12:0-events]
root     16898     2  0 14:29 ?        00:00:00 [kworker/u64:1-xfs-cil/dm-9]
root     17090     2  0 13:09 ?        00:00:00 [kworker/11:0-mm_percpu_wq]
root     17246     2  0 13:09 ?        00:00:00 [kworker/28:1-mm_percpu_wq]
root     17793     2  0 09:09 ?        00:00:00 [kworker/7:0-bmhook_wq]
bheadm   18255     1  0 May02 ?        00:00:00 sapstart pf=/usr/sap/BHE/SYS/profile/BHE_HDB00_sapeb4db01
bheadm   18262 18255  0 May02 ?        00:00:55 /usr/sap/BHE/HDB00/sapeb4db01/trace/hdb.sapBHE_HDB00 -d -nw -f /usr/sap/BHE/HDB00/sapeb4db01/daemon.ini pf=/usr/sap/BHE/SYS/profile/BHE_HDB00_sapeb4db01
bheadm   18282 18262  1 May02 ?        02:31:53 hdbnameserver
bheadm   18432     1  0 May02 ?        00:00:37 hdbrsutil  --start --port 30001 --volume 1 --volumesuffix mnt00001/hdb00001 --identifier 1651489045
root     18502     2  0 May02 ?        00:00:00 [dio/dm-3]
root     18503     2  0 May02 ?        00:00:00 [dio/dm-2]
bheadm   18567 18262  0 May02 ?        00:34:12 hdbcompileserver
bheadm   18570 18262  0 May02 ?        00:37:38 hdbpreprocessor
bheadm   18620 18262  7 May02 ?        18:06:43 hdbindexserver -port 30003
bheadm   18623 18262  0 May02 ?        02:08:38 hdbxsengine -port 30007
root     18888     2  0 13:12 ?        00:00:00 [kworker/u64:4-events_unbound]
root     18927     2  0 05:09 ?        00:00:00 [kworker/21:2-mm_percpu_wq]
root     19045     2  0 05:09 ?        00:00:00 [kworker/31:0-mm_percpu_wq]
bheadm   19155     1  0 May02 ?        00:00:36 hdbrsutil  --start --port 30003 --volume 3 --volumesuffix mnt00001/hdb00003.00003 --identifier 1651489079
bheadm   19406 18262  0 May02 ?        00:33:19 hdbwebdispatcher
root     20256     2  0 11:54 ?        00:00:00 [kworker/20:1-bmhook_wq]
root     21238     2  0 14:39 ?        00:00:00 [kworker/13:2-cgroup_destroy]
root     21393     2  0 14:39 ?        00:00:00 [kworker/1:0-mm_percpu_wq]
root     22160     2  0 May05 ?        00:00:00 [dio/dm-8]
root     22893     2  0 06:39 ?        00:00:00 [kworker/17:1-events]
root     23353     2  0 12:02 ?        00:00:00 [kworker/5:2-mm_percpu_wq]
root     23585     2  0 14:45 ?        00:00:00 [kworker/12:2-xfs-buf/dm-9]
root     23762     2  0 May06 ?        00:00:00 bpfilter_umh
root     23784     2  0 13:24 ?        00:00:00 [kworker/29:2-rcu_par_gp]
root     23812     2  0 13:24 ?        00:00:00 [kworker/18:0-events_power_efficient]
root     24634     2  0 09:24 ?        00:00:00 [kworker/19:0-mm_percpu_wq]
root     25655     2  0 12:09 ?        00:00:00 [kworker/21:0]
root     25696     2  0 12:09 ?        00:00:00 [kworker/6:0-events]
root     25958     2  0 01:24 ?        00:00:00 [kworker/20:2-rcu_gp]
root     26319     2  0 08:09 ?        00:00:00 [kworker/4:2-mm_percpu_wq]
root     26677     2  0 14:52 ?        00:00:00 [kworker/u64:2-xfs-cil/dm-5]
root     27029     2  0 04:09 ?        00:00:00 [kworker/2:2-mm_percpu_wq]
root     27090     2  0 04:09 ?        00:00:01 [kworker/0:0-mm_percpu_wq]
root     27392     2  0 14:54 ?        00:00:00 [kworker/7:2]
root     27536     2  0 14:54 ?        00:00:00 [kworker/30:0-mm_percpu_wq]
root     28265     2  0 10:54 ?        00:00:00 [kworker/30:2-rcu_gp]
root     29116     2  0 14:59 ?        00:00:00 [kworker/u65:1-xprtiod]
root     29289     2  0 13:39 ?        00:00:00 [kworker/15:1]
root     29385     2  0 13:39 ?        00:00:00 [kworker/4:0]
root     30139     2  0 09:39 ?        00:00:00 [kworker/24:1-mm_percpu_wq]
root     30200     2  0 09:39 ?        00:00:00 [kworker/9:1-mm_percpu_wq]
root     30660     2  0 15:03 ?        00:00:00 [kworker/22:0-bmhook_wq]
root     31835     2  0 12:24 ?        00:00:00 [kworker/16:0-mm_percpu_wq]
root     31891     2  0 12:24 ?        00:00:00 [kworker/17:2-mm_percpu_wq]
root     32089     2  0 15:07 ?        00:00:00 [kworker/u64:3-xfs-cil/dm-5]
root     32541     2  0 08:24 ?        00:00:00 [kworker/27:2-events]
0

[31;43m***** Services; Chkconfig status; CPU/MEM/ *****[0m
amazon-ssm-agent.service               loaded active     running       amazon-ssm-agent                                                             
apparmor.service                       loaded active     exited        Load AppArmor profiles                                                       
auditd.service                         loaded active     running       Security Auditing Service                                                    
aws-dataprovider.service               loaded active     running       AWS Data Provider for SAP                                                    
chronyd.service                        loaded active     running       NTP client/server                                                            
cloud-config.service                   loaded active     exited        Apply the settings specified in cloud-config                                 
cloud-final.service                    loaded active     exited        Execute cloud user/final scripts                                             
cloud-init-local.service               loaded active     exited        Initial cloud-init job (pre-networking)                                      
cloud-init.service                     loaded active     exited        Initial cloud-init job (metadata service crawler)                            
cloud-netconfig.service                loaded activating start   start Update cloud-netconfig Setup                                                 
cron.service                           loaded active     running       Command Scheduler                                                            
dbus.service                           loaded active     running       D-Bus System Message Bus                                                     
detect-part-label-duplicates.service   loaded active     exited        Detect if the system suffers from bsc#1089761                                
dracut-shutdown.service                loaded active     exited        Restore /run/initramfs on shutdown                                           
ds_agent.service                       loaded active     running       Trend Micro Deep Security Agent                                              
getty@tty1.service                     loaded active     running       Getty on tty1                                                                
haveged.service                        loaded active     running       Entropy Daemon based on the HAVEGE algorithm                                 
irqbalance.service                     loaded active     running       irqbalance daemon                                                            
iscsi.service                          loaded active     exited        Login and scanning of iSCSI devices                                          
jexec.service                          loaded active     exited        LSB: Supports the direct execution of binary formats.                        
kbdsettings.service                    loaded active     exited        Apply settings from /etc/sysconfig/keyboard                                  
klog.service                           loaded active     exited        Early Kernel Boot Messages                                                   
kmod-static-nodes.service              loaded active     exited        Create list of required static device nodes for the current kernel           
lvm2-monitor.service                   loaded active     exited        Monitoring of LVM2 mirrors, snapshots etc. using dmeventd or progress polling
lvm2-pvscan@259:0.service              loaded active     exited        LVM event activation on device 259:0                                         
lvm2-pvscan@259:10.service             loaded active     exited        LVM event activation on device 259:10                                        
lvm2-pvscan@259:11.service             loaded active     exited        LVM event activation on device 259:11                                        
lvm2-pvscan@259:12.service             loaded active     exited        LVM event activation on device 259:12                                        
lvm2-pvscan@259:3.service              loaded active     exited        LVM event activation on device 259:3                                         
lvm2-pvscan@259:4.service              loaded active     exited        LVM event activation on device 259:4                                         
lvm2-pvscan@259:6.service              loaded active     exited        LVM event activation on device 259:6                                         
lvm2-pvscan@259:7.service              loaded active     exited        LVM event activation on device 259:7                                         
lvm2-pvscan@259:8.service              loaded active     exited        LVM event activation on device 259:8                                         
lvm2-pvscan@259:9.service              loaded active     exited        LVM event activation on device 259:9                                         
nscd.service                           loaded active     running       Name Service Cache Daemon                                                    
rsyslog.service                        loaded active     running       System Logging Service                                                       
salt-minion.service                    loaded active     running       The Salt Minion                                                              
sapinit.service                        loaded active     running       LSB: Start the sapstartsrv                                                   
saptune.service                        loaded active     exited        Optimise system for running SAP workloads                                    
serial-getty@ttyS0.service             loaded active     running       Serial Getty on ttyS0                                                        
splunk.service                         loaded active     running       SYSV: Splunk indexer service                                                 
sshd.service                           loaded active     running       OpenSSH Daemon                                                               
sssd.service                           loaded active     running       System Security Services Daemon                                              
sysstat.service                        loaded active     exited        Write information about system start to sysstat log                          
systemd-journal-catalog-update.service loaded active     exited        Rebuild Journal Catalog                                                      
systemd-journal-flush.service          loaded active     exited        Flush Journal to Persistent Storage                                          
systemd-journald.service               loaded active     running       Journal Service                                                              
systemd-logind.service                 loaded active     running       Login Service                                                                
systemd-modules-load.service           loaded active     exited        Load Kernel Modules                                                          
systemd-random-seed.service            loaded active     exited        Load/Save Random Seed                                                        
systemd-remount-fs.service             loaded active     exited        Remount Root and Kernel File Systems                                         
systemd-sysctl.service                 loaded active     exited        Apply Kernel Variables                                                       
systemd-tmpfiles-setup-dev.service     loaded active     exited        Create Static Device Nodes in /dev                                           
systemd-tmpfiles-setup.service         loaded active     exited        Create Volatile Files and Directories                                        
systemd-udev-settle.service            loaded active     exited        udev Wait for Complete Device Initialization                                 
systemd-udev-trigger.service           loaded active     exited        udev Coldplug all Devices                                                    
systemd-udevd.service                  loaded active     running       udev Kernel Device Manager                                                   
systemd-update-done.service            loaded active     exited        Update is Completed                                                          
systemd-update-utmp.service            loaded active     exited        Update UTMP about System Boot/Shutdown                                       
systemd-user-sessions.service          loaded active     exited        Permit User Sessions                                                         
systemd-vconsole-setup.service         loaded failed     failed        Setup Virtual Console                                                        
user-runtime-dir@1001.service          loaded active     exited        User Runtime Directory /run/user/1001                                        
user-runtime-dir@1725029451.service    loaded active     exited        User Runtime Directory /run/user/1725029451                                  
user-runtime-dir@3002.service          loaded active     exited        User Runtime Directory /run/user/3002                                        
user-runtime-dir@473.service           loaded active     exited        User Runtime Directory /run/user/473                                         
user@1001.service                      loaded active     running       User Manager for UID 1001                                                    
user@1725029451.service                loaded active     running       User Manager for UID 1725029451                                              
user@3002.service                      loaded active     running       User Manager for UID 3002                                                    
user@473.service                       loaded active     running       User Manager for UID 473                                                     
uuidd.service                          loaded active     running       Daemon for generating UUIDs                                                  
wicked.service                         loaded active     exited        wicked managed network interfaces                                            
wickedd-auto4.service                  loaded active     running       wicked AutoIPv4 supplicant service                                           
wickedd-dhcp4.service                  loaded active     running       wicked DHCPv4 supplicant service                                             
wickedd-dhcp6.service                  loaded active     running       wicked DHCPv6 supplicant service                                             
wickedd-nanny.service                  loaded active     running       wicked network nanny service                                                 
wickedd.service                        loaded active     running       wicked network management service daemon                                     
jexec                     0:off  1:on   2:on   3:on   4:on   5:on   6:off
sapinit                   0:off  1:off  2:off  3:on   4:off  5:on   6:off
splunk                    0:off  1:off  2:on   3:on   4:off  5:on   6:off
processor	: 0
vendor_id	: GenuineIntel
cpu family	: 6
model		: 106
model name	: Intel(R) Xeon(R) Platinum 8375C CPU @ 2.90GHz
stepping	: 6
microcode	: 0xd000331
cpu MHz		: 3489.278
cache size	: 55296 KB
physical id	: 0
siblings	: 32
core id		: 0
cpu cores	: 16
apicid		: 0
initial apicid	: 0
fpu		: yes
fpu_exception	: yes
cpuid level	: 27
wp		: yes
flags		: fpu vme de pse tsc msr pae mce cx8 apic sep mtrr pge mca cmov pat pse36 clflush mmx fxsr sse sse2 ss ht syscall nx pdpe1gb rdtscp lm constant_tsc rep_good nopl xtopology nonstop_tsc cpuid aperfmperf tsc_known_freq pni pclmulqdq ssse3 fma cx16 pcid sse4_1 sse4_2 x2apic movbe popcnt tsc_deadline_timer aes xsave avx f16c rdrand hypervisor lahf_lm abm 3dnowprefetch invpcid_single ssbd ibrs ibpb stibp ibrs_enhanced fsgsbase tsc_adjust bmi1 avx2 smep bmi2 erms invpcid avx512f avx512dq rdseed adx smap avx512ifma clflushopt clwb avx512cd sha_ni avx512bw avx512vl xsaveopt xsavec xgetbv1 xsaves wbnoinvd ida arat avx512vbmi pku ospke avx512_vbmi2 gfni vaes vpclmulqdq avx512_vnni avx512_bitalg tme avx512_vpopcntdq rdpid md_clear flush_l1d arch_capabilities
bugs		: spectre_v1 spectre_v2 spec_store_bypass swapgs
bogomips	: 5799.88
clflush size	: 64
cache_alignment	: 64
address sizes	: 46 bits physical, 48 bits virtual
power management:

processor	: 1
vendor_id	: GenuineIntel
cpu family	: 6
model		: 106
model name	: Intel(R) Xeon(R) Platinum 8375C CPU @ 2.90GHz
stepping	: 6
microcode	: 0xd000331
cpu MHz		: 3501.443
cache size	: 55296 KB
physical id	: 0
siblings	: 32
core id		: 1
cpu cores	: 16
apicid		: 2
initial apicid	: 2
fpu		: yes
fpu_exception	: yes
cpuid level	: 27
wp		: yes
flags		: fpu vme de pse tsc msr pae mce cx8 apic sep mtrr pge mca cmov pat pse36 clflush mmx fxsr sse sse2 ss ht syscall nx pdpe1gb rdtscp lm constant_tsc rep_good nopl xtopology nonstop_tsc cpuid aperfmperf tsc_known_freq pni pclmulqdq ssse3 fma cx16 pcid sse4_1 sse4_2 x2apic movbe popcnt tsc_deadline_timer aes xsave avx f16c rdrand hypervisor lahf_lm abm 3dnowprefetch invpcid_single ssbd ibrs ibpb stibp ibrs_enhanced fsgsbase tsc_adjust bmi1 avx2 smep bmi2 erms invpcid avx512f avx512dq rdseed adx smap avx512ifma clflushopt clwb avx512cd sha_ni avx512bw avx512vl xsaveopt xsavec xgetbv1 xsaves wbnoinvd ida arat avx512vbmi pku ospke avx512_vbmi2 gfni vaes vpclmulqdq avx512_vnni avx512_bitalg tme avx512_vpopcntdq rdpid md_clear flush_l1d arch_capabilities
bugs		: spectre_v1 spectre_v2 spec_store_bypass swapgs
bogomips	: 5799.88
clflush size	: 64
cache_alignment	: 64
address sizes	: 46 bits physical, 48 bits virtual
power management:

processor	: 2
vendor_id	: GenuineIntel
cpu family	: 6
model		: 106
model name	: Intel(R) Xeon(R) Platinum 8375C CPU @ 2.90GHz
stepping	: 6
microcode	: 0xd000331
cpu MHz		: 3501.595
cache size	: 55296 KB
physical id	: 0
siblings	: 32
core id		: 2
cpu cores	: 16
apicid		: 4
initial apicid	: 4
fpu		: yes
fpu_exception	: yes
cpuid level	: 27
wp		: yes
flags		: fpu vme de pse tsc msr pae mce cx8 apic sep mtrr pge mca cmov pat pse36 clflush mmx fxsr sse sse2 ss ht syscall nx pdpe1gb rdtscp lm constant_tsc rep_good nopl xtopology nonstop_tsc cpuid aperfmperf tsc_known_freq pni pclmulqdq ssse3 fma cx16 pcid sse4_1 sse4_2 x2apic movbe popcnt tsc_deadline_timer aes xsave avx f16c rdrand hypervisor lahf_lm abm 3dnowprefetch invpcid_single ssbd ibrs ibpb stibp ibrs_enhanced fsgsbase tsc_adjust bmi1 avx2 smep bmi2 erms invpcid avx512f avx512dq rdseed adx smap avx512ifma clflushopt clwb avx512cd sha_ni avx512bw avx512vl xsaveopt xsavec xgetbv1 xsaves wbnoinvd ida arat avx512vbmi pku ospke avx512_vbmi2 gfni vaes vpclmulqdq avx512_vnni avx512_bitalg tme avx512_vpopcntdq rdpid md_clear flush_l1d arch_capabilities
bugs		: spectre_v1 spectre_v2 spec_store_bypass swapgs
bogomips	: 5799.88
clflush size	: 64
cache_alignment	: 64
address sizes	: 46 bits physical, 48 bits virtual
power management:

processor	: 3
vendor_id	: GenuineIntel
cpu family	: 6
model		: 106
model name	: Intel(R) Xeon(R) Platinum 8375C CPU @ 2.90GHz
stepping	: 6
microcode	: 0xd000331
cpu MHz		: 3501.123
cache size	: 55296 KB
physical id	: 0
siblings	: 32
core id		: 3
cpu cores	: 16
apicid		: 6
initial apicid	: 6
fpu		: yes
fpu_exception	: yes
cpuid level	: 27
wp		: yes
flags		: fpu vme de pse tsc msr pae mce cx8 apic sep mtrr pge mca cmov pat pse36 clflush mmx fxsr sse sse2 ss ht syscall nx pdpe1gb rdtscp lm constant_tsc rep_good nopl xtopology nonstop_tsc cpuid aperfmperf tsc_known_freq pni pclmulqdq ssse3 fma cx16 pcid sse4_1 sse4_2 x2apic movbe popcnt tsc_deadline_timer aes xsave avx f16c rdrand hypervisor lahf_lm abm 3dnowprefetch invpcid_single ssbd ibrs ibpb stibp ibrs_enhanced fsgsbase tsc_adjust bmi1 avx2 smep bmi2 erms invpcid avx512f avx512dq rdseed adx smap avx512ifma clflushopt clwb avx512cd sha_ni avx512bw avx512vl xsaveopt xsavec xgetbv1 xsaves wbnoinvd ida arat avx512vbmi pku ospke avx512_vbmi2 gfni vaes vpclmulqdq avx512_vnni avx512_bitalg tme avx512_vpopcntdq rdpid md_clear flush_l1d arch_capabilities
bugs		: spectre_v1 spectre_v2 spec_store_bypass swapgs
bogomips	: 5799.88
clflush size	: 64
cache_alignment	: 64
address sizes	: 46 bits physical, 48 bits virtual
power management:

processor	: 4
vendor_id	: GenuineIntel
cpu family	: 6
model		: 106
model name	: Intel(R) Xeon(R) Platinum 8375C CPU @ 2.90GHz
stepping	: 6
microcode	: 0xd000331
cpu MHz		: 3498.865
cache size	: 55296 KB
physical id	: 0
siblings	: 32
core id		: 4
cpu cores	: 16
apicid		: 8
initial apicid	: 8
fpu		: yes
fpu_exception	: yes
cpuid level	: 27
wp		: yes
flags		: fpu vme de pse tsc msr pae mce cx8 apic sep mtrr pge mca cmov pat pse36 clflush mmx fxsr sse sse2 ss ht syscall nx pdpe1gb rdtscp lm constant_tsc rep_good nopl xtopology nonstop_tsc cpuid aperfmperf tsc_known_freq pni pclmulqdq ssse3 fma cx16 pcid sse4_1 sse4_2 x2apic movbe popcnt tsc_deadline_timer aes xsave avx f16c rdrand hypervisor lahf_lm abm 3dnowprefetch invpcid_single ssbd ibrs ibpb stibp ibrs_enhanced fsgsbase tsc_adjust bmi1 avx2 smep bmi2 erms invpcid avx512f avx512dq rdseed adx smap avx512ifma clflushopt clwb avx512cd sha_ni avx512bw avx512vl xsaveopt xsavec xgetbv1 xsaves wbnoinvd ida arat avx512vbmi pku ospke avx512_vbmi2 gfni vaes vpclmulqdq avx512_vnni avx512_bitalg tme avx512_vpopcntdq rdpid md_clear flush_l1d arch_capabilities
bugs		: spectre_v1 spectre_v2 spec_store_bypass swapgs
bogomips	: 5799.88
clflush size	: 64
cache_alignment	: 64
address sizes	: 46 bits physical, 48 bits virtual
power management:

processor	: 5
vendor_id	: GenuineIntel
cpu family	: 6
model		: 106
model name	: Intel(R) Xeon(R) Platinum 8375C CPU @ 2.90GHz
stepping	: 6
microcode	: 0xd000331
cpu MHz		: 3498.633
cache size	: 55296 KB
physical id	: 0
siblings	: 32
core id		: 5
cpu cores	: 16
apicid		: 10
initial apicid	: 10
fpu		: yes
fpu_exception	: yes
cpuid level	: 27
wp		: yes
flags		: fpu vme de pse tsc msr pae mce cx8 apic sep mtrr pge mca cmov pat pse36 clflush mmx fxsr sse sse2 ss ht syscall nx pdpe1gb rdtscp lm constant_tsc rep_good nopl xtopology nonstop_tsc cpuid aperfmperf tsc_known_freq pni pclmulqdq ssse3 fma cx16 pcid sse4_1 sse4_2 x2apic movbe popcnt tsc_deadline_timer aes xsave avx f16c rdrand hypervisor lahf_lm abm 3dnowprefetch invpcid_single ssbd ibrs ibpb stibp ibrs_enhanced fsgsbase tsc_adjust bmi1 avx2 smep bmi2 erms invpcid avx512f avx512dq rdseed adx smap avx512ifma clflushopt clwb avx512cd sha_ni avx512bw avx512vl xsaveopt xsavec xgetbv1 xsaves wbnoinvd ida arat avx512vbmi pku ospke avx512_vbmi2 gfni vaes vpclmulqdq avx512_vnni avx512_bitalg tme avx512_vpopcntdq rdpid md_clear flush_l1d arch_capabilities
bugs		: spectre_v1 spectre_v2 spec_store_bypass swapgs
bogomips	: 5799.88
clflush size	: 64
cache_alignment	: 64
address sizes	: 46 bits physical, 48 bits virtual
power management:

processor	: 6
vendor_id	: GenuineIntel
cpu family	: 6
model		: 106
model name	: Intel(R) Xeon(R) Platinum 8375C CPU @ 2.90GHz
stepping	: 6
microcode	: 0xd000331
cpu MHz		: 3505.186
cache size	: 55296 KB
physical id	: 0
siblings	: 32
core id		: 6
cpu cores	: 16
apicid		: 12
initial apicid	: 12
fpu		: yes
fpu_exception	: yes
cpuid level	: 27
wp		: yes
flags		: fpu vme de pse tsc msr pae mce cx8 apic sep mtrr pge mca cmov pat pse36 clflush mmx fxsr sse sse2 ss ht syscall nx pdpe1gb rdtscp lm constant_tsc rep_good nopl xtopology nonstop_tsc cpuid aperfmperf tsc_known_freq pni pclmulqdq ssse3 fma cx16 pcid sse4_1 sse4_2 x2apic movbe popcnt tsc_deadline_timer aes xsave avx f16c rdrand hypervisor lahf_lm abm 3dnowprefetch invpcid_single ssbd ibrs ibpb stibp ibrs_enhanced fsgsbase tsc_adjust bmi1 avx2 smep bmi2 erms invpcid avx512f avx512dq rdseed adx smap avx512ifma clflushopt clwb avx512cd sha_ni avx512bw avx512vl xsaveopt xsavec xgetbv1 xsaves wbnoinvd ida arat avx512vbmi pku ospke avx512_vbmi2 gfni vaes vpclmulqdq avx512_vnni avx512_bitalg tme avx512_vpopcntdq rdpid md_clear flush_l1d arch_capabilities
bugs		: spectre_v1 spectre_v2 spec_store_bypass swapgs
bogomips	: 5799.88
clflush size	: 64
cache_alignment	: 64
address sizes	: 46 bits physical, 48 bits virtual
power management:

processor	: 7
vendor_id	: GenuineIntel
cpu family	: 6
model		: 106
model name	: Intel(R) Xeon(R) Platinum 8375C CPU @ 2.90GHz
stepping	: 6
microcode	: 0xd000331
cpu MHz		: 3498.364
cache size	: 55296 KB
physical id	: 0
siblings	: 32
core id		: 7
cpu cores	: 16
apicid		: 14
initial apicid	: 14
fpu		: yes
fpu_exception	: yes
cpuid level	: 27
wp		: yes
flags		: fpu vme de pse tsc msr pae mce cx8 apic sep mtrr pge mca cmov pat pse36 clflush mmx fxsr sse sse2 ss ht syscall nx pdpe1gb rdtscp lm constant_tsc rep_good nopl xtopology nonstop_tsc cpuid aperfmperf tsc_known_freq pni pclmulqdq ssse3 fma cx16 pcid sse4_1 sse4_2 x2apic movbe popcnt tsc_deadline_timer aes xsave avx f16c rdrand hypervisor lahf_lm abm 3dnowprefetch invpcid_single ssbd ibrs ibpb stibp ibrs_enhanced fsgsbase tsc_adjust bmi1 avx2 smep bmi2 erms invpcid avx512f avx512dq rdseed adx smap avx512ifma clflushopt clwb avx512cd sha_ni avx512bw avx512vl xsaveopt xsavec xgetbv1 xsaves wbnoinvd ida arat avx512vbmi pku ospke avx512_vbmi2 gfni vaes vpclmulqdq avx512_vnni avx512_bitalg tme avx512_vpopcntdq rdpid md_clear flush_l1d arch_capabilities
bugs		: spectre_v1 spectre_v2 spec_store_bypass swapgs
bogomips	: 5799.88
clflush size	: 64
cache_alignment	: 64
address sizes	: 46 bits physical, 48 bits virtual
power management:

processor	: 8
vendor_id	: GenuineIntel
cpu family	: 6
model		: 106
model name	: Intel(R) Xeon(R) Platinum 8375C CPU @ 2.90GHz
stepping	: 6
microcode	: 0xd000331
cpu MHz		: 3498.236
cache size	: 55296 KB
physical id	: 0
siblings	: 32
core id		: 8
cpu cores	: 16
apicid		: 16
initial apicid	: 16
fpu		: yes
fpu_exception	: yes
cpuid level	: 27
wp		: yes
flags		: fpu vme de pse tsc msr pae mce cx8 apic sep mtrr pge mca cmov pat pse36 clflush mmx fxsr sse sse2 ss ht syscall nx pdpe1gb rdtscp lm constant_tsc rep_good nopl xtopology nonstop_tsc cpuid aperfmperf tsc_known_freq pni pclmulqdq ssse3 fma cx16 pcid sse4_1 sse4_2 x2apic movbe popcnt tsc_deadline_timer aes xsave avx f16c rdrand hypervisor lahf_lm abm 3dnowprefetch invpcid_single ssbd ibrs ibpb stibp ibrs_enhanced fsgsbase tsc_adjust bmi1 avx2 smep bmi2 erms invpcid avx512f avx512dq rdseed adx smap avx512ifma clflushopt clwb avx512cd sha_ni avx512bw avx512vl xsaveopt xsavec xgetbv1 xsaves wbnoinvd ida arat avx512vbmi pku ospke avx512_vbmi2 gfni vaes vpclmulqdq avx512_vnni avx512_bitalg tme avx512_vpopcntdq rdpid md_clear flush_l1d arch_capabilities
bugs		: spectre_v1 spectre_v2 spec_store_bypass swapgs
bogomips	: 5799.88
clflush size	: 64
cache_alignment	: 64
address sizes	: 46 bits physical, 48 bits virtual
power management:

processor	: 9
vendor_id	: GenuineIntel
cpu family	: 6
model		: 106
model name	: Intel(R) Xeon(R) Platinum 8375C CPU @ 2.90GHz
stepping	: 6
microcode	: 0xd000331
cpu MHz		: 3499.930
cache size	: 55296 KB
physical id	: 0
siblings	: 32
core id		: 9
cpu cores	: 16
apicid		: 18
initial apicid	: 18
fpu		: yes
fpu_exception	: yes
cpuid level	: 27
wp		: yes
flags		: fpu vme de pse tsc msr pae mce cx8 apic sep mtrr pge mca cmov pat pse36 clflush mmx fxsr sse sse2 ss ht syscall nx pdpe1gb rdtscp lm constant_tsc rep_good nopl xtopology nonstop_tsc cpuid aperfmperf tsc_known_freq pni pclmulqdq ssse3 fma cx16 pcid sse4_1 sse4_2 x2apic movbe popcnt tsc_deadline_timer aes xsave avx f16c rdrand hypervisor lahf_lm abm 3dnowprefetch invpcid_single ssbd ibrs ibpb stibp ibrs_enhanced fsgsbase tsc_adjust bmi1 avx2 smep bmi2 erms invpcid avx512f avx512dq rdseed adx smap avx512ifma clflushopt clwb avx512cd sha_ni avx512bw avx512vl xsaveopt xsavec xgetbv1 xsaves wbnoinvd ida arat avx512vbmi pku ospke avx512_vbmi2 gfni vaes vpclmulqdq avx512_vnni avx512_bitalg tme avx512_vpopcntdq rdpid md_clear flush_l1d arch_capabilities
bugs		: spectre_v1 spectre_v2 spec_store_bypass swapgs
bogomips	: 5799.88
clflush size	: 64
cache_alignment	: 64
address sizes	: 46 bits physical, 48 bits virtual
power management:

processor	: 10
vendor_id	: GenuineIntel
cpu family	: 6
model		: 106
model name	: Intel(R) Xeon(R) Platinum 8375C CPU @ 2.90GHz
stepping	: 6
microcode	: 0xd000331
cpu MHz		: 3487.383
cache size	: 55296 KB
physical id	: 0
siblings	: 32
core id		: 10
cpu cores	: 16
apicid		: 20
initial apicid	: 20
fpu		: yes
fpu_exception	: yes
cpuid level	: 27
wp		: yes
flags		: fpu vme de pse tsc msr pae mce cx8 apic sep mtrr pge mca cmov pat pse36 clflush mmx fxsr sse sse2 ss ht syscall nx pdpe1gb rdtscp lm constant_tsc rep_good nopl xtopology nonstop_tsc cpuid aperfmperf tsc_known_freq pni pclmulqdq ssse3 fma cx16 pcid sse4_1 sse4_2 x2apic movbe popcnt tsc_deadline_timer aes xsave avx f16c rdrand hypervisor lahf_lm abm 3dnowprefetch invpcid_single ssbd ibrs ibpb stibp ibrs_enhanced fsgsbase tsc_adjust bmi1 avx2 smep bmi2 erms invpcid avx512f avx512dq rdseed adx smap avx512ifma clflushopt clwb avx512cd sha_ni avx512bw avx512vl xsaveopt xsavec xgetbv1 xsaves wbnoinvd ida arat avx512vbmi pku ospke avx512_vbmi2 gfni vaes vpclmulqdq avx512_vnni avx512_bitalg tme avx512_vpopcntdq rdpid md_clear flush_l1d arch_capabilities
bugs		: spectre_v1 spectre_v2 spec_store_bypass swapgs
bogomips	: 5799.88
clflush size	: 64
cache_alignment	: 64
address sizes	: 46 bits physical, 48 bits virtual
power management:

processor	: 11
vendor_id	: GenuineIntel
cpu family	: 6
model		: 106
model name	: Intel(R) Xeon(R) Platinum 8375C CPU @ 2.90GHz
stepping	: 6
microcode	: 0xd000331
cpu MHz		: 3497.344
cache size	: 55296 KB
physical id	: 0
siblings	: 32
core id		: 11
cpu cores	: 16
apicid		: 22
initial apicid	: 22
fpu		: yes
fpu_exception	: yes
cpuid level	: 27
wp		: yes
flags		: fpu vme de pse tsc msr pae mce cx8 apic sep mtrr pge mca cmov pat pse36 clflush mmx fxsr sse sse2 ss ht syscall nx pdpe1gb rdtscp lm constant_tsc rep_good nopl xtopology nonstop_tsc cpuid aperfmperf tsc_known_freq pni pclmulqdq ssse3 fma cx16 pcid sse4_1 sse4_2 x2apic movbe popcnt tsc_deadline_timer aes xsave avx f16c rdrand hypervisor lahf_lm abm 3dnowprefetch invpcid_single ssbd ibrs ibpb stibp ibrs_enhanced fsgsbase tsc_adjust bmi1 avx2 smep bmi2 erms invpcid avx512f avx512dq rdseed adx smap avx512ifma clflushopt clwb avx512cd sha_ni avx512bw avx512vl xsaveopt xsavec xgetbv1 xsaves wbnoinvd ida arat avx512vbmi pku ospke avx512_vbmi2 gfni vaes vpclmulqdq avx512_vnni avx512_bitalg tme avx512_vpopcntdq rdpid md_clear flush_l1d arch_capabilities
bugs		: spectre_v1 spectre_v2 spec_store_bypass swapgs
bogomips	: 5799.88
clflush size	: 64
cache_alignment	: 64
address sizes	: 46 bits physical, 48 bits virtual
power management:

processor	: 12
vendor_id	: GenuineIntel
cpu family	: 6
model		: 106
model name	: Intel(R) Xeon(R) Platinum 8375C CPU @ 2.90GHz
stepping	: 6
microcode	: 0xd000331
cpu MHz		: 3501.217
cache size	: 55296 KB
physical id	: 0
siblings	: 32
core id		: 12
cpu cores	: 16
apicid		: 24
initial apicid	: 24
fpu		: yes
fpu_exception	: yes
cpuid level	: 27
wp		: yes
flags		: fpu vme de pse tsc msr pae mce cx8 apic sep mtrr pge mca cmov pat pse36 clflush mmx fxsr sse sse2 ss ht syscall nx pdpe1gb rdtscp lm constant_tsc rep_good nopl xtopology nonstop_tsc cpuid aperfmperf tsc_known_freq pni pclmulqdq ssse3 fma cx16 pcid sse4_1 sse4_2 x2apic movbe popcnt tsc_deadline_timer aes xsave avx f16c rdrand hypervisor lahf_lm abm 3dnowprefetch invpcid_single ssbd ibrs ibpb stibp ibrs_enhanced fsgsbase tsc_adjust bmi1 avx2 smep bmi2 erms invpcid avx512f avx512dq rdseed adx smap avx512ifma clflushopt clwb avx512cd sha_ni avx512bw avx512vl xsaveopt xsavec xgetbv1 xsaves wbnoinvd ida arat avx512vbmi pku ospke avx512_vbmi2 gfni vaes vpclmulqdq avx512_vnni avx512_bitalg tme avx512_vpopcntdq rdpid md_clear flush_l1d arch_capabilities
bugs		: spectre_v1 spectre_v2 spec_store_bypass swapgs
bogomips	: 5799.88
clflush size	: 64
cache_alignment	: 64
address sizes	: 46 bits physical, 48 bits virtual
power management:

processor	: 13
vendor_id	: GenuineIntel
cpu family	: 6
model		: 106
model name	: Intel(R) Xeon(R) Platinum 8375C CPU @ 2.90GHz
stepping	: 6
microcode	: 0xd000331
cpu MHz		: 3499.395
cache size	: 55296 KB
physical id	: 0
siblings	: 32
core id		: 13
cpu cores	: 16
apicid		: 26
initial apicid	: 26
fpu		: yes
fpu_exception	: yes
cpuid level	: 27
wp		: yes
flags		: fpu vme de pse tsc msr pae mce cx8 apic sep mtrr pge mca cmov pat pse36 clflush mmx fxsr sse sse2 ss ht syscall nx pdpe1gb rdtscp lm constant_tsc rep_good nopl xtopology nonstop_tsc cpuid aperfmperf tsc_known_freq pni pclmulqdq ssse3 fma cx16 pcid sse4_1 sse4_2 x2apic movbe popcnt tsc_deadline_timer aes xsave avx f16c rdrand hypervisor lahf_lm abm 3dnowprefetch invpcid_single ssbd ibrs ibpb stibp ibrs_enhanced fsgsbase tsc_adjust bmi1 avx2 smep bmi2 erms invpcid avx512f avx512dq rdseed adx smap avx512ifma clflushopt clwb avx512cd sha_ni avx512bw avx512vl xsaveopt xsavec xgetbv1 xsaves wbnoinvd ida arat avx512vbmi pku ospke avx512_vbmi2 gfni vaes vpclmulqdq avx512_vnni avx512_bitalg tme avx512_vpopcntdq rdpid md_clear flush_l1d arch_capabilities
bugs		: spectre_v1 spectre_v2 spec_store_bypass swapgs
bogomips	: 5799.88
clflush size	: 64
cache_alignment	: 64
address sizes	: 46 bits physical, 48 bits virtual
power management:

processor	: 14
vendor_id	: GenuineIntel
cpu family	: 6
model		: 106
model name	: Intel(R) Xeon(R) Platinum 8375C CPU @ 2.90GHz
stepping	: 6
microcode	: 0xd000331
cpu MHz		: 3470.085
cache size	: 55296 KB
physical id	: 0
siblings	: 32
core id		: 14
cpu cores	: 16
apicid		: 28
initial apicid	: 28
fpu		: yes
fpu_exception	: yes
cpuid level	: 27
wp		: yes
flags		: fpu vme de pse tsc msr pae mce cx8 apic sep mtrr pge mca cmov pat pse36 clflush mmx fxsr sse sse2 ss ht syscall nx pdpe1gb rdtscp lm constant_tsc rep_good nopl xtopology nonstop_tsc cpuid aperfmperf tsc_known_freq pni pclmulqdq ssse3 fma cx16 pcid sse4_1 sse4_2 x2apic movbe popcnt tsc_deadline_timer aes xsave avx f16c rdrand hypervisor lahf_lm abm 3dnowprefetch invpcid_single ssbd ibrs ibpb stibp ibrs_enhanced fsgsbase tsc_adjust bmi1 avx2 smep bmi2 erms invpcid avx512f avx512dq rdseed adx smap avx512ifma clflushopt clwb avx512cd sha_ni avx512bw avx512vl xsaveopt xsavec xgetbv1 xsaves wbnoinvd ida arat avx512vbmi pku ospke avx512_vbmi2 gfni vaes vpclmulqdq avx512_vnni avx512_bitalg tme avx512_vpopcntdq rdpid md_clear flush_l1d arch_capabilities
bugs		: spectre_v1 spectre_v2 spec_store_bypass swapgs
bogomips	: 5799.88
clflush size	: 64
cache_alignment	: 64
address sizes	: 46 bits physical, 48 bits virtual
power management:

processor	: 15
vendor_id	: GenuineIntel
cpu family	: 6
model		: 106
model name	: Intel(R) Xeon(R) Platinum 8375C CPU @ 2.90GHz
stepping	: 6
microcode	: 0xd000331
cpu MHz		: 3499.930
cache size	: 55296 KB
physical id	: 0
siblings	: 32
core id		: 15
cpu cores	: 16
apicid		: 30
initial apicid	: 30
fpu		: yes
fpu_exception	: yes
cpuid level	: 27
wp		: yes
flags		: fpu vme de pse tsc msr pae mce cx8 apic sep mtrr pge mca cmov pat pse36 clflush mmx fxsr sse sse2 ss ht syscall nx pdpe1gb rdtscp lm constant_tsc rep_good nopl xtopology nonstop_tsc cpuid aperfmperf tsc_known_freq pni pclmulqdq ssse3 fma cx16 pcid sse4_1 sse4_2 x2apic movbe popcnt tsc_deadline_timer aes xsave avx f16c rdrand hypervisor lahf_lm abm 3dnowprefetch invpcid_single ssbd ibrs ibpb stibp ibrs_enhanced fsgsbase tsc_adjust bmi1 avx2 smep bmi2 erms invpcid avx512f avx512dq rdseed adx smap avx512ifma clflushopt clwb avx512cd sha_ni avx512bw avx512vl xsaveopt xsavec xgetbv1 xsaves wbnoinvd ida arat avx512vbmi pku ospke avx512_vbmi2 gfni vaes vpclmulqdq avx512_vnni avx512_bitalg tme avx512_vpopcntdq rdpid md_clear flush_l1d arch_capabilities
bugs		: spectre_v1 spectre_v2 spec_store_bypass swapgs
bogomips	: 5799.88
clflush size	: 64
cache_alignment	: 64
address sizes	: 46 bits physical, 48 bits virtual
power management:

processor	: 16
vendor_id	: GenuineIntel
cpu family	: 6
model		: 106
model name	: Intel(R) Xeon(R) Platinum 8375C CPU @ 2.90GHz
stepping	: 6
microcode	: 0xd000331
cpu MHz		: 3496.856
cache size	: 55296 KB
physical id	: 0
siblings	: 32
core id		: 0
cpu cores	: 16
apicid		: 1
initial apicid	: 1
fpu		: yes
fpu_exception	: yes
cpuid level	: 27
wp		: yes
flags		: fpu vme de pse tsc msr pae mce cx8 apic sep mtrr pge mca cmov pat pse36 clflush mmx fxsr sse sse2 ss ht syscall nx pdpe1gb rdtscp lm constant_tsc rep_good nopl xtopology nonstop_tsc cpuid aperfmperf tsc_known_freq pni pclmulqdq ssse3 fma cx16 pcid sse4_1 sse4_2 x2apic movbe popcnt tsc_deadline_timer aes xsave avx f16c rdrand hypervisor lahf_lm abm 3dnowprefetch invpcid_single ssbd ibrs ibpb stibp ibrs_enhanced fsgsbase tsc_adjust bmi1 avx2 smep bmi2 erms invpcid avx512f avx512dq rdseed adx smap avx512ifma clflushopt clwb avx512cd sha_ni avx512bw avx512vl xsaveopt xsavec xgetbv1 xsaves wbnoinvd ida arat avx512vbmi pku ospke avx512_vbmi2 gfni vaes vpclmulqdq avx512_vnni avx512_bitalg tme avx512_vpopcntdq rdpid md_clear flush_l1d arch_capabilities
bugs		: spectre_v1 spectre_v2 spec_store_bypass swapgs
bogomips	: 5799.88
clflush size	: 64
cache_alignment	: 64
address sizes	: 46 bits physical, 48 bits virtual
power management:

processor	: 17
vendor_id	: GenuineIntel
cpu family	: 6
model		: 106
model name	: Intel(R) Xeon(R) Platinum 8375C CPU @ 2.90GHz
stepping	: 6
microcode	: 0xd000331
cpu MHz		: 3508.294
cache size	: 55296 KB
physical id	: 0
siblings	: 32
core id		: 1
cpu cores	: 16
apicid		: 3
initial apicid	: 3
fpu		: yes
fpu_exception	: yes
cpuid level	: 27
wp		: yes
flags		: fpu vme de pse tsc msr pae mce cx8 apic sep mtrr pge mca cmov pat pse36 clflush mmx fxsr sse sse2 ss ht syscall nx pdpe1gb rdtscp lm constant_tsc rep_good nopl xtopology nonstop_tsc cpuid aperfmperf tsc_known_freq pni pclmulqdq ssse3 fma cx16 pcid sse4_1 sse4_2 x2apic movbe popcnt tsc_deadline_timer aes xsave avx f16c rdrand hypervisor lahf_lm abm 3dnowprefetch invpcid_single ssbd ibrs ibpb stibp ibrs_enhanced fsgsbase tsc_adjust bmi1 avx2 smep bmi2 erms invpcid avx512f avx512dq rdseed adx smap avx512ifma clflushopt clwb avx512cd sha_ni avx512bw avx512vl xsaveopt xsavec xgetbv1 xsaves wbnoinvd ida arat avx512vbmi pku ospke avx512_vbmi2 gfni vaes vpclmulqdq avx512_vnni avx512_bitalg tme avx512_vpopcntdq rdpid md_clear flush_l1d arch_capabilities
bugs		: spectre_v1 spectre_v2 spec_store_bypass swapgs
bogomips	: 5799.88
clflush size	: 64
cache_alignment	: 64
address sizes	: 46 bits physical, 48 bits virtual
power management:

processor	: 18
vendor_id	: GenuineIntel
cpu family	: 6
model		: 106
model name	: Intel(R) Xeon(R) Platinum 8375C CPU @ 2.90GHz
stepping	: 6
microcode	: 0xd000331
cpu MHz		: 3499.930
cache size	: 55296 KB
physical id	: 0
siblings	: 32
core id		: 2
cpu cores	: 16
apicid		: 5
initial apicid	: 5
fpu		: yes
fpu_exception	: yes
cpuid level	: 27
wp		: yes
flags		: fpu vme de pse tsc msr pae mce cx8 apic sep mtrr pge mca cmov pat pse36 clflush mmx fxsr sse sse2 ss ht syscall nx pdpe1gb rdtscp lm constant_tsc rep_good nopl xtopology nonstop_tsc cpuid aperfmperf tsc_known_freq pni pclmulqdq ssse3 fma cx16 pcid sse4_1 sse4_2 x2apic movbe popcnt tsc_deadline_timer aes xsave avx f16c rdrand hypervisor lahf_lm abm 3dnowprefetch invpcid_single ssbd ibrs ibpb stibp ibrs_enhanced fsgsbase tsc_adjust bmi1 avx2 smep bmi2 erms invpcid avx512f avx512dq rdseed adx smap avx512ifma clflushopt clwb avx512cd sha_ni avx512bw avx512vl xsaveopt xsavec xgetbv1 xsaves wbnoinvd ida arat avx512vbmi pku ospke avx512_vbmi2 gfni vaes vpclmulqdq avx512_vnni avx512_bitalg tme avx512_vpopcntdq rdpid md_clear flush_l1d arch_capabilities
bugs		: spectre_v1 spectre_v2 spec_store_bypass swapgs
bogomips	: 5799.88
clflush size	: 64
cache_alignment	: 64
address sizes	: 46 bits physical, 48 bits virtual
power management:

processor	: 19
vendor_id	: GenuineIntel
cpu family	: 6
model		: 106
model name	: Intel(R) Xeon(R) Platinum 8375C CPU @ 2.90GHz
stepping	: 6
microcode	: 0xd000331
cpu MHz		: 3498.870
cache size	: 55296 KB
physical id	: 0
siblings	: 32
core id		: 3
cpu cores	: 16
apicid		: 7
initial apicid	: 7
fpu		: yes
fpu_exception	: yes
cpuid level	: 27
wp		: yes
flags		: fpu vme de pse tsc msr pae mce cx8 apic sep mtrr pge mca cmov pat pse36 clflush mmx fxsr sse sse2 ss ht syscall nx pdpe1gb rdtscp lm constant_tsc rep_good nopl xtopology nonstop_tsc cpuid aperfmperf tsc_known_freq pni pclmulqdq ssse3 fma cx16 pcid sse4_1 sse4_2 x2apic movbe popcnt tsc_deadline_timer aes xsave avx f16c rdrand hypervisor lahf_lm abm 3dnowprefetch invpcid_single ssbd ibrs ibpb stibp ibrs_enhanced fsgsbase tsc_adjust bmi1 avx2 smep bmi2 erms invpcid avx512f avx512dq rdseed adx smap avx512ifma clflushopt clwb avx512cd sha_ni avx512bw avx512vl xsaveopt xsavec xgetbv1 xsaves wbnoinvd ida arat avx512vbmi pku ospke avx512_vbmi2 gfni vaes vpclmulqdq avx512_vnni avx512_bitalg tme avx512_vpopcntdq rdpid md_clear flush_l1d arch_capabilities
bugs		: spectre_v1 spectre_v2 spec_store_bypass swapgs
bogomips	: 5799.88
clflush size	: 64
cache_alignment	: 64
address sizes	: 46 bits physical, 48 bits virtual
power management:

processor	: 20
vendor_id	: GenuineIntel
cpu family	: 6
model		: 106
model name	: Intel(R) Xeon(R) Platinum 8375C CPU @ 2.90GHz
stepping	: 6
microcode	: 0xd000331
cpu MHz		: 3500.214
cache size	: 55296 KB
physical id	: 0
siblings	: 32
core id		: 4
cpu cores	: 16
apicid		: 9
initial apicid	: 9
fpu		: yes
fpu_exception	: yes
cpuid level	: 27
wp		: yes
flags		: fpu vme de pse tsc msr pae mce cx8 apic sep mtrr pge mca cmov pat pse36 clflush mmx fxsr sse sse2 ss ht syscall nx pdpe1gb rdtscp lm constant_tsc rep_good nopl xtopology nonstop_tsc cpuid aperfmperf tsc_known_freq pni pclmulqdq ssse3 fma cx16 pcid sse4_1 sse4_2 x2apic movbe popcnt tsc_deadline_timer aes xsave avx f16c rdrand hypervisor lahf_lm abm 3dnowprefetch invpcid_single ssbd ibrs ibpb stibp ibrs_enhanced fsgsbase tsc_adjust bmi1 avx2 smep bmi2 erms invpcid avx512f avx512dq rdseed adx smap avx512ifma clflushopt clwb avx512cd sha_ni avx512bw avx512vl xsaveopt xsavec xgetbv1 xsaves wbnoinvd ida arat avx512vbmi pku ospke avx512_vbmi2 gfni vaes vpclmulqdq avx512_vnni avx512_bitalg tme avx512_vpopcntdq rdpid md_clear flush_l1d arch_capabilities
bugs		: spectre_v1 spectre_v2 spec_store_bypass swapgs
bogomips	: 5799.88
clflush size	: 64
cache_alignment	: 64
address sizes	: 46 bits physical, 48 bits virtual
power management:

processor	: 21
vendor_id	: GenuineIntel
cpu family	: 6
model		: 106
model name	: Intel(R) Xeon(R) Platinum 8375C CPU @ 2.90GHz
stepping	: 6
microcode	: 0xd000331
cpu MHz		: 3497.724
cache size	: 55296 KB
physical id	: 0
siblings	: 32
core id		: 5
cpu cores	: 16
apicid		: 11
initial apicid	: 11
fpu		: yes
fpu_exception	: yes
cpuid level	: 27
wp		: yes
flags		: fpu vme de pse tsc msr pae mce cx8 apic sep mtrr pge mca cmov pat pse36 clflush mmx fxsr sse sse2 ss ht syscall nx pdpe1gb rdtscp lm constant_tsc rep_good nopl xtopology nonstop_tsc cpuid aperfmperf tsc_known_freq pni pclmulqdq ssse3 fma cx16 pcid sse4_1 sse4_2 x2apic movbe popcnt tsc_deadline_timer aes xsave avx f16c rdrand hypervisor lahf_lm abm 3dnowprefetch invpcid_single ssbd ibrs ibpb stibp ibrs_enhanced fsgsbase tsc_adjust bmi1 avx2 smep bmi2 erms invpcid avx512f avx512dq rdseed adx smap avx512ifma clflushopt clwb avx512cd sha_ni avx512bw avx512vl xsaveopt xsavec xgetbv1 xsaves wbnoinvd ida arat avx512vbmi pku ospke avx512_vbmi2 gfni vaes vpclmulqdq avx512_vnni avx512_bitalg tme avx512_vpopcntdq rdpid md_clear flush_l1d arch_capabilities
bugs		: spectre_v1 spectre_v2 spec_store_bypass swapgs
bogomips	: 5799.88
clflush size	: 64
cache_alignment	: 64
address sizes	: 46 bits physical, 48 bits virtual
power management:

processor	: 22
vendor_id	: GenuineIntel
cpu family	: 6
model		: 106
model name	: Intel(R) Xeon(R) Platinum 8375C CPU @ 2.90GHz
stepping	: 6
microcode	: 0xd000331
cpu MHz		: 3499.290
cache size	: 55296 KB
physical id	: 0
siblings	: 32
core id		: 6
cpu cores	: 16
apicid		: 13
initial apicid	: 13
fpu		: yes
fpu_exception	: yes
cpuid level	: 27
wp		: yes
flags		: fpu vme de pse tsc msr pae mce cx8 apic sep mtrr pge mca cmov pat pse36 clflush mmx fxsr sse sse2 ss ht syscall nx pdpe1gb rdtscp lm constant_tsc rep_good nopl xtopology nonstop_tsc cpuid aperfmperf tsc_known_freq pni pclmulqdq ssse3 fma cx16 pcid sse4_1 sse4_2 x2apic movbe popcnt tsc_deadline_timer aes xsave avx f16c rdrand hypervisor lahf_lm abm 3dnowprefetch invpcid_single ssbd ibrs ibpb stibp ibrs_enhanced fsgsbase tsc_adjust bmi1 avx2 smep bmi2 erms invpcid avx512f avx512dq rdseed adx smap avx512ifma clflushopt clwb avx512cd sha_ni avx512bw avx512vl xsaveopt xsavec xgetbv1 xsaves wbnoinvd ida arat avx512vbmi pku ospke avx512_vbmi2 gfni vaes vpclmulqdq avx512_vnni avx512_bitalg tme avx512_vpopcntdq rdpid md_clear flush_l1d arch_capabilities
bugs		: spectre_v1 spectre_v2 spec_store_bypass swapgs
bogomips	: 5799.88
clflush size	: 64
cache_alignment	: 64
address sizes	: 46 bits physical, 48 bits virtual
power management:

processor	: 23
vendor_id	: GenuineIntel
cpu family	: 6
model		: 106
model name	: Intel(R) Xeon(R) Platinum 8375C CPU @ 2.90GHz
stepping	: 6
microcode	: 0xd000331
cpu MHz		: 3512.502
cache size	: 55296 KB
physical id	: 0
siblings	: 32
core id		: 7
cpu cores	: 16
apicid		: 15
initial apicid	: 15
fpu		: yes
fpu_exception	: yes
cpuid level	: 27
wp		: yes
flags		: fpu vme de pse tsc msr pae mce cx8 apic sep mtrr pge mca cmov pat pse36 clflush mmx fxsr sse sse2 ss ht syscall nx pdpe1gb rdtscp lm constant_tsc rep_good nopl xtopology nonstop_tsc cpuid aperfmperf tsc_known_freq pni pclmulqdq ssse3 fma cx16 pcid sse4_1 sse4_2 x2apic movbe popcnt tsc_deadline_timer aes xsave avx f16c rdrand hypervisor lahf_lm abm 3dnowprefetch invpcid_single ssbd ibrs ibpb stibp ibrs_enhanced fsgsbase tsc_adjust bmi1 avx2 smep bmi2 erms invpcid avx512f avx512dq rdseed adx smap avx512ifma clflushopt clwb avx512cd sha_ni avx512bw avx512vl xsaveopt xsavec xgetbv1 xsaves wbnoinvd ida arat avx512vbmi pku ospke avx512_vbmi2 gfni vaes vpclmulqdq avx512_vnni avx512_bitalg tme avx512_vpopcntdq rdpid md_clear flush_l1d arch_capabilities
bugs		: spectre_v1 spectre_v2 spec_store_bypass swapgs
bogomips	: 5799.88
clflush size	: 64
cache_alignment	: 64
address sizes	: 46 bits physical, 48 bits virtual
power management:

processor	: 24
vendor_id	: GenuineIntel
cpu family	: 6
model		: 106
model name	: Intel(R) Xeon(R) Platinum 8375C CPU @ 2.90GHz
stepping	: 6
microcode	: 0xd000331
cpu MHz		: 3496.769
cache size	: 55296 KB
physical id	: 0
siblings	: 32
core id		: 8
cpu cores	: 16
apicid		: 17
initial apicid	: 17
fpu		: yes
fpu_exception	: yes
cpuid level	: 27
wp		: yes
flags		: fpu vme de pse tsc msr pae mce cx8 apic sep mtrr pge mca cmov pat pse36 clflush mmx fxsr sse sse2 ss ht syscall nx pdpe1gb rdtscp lm constant_tsc rep_good nopl xtopology nonstop_tsc cpuid aperfmperf tsc_known_freq pni pclmulqdq ssse3 fma cx16 pcid sse4_1 sse4_2 x2apic movbe popcnt tsc_deadline_timer aes xsave avx f16c rdrand hypervisor lahf_lm abm 3dnowprefetch invpcid_single ssbd ibrs ibpb stibp ibrs_enhanced fsgsbase tsc_adjust bmi1 avx2 smep bmi2 erms invpcid avx512f avx512dq rdseed adx smap avx512ifma clflushopt clwb avx512cd sha_ni avx512bw avx512vl xsaveopt xsavec xgetbv1 xsaves wbnoinvd ida arat avx512vbmi pku ospke avx512_vbmi2 gfni vaes vpclmulqdq avx512_vnni avx512_bitalg tme avx512_vpopcntdq rdpid md_clear flush_l1d arch_capabilities
bugs		: spectre_v1 spectre_v2 spec_store_bypass swapgs
bogomips	: 5799.88
clflush size	: 64
cache_alignment	: 64
address sizes	: 46 bits physical, 48 bits virtual
power management:

processor	: 25
vendor_id	: GenuineIntel
cpu family	: 6
model		: 106
model name	: Intel(R) Xeon(R) Platinum 8375C CPU @ 2.90GHz
stepping	: 6
microcode	: 0xd000331
cpu MHz		: 3498.697
cache size	: 55296 KB
physical id	: 0
siblings	: 32
core id		: 9
cpu cores	: 16
apicid		: 19
initial apicid	: 19
fpu		: yes
fpu_exception	: yes
cpuid level	: 27
wp		: yes
flags		: fpu vme de pse tsc msr pae mce cx8 apic sep mtrr pge mca cmov pat pse36 clflush mmx fxsr sse sse2 ss ht syscall nx pdpe1gb rdtscp lm constant_tsc rep_good nopl xtopology nonstop_tsc cpuid aperfmperf tsc_known_freq pni pclmulqdq ssse3 fma cx16 pcid sse4_1 sse4_2 x2apic movbe popcnt tsc_deadline_timer aes xsave avx f16c rdrand hypervisor lahf_lm abm 3dnowprefetch invpcid_single ssbd ibrs ibpb stibp ibrs_enhanced fsgsbase tsc_adjust bmi1 avx2 smep bmi2 erms invpcid avx512f avx512dq rdseed adx smap avx512ifma clflushopt clwb avx512cd sha_ni avx512bw avx512vl xsaveopt xsavec xgetbv1 xsaves wbnoinvd ida arat avx512vbmi pku ospke avx512_vbmi2 gfni vaes vpclmulqdq avx512_vnni avx512_bitalg tme avx512_vpopcntdq rdpid md_clear flush_l1d arch_capabilities
bugs		: spectre_v1 spectre_v2 spec_store_bypass swapgs
bogomips	: 5799.88
clflush size	: 64
cache_alignment	: 64
address sizes	: 46 bits physical, 48 bits virtual
power management:

processor	: 26
vendor_id	: GenuineIntel
cpu family	: 6
model		: 106
model name	: Intel(R) Xeon(R) Platinum 8375C CPU @ 2.90GHz
stepping	: 6
microcode	: 0xd000331
cpu MHz		: 3499.861
cache size	: 55296 KB
physical id	: 0
siblings	: 32
core id		: 10
cpu cores	: 16
apicid		: 21
initial apicid	: 21
fpu		: yes
fpu_exception	: yes
cpuid level	: 27
wp		: yes
flags		: fpu vme de pse tsc msr pae mce cx8 apic sep mtrr pge mca cmov pat pse36 clflush mmx fxsr sse sse2 ss ht syscall nx pdpe1gb rdtscp lm constant_tsc rep_good nopl xtopology nonstop_tsc cpuid aperfmperf tsc_known_freq pni pclmulqdq ssse3 fma cx16 pcid sse4_1 sse4_2 x2apic movbe popcnt tsc_deadline_timer aes xsave avx f16c rdrand hypervisor lahf_lm abm 3dnowprefetch invpcid_single ssbd ibrs ibpb stibp ibrs_enhanced fsgsbase tsc_adjust bmi1 avx2 smep bmi2 erms invpcid avx512f avx512dq rdseed adx smap avx512ifma clflushopt clwb avx512cd sha_ni avx512bw avx512vl xsaveopt xsavec xgetbv1 xsaves wbnoinvd ida arat avx512vbmi pku ospke avx512_vbmi2 gfni vaes vpclmulqdq avx512_vnni avx512_bitalg tme avx512_vpopcntdq rdpid md_clear flush_l1d arch_capabilities
bugs		: spectre_v1 spectre_v2 spec_store_bypass swapgs
bogomips	: 5799.88
clflush size	: 64
cache_alignment	: 64
address sizes	: 46 bits physical, 48 bits virtual
power management:

processor	: 27
vendor_id	: GenuineIntel
cpu family	: 6
model		: 106
model name	: Intel(R) Xeon(R) Platinum 8375C CPU @ 2.90GHz
stepping	: 6
microcode	: 0xd000331
cpu MHz		: 3498.952
cache size	: 55296 KB
physical id	: 0
siblings	: 32
core id		: 11
cpu cores	: 16
apicid		: 23
initial apicid	: 23
fpu		: yes
fpu_exception	: yes
cpuid level	: 27
wp		: yes
flags		: fpu vme de pse tsc msr pae mce cx8 apic sep mtrr pge mca cmov pat pse36 clflush mmx fxsr sse sse2 ss ht syscall nx pdpe1gb rdtscp lm constant_tsc rep_good nopl xtopology nonstop_tsc cpuid aperfmperf tsc_known_freq pni pclmulqdq ssse3 fma cx16 pcid sse4_1 sse4_2 x2apic movbe popcnt tsc_deadline_timer aes xsave avx f16c rdrand hypervisor lahf_lm abm 3dnowprefetch invpcid_single ssbd ibrs ibpb stibp ibrs_enhanced fsgsbase tsc_adjust bmi1 avx2 smep bmi2 erms invpcid avx512f avx512dq rdseed adx smap avx512ifma clflushopt clwb avx512cd sha_ni avx512bw avx512vl xsaveopt xsavec xgetbv1 xsaves wbnoinvd ida arat avx512vbmi pku ospke avx512_vbmi2 gfni vaes vpclmulqdq avx512_vnni avx512_bitalg tme avx512_vpopcntdq rdpid md_clear flush_l1d arch_capabilities
bugs		: spectre_v1 spectre_v2 spec_store_bypass swapgs
bogomips	: 5799.88
clflush size	: 64
cache_alignment	: 64
