Thu May 12 13:00:57 UTC 2022
[31;43m***** uname -a; Release; date; *****[0m
Linux SAPEEMDB01 5.3.18-24.67-default #1 SMP Tue Jun 1 14:07:53 UTC 2021 (f0fe006) x86_64 x86_64 x86_64 GNU/Linux
NAME="SLES"
VERSION="15-SP2"
VERSION_ID="15.2"
PRETTY_NAME="SUSE Linux Enterprise Server 15 SP2"
ID="sles"
ID_LIKE="suse"
ANSI_COLOR="0;32"
CPE_NAME="cpe:/o:suse:sles:15:sp2"
VARIANT_ID="sles-sap"
Thu May 12 13:00:57 UTC 2022

[31;43m***** Network; Route; Netstat; *****[0m

[31;43m***** DF; Fdisk; FSTAB; GRUB; Mount *****[0m
Filesystem                                          Size  Used Avail Use% Mounted on
devtmpfs                                             62G     0   62G   0% /dev
tmpfs                                                95G  424K   95G   1% /dev/shm
tmpfs                                                62G  1.3M   62G   1% /run
tmpfs                                                62G     0   62G   0% /sys/fs/cgroup
/dev/nvme0n1p1                                      100G   11G   90G  11% /
tmpfs                                                62G   48K   62G   1% /tmp
/dev/mapper/hana_shared-hana_shared                 300G   14G  287G   5% /hana/shared
/dev/mapper/var-var                                  20G  614M   20G   3% /var
/dev/mapper/hana_data-hana_data                     150G   11G  140G   8% /hana/data
/dev/mapper/home-home                                20G  329M   20G   2% /home
/dev/mapper/usr_sap-usr_sap                         100G  364M  100G   1% /usr/sap
/dev/mapper/sapbackup-sapbackup                     512G  555M  512G   1% /sapbackup
/dev/mapper/usr_sap_install-usr_sap_install         100G   11G   90G  11% /usr/sap/install
/dev/mapper/var_tmp-var_tmp                          20G  1.1G   19G   6% /var/tmp
/dev/mapper/var_log-var_log                          20G  1.6G   19G   8% /var/log
/dev/mapper/var_log_audit-var_log_audit              20G  1.8G   19G   9% /var/log/audit
/dev/mapper/hana_log-hana_log                        64G   13G   52G  20% /hana/log
fs-015b2c7a09183a6ef.efs.us-east-1.amazonaws.com:/  8.0E  295M  8.0E   1% /sapmnt/EFS
tmpfs                                                13G     0   13G   0% /run/user/1001
tmpfs                                                13G     0   13G   0% /run/user/473
tmpfs                                                13G     0   13G   0% /run/user/1725062210
Disk /dev/nvme1n1: 20 GiB, 21474836480 bytes, 41943040 sectors
Disk model: Amazon Elastic Block Store              
Units: sectors of 1 * 512 = 512 bytes
Sector size (logical/physical): 512 bytes / 4096 bytes
I/O size (minimum/optimal): 4096 bytes / 4096 bytes


Disk /dev/nvme0n1: 100 GiB, 107374182400 bytes, 209715200 sectors
Disk model: Amazon Elastic Block Store              
Units: sectors of 1 * 512 = 512 bytes
Sector size (logical/physical): 512 bytes / 4096 bytes
I/O size (minimum/optimal): 4096 bytes / 4096 bytes
Disklabel type: dos
Disk identifier: 0x6c5d29eb

Device         Boot Start       End   Sectors  Size Id Type
/dev/nvme0n1p1       2048 209715166 209713119  100G 83 Linux


Disk /dev/nvme2n1: 20 GiB, 21474836480 bytes, 41943040 sectors
Disk model: Amazon Elastic Block Store              
Units: sectors of 1 * 512 = 512 bytes
Sector size (logical/physical): 512 bytes / 4096 bytes
I/O size (minimum/optimal): 4096 bytes / 4096 bytes


Disk /dev/nvme3n1: 150 GiB, 161061273600 bytes, 314572800 sectors
Disk model: Amazon Elastic Block Store              
Units: sectors of 1 * 512 = 512 bytes
Sector size (logical/physical): 512 bytes / 4096 bytes
I/O size (minimum/optimal): 4096 bytes / 4096 bytes


Disk /dev/nvme4n1: 20 GiB, 21474836480 bytes, 41943040 sectors
Disk model: Amazon Elastic Block Store              
Units: sectors of 1 * 512 = 512 bytes
Sector size (logical/physical): 512 bytes / 4096 bytes
I/O size (minimum/optimal): 4096 bytes / 4096 bytes


Disk /dev/nvme5n1: 300 GiB, 322122547200 bytes, 629145600 sectors
Disk model: Amazon Elastic Block Store              
Units: sectors of 1 * 512 = 512 bytes
Sector size (logical/physical): 512 bytes / 4096 bytes
I/O size (minimum/optimal): 4096 bytes / 4096 bytes


Disk /dev/nvme6n1: 20 GiB, 21474836480 bytes, 41943040 sectors
Disk model: Amazon Elastic Block Store              
Units: sectors of 1 * 512 = 512 bytes
Sector size (logical/physical): 512 bytes / 4096 bytes
I/O size (minimum/optimal): 4096 bytes / 4096 bytes


Disk /dev/nvme8n1: 20 GiB, 21474836480 bytes, 41943040 sectors
Disk model: Amazon Elastic Block Store              
Units: sectors of 1 * 512 = 512 bytes
Sector size (logical/physical): 512 bytes / 4096 bytes
I/O size (minimum/optimal): 4096 bytes / 4096 bytes


Disk /dev/nvme7n1: 2 GiB, 2147483648 bytes, 4194304 sectors
Disk model: Amazon Elastic Block Store              
Units: sectors of 1 * 512 = 512 bytes
Sector size (logical/physical): 512 bytes / 4096 bytes
I/O size (minimum/optimal): 4096 bytes / 4096 bytes


Disk /dev/nvme9n1: 100 GiB, 107374182400 bytes, 209715200 sectors
Disk model: Amazon Elastic Block Store              
Units: sectors of 1 * 512 = 512 bytes
Sector size (logical/physical): 512 bytes / 4096 bytes
I/O size (minimum/optimal): 4096 bytes / 4096 bytes


Disk /dev/nvme10n1: 512 GiB, 549755813888 bytes, 1073741824 sectors
Disk model: Amazon Elastic Block Store              
Units: sectors of 1 * 512 = 512 bytes
Sector size (logical/physical): 512 bytes / 4096 bytes
I/O size (minimum/optimal): 4096 bytes / 4096 bytes


Disk /dev/nvme11n1: 100 GiB, 107374182400 bytes, 209715200 sectors
Disk model: Amazon Elastic Block Store              
Units: sectors of 1 * 512 = 512 bytes
Sector size (logical/physical): 512 bytes / 4096 bytes
I/O size (minimum/optimal): 4096 bytes / 4096 bytes


Disk /dev/nvme12n1: 64 GiB, 68719476736 bytes, 134217728 sectors
Disk model: Amazon Elastic Block Store              
Units: sectors of 1 * 512 = 512 bytes
Sector size (logical/physical): 512 bytes / 4096 bytes
I/O size (minimum/optimal): 4096 bytes / 4096 bytes


Disk /dev/mapper/var-var: 20 GiB, 21470642176 bytes, 41934848 sectors
Units: sectors of 1 * 512 = 512 bytes
Sector size (logical/physical): 512 bytes / 4096 bytes
I/O size (minimum/optimal): 4096 bytes / 4096 bytes


Disk /dev/mapper/usr_sap-usr_sap: 100 GiB, 107369988096 bytes, 209707008 sectors
Units: sectors of 1 * 512 = 512 bytes
Sector size (logical/physical): 512 bytes / 4096 bytes
I/O size (minimum/optimal): 4096 bytes / 4096 bytes


Disk /dev/mapper/sapbackup-sapbackup: 512 GiB, 549751619584 bytes, 1073733632 sectors
Units: sectors of 1 * 512 = 512 bytes
Sector size (logical/physical): 512 bytes / 4096 bytes
I/O size (minimum/optimal): 4096 bytes / 4096 bytes


Disk /dev/mapper/hana_data-hana_data: 150 GiB, 161057079296 bytes, 314564608 sectors
Units: sectors of 1 * 512 = 512 bytes
Sector size (logical/physical): 512 bytes / 4096 bytes
I/O size (minimum/optimal): 4096 bytes / 4096 bytes


Disk /dev/mapper/var_log-var_log: 20 GiB, 21470642176 bytes, 41934848 sectors
Units: sectors of 1 * 512 = 512 bytes
Sector size (logical/physical): 512 bytes / 4096 bytes
I/O size (minimum/optimal): 4096 bytes / 4096 bytes


Disk /dev/mapper/hana_shared-hana_shared: 300 GiB, 322118352896 bytes, 629137408 sectors
Units: sectors of 1 * 512 = 512 bytes
Sector size (logical/physical): 512 bytes / 4096 bytes
I/O size (minimum/optimal): 4096 bytes / 4096 bytes


Disk /dev/mapper/var_log_audit-var_log_audit: 20 GiB, 21470642176 bytes, 41934848 sectors
Units: sectors of 1 * 512 = 512 bytes
Sector size (logical/physical): 512 bytes / 4096 bytes
I/O size (minimum/optimal): 4096 bytes / 4096 bytes


Disk /dev/mapper/usr_sap_install-usr_sap_install: 100 GiB, 107369988096 bytes, 209707008 sectors
Units: sectors of 1 * 512 = 512 bytes
Sector size (logical/physical): 512 bytes / 4096 bytes
I/O size (minimum/optimal): 4096 bytes / 4096 bytes


Disk /dev/mapper/home-home: 20 GiB, 21470642176 bytes, 41934848 sectors
Units: sectors of 1 * 512 = 512 bytes
Sector size (logical/physical): 512 bytes / 4096 bytes
I/O size (minimum/optimal): 4096 bytes / 4096 bytes


Disk /dev/mapper/var_tmp-var_tmp: 20 GiB, 21470642176 bytes, 41934848 sectors
Units: sectors of 1 * 512 = 512 bytes
Sector size (logical/physical): 512 bytes / 4096 bytes
I/O size (minimum/optimal): 4096 bytes / 4096 bytes


Disk /dev/mapper/hana_log-hana_log: 64 GiB, 68715282432 bytes, 134209536 sectors
Units: sectors of 1 * 512 = 512 bytes
Sector size (logical/physical): 512 bytes / 4096 bytes
I/O size (minimum/optimal): 4096 bytes / 4096 bytes
LABEL=ROOT / xfs defaults 0 0
UUID=e32a2958-1e69-4eaf-8082-2b0697f01804 swap swap defaults 0 0
UUID=dcf997dd-cae8-4d08-8de2-ee79e83d4133 /home	xfs nodev,nosuid,noexec 0 0
UUID=9bdbb765-b784-42e8-83ac-51970abd0e67 /var/log/audit xfs nodev,nosuid,noexec 0 0
UUID=536ef96f-f713-47db-b23e-f889b267c791 /var/tmp xfs nodev,nosuid,noexec 0 0
tmpfs /dev/shm tmpfs defaults,nodev,nosuid,noexec 0 0
/dev/mapper/usr_sap_install-usr_sap_install /usr/sap/install xfs rw,relatime,attr2,inode64,logbufs=8,logbsize=32k,noquota 0 0
/dev/mapper/hana_data-hana_data /hana/data xfs rw,relatime,attr2,inode64,logbufs=8,logbsize=32k,noquota 0 0
/dev/mapper/hana_shared-hana_shared /hana/shared xfs rw,relatime,attr2,inode64,logbufs=8,logbsize=32k,noquota 0 0
/dev/mapper/hana_log-hana_log /hana/log xfs rw,relatime,attr2,inode64,logbufs=8,logbsize=32k,noquota 0 0
/dev/mapper/usr_sap-usr_sap /usr/sap xfs rw,relatime,attr2,inode64,logbufs=8,logbsize=32k,noquota 0 0
#/dev/mapper/usr_sap_install-usr_sap_install /usr/sap/install xfs rw,relatime,attr2,inode64,logbufs=8,logbsize=32k,noquota 0 0
/dev/mapper/sapbackup-sapbackup /sapbackup xfs rw,relatime,attr2,inode64,logbufs=8,logbsize=32k,noquota 0 0
fs-015b2c7a09183a6ef.efs.us-east-1.amazonaws.com:/ /sapmnt/EFS nfs4 rw,relatime,vers=4.1,rsize=1048576,wsize=1048576,namlen=255,hard,noresvport,proto=tcp,timeo=600,retrans=2,sec=sys,clientaddr=172.18.196.166,local_lock=none,addr=172.18.196.121 0 0
tmpfs /tmp tmpfs defaults,nodev,nosuid,noexec,nofail 0 0
UUID=9164398e-6431-4258-b5f0-881d5e769128 /var xfs nodev,nosuid,noexec 0 0
UUID=6c93a345-df10-4b69-a182-6179d21dab64 /var/log xfs nodev,nosuid,noexec 0 0
sysfs on /sys type sysfs (rw,nosuid,nodev,noexec,relatime)
proc on /proc type proc (rw,nosuid,nodev,noexec,relatime)
devtmpfs on /dev type devtmpfs (rw,nosuid,size=64908752k,nr_inodes=16227188,mode=755)
securityfs on /sys/kernel/security type securityfs (rw,nosuid,nodev,noexec,relatime)
tmpfs on /dev/shm type tmpfs (rw,nosuid,nodev,noexec,size=98949120k)
devpts on /dev/pts type devpts (rw,nosuid,noexec,relatime,gid=5,mode=620,ptmxmode=000)
tmpfs on /run type tmpfs (rw,nosuid,nodev,mode=755)
tmpfs on /sys/fs/cgroup type tmpfs (ro,nosuid,nodev,noexec,mode=755)
cgroup on /sys/fs/cgroup/unified type cgroup2 (rw,nosuid,nodev,noexec,relatime)
cgroup on /sys/fs/cgroup/systemd type cgroup (rw,nosuid,nodev,noexec,relatime,xattr,name=systemd)
pstore on /sys/fs/pstore type pstore (rw,nosuid,nodev,noexec,relatime)
none on /sys/fs/bpf type bpf (rw,nosuid,nodev,noexec,relatime)
cgroup on /sys/fs/cgroup/freezer type cgroup (rw,nosuid,nodev,noexec,relatime,freezer)
cgroup on /sys/fs/cgroup/cpuset type cgroup (rw,nosuid,nodev,noexec,relatime,cpuset)
cgroup on /sys/fs/cgroup/memory type cgroup (rw,nosuid,nodev,noexec,relatime,memory)
cgroup on /sys/fs/cgroup/net_cls,net_prio type cgroup (rw,nosuid,nodev,noexec,relatime,net_cls,net_prio)
cgroup on /sys/fs/cgroup/cpu,cpuacct type cgroup (rw,nosuid,nodev,noexec,relatime,cpu,cpuacct)
cgroup on /sys/fs/cgroup/rdma type cgroup (rw,nosuid,nodev,noexec,relatime,rdma)
cgroup on /sys/fs/cgroup/blkio type cgroup (rw,nosuid,nodev,noexec,relatime,blkio)
cgroup on /sys/fs/cgroup/devices type cgroup (rw,nosuid,nodev,noexec,relatime,devices)
cgroup on /sys/fs/cgroup/hugetlb type cgroup (rw,nosuid,nodev,noexec,relatime,hugetlb)
cgroup on /sys/fs/cgroup/perf_event type cgroup (rw,nosuid,nodev,noexec,relatime,perf_event)
cgroup on /sys/fs/cgroup/pids type cgroup (rw,nosuid,nodev,noexec,relatime,pids)
/dev/nvme0n1p1 on / type xfs (rw,relatime,attr2,inode64,logbufs=8,logbsize=32k,noquota)
systemd-1 on /proc/sys/fs/binfmt_misc type autofs (rw,relatime,fd=30,pgrp=1,timeout=0,minproto=5,maxproto=5,direct,pipe_ino=21767)
mqueue on /dev/mqueue type mqueue (rw,relatime)
debugfs on /sys/kernel/debug type debugfs (rw,relatime)
hugetlbfs on /dev/hugepages type hugetlbfs (rw,relatime,pagesize=2M)
tmpfs on /tmp type tmpfs (rw,nosuid,nodev,noexec,relatime)
/dev/mapper/hana_shared-hana_shared on /hana/shared type xfs (rw,relatime,attr2,inode64,logbufs=8,logbsize=32k,noquota)
/dev/mapper/var-var on /var type xfs (rw,nosuid,nodev,noexec,relatime,attr2,inode64,logbufs=8,logbsize=32k,noquota)
/dev/mapper/hana_data-hana_data on /hana/data type xfs (rw,relatime,attr2,inode64,logbufs=8,logbsize=32k,noquota)
/dev/mapper/home-home on /home type xfs (rw,nosuid,nodev,noexec,relatime,attr2,inode64,logbufs=8,logbsize=32k,sunit=8,swidth=8,noquota)
/dev/mapper/usr_sap-usr_sap on /usr/sap type xfs (rw,relatime,attr2,inode64,logbufs=8,logbsize=32k,noquota)
/dev/mapper/sapbackup-sapbackup on /sapbackup type xfs (rw,relatime,attr2,inode64,logbufs=8,logbsize=32k,noquota)
tmpfs on /var/run type tmpfs (rw,nosuid,nodev,mode=755)
/dev/mapper/usr_sap_install-usr_sap_install on /usr/sap/install type xfs (rw,relatime,attr2,inode64,logbufs=8,logbsize=32k,noquota)
/dev/mapper/var_tmp-var_tmp on /var/tmp type xfs (rw,nosuid,nodev,noexec,relatime,attr2,inode64,logbufs=8,logbsize=32k,sunit=8,swidth=8,noquota)
/dev/mapper/var_log-var_log on /var/log type xfs (rw,nosuid,nodev,noexec,relatime,attr2,inode64,logbufs=8,logbsize=32k,noquota)
/dev/mapper/var_log_audit-var_log_audit on /var/log/audit type xfs (rw,nosuid,nodev,noexec,relatime,attr2,inode64,logbufs=8,logbsize=32k,sunit=8,swidth=8,noquota)
/dev/mapper/hana_log-hana_log on /hana/log type xfs (rw,relatime,attr2,inode64,logbufs=8,logbsize=32k,noquota)
binfmt_misc on /proc/sys/fs/binfmt_misc type binfmt_misc (rw,relatime)
fs-015b2c7a09183a6ef.efs.us-east-1.amazonaws.com:/ on /sapmnt/EFS type nfs4 (rw,relatime,vers=4.1,rsize=1048576,wsize=1048576,namlen=255,hard,noresvport,proto=tcp,timeo=600,retrans=2,sec=sys,clientaddr=172.18.196.166,local_lock=none,addr=172.18.196.121)
tmpfs on /run/user/1001 type tmpfs (rw,nosuid,nodev,relatime,size=12983632k,mode=700,uid=1001,gid=79)
tmpfs on /var/run/user/1001 type tmpfs (rw,nosuid,nodev,relatime,size=12983632k,mode=700,uid=1001,gid=79)
tmpfs on /run/user/473 type tmpfs (rw,nosuid,nodev,relatime,size=12983632k,mode=700,uid=473,gid=79)
tmpfs on /var/run/user/473 type tmpfs (rw,nosuid,nodev,relatime,size=12983632k,mode=700,uid=473,gid=79)
tracefs on /sys/kernel/debug/tracing type tracefs (rw,relatime)
tmpfs on /run/user/1725062210 type tmpfs (rw,nosuid,nodev,relatime,size=12983632k,mode=700,uid=1725062210,gid=1725000513)
tmpfs on /var/run/user/1725062210 type tmpfs (rw,nosuid,nodev,relatime,size=12983632k,mode=700,uid=1725062210,gid=1725000513)

[31;43m***** DISK & DM info from FDISK *****[0m
Disk /dev/nvme1n1: 20 GiB, 21474836480 bytes, 41943040 sectors
Disk model: Amazon Elastic Block Store              
Disk /dev/nvme0n1: 100 GiB, 107374182400 bytes, 209715200 sectors
Disk model: Amazon Elastic Block Store              
Disklabel type: dos
Disk identifier: 0x6c5d29eb
Disk /dev/nvme2n1: 20 GiB, 21474836480 bytes, 41943040 sectors
Disk model: Amazon Elastic Block Store              
Disk /dev/nvme3n1: 150 GiB, 161061273600 bytes, 314572800 sectors
Disk model: Amazon Elastic Block Store              
Disk /dev/nvme4n1: 20 GiB, 21474836480 bytes, 41943040 sectors
Disk model: Amazon Elastic Block Store              
Disk /dev/nvme5n1: 300 GiB, 322122547200 bytes, 629145600 sectors
Disk model: Amazon Elastic Block Store              
Disk /dev/nvme6n1: 20 GiB, 21474836480 bytes, 41943040 sectors
Disk model: Amazon Elastic Block Store              
Disk /dev/nvme8n1: 20 GiB, 21474836480 bytes, 41943040 sectors
Disk model: Amazon Elastic Block Store              
Disk /dev/nvme7n1: 2 GiB, 2147483648 bytes, 4194304 sectors
Disk model: Amazon Elastic Block Store              
Disk /dev/nvme9n1: 100 GiB, 107374182400 bytes, 209715200 sectors
Disk model: Amazon Elastic Block Store              
Disk /dev/nvme10n1: 512 GiB, 549755813888 bytes, 1073741824 sectors
Disk model: Amazon Elastic Block Store              
Disk /dev/nvme11n1: 100 GiB, 107374182400 bytes, 209715200 sectors
Disk model: Amazon Elastic Block Store              
Disk /dev/nvme12n1: 64 GiB, 68719476736 bytes, 134217728 sectors
Disk model: Amazon Elastic Block Store              
Disk /dev/mapper/var-var: 20 GiB, 21470642176 bytes, 41934848 sectors
Disk /dev/mapper/usr_sap-usr_sap: 100 GiB, 107369988096 bytes, 209707008 sectors
Disk /dev/mapper/sapbackup-sapbackup: 512 GiB, 549751619584 bytes, 1073733632 sectors
Disk /dev/mapper/hana_data-hana_data: 150 GiB, 161057079296 bytes, 314564608 sectors
Disk /dev/mapper/var_log-var_log: 20 GiB, 21470642176 bytes, 41934848 sectors
Disk /dev/mapper/hana_shared-hana_shared: 300 GiB, 322118352896 bytes, 629137408 sectors
Disk /dev/mapper/var_log_audit-var_log_audit: 20 GiB, 21470642176 bytes, 41934848 sectors
Disk /dev/mapper/usr_sap_install-usr_sap_install: 100 GiB, 107369988096 bytes, 209707008 sectors
Disk /dev/mapper/home-home: 20 GiB, 21470642176 bytes, 41934848 sectors
Disk /dev/mapper/var_tmp-var_tmp: 20 GiB, 21470642176 bytes, 41934848 sectors
Disk /dev/mapper/hana_log-hana_log: 64 GiB, 68715282432 bytes, 134209536 sectors

[31;43m***** PP process; All Running Procs; PP/Multipath devices Info *****[0m
root     22904 22886  0 13:00 pts/1    00:00:00 grep Powerpath
UID        PID  PPID  C STIME TTY          TIME CMD
root         1     0  0 May02 ?        00:00:52 /usr/lib/systemd/systemd --switched-root --system --deserialize 22
root         2     0  0 May02 ?        00:00:00 [kthreadd]
root         3     2  0 May02 ?        00:00:00 [rcu_gp]
root         4     2  0 May02 ?        00:00:00 [rcu_par_gp]
root         6     2  0 May02 ?        00:00:00 [kworker/0:0H-events_highpri]
root         9     2  0 May02 ?        00:00:00 [mm_percpu_wq]
root        10     2  0 May02 ?        00:00:01 [ksoftirqd/0]
root        11     2  0 May02 ?        00:01:11 [rcu_sched]
root        12     2  0 May02 ?        00:00:01 [migration/0]
root        13     2  0 May02 ?        00:00:00 [idle_inject/0]
root        14     2  0 May02 ?        00:00:00 [cpuhp/0]
root        15     2  0 May02 ?        00:00:00 [cpuhp/1]
root        16     2  0 May02 ?        00:00:00 [idle_inject/1]
root        17     2  0 May02 ?        00:00:01 [migration/1]
root        18     2  0 May02 ?        00:00:01 [ksoftirqd/1]
root        20     2  0 May02 ?        00:00:00 [kworker/1:0H-events_highpri]
root        21     2  0 May02 ?        00:00:00 [cpuhp/2]
root        22     2  0 May02 ?        00:00:00 [idle_inject/2]
root        23     2  0 May02 ?        00:00:01 [migration/2]
root        24     2  0 May02 ?        00:00:01 [ksoftirqd/2]
root        26     2  0 May02 ?        00:00:00 [kworker/2:0H-events_highpri]
root        27     2  0 May02 ?        00:00:00 [cpuhp/3]
root        28     2  0 May02 ?        00:00:00 [idle_inject/3]
root        29     2  0 May02 ?        00:00:01 [migration/3]
root        30     2  0 May02 ?        00:00:01 [ksoftirqd/3]
root        32     2  0 May02 ?        00:00:00 [kworker/3:0H-events_highpri]
root        33     2  0 May02 ?        00:00:00 [cpuhp/4]
root        34     2  0 May02 ?        00:00:00 [idle_inject/4]
root        35     2  0 May02 ?        00:00:01 [migration/4]
root        36     2  0 May02 ?        00:00:01 [ksoftirqd/4]
root        38     2  0 May02 ?        00:00:00 [kworker/4:0H-events_highpri]
root        39     2  0 May02 ?        00:00:00 [cpuhp/5]
root        40     2  0 May02 ?        00:00:00 [idle_inject/5]
root        41     2  0 May02 ?        00:00:01 [migration/5]
root        42     2  0 May02 ?        00:00:01 [ksoftirqd/5]
root        43     2  0 May02 ?        00:00:04 [kworker/5:0-mm_percpu_wq]
root        44     2  0 May02 ?        00:00:00 [kworker/5:0H-events_highpri]
root        45     2  0 May02 ?        00:00:00 [cpuhp/6]
root        46     2  0 May02 ?        00:00:00 [idle_inject/6]
root        47     2  0 May02 ?        00:00:01 [migration/6]
root        48     2  0 May02 ?        00:00:01 [ksoftirqd/6]
root        50     2  0 May02 ?        00:00:00 [kworker/6:0H-events_highpri]
root        51     2  0 May02 ?        00:00:00 [cpuhp/7]
root        52     2  0 May02 ?        00:00:00 [idle_inject/7]
root        53     2  0 May02 ?        00:00:01 [migration/7]
root        54     2  0 May02 ?        00:00:01 [ksoftirqd/7]
root        56     2  0 May02 ?        00:00:00 [kworker/7:0H-events_highpri]
root        57     2  0 May02 ?        00:00:00 [cpuhp/8]
root        58     2  0 May02 ?        00:00:00 [idle_inject/8]
root        59     2  0 May02 ?        00:00:01 [migration/8]
root        60     2  0 May02 ?        00:00:01 [ksoftirqd/8]
root        62     2  0 May02 ?        00:00:00 [kworker/8:0H-events_highpri]
root        63     2  0 May02 ?        00:00:00 [cpuhp/9]
root        64     2  0 May02 ?        00:00:00 [idle_inject/9]
root        65     2  0 May02 ?        00:00:01 [migration/9]
root        66     2  0 May02 ?        00:00:01 [ksoftirqd/9]
root        68     2  0 May02 ?        00:00:00 [kworker/9:0H-xfs-log/nvme0n1p1]
root        69     2  0 May02 ?        00:00:00 [cpuhp/10]
root        70     2  0 May02 ?        00:00:00 [idle_inject/10]
root        71     2  0 May02 ?        00:00:01 [migration/10]
root        72     2  0 May02 ?        00:00:01 [ksoftirqd/10]
root        74     2  0 May02 ?        00:00:00 [kworker/10:0H-events_highpri]
root        75     2  0 May02 ?        00:00:00 [cpuhp/11]
root        76     2  0 May02 ?        00:00:00 [idle_inject/11]
root        77     2  0 May02 ?        00:00:01 [migration/11]
root        78     2  0 May02 ?        00:00:01 [ksoftirqd/11]
root        80     2  0 May02 ?        00:00:00 [kworker/11:0H-events_highpri]
root        81     2  0 May02 ?        00:00:00 [cpuhp/12]
root        82     2  0 May02 ?        00:00:00 [idle_inject/12]
root        83     2  0 May02 ?        00:00:01 [migration/12]
root        84     2  0 May02 ?        00:00:01 [ksoftirqd/12]
root        86     2  0 May02 ?        00:00:00 [kworker/12:0H-events_highpri]
root        87     2  0 May02 ?        00:00:00 [cpuhp/13]
root        88     2  0 May02 ?        00:00:00 [idle_inject/13]
root        89     2  0 May02 ?        00:00:01 [migration/13]
root        90     2  0 May02 ?        00:00:01 [ksoftirqd/13]
root        92     2  0 May02 ?        00:00:00 [kworker/13:0H-events_highpri]
root        93     2  0 May02 ?        00:00:00 [cpuhp/14]
root        94     2  0 May02 ?        00:00:00 [idle_inject/14]
root        95     2  0 May02 ?        00:00:01 [migration/14]
root        96     2  0 May02 ?        00:00:01 [ksoftirqd/14]
root        98     2  0 May02 ?        00:00:00 [kworker/14:0H-events_highpri]
root        99     2  0 May02 ?        00:00:00 [cpuhp/15]
root       100     2  0 May02 ?        00:00:00 [idle_inject/15]
root       101     2  0 May02 ?        00:00:01 [migration/15]
root       102     2  0 May02 ?        00:00:01 [ksoftirqd/15]
root       104     2  0 May02 ?        00:00:00 [kworker/15:0H-events_highpri]
root       106     2  0 May02 ?        00:00:00 [kdevtmpfs]
root       107     2  0 May02 ?        00:00:00 [netns]
root       108     2  0 May02 ?        00:00:00 [rcu_tasks_kthre]
root       109     2  0 May02 ?        00:00:00 [kauditd]
root       110     2  0 May02 ?        00:00:00 [khungtaskd]
root       111     2  0 May02 ?        00:00:00 [oom_reaper]
root       112     2  0 May02 ?        00:00:00 [writeback]
root       113     2  0 May02 ?        00:00:00 [kcompactd0]
root       114     2  0 May02 ?        00:00:00 [ksmd]
root       117     2  0 May02 ?        00:00:01 [kworker/3:1-cgroup_destroy]
root       170     2  0 May02 ?        00:00:00 [kintegrityd]
root       171     2  0 May02 ?        00:00:00 [kblockd]
root       172     2  0 May02 ?        00:00:00 [blkcg_punt_bio]
root       174     2  0 May02 ?        00:00:00 [tpm_dev_wq]
root       175     2  0 May02 ?        00:00:00 [edac-poller]
root       176     2  0 May02 ?        00:00:00 [devfreq_wq]
root       177     2  0 May02 ?        00:00:00 [watchdogd]
root       187     2  0 May02 ?        00:00:00 [kswapd0]
root       188     2  0 May02 ?        00:00:00 [kworker/u33:0-xprtiod]
root       190     2  0 May02 ?        00:00:00 [kthrotld]
root       191     2  0 May02 ?        00:00:00 [ipv6_addrconf]
root       197     2  0 May02 ?        00:00:00 [kstrp]
root       203     2  0 May02 ?        00:00:00 [charger_manager]
root       300     2  0 May02 ?        00:00:00 [kworker/5:1-events]
root       354     2  0 May09 ?        00:00:00 [kworker/14:2]
root       370     2  0 May02 ?        00:00:00 [nvme-wq]
root       372     2  0 May02 ?        00:00:00 [nvme-reset-wq]
root       373     2  0 May02 ?        00:00:00 [nvme-delete-wq]
root       375     2  0 May02 ?        00:00:00 [ena]
root       383     2  0 May10 ?        00:00:01 [kworker/9:1-mm_percpu_wq]
root       407     2  0 May02 ?        00:00:00 [xfsalloc]
root       409     2  0 May02 ?        00:00:00 [xfs_mru_cache]
root       412     2  0 May02 ?        00:00:00 [xfs-buf/nvme0n1]
root       414     2  0 May02 ?        00:00:00 [xfs-conv/nvme0n]
root       415     2  0 May02 ?        00:00:00 [xfs-cil/nvme0n1]
root       417     2  0 May02 ?        00:00:00 [xfs-reclaim/nvm]
root       418     2  0 May02 ?        00:00:00 [xfs-eofblocks/n]
root       419     2  0 May02 ?        00:00:00 [xfs-log/nvme0n1]
root       420     2  0 May02 ?        00:01:14 [xfsaild/nvme0n1]
root       428     2  0 May02 ?        00:00:00 [kworker/9:1H-kblockd]
root       500     2  0 May02 ?        00:00:00 [kworker/1:1H-kblockd]
root       501     2  0 May02 ?        00:00:00 [kworker/4:1H-kblockd]
root       502     2  0 May02 ?        00:00:00 [kworker/2:1H-kblockd]
root       503     2  0 May02 ?        00:00:00 [kworker/3:1H-kblockd]
root       504     2  0 May02 ?        00:00:00 [kworker/5:1H-kblockd]
root       505     2  0 May02 ?        00:00:00 [kworker/6:1H-kblockd]
root       506     2  0 May02 ?        00:00:00 [kworker/7:1H-kblockd]
root       507     2  0 May02 ?        00:00:00 [kworker/8:1H-kblockd]
root       508     2  0 May02 ?        00:00:00 [kworker/10:1H-xfs-log/dm-0]
root       509     2  0 May02 ?        00:00:00 [kworker/11:1H-xfs-log/dm-6]
root       510     2  0 May02 ?        00:00:00 [kworker/13:1H-xfs-log/nvme0n1p1]
root       511     2  0 May02 ?        00:00:00 [kworker/12:1H-kblockd]
root       512     2  0 May02 ?        00:00:00 [kworker/0:1H-kblockd]
root       513     2  0 May02 ?        00:00:00 [kworker/14:1H-kblockd]
root       514     2  0 May02 ?        00:00:00 [kworker/15:1H-kblockd]
root       523     1  0 May02 ?        00:00:09 /usr/lib/systemd/systemd-journald
root       526     1  0 May02 ?        00:00:36 /usr/sbin/haveged -w 1024 -v 0 -F
root       530     1  0 May02 ?        00:00:00 /usr/lib/systemd/systemd-udevd
root       582     2  0 May02 ?        00:00:00 [cryptd]
root       648     2  0 May02 ?        00:00:00 [nfit]
root       649     2  0 May02 ?        00:00:00 [kdmflush]
root       651     2  0 May02 ?        00:00:00 [kdmflush]
root       652     2  0 May02 ?        00:00:00 [kdmflush]
root       653     2  0 May02 ?        00:00:00 [kdmflush]
root       655     2  0 May02 ?        00:00:00 [kdmflush]
root       656     2  0 May02 ?        00:00:00 [kdmflush]
root       657     2  0 May02 ?        00:00:00 [kdmflush]
root       658     2  0 May02 ?        00:00:00 [kdmflush]
root       659     2  0 May02 ?        00:00:00 [kdmflush]
root       660     2  0 May02 ?        00:00:00 [kdmflush]
root       661     2  0 May02 ?        00:00:00 [kdmflush]
root       697     2  0 May02 ?        00:00:00 [xfs-buf/dm-9]
root       698     2  0 May02 ?        00:00:00 [xfs-conv/dm-9]
root       699     2  0 May02 ?        00:00:00 [xfs-cil/dm-9]
root       701     2  0 May02 ?        00:00:00 [xfs-reclaim/dm-]
root       702     2  0 May02 ?        00:00:00 [xfs-eofblocks/d]
root       703     2  0 May02 ?        00:00:00 [xfs-buf/dm-4]
root       704     2  0 May02 ?        00:00:00 [xfs-conv/dm-4]
root       706     2  0 May02 ?        00:00:00 [xfs-cil/dm-4]
root       707     2  0 May02 ?        00:00:00 [xfs-reclaim/dm-]
root       708     2  0 May02 ?        00:00:00 [xfs-eofblocks/d]
root       709     2  0 May02 ?        00:00:00 [xfs-buf/dm-2]
root       710     2  0 May02 ?        00:00:00 [xfs-conv/dm-2]
root       711     2  0 May02 ?        00:00:00 [xfs-cil/dm-2]
root       712     2  0 May02 ?        00:00:00 [xfs-reclaim/dm-]
root       714     2  0 May02 ?        00:00:00 [xfs-eofblocks/d]
root       715     2  0 May02 ?        00:00:00 [xfs-buf/dm-10]
root       716     2  0 May02 ?        00:00:00 [xfs-conv/dm-10]
root       717     2  0 May02 ?        00:00:00 [xfs-cil/dm-10]
root       718     2  0 May02 ?        00:00:00 [xfs-reclaim/dm-]
root       719     2  0 May02 ?        00:00:00 [xfs-eofblocks/d]
root       720     2  0 May02 ?        00:00:00 [xfs-log/dm-9]
root       721     2  0 May02 ?        00:00:00 [xfsaild/dm-9]
root       722     2  0 May02 ?        00:00:00 [xfs-buf/dm-0]
root       723     2  0 May02 ?        00:00:00 [xfs-conv/dm-0]
root       724     2  0 May02 ?        00:00:00 [xfs-cil/dm-0]
root       726     2  0 May02 ?        00:00:00 [xfs-reclaim/dm-]
root       727     2  0 May02 ?        00:00:00 [xfs-eofblocks/d]
root       728     2  0 May02 ?        00:00:00 [xfs-log/dm-10]
root       729     2  0 May02 ?        00:00:00 [xfsaild/dm-10]
root       730     2  0 May02 ?        00:00:00 [xfs-log/dm-4]
root       731     2  0 May02 ?        00:00:02 [xfsaild/dm-4]
root       732     2  0 May02 ?        00:00:00 [xfs-buf/dm-1]
root       733     2  0 May02 ?        00:00:00 [xfs-conv/dm-1]
root       734     2  0 May02 ?        00:00:00 [xfs-cil/dm-1]
root       735     2  0 May02 ?        00:00:00 [xfs-reclaim/dm-]
root       736     2  0 May02 ?        00:00:00 [xfs-eofblocks/d]
root       737     2  0 May02 ?        00:00:00 [xfs-log/dm-2]
root       738     2  0 May02 ?        00:00:00 [xfsaild/dm-2]
root       739     2  0 May02 ?        00:00:00 [xfs-log/dm-0]
root       740     2  0 May02 ?        00:01:13 [xfsaild/dm-0]
root       742     2  0 May02 ?        00:00:00 [xfs-buf/dm-3]
root       743     2  0 May02 ?        00:00:00 [xfs-conv/dm-3]
root       744     2  0 May02 ?        00:00:00 [xfs-cil/dm-3]
root       745     2  0 May02 ?        00:00:00 [xfs-reclaim/dm-]
root       746     2  0 May02 ?        00:00:00 [xfs-log/dm-1]
root       747     2  0 May02 ?        00:00:00 [xfs-eofblocks/d]
root       748     2  0 May02 ?        00:01:12 [xfsaild/dm-1]
root       749     2  0 May02 ?        00:00:00 [xfs-log/dm-3]
root       750     2  0 May02 ?        00:00:00 [xfsaild/dm-3]
root       752     2  0 May02 ?        00:00:00 [xfs-buf/dm-8]
root       753     2  0 May02 ?        00:00:00 [xfs-conv/dm-8]
root       754     2  0 May02 ?        00:00:00 [xfs-cil/dm-8]
root       755     2  0 May02 ?        00:00:00 [xfs-reclaim/dm-]
root       756     2  0 May02 ?        00:00:00 [xfs-eofblocks/d]
root       757     2  0 May02 ?        00:00:00 [xfs-log/dm-8]
root       758     2  0 May02 ?        00:00:00 [xfsaild/dm-8]
root       763     2  0 May02 ?        00:00:00 [xfs-buf/dm-5]
root       764     2  0 May02 ?        00:00:00 [xfs-conv/dm-5]
root       765     2  0 May02 ?        00:00:00 [xfs-cil/dm-5]
root       766     2  0 May02 ?        00:00:00 [xfs-reclaim/dm-]
root       767     2  0 May02 ?        00:00:00 [xfs-eofblocks/d]
root       769     2  0 May02 ?        00:00:00 [xfs-buf/dm-7]
root       770     2  0 May02 ?        00:00:00 [xfs-conv/dm-7]
root       771     2  0 May02 ?        00:00:00 [xfs-cil/dm-7]
root       772     2  0 May02 ?        00:00:00 [xfs-reclaim/dm-]
root       773     2  0 May02 ?        00:00:00 [xfs-eofblocks/d]
root       777     2  0 May02 ?        00:00:00 [xfs-log/dm-5]
root       778     2  0 May02 ?        00:00:47 [xfsaild/dm-5]
root       779     2  0 May02 ?        00:00:00 [xfs-log/dm-7]
root       780     2  0 May02 ?        00:00:00 [xfsaild/dm-7]
root       806     2  0 May02 ?        00:00:00 [xfs-buf/dm-6]
root       807     2  0 May02 ?        00:00:00 [xfs-conv/dm-6]
root       808     2  0 May02 ?        00:00:00 [xfs-cil/dm-6]
root       809     2  0 May02 ?        00:00:00 [xfs-reclaim/dm-]
root       810     2  0 May02 ?        00:00:00 [xfs-eofblocks/d]
root       811     2  0 May02 ?        00:00:00 [xfs-log/dm-6]
root       812     2  0 May02 ?        00:00:01 [xfsaild/dm-6]
root       826     1  0 May02 ?        00:00:00 /sbin/auditd
root       847     2  0 May02 ?        00:00:00 [audit_prune_tre]
nscd       853     1  0 May02 ?        00:00:47 /usr/sbin/nscd
message+   855     1  0 May02 ?        00:00:08 /usr/bin/dbus-daemon --system --address=systemd: --nofork --nopidfile --systemd-activation --syslog-only
root       929     1  0 May02 ?        00:00:27 /usr/sbin/irqbalance --foreground
root       930     1  0 May02 ?        00:00:00 /usr/sbin/sssd -i --logger=files
root       952     1  0 May02 ?        00:00:01 /usr/sbin/rsyslogd -n -iNONE
root       968   930  0 May02 ?        00:00:24 /usr/lib/sssd/sssd_be --domain lambweston.com --uid 0 --gid 0 --logger=files
root       969   930  0 May02 ?        00:00:09 /usr/lib/sssd/sssd_nss --uid 0 --gid 0 --logger=files
root       970   930  0 May02 ?        00:00:04 /usr/lib/sssd/sssd_pam --uid 0 --gid 0 --logger=files
root       971     1  0 May02 ?        00:00:05 /usr/lib/systemd/systemd-logind
root      1013     1  0 May02 ?        00:00:00 /usr/lib/wicked/bin/wickedd-dhcp6 --systemd --foreground
root      1014     1  0 May02 ?        00:00:00 /usr/lib/wicked/bin/wickedd-dhcp4 --systemd --foreground
root      1015     1  0 May02 ?        00:00:00 /usr/lib/wicked/bin/wickedd-auto4 --systemd --foreground
root      1017     1  0 May02 ?        00:00:00 /usr/sbin/wickedd --systemd --foreground
root      1023     1  0 May02 ?        00:00:00 /usr/sbin/wickedd-nanny --systemd --foreground
root      1036     1  0 May02 ?        00:19:32 splunkd -p 8089 start
root      1038  1036  0 May02 ?        00:02:18 [splunkd pid=1036] splunkd -p 8089 start [process-runner]
root      1629     2  0 May06 ?        00:00:00 bpfilter_umh
root      1960     1  0 May02 ?        00:00:00 /usr/bin/python3 /usr/bin/salt-minion
chrony    1963     1  0 May02 ?        00:00:00 /usr/sbin/chronyd -u chrony
root      1998     1  0 May02 ?        00:00:01 /usr/sbin/cron -n
awsdata   1999     1  0 May02 ?        00:00:00 jsvc.exec -errfile /var/log/aws-dataprovider/jsvcerr.log -jvm server -showversion -pidfile /tmp/aws-dataprovider.pid -cp /usr/local/ec2/aws-dataprovider/lib/installer.jar:/usr/local/ec2/aws-dataprovider/lib/commons-daemon-1.2.4/commons-daemon-1.2.4.jar -Dcom.amazon.aws.aws-dataprovider.proxypath=/usr/local/ec2/aws-dataprovider -Dcom.amazon.aws.aws-dataprovider.access=https://s3.amazonaws.com/aws-sap-data-provider -DisStandaloneVersion=yes com.amazon.aws.dataprovider.AwsDataProvider /usr/local/ec2/aws-dataprovider -vhostmd -LogLevel=INFO
awsdata   2001  1999  0 May02 ?        01:05:03 jsvc.exec -errfile /var/log/aws-dataprovider/jsvcerr.log -jvm server -showversion -pidfile /tmp/aws-dataprovider.pid -cp /usr/local/ec2/aws-dataprovider/lib/installer.jar:/usr/local/ec2/aws-dataprovider/lib/commons-daemon-1.2.4/commons-daemon-1.2.4.jar -Dcom.amazon.aws.aws-dataprovider.proxypath=/usr/local/ec2/aws-dataprovider -Dcom.amazon.aws.aws-dataprovider.access=https://s3.amazonaws.com/aws-sap-data-provider -DisStandaloneVersion=yes com.amazon.aws.dataprovider.AwsDataProvider /usr/local/ec2/aws-dataprovider -vhostmd -LogLevel=INFO
root      2082  1960  0 May02 ?        00:08:15 /usr/bin/python3 /usr/bin/salt-minion
root      2089  2082  0 May02 ?        00:00:00 /usr/bin/python3 /usr/bin/salt-minion
root      2092     1  0 May02 ?        00:00:55 /usr/sbin/amazon-ssm-agent
root      2116     2  0 May02 ?        00:00:00 [rpciod]
root      2117     2  0 May02 ?        00:00:00 [xprtiod]
root      2126     2  0 May02 ?        00:00:00 [nfsiod]
root      2127     1  0 May02 ?        00:00:00 /usr/sbin/sshd -D
root      2135     2  0 May09 ?        00:00:00 [kworker/13:0]
root      2139     1  0 May02 ?        00:00:00 /opt/ds_agent/ds_agent -w /var/opt/ds_agent -b -i -e /opt/ds_agent/ext
root      2140  2139  3 May02 ?        07:35:07 /opt/ds_agent/ds_agent -w /var/opt/ds_agent -b -i -e /opt/ds_agent/ext
root      2165     2  0 May02 ?        00:00:00 [NFSv4 callback]
root      2181     1  0 May02 tty1     00:00:00 /sbin/agetty -o -p -- \u --noclear tty1 linux
root      2182     1  0 May02 ttyS0    00:00:00 /sbin/agetty -o -p -- \u --keep-baud 115200,38400,9600 ttyS0 vt220
root      2263     2  0 May02 ?        00:01:49 [ds_kproc]
root      2264     2  0 May02 ?        00:00:00 [ds_kmemcg]
root      2464     1  0 May02 ?        00:00:16 /usr/sap/hostctrl/exe/saphostexec pf=/usr/sap/hostctrl/exe/host_profile
uuidd     2488     1  0 May02 ?        00:00:01 /usr/sbin/uuidd --socket-activation
root      2496  2092  0 May02 ?        00:08:15 /usr/sbin/ssm-agent-worker
sapadm    2536     1  0 May02 ?        00:00:00 /usr/lib/systemd/systemd --user
sapadm    2563  2536  0 May02 ?        00:00:00 (sd-pam)
sapadm    2595     1  0 May02 ?        00:08:24 /usr/sap/hostctrl/exe/sapstartsrv pf=/usr/sap/hostctrl/exe/host_profile -D
hmeadm    2600     1  0 May02 ?        00:00:18 /usr/sap/HME/HDB00/exe/sapstartsrv pf=/usr/sap/HME/SYS/profile/HME_HDB00_sapeemdb01 -D -u hmeadm
root      2688     1  0 May02 ?        00:37:12 /usr/sap/hostctrl/exe/saposcol -l -w60 pf=/usr/sap/hostctrl/exe/host_profile
root      2708     1  0 May02 ?        00:00:00 /opt/ds_agent/ds_am -g ../diag -v 5 -d /var/opt/ds_agent/am -P 1 -R
root      3358     2  0 00:20 ?        00:00:01 [kworker/11:2-events_power_efficient]
root      6490  2708  0 May09 ?        00:10:12 /opt/ds_agent/ds_am -g ../diag -v 5 -d /var/opt/ds_agent/am -P 1 -R
root      7522     2  0 10:51 ?        00:00:00 [kworker/u32:2-events_unbound]
root      9440     2  0 May06 ?        00:00:00 [kworker/11:1-events_power_efficient]
root     13314     2  0 12:35 ?        00:00:00 [kworker/u32:3-xfs-cil/dm-4]
root     13784     2  0 May07 ?        00:00:00 [kworker/u33:2-xprtiod]
root     17019     2  0 12:45 ?        00:00:00 [kworker/1:2-xfs-sync/dm-6]
root     18373     2  0 12:49 ?        00:00:00 [kworker/8:0-mm_percpu_wq]
root     18473     2  0 11:20 ?        00:00:00 [kworker/u32:1-xfs-cil/dm-6]
root     18957     2  0 12:50 ?        00:00:00 [kworker/2:2-events]
root     19874     2  0 12:53 ?        00:00:00 [kworker/1:0-mm_percpu_wq]
root     19875     2  0 12:53 ?        00:00:00 [kworker/6:1-mm_percpu_wq]
root     20551     2  0 12:55 ?        00:00:00 [kworker/15:1-events]
root     20603     2  0 May08 ?        00:00:00 [kworker/10:2-events]
root     20777     2  0 12:56 ?        00:00:00 [kworker/2:1-mm_percpu_wq]
root     21330     2  0 May09 ?        00:00:00 [kworker/7:0]
root     21353     2  0 12:57 ?        00:00:00 [kworker/8:2-mm_percpu_wq]
root     21421     2  0 08:32 ?        00:00:00 [kworker/8:1-events_power_efficient]
root     21627     2  0 May09 ?        00:00:00 [kworker/12:0-events]
root     21978     2  0 12:58 ?        00:00:00 [kworker/1:1-mm_percpu_wq]
root     21979     2  0 12:58 ?        00:00:00 [kworker/6:0-mm_percpu_wq]
root     21984  2127  0 12:58 ?        00:00:00 sshd: ASS1060 [priv]
ASS1060  22040     1  0 12:59 ?        00:00:00 /usr/lib/systemd/systemd --user
ASS1060  22070 22040  0 12:59 ?        00:00:00 (sd-pam)
ASS1060  22100 21984  0 12:59 ?        00:00:00 sshd: ASS1060@pts/0
ASS1060  22101 22100  0 12:59 pts/0    00:00:00 -bash
root     22144 22101  0 12:59 pts/0    00:00:00 sudo su -
root     22145 22144  0 12:59 pts/1    00:00:00 sudo su -
root     22146 22145  0 12:59 pts/1    00:00:00 su -
root     22147 22146  0 12:59 pts/1    00:00:00 -bash
root     22255     2  0 12:59 ?        00:00:00 [kworker/1:3-mm_percpu_wq]
root     22331     2  0 May09 ?        00:00:01 [kworker/3:2-mm_percpu_wq]
root     22336     2  0 13:00 ?        00:00:00 [kworker/15:0-mm_percpu_wq]
root     22856     2  0 08:37 ?        00:00:00 [kworker/6:2-mm_percpu_wq]
root     22883     2  0 13:00 ?        00:00:00 [kworker/u32:4-events_unbound]
root     22886 22147  0 13:00 pts/1    00:00:00 -bash
root     22905 22886  0 13:00 pts/1    00:00:00 ps -eaf
root     24116     2  0 May07 ?        00:00:05 [kworker/0:2-events_power_efficient]
root     25497     2  0 May07 ?        00:00:02 [kworker/12:1-mm_percpu_wq]
root     25520     2  0 May11 ?        00:00:00 [kworker/7:2-mm_percpu_wq]
root     26385     2  0 May08 ?        00:00:02 [kworker/13:1-mm_percpu_wq]
root     26785     2  0 May09 ?        00:00:01 [kworker/4:0-mm_percpu_wq]
root     27566     2  0 May11 ?        00:00:00 [kworker/14:0-mm_percpu_wq]
root     29122     2  0 May09 ?        00:00:01 [kworker/10:1-mm_percpu_wq]
root     29297     2  0 May06 ?        00:00:00 [kworker/0:1-events]
root     29529     2  0 10:23 ?        00:00:00 [kworker/2:0-xfs-sync/dm-7]
root     30406     2  0 11:54 ?        00:00:00 [kworker/u32:0-xfs-cil/dm-0]
root     32028     2  0 May09 ?        00:00:00 [kworker/4:2]
root     32481     2  0 09:03 ?        00:00:00 [kworker/15:2-mm_percpu_wq]
root     32705     2  0 May09 ?        00:00:00 [kworker/9:0-xfs-buf/nvme0n1p1]
0

[31;43m***** Services; Chkconfig status; CPU/MEM/ *****[0m
amazon-ssm-agent.service               loaded active running amazon-ssm-agent                                                             
apparmor.service                       loaded failed failed  Load AppArmor profiles                                                       
auditd.service                         loaded active running Security Auditing Service                                                    
aws-dataprovider.service               loaded active running AWS Data Provider for SAP                                                    
chronyd.service                        loaded active running NTP client/server                                                            
cloud-config.service                   loaded active exited  Apply the settings specified in cloud-config                                 
cloud-final.service                    loaded active exited  Execute cloud user/final scripts                                             
cloud-init-local.service               loaded active exited  Initial cloud-init job (pre-networking)                                      
cloud-init.service                     loaded active exited  Initial cloud-init job (metadata service crawler)                            
cron.service                           loaded active running Command Scheduler                                                            
dbus.service                           loaded active running D-Bus System Message Bus                                                     
detect-part-label-duplicates.service   loaded active exited  Detect if the system suffers from bsc#1089761                                
dracut-shutdown.service                loaded active exited  Restore /run/initramfs on shutdown                                           
ds_agent.service                       loaded active running Trend Micro Deep Security Agent                                              
getty@tty1.service                     loaded active running Getty on tty1                                                                
haveged.service                        loaded active running Entropy Daemon based on the HAVEGE algorithm                                 
irqbalance.service                     loaded active running irqbalance daemon                                                            
iscsi.service                          loaded active exited  Login and scanning of iSCSI devices                                          
jexec.service                          loaded active exited  LSB: Supports the direct execution of binary formats.                        
kbdsettings.service                    loaded active exited  Apply settings from /etc/sysconfig/keyboard                                  
klog.service                           loaded active exited  Early Kernel Boot Messages                                                   
kmod-static-nodes.service              loaded active exited  Create list of required static device nodes for the current kernel           
lvm2-monitor.service                   loaded active exited  Monitoring of LVM2 mirrors, snapshots etc. using dmeventd or progress polling
lvm2-pvscan@259:0.service              loaded active exited  LVM event activation on device 259:0                                         
lvm2-pvscan@259:10.service             loaded active exited  LVM event activation on device 259:10                                        
lvm2-pvscan@259:11.service             loaded active exited  LVM event activation on device 259:11                                        
lvm2-pvscan@259:12.service             loaded active exited  LVM event activation on device 259:12                                        
lvm2-pvscan@259:13.service             loaded active exited  LVM event activation on device 259:13                                        
lvm2-pvscan@259:3.service              loaded active exited  LVM event activation on device 259:3                                         
lvm2-pvscan@259:4.service              loaded active exited  LVM event activation on device 259:4                                         
lvm2-pvscan@259:5.service              loaded active exited  LVM event activation on device 259:5                                         
lvm2-pvscan@259:6.service              loaded active exited  LVM event activation on device 259:6                                         
lvm2-pvscan@259:7.service              loaded active exited  LVM event activation on device 259:7                                         
lvm2-pvscan@259:8.service              loaded active exited  LVM event activation on device 259:8                                         
nscd.service                           loaded active running Name Service Cache Daemon                                                    
rsyslog.service                        loaded active running System Logging Service                                                       
salt-minion.service                    loaded active running The Salt Minion                                                              
sapinit.service                        loaded active running LSB: Start the sapstartsrv                                                   
saptune.service                        loaded active exited  Optimise system for running SAP workloads                                    
serial-getty@ttyS0.service             loaded active running Serial Getty on ttyS0                                                        
splunk.service                         loaded active running SYSV: Splunk indexer service                                                 
sshd.service                           loaded active running OpenSSH Daemon                                                               
sssd.service                           loaded active running System Security Services Daemon                                              
sysstat.service                        loaded active exited  Write information about system start to sysstat log                          
systemd-journal-catalog-update.service loaded active exited  Rebuild Journal Catalog                                                      
systemd-journal-flush.service          loaded active exited  Flush Journal to Persistent Storage                                          
systemd-journald.service               loaded active running Journal Service                                                              
systemd-logind.service                 loaded active running Login Service                                                                
systemd-modules-load.service           loaded active exited  Load Kernel Modules                                                          
systemd-random-seed.service            loaded active exited  Load/Save Random Seed                                                        
systemd-remount-fs.service             loaded active exited  Remount Root and Kernel File Systems                                         
systemd-sysctl.service                 loaded active exited  Apply Kernel Variables                                                       
systemd-tmpfiles-setup-dev.service     loaded active exited  Create Static Device Nodes in /dev                                           
systemd-tmpfiles-setup.service         loaded active exited  Create Volatile Files and Directories                                        
systemd-udev-settle.service            loaded active exited  udev Wait for Complete Device Initialization                                 
systemd-udev-trigger.service           loaded active exited  udev Coldplug all Devices                                                    
systemd-udevd.service                  loaded active running udev Kernel Device Manager                                                   
systemd-update-done.service            loaded active exited  Update is Completed                                                          
systemd-update-utmp.service            loaded active exited  Update UTMP about System Boot/Shutdown                                       
systemd-user-sessions.service          loaded active exited  Permit User Sessions                                                         
systemd-vconsole-setup.service         loaded failed failed  Setup Virtual Console                                                        
user-runtime-dir@1001.service          loaded active exited  User Runtime Directory /run/user/1001                                        
user-runtime-dir@1725062210.service    loaded active exited  User Runtime Directory /run/user/1725062210                                  
user-runtime-dir@473.service           loaded active exited  User Runtime Directory /run/user/473                                         
user@1001.service                      loaded failed failed  User Manager for UID 1001                                                    
user@1725062210.service                loaded active running User Manager for UID 1725062210                                              
user@473.service                       loaded active running User Manager for UID 473                                                     
uuidd.service                          loaded active running Daemon for generating UUIDs                                                  
wicked.service                         loaded active exited  wicked managed network interfaces                                            
wickedd-auto4.service                  loaded active running wicked AutoIPv4 supplicant service                                           
wickedd-dhcp4.service                  loaded active running wicked DHCPv4 supplicant service                                             
wickedd-dhcp6.service                  loaded active running wicked DHCPv6 supplicant service                                             
wickedd-nanny.service                  loaded active running wicked network nanny service                                                 
wickedd.service                        loaded active running wicked network management service daemon                                     
jexec                     0:off  1:on   2:on   3:on   4:on   5:on   6:off
sapinit                   0:off  1:off  2:off  3:on   4:off  5:on   6:off
splunk                    0:off  1:off  2:on   3:on   4:off  5:on   6:off
processor	: 0
vendor_id	: GenuineIntel
cpu family	: 6
model		: 106
model name	: Intel(R) Xeon(R) Platinum 8375C CPU @ 2.90GHz
stepping	: 6
microcode	: 0xd000331
cpu MHz		: 3501.603
cache size	: 55296 KB
physical id	: 0
siblings	: 16
core id		: 0
cpu cores	: 8
apicid		: 0
initial apicid	: 0
fpu		: yes
fpu_exception	: yes
cpuid level	: 27
wp		: yes
flags		: fpu vme de pse tsc msr pae mce cx8 apic sep mtrr pge mca cmov pat pse36 clflush mmx fxsr sse sse2 ss ht syscall nx pdpe1gb rdtscp lm constant_tsc rep_good nopl xtopology nonstop_tsc cpuid aperfmperf tsc_known_freq pni pclmulqdq ssse3 fma cx16 pcid sse4_1 sse4_2 x2apic movbe popcnt tsc_deadline_timer aes xsave avx f16c rdrand hypervisor lahf_lm abm 3dnowprefetch invpcid_single ssbd ibrs ibpb stibp ibrs_enhanced fsgsbase tsc_adjust bmi1 avx2 smep bmi2 erms invpcid avx512f avx512dq rdseed adx smap avx512ifma clflushopt clwb avx512cd sha_ni avx512bw avx512vl xsaveopt xsavec xgetbv1 xsaves wbnoinvd ida arat avx512vbmi pku ospke avx512_vbmi2 gfni vaes vpclmulqdq avx512_vnni avx512_bitalg tme avx512_vpopcntdq rdpid md_clear flush_l1d arch_capabilities
bugs		: spectre_v1 spectre_v2 spec_store_bypass swapgs
bogomips	: 5799.92
clflush size	: 64
cache_alignment	: 64
address sizes	: 46 bits physical, 48 bits virtual
power management:

processor	: 1
vendor_id	: GenuineIntel
cpu family	: 6
model		: 106
model name	: Intel(R) Xeon(R) Platinum 8375C CPU @ 2.90GHz
stepping	: 6
microcode	: 0xd000331
cpu MHz		: 3505.702
cache size	: 55296 KB
physical id	: 0
siblings	: 16
core id		: 1
cpu cores	: 8
apicid		: 2
initial apicid	: 2
fpu		: yes
fpu_exception	: yes
cpuid level	: 27
wp		: yes
flags		: fpu vme de pse tsc msr pae mce cx8 apic sep mtrr pge mca cmov pat pse36 clflush mmx fxsr sse sse2 ss ht syscall nx pdpe1gb rdtscp lm constant_tsc rep_good nopl xtopology nonstop_tsc cpuid aperfmperf tsc_known_freq pni pclmulqdq ssse3 fma cx16 pcid sse4_1 sse4_2 x2apic movbe popcnt tsc_deadline_timer aes xsave avx f16c rdrand hypervisor lahf_lm abm 3dnowprefetch invpcid_single ssbd ibrs ibpb stibp ibrs_enhanced fsgsbase tsc_adjust bmi1 avx2 smep bmi2 erms invpcid avx512f avx512dq rdseed adx smap avx512ifma clflushopt clwb avx512cd sha_ni avx512bw avx512vl xsaveopt xsavec xgetbv1 xsaves wbnoinvd ida arat avx512vbmi pku ospke avx512_vbmi2 gfni vaes vpclmulqdq avx512_vnni avx512_bitalg tme avx512_vpopcntdq rdpid md_clear flush_l1d arch_capabilities
bugs		: spectre_v1 spectre_v2 spec_store_bypass swapgs
bogomips	: 5799.92
clflush size	: 64
cache_alignment	: 64
address sizes	: 46 bits physical, 48 bits virtual
power management:

processor	: 2
vendor_id	: GenuineIntel
cpu family	: 6
model		: 106
model name	: Intel(R) Xeon(R) Platinum 8375C CPU @ 2.90GHz
stepping	: 6
microcode	: 0xd000331
cpu MHz		: 3535.979
cache size	: 55296 KB
physical id	: 0
siblings	: 16
core id		: 2
cpu cores	: 8
apicid		: 4
initial apicid	: 4
fpu		: yes
fpu_exception	: yes
cpuid level	: 27
wp		: yes
flags		: fpu vme de pse tsc msr pae mce cx8 apic sep mtrr pge mca cmov pat pse36 clflush mmx fxsr sse sse2 ss ht syscall nx pdpe1gb rdtscp lm constant_tsc rep_good nopl xtopology nonstop_tsc cpuid aperfmperf tsc_known_freq pni pclmulqdq ssse3 fma cx16 pcid sse4_1 sse4_2 x2apic movbe popcnt tsc_deadline_timer aes xsave avx f16c rdrand hypervisor lahf_lm abm 3dnowprefetch invpcid_single ssbd ibrs ibpb stibp ibrs_enhanced fsgsbase tsc_adjust bmi1 avx2 smep bmi2 erms invpcid avx512f avx512dq rdseed adx smap avx512ifma clflushopt clwb avx512cd sha_ni avx512bw avx512vl xsaveopt xsavec xgetbv1 xsaves wbnoinvd ida arat avx512vbmi pku ospke avx512_vbmi2 gfni vaes vpclmulqdq avx512_vnni avx512_bitalg tme avx512_vpopcntdq rdpid md_clear flush_l1d arch_capabilities
bugs		: spectre_v1 spectre_v2 spec_store_bypass swapgs
bogomips	: 5799.92
clflush size	: 64
cache_alignment	: 64
address sizes	: 46 bits physical, 48 bits virtual
power management:

processor	: 3
vendor_id	: GenuineIntel
cpu family	: 6
model		: 106
model name	: Intel(R) Xeon(R) Platinum 8375C CPU @ 2.90GHz
stepping	: 6
microcode	: 0xd000331
cpu MHz		: 3498.457
cache size	: 55296 KB
physical id	: 0
siblings	: 16
core id		: 3
cpu cores	: 8
apicid		: 6
initial apicid	: 6
fpu		: yes
fpu_exception	: yes
cpuid level	: 27
wp		: yes
flags		: fpu vme de pse tsc msr pae mce cx8 apic sep mtrr pge mca cmov pat pse36 clflush mmx fxsr sse sse2 ss ht syscall nx pdpe1gb rdtscp lm constant_tsc rep_good nopl xtopology nonstop_tsc cpuid aperfmperf tsc_known_freq pni pclmulqdq ssse3 fma cx16 pcid sse4_1 sse4_2 x2apic movbe popcnt tsc_deadline_timer aes xsave avx f16c rdrand hypervisor lahf_lm abm 3dnowprefetch invpcid_single ssbd ibrs ibpb stibp ibrs_enhanced fsgsbase tsc_adjust bmi1 avx2 smep bmi2 erms invpcid avx512f avx512dq rdseed adx smap avx512ifma clflushopt clwb avx512cd sha_ni avx512bw avx512vl xsaveopt xsavec xgetbv1 xsaves wbnoinvd ida arat avx512vbmi pku ospke avx512_vbmi2 gfni vaes vpclmulqdq avx512_vnni avx512_bitalg tme avx512_vpopcntdq rdpid md_clear flush_l1d arch_capabilities
bugs		: spectre_v1 spectre_v2 spec_store_bypass swapgs
bogomips	: 5799.92
clflush size	: 64
cache_alignment	: 64
address sizes	: 46 bits physical, 48 bits virtual
power management:

processor	: 4
vendor_id	: GenuineIntel
cpu family	: 6
model		: 106
model name	: Intel(R) Xeon(R) Platinum 8375C CPU @ 2.90GHz
stepping	: 6
microcode	: 0xd000331
cpu MHz		: 3499.954
cache size	: 55296 KB
physical id	: 0
siblings	: 16
core id		: 4
cpu cores	: 8
apicid		: 8
initial apicid	: 8
fpu		: yes
fpu_exception	: yes
cpuid level	: 27
wp		: yes
flags		: fpu vme de pse tsc msr pae mce cx8 apic sep mtrr pge mca cmov pat pse36 clflush mmx fxsr sse sse2 ss ht syscall nx pdpe1gb rdtscp lm constant_tsc rep_good nopl xtopology nonstop_tsc cpuid aperfmperf tsc_known_freq pni pclmulqdq ssse3 fma cx16 pcid sse4_1 sse4_2 x2apic movbe popcnt tsc_deadline_timer aes xsave avx f16c rdrand hypervisor lahf_lm abm 3dnowprefetch invpcid_single ssbd ibrs ibpb stibp ibrs_enhanced fsgsbase tsc_adjust bmi1 avx2 smep bmi2 erms invpcid avx512f avx512dq rdseed adx smap avx512ifma clflushopt clwb avx512cd sha_ni avx512bw avx512vl xsaveopt xsavec xgetbv1 xsaves wbnoinvd ida arat avx512vbmi pku ospke avx512_vbmi2 gfni vaes vpclmulqdq avx512_vnni avx512_bitalg tme avx512_vpopcntdq rdpid md_clear flush_l1d arch_capabilities
bugs		: spectre_v1 spectre_v2 spec_store_bypass swapgs
bogomips	: 5799.92
clflush size	: 64
cache_alignment	: 64
address sizes	: 46 bits physical, 48 bits virtual
power management:

processor	: 5
vendor_id	: GenuineIntel
cpu family	: 6
model		: 106
model name	: Intel(R) Xeon(R) Platinum 8375C CPU @ 2.90GHz
stepping	: 6
microcode	: 0xd000331
cpu MHz		: 3503.626
cache size	: 55296 KB
physical id	: 0
siblings	: 16
core id		: 5
cpu cores	: 8
apicid		: 10
initial apicid	: 10
fpu		: yes
fpu_exception	: yes
cpuid level	: 27
wp		: yes
flags		: fpu vme de pse tsc msr pae mce cx8 apic sep mtrr pge mca cmov pat pse36 clflush mmx fxsr sse sse2 ss ht syscall nx pdpe1gb rdtscp lm constant_tsc rep_good nopl xtopology nonstop_tsc cpuid aperfmperf tsc_known_freq pni pclmulqdq ssse3 fma cx16 pcid sse4_1 sse4_2 x2apic movbe popcnt tsc_deadline_timer aes xsave avx f16c rdrand hypervisor lahf_lm abm 3dnowprefetch invpcid_single ssbd ibrs ibpb stibp ibrs_enhanced fsgsbase tsc_adjust bmi1 avx2 smep bmi2 erms invpcid avx512f avx512dq rdseed adx smap avx512ifma clflushopt clwb avx512cd sha_ni avx512bw avx512vl xsaveopt xsavec xgetbv1 xsaves wbnoinvd ida arat avx512vbmi pku ospke avx512_vbmi2 gfni vaes vpclmulqdq avx512_vnni avx512_bitalg tme avx512_vpopcntdq rdpid md_clear flush_l1d arch_capabilities
bugs		: spectre_v1 spectre_v2 spec_store_bypass swapgs
bogomips	: 5799.92
clflush size	: 64
cache_alignment	: 64
address sizes	: 46 bits physical, 48 bits virtual
power management:

processor	: 6
vendor_id	: GenuineIntel
cpu family	: 6
model		: 106
model name	: Intel(R) Xeon(R) Platinum 8375C CPU @ 2.90GHz
stepping	: 6
microcode	: 0xd000331
cpu MHz		: 3502.508
cache size	: 55296 KB
physical id	: 0
siblings	: 16
core id		: 6
cpu cores	: 8
apicid		: 12
initial apicid	: 12
fpu		: yes
fpu_exception	: yes
cpuid level	: 27
wp		: yes
flags		: fpu vme de pse tsc msr pae mce cx8 apic sep mtrr pge mca cmov pat pse36 clflush mmx fxsr sse sse2 ss ht syscall nx pdpe1gb rdtscp lm constant_tsc rep_good nopl xtopology nonstop_tsc cpuid aperfmperf tsc_known_freq pni pclmulqdq ssse3 fma cx16 pcid sse4_1 sse4_2 x2apic movbe popcnt tsc_deadline_timer aes xsave avx f16c rdrand hypervisor lahf_lm abm 3dnowprefetch invpcid_single ssbd ibrs ibpb stibp ibrs_enhanced fsgsbase tsc_adjust bmi1 avx2 smep bmi2 erms invpcid avx512f avx512dq rdseed adx smap avx512ifma clflushopt clwb avx512cd sha_ni avx512bw avx512vl xsaveopt xsavec xgetbv1 xsaves wbnoinvd ida arat avx512vbmi pku ospke avx512_vbmi2 gfni vaes vpclmulqdq avx512_vnni avx512_bitalg tme avx512_vpopcntdq rdpid md_clear flush_l1d arch_capabilities
bugs		: spectre_v1 spectre_v2 spec_store_bypass swapgs
bogomips	: 5799.92
clflush size	: 64
cache_alignment	: 64
address sizes	: 46 bits physical, 48 bits virtual
power management:

processor	: 7
vendor_id	: GenuineIntel
cpu family	: 6
model		: 106
model name	: Intel(R) Xeon(R) Platinum 8375C CPU @ 2.90GHz
stepping	: 6
microcode	: 0xd000331
cpu MHz		: 3502.815
cache size	: 55296 KB
physical id	: 0
siblings	: 16
core id		: 7
cpu cores	: 8
apicid		: 14
initial apicid	: 14
fpu		: yes
fpu_exception	: yes
cpuid level	: 27
wp		: yes
flags		: fpu vme de pse tsc msr pae mce cx8 apic sep mtrr pge mca cmov pat pse36 clflush mmx fxsr sse sse2 ss ht syscall nx pdpe1gb rdtscp lm constant_tsc rep_good nopl xtopology nonstop_tsc cpuid aperfmperf tsc_known_freq pni pclmulqdq ssse3 fma cx16 pcid sse4_1 sse4_2 x2apic movbe popcnt tsc_deadline_timer aes xsave avx f16c rdrand hypervisor lahf_lm abm 3dnowprefetch invpcid_single ssbd ibrs ibpb stibp ibrs_enhanced fsgsbase tsc_adjust bmi1 avx2 smep bmi2 erms invpcid avx512f avx512dq rdseed adx smap avx512ifma clflushopt clwb avx512cd sha_ni avx512bw avx512vl xsaveopt xsavec xgetbv1 xsaves wbnoinvd ida arat avx512vbmi pku ospke avx512_vbmi2 gfni vaes vpclmulqdq avx512_vnni avx512_bitalg tme avx512_vpopcntdq rdpid md_clear flush_l1d arch_capabilities
bugs		: spectre_v1 spectre_v2 spec_store_bypass swapgs
bogomips	: 5799.92
clflush size	: 64
cache_alignment	: 64
address sizes	: 46 bits physical, 48 bits virtual
power management:

processor	: 8
vendor_id	: GenuineIntel
cpu family	: 6
model		: 106
model name	: Intel(R) Xeon(R) Platinum 8375C CPU @ 2.90GHz
stepping	: 6
microcode	: 0xd000331
cpu MHz		: 3499.954
cache size	: 55296 KB
physical id	: 0
siblings	: 16
core id		: 0
cpu cores	: 8
apicid		: 1
initial apicid	: 1
fpu		: yes
fpu_exception	: yes
cpuid level	: 27
wp		: yes
flags		: fpu vme de pse tsc msr pae mce cx8 apic sep mtrr pge mca cmov pat pse36 clflush mmx fxsr sse sse2 ss ht syscall nx pdpe1gb rdtscp lm constant_tsc rep_good nopl xtopology nonstop_tsc cpuid aperfmperf tsc_known_freq pni pclmulqdq ssse3 fma cx16 pcid sse4_1 sse4_2 x2apic movbe popcnt tsc_deadline_timer aes xsave avx f16c rdrand hypervisor lahf_lm abm 3dnowprefetch invpcid_single ssbd ibrs ibpb stibp ibrs_enhanced fsgsbase tsc_adjust bmi1 avx2 smep bmi2 erms invpcid avx512f avx512dq rdseed adx smap avx512ifma clflushopt clwb avx512cd sha_ni avx512bw avx512vl xsaveopt xsavec xgetbv1 xsaves wbnoinvd ida arat avx512vbmi pku ospke avx512_vbmi2 gfni vaes vpclmulqdq avx512_vnni avx512_bitalg tme avx512_vpopcntdq rdpid md_clear flush_l1d arch_capabilities
bugs		: spectre_v1 spectre_v2 spec_store_bypass swapgs
bogomips	: 5799.92
clflush size	: 64
cache_alignment	: 64
address sizes	: 46 bits physical, 48 bits virtual
power management:

processor	: 9
vendor_id	: GenuineIntel
cpu family	: 6
model		: 106
model name	: Intel(R) Xeon(R) Platinum 8375C CPU @ 2.90GHz
stepping	: 6
microcode	: 0xd000331
cpu MHz		: 3503.164
cache size	: 55296 KB
physical id	: 0
siblings	: 16
core id		: 1
cpu cores	: 8
apicid		: 3
initial apicid	: 3
fpu		: yes
fpu_exception	: yes
cpuid level	: 27
wp		: yes
flags		: fpu vme de pse tsc msr pae mce cx8 apic sep mtrr pge mca cmov pat pse36 clflush mmx fxsr sse sse2 ss ht syscall nx pdpe1gb rdtscp lm constant_tsc rep_good nopl xtopology nonstop_tsc cpuid aperfmperf tsc_known_freq pni pclmulqdq ssse3 fma cx16 pcid sse4_1 sse4_2 x2apic movbe popcnt tsc_deadline_timer aes xsave avx f16c rdrand hypervisor lahf_lm abm 3dnowprefetch invpcid_single ssbd ibrs ibpb stibp ibrs_enhanced fsgsbase tsc_adjust bmi1 avx2 smep bmi2 erms invpcid avx512f avx512dq rdseed adx smap avx512ifma clflushopt clwb avx512cd sha_ni avx512bw avx512vl xsaveopt xsavec xgetbv1 xsaves wbnoinvd ida arat avx512vbmi pku ospke avx512_vbmi2 gfni vaes vpclmulqdq avx512_vnni avx512_bitalg tme avx512_vpopcntdq rdpid md_clear flush_l1d arch_capabilities
bugs		: spectre_v1 spectre_v2 spec_store_bypass swapgs
bogomips	: 5799.92
clflush size	: 64
cache_alignment	: 64
address sizes	: 46 bits physical, 48 bits virtual
power management:

processor	: 10
vendor_id	: GenuineIntel
cpu family	: 6
model		: 106
model name	: Intel(R) Xeon(R) Platinum 8375C CPU @ 2.90GHz
stepping	: 6
microcode	: 0xd000331
cpu MHz		: 3499.273
cache size	: 55296 KB
physical id	: 0
siblings	: 16
core id		: 2
cpu cores	: 8
apicid		: 5
initial apicid	: 5
fpu		: yes
fpu_exception	: yes
cpuid level	: 27
wp		: yes
flags		: fpu vme de pse tsc msr pae mce cx8 apic sep mtrr pge mca cmov pat pse36 clflush mmx fxsr sse sse2 ss ht syscall nx pdpe1gb rdtscp lm constant_tsc rep_good nopl xtopology nonstop_tsc cpuid aperfmperf tsc_known_freq pni pclmulqdq ssse3 fma cx16 pcid sse4_1 sse4_2 x2apic movbe popcnt tsc_deadline_timer aes xsave avx f16c rdrand hypervisor lahf_lm abm 3dnowprefetch invpcid_single ssbd ibrs ibpb stibp ibrs_enhanced fsgsbase tsc_adjust bmi1 avx2 smep bmi2 erms invpcid avx512f avx512dq rdseed adx smap avx512ifma clflushopt clwb avx512cd sha_ni avx512bw avx512vl xsaveopt xsavec xgetbv1 xsaves wbnoinvd ida arat avx512vbmi pku ospke avx512_vbmi2 gfni vaes vpclmulqdq avx512_vnni avx512_bitalg tme avx512_vpopcntdq rdpid md_clear flush_l1d arch_capabilities
bugs		: spectre_v1 spectre_v2 spec_store_bypass swapgs
bogomips	: 5799.92
clflush size	: 64
cache_alignment	: 64
address sizes	: 46 bits physical, 48 bits virtual
power management:

processor	: 11
vendor_id	: GenuineIntel
cpu family	: 6
model		: 106
model name	: Intel(R) Xeon(R) Platinum 8375C CPU @ 2.90GHz
stepping	: 6
microcode	: 0xd000331
cpu MHz		: 3500.309
cache size	: 55296 KB
physical id	: 0
siblings	: 16
core id		: 3
cpu cores	: 8
apicid		: 7
initial apicid	: 7
fpu		: yes
fpu_exception	: yes
cpuid level	: 27
wp		: yes
flags		: fpu vme de pse tsc msr pae mce cx8 apic sep mtrr pge mca cmov pat pse36 clflush mmx fxsr sse sse2 ss ht syscall nx pdpe1gb rdtscp lm constant_tsc rep_good nopl xtopology nonstop_tsc cpuid aperfmperf tsc_known_freq pni pclmulqdq ssse3 fma cx16 pcid sse4_1 sse4_2 x2apic movbe popcnt tsc_deadline_timer aes xsave avx f16c rdrand hypervisor lahf_lm abm 3dnowprefetch invpcid_single ssbd ibrs ibpb stibp ibrs_enhanced fsgsbase tsc_adjust bmi1 avx2 smep bmi2 erms invpcid avx512f avx512dq rdseed adx smap avx512ifma clflushopt clwb avx512cd sha_ni avx512bw avx512vl xsaveopt xsavec xgetbv1 xsaves wbnoinvd ida arat avx512vbmi pku ospke avx512_vbmi2 gfni vaes vpclmulqdq avx512_vnni avx512_bitalg tme avx512_vpopcntdq rdpid md_clear flush_l1d arch_capabilities
bugs		: spectre_v1 spectre_v2 spec_store_bypass swapgs
bogomips	: 5799.92
clflush size	: 64
cache_alignment	: 64
address sizes	: 46 bits physical, 48 bits virtual
power management:

processor	: 12
vendor_id	: GenuineIntel
cpu family	: 6
model		: 106
model name	: Intel(R) Xeon(R) Platinum 8375C CPU @ 2.90GHz
stepping	: 6
microcode	: 0xd000331
cpu MHz		: 3500.647
cache size	: 55296 KB
physical id	: 0
siblings	: 16
core id		: 4
cpu cores	: 8
apicid		: 9
initial apicid	: 9
fpu		: yes
fpu_exception	: yes
cpuid level	: 27
wp		: yes
flags		: fpu vme de pse tsc msr pae mce cx8 apic sep mtrr pge mca cmov pat pse36 clflush mmx fxsr sse sse2 ss ht syscall nx pdpe1gb rdtscp lm constant_tsc rep_good nopl xtopology nonstop_tsc cpuid aperfmperf tsc_known_freq pni pclmulqdq ssse3 fma cx16 pcid sse4_1 sse4_2 x2apic movbe popcnt tsc_deadline_timer aes xsave avx f16c rdrand hypervisor lahf_lm abm 3dnowprefetch invpcid_single ssbd ibrs ibpb stibp ibrs_enhanced fsgsbase tsc_adjust bmi1 avx2 smep bmi2 erms invpcid avx512f avx512dq rdseed adx smap avx512ifma clflushopt clwb avx512cd sha_ni avx512bw avx512vl xsaveopt xsavec xgetbv1 xsaves wbnoinvd ida arat avx512vbmi pku ospke avx512_vbmi2 gfni vaes vpclmulqdq avx512_vnni avx512_bitalg tme avx512_vpopcntdq rdpid md_clear flush_l1d arch_capabilities
bugs		: spectre_v1 spectre_v2 spec_store_bypass swapgs
bogomips	: 5799.92
clflush size	: 64
cache_alignment	: 64
address sizes	: 46 bits physical, 48 bits virtual
power management:

processor	: 13
vendor_id	: GenuineIntel
cpu family	: 6
model		: 106
model name	: Intel(R) Xeon(R) Platinum 8375C CPU @ 2.90GHz
stepping	: 6
microcode	: 0xd000331
cpu MHz		: 3505.673
cache size	: 55296 KB
physical id	: 0
siblings	: 16
core id		: 5
cpu cores	: 8
apicid		: 11
initial apicid	: 11
fpu		: yes
fpu_exception	: yes
cpuid level	: 27
wp		: yes
flags		: fpu vme de pse tsc msr pae mce cx8 apic sep mtrr pge mca cmov pat pse36 clflush mmx fxsr sse sse2 ss ht syscall nx pdpe1gb rdtscp lm constant_tsc rep_good nopl xtopology nonstop_tsc cpuid aperfmperf tsc_known_freq pni pclmulqdq ssse3 fma cx16 pcid sse4_1 sse4_2 x2apic movbe popcnt tsc_deadline_timer aes xsave avx f16c rdrand hypervisor lahf_lm abm 3dnowprefetch invpcid_single ssbd ibrs ibpb stibp ibrs_enhanced fsgsbase tsc_adjust bmi1 avx2 smep bmi2 erms invpcid avx512f avx512dq rdseed adx smap avx512ifma clflushopt clwb avx512cd sha_ni avx512bw avx512vl xsaveopt xsavec xgetbv1 xsaves wbnoinvd ida arat avx512vbmi pku ospke avx512_vbmi2 gfni vaes vpclmulqdq avx512_vnni avx512_bitalg tme avx512_vpopcntdq rdpid md_clear flush_l1d arch_capabilities
bugs		: spectre_v1 spectre_v2 spec_store_bypass swapgs
bogomips	: 5799.92
clflush size	: 64
cache_alignment	: 64
address sizes	: 46 bits physical, 48 bits virtual
power management:

processor	: 14
vendor_id	: GenuineIntel
cpu family	: 6
model		: 106
model name	: Intel(R) Xeon(R) Platinum 8375C CPU @ 2.90GHz
stepping	: 6
microcode	: 0xd000331
cpu MHz		: 3499.954
cache size	: 55296 KB
physical id	: 0
siblings	: 16
core id		: 6
cpu cores	: 8
apicid		: 13
initial apicid	: 13
fpu		: yes
fpu_exception	: yes
cpuid level	: 27
wp		: yes
flags		: fpu vme de pse tsc msr pae mce cx8 apic sep mtrr pge mca cmov pat pse36 clflush mmx fxsr sse sse2 ss ht syscall nx pdpe1gb rdtscp lm constant_tsc rep_good nopl xtopology nonstop_tsc cpuid aperfmperf tsc_known_freq pni pclmulqdq ssse3 fma cx16 pcid sse4_1 sse4_2 x2apic movbe popcnt tsc_deadline_timer aes xsave avx f16c rdrand hypervisor lahf_lm abm 3dnowprefetch invpcid_single ssbd ibrs ibpb stibp ibrs_enhanced fsgsbase tsc_adjust bmi1 avx2 smep bmi2 erms invpcid avx512f avx512dq rdseed adx smap avx512ifma clflushopt clwb avx512cd sha_ni avx512bw avx512vl xsaveopt xsavec xgetbv1 xsaves wbnoinvd ida arat avx512vbmi pku ospke avx512_vbmi2 gfni vaes vpclmulqdq avx512_vnni avx512_bitalg tme avx512_vpopcntdq rdpid md_clear flush_l1d arch_capabilities
bugs		: spectre_v1 spectre_v2 spec_store_bypass swapgs
bogomips	: 5799.92
clflush size	: 64
cache_alignment	: 64
address sizes	: 46 bits physical, 48 bits virtual
power management:

processor	: 15
vendor_id	: GenuineIntel
cpu family	: 6
model		: 106
model name	: Intel(R) Xeon(R) Platinum 8375C CPU @ 2.90GHz
stepping	: 6
microcode	: 0xd000331
cpu MHz		: 3499.321
cache size	: 55296 KB
physical id	: 0
siblings	: 16
core id		: 7
cpu cores	: 8
apicid		: 15
initial apicid	: 15
fpu		: yes
fpu_exception	: yes
cpuid level	: 27
wp		: yes
flags		: fpu vme de pse tsc msr pae mce cx8 apic sep mtrr pge mca cmov pat pse36 clflush mmx fxsr sse sse2 ss ht syscall nx pdpe1gb rdtscp lm constant_tsc rep_good nopl xtopology nonstop_tsc cpuid aperfmperf tsc_known_freq pni pclmulqdq ssse3 fma cx16 pcid sse4_1 sse4_2 x2apic movbe popcnt tsc_deadline_timer aes xsave avx f16c rdrand hypervisor lahf_lm abm 3dnowprefetch invpcid_single ssbd ibrs ibpb stibp ibrs_enhanced fsgsbase tsc_adjust bmi1 avx2 smep bmi2 erms invpcid avx512f avx512dq rdseed adx smap avx512ifma clflushopt clwb avx512cd sha_ni avx512bw avx512vl xsaveopt xsavec xgetbv1 xsaves wbnoinvd ida arat avx512vbmi pku ospke avx512_vbmi2 gfni vaes vpclmulqdq avx512_vnni avx512_bitalg tme avx512_vpopcntdq rdpid md_clear flush_l1d arch_capabilities
bugs		: spectre_v1 spectre_v2 spec_store_bypass swapgs
bogomips	: 5799.92
clflush size	: 64
cache_alignment	: 64
address sizes	: 46 bits physical, 48 bits virtual
power management:

MemTotal:       129836356 kB
MemFree:        121940052 kB
MemAvailable:   125398968 kB
Buffers:            2288 kB
Cached:          4364408 kB
SwapCached:            0 kB
Active:          6133712 kB
Inactive:        1008860 kB
Active(anon):    2777420 kB
Inactive(anon):    39704 kB
Active(file):    3356292 kB
Inactive(file):   969156 kB
Unevictable:          80 kB
Mlocked:              80 kB
SwapTotal:       2097148 kB
SwapFree:        2097148 kB
Dirty:               288 kB
Writeback:           152 kB
AnonPages:       2732636 kB
Mapped:           317276 kB
Shmem:             41480 kB
KReclaimable:     338092 kB
Slab:             474216 kB
SReclaimable:     338092 kB
SUnreclaim:       136124 kB
KernelStack:        9536 kB
PageTables:        16364 kB
NFS_Unstable:          0 kB
Bounce:                0 kB
WritebackTmp:          0 kB
CommitLimit:    67015324 kB
Committed_AS:    4414336 kB
VmallocTotal:   34359738367 kB
VmallocUsed:       53356 kB
VmallocChunk:          0 kB
Percpu:             5696 kB
HardwareCorrupted:     0 kB
AnonHugePages:    174080 kB
ShmemHugePages:        0 kB
ShmemPmdMapped:        0 kB
HugePages_Total:       0
HugePages_Free:        0
HugePages_Rsvd:        0
HugePages_Surp:        0
Hugepagesize:       2048 kB
Hugetlb:               0 kB
DirectMap4k:      333732 kB
DirectMap2M:    13281280 kB
DirectMap1G:    118489088 kB
  --- Physical volume ---
  PV Name               /dev/nvme12n1
  VG Name               hana_log
  PV Size               64.00 GiB / not usable 4.00 MiB
  Allocatable           yes (but full)
  PE Size               4.00 MiB
  Total PE              16383
  Free PE               0
  Allocated PE          16383
  PV UUID               JI9aNK-IPQD-nxSz-N02n-39fm-uNHt-MsjThu
   
  --- Physical volume ---
  PV Name               /dev/nvme11n1
  VG Name               usr_sap
  PV Size               100.00 GiB / not usable 4.00 MiB
  Allocatable           yes (but full)
  PE Size               4.00 MiB
  Total PE              25599
  Free PE               0
  Allocated PE          25599
  PV UUID               vI6V5r-V0QG-GA3A-JoLu-JAJc-zsBl-b7VbR4
   
  --- Physical volume ---
  PV Name               /dev/nvme10n1
  VG Name               sapbackup
  PV Size               512.00 GiB / not usable 4.00 MiB
  Allocatable           yes (but full)
  PE Size               4.00 MiB
  Total PE              131071
  Free PE               0
  Allocated PE          131071
  PV UUID               gaSvKI-Gbgm-xgZy-aUo3-WlMs-MDPW-BDHrxy
   
  --- Physical volume ---
  PV Name               /dev/nvme9n1
  VG Name               usr_sap_install
  PV Size               100.00 GiB / not usable 4.00 MiB
  Allocatable           yes (but full)
  PE Size               4.00 MiB
  Total PE              25599
  Free PE               0
  Allocated PE          25599
  PV UUID               VGIhlw-qwY8-6Kc2-l8Rc-XeLa-TsCt-ZX9oM6
   
  --- Physical volume ---
  PV Name               /dev/nvme8n1
  VG Name               var_log_audit
  PV Size               20.00 GiB / not usable 4.00 MiB
  Allocatable           yes (but full)
  PE Size               4.00 MiB
  Total PE              5119
  Free PE               0
  Allocated PE          5119
  PV UUID               6mYYaS-XVOH-bwwi-Cz3k-nz0r-8M1p-dj1Wz3
   
  --- Physical volume ---
  PV Name               /dev/nvme6n1
  VG Name               var_tmp
  PV Size               20.00 GiB / not usable 4.00 MiB
  Allocatable           yes (but full)
  PE Size               4.00 MiB
  Total PE              5119
  Free PE               0
  Allocated PE          5119
  PV UUID               rsN116-GIst-ZhsQ-ZOiT-iCt2-TzVS-CJ7DBl
   
  --- Physical volume ---
  PV Name               /dev/nvme5n1
  VG Name               hana_shared
  PV Size               300.00 GiB / not usable 4.00 MiB
  Allocatable           yes (but full)
  PE Size               4.00 MiB
  Total PE              76799
  Free PE               0
  Allocated PE          76799
  PV UUID               ZkjFQD-jO3y-6CQi-NmVm-0zFO-ejYS-wxFV7z
   
  --- Physical volume ---
  PV Name               /dev/nvme4n1
  VG Name               home
  PV Size               20.00 GiB / not usable 4.00 MiB
  Allocatable           yes (but full)
  PE Size               4.00 MiB
  Total PE              5119
  Free PE               0
  Allocated PE          5119
  PV UUID               ABzf9h-MOA1-AFuA-kWIy-dCqc-B6eu-aQcHIn
   
  --- Physical volume ---
  PV Name               /dev/nvme3n1
  VG Name               hana_data
  PV Size               150.00 GiB / not usable 4.00 MiB
  Allocatable           yes (but full)
  PE Size               4.00 MiB
  Total PE              38399
  Free PE               0
  Allocated PE          38399
  PV UUID               wuQc3E-dnjA-wEoi-aJmO-BTc2-3sQc-WD679d
   
  --- Physical volume ---
  PV Name               /dev/nvme2n1
  VG Name               var
  PV Size               20.00 GiB / not usable 4.00 MiB
  Allocatable           yes (but full)
  PE Size               4.00 MiB
  Total PE              5119
  Free PE               0
  Allocated PE          5119
  PV UUID               ATpdSQ-3alV-oMxg-9sHP-caiO-ZV5a-UOMWoO
   
  --- Physical volume ---
  PV Name               /dev/nvme1n1
  VG Name               var_log
  PV Size               20.00 GiB / not usable 4.00 MiB
  Allocatable           yes (but full)
  PE Size               4.00 MiB
  Total PE              5119
  Free PE               0
  Allocated PE          5119
  PV UUID               GMfkHN-QGk6-HJDp-qQg3-DznD-Koxi-ZS1GNi
   
  --- Volume group ---
  VG Name               hana_log
  System ID             
  Format                lvm2
  Metadata Areas        1
  Metadata Sequence No  2
  VG Access             read/write
  VG Status             resizable
  MAX LV                0
  Cur LV                1
  Open LV               1
  Max PV                0
  Cur PV                1
  Act PV                1
  VG Size               64.00 GiB
  PE Size               4.00 MiB
  Total PE              16383
  Alloc PE / Size       16383 / 64.00 GiB
  Free  PE / Size       0 / 0   
  VG UUID               oKILCX-3L1E-btbx-8hQ0-kltq-Dkki-vjo6db
   
  --- Volume group ---
  VG Name               usr_sap
  System ID             
  Format                lvm2
  Metadata Areas        1
  Metadata Sequence No  2
  VG Access             read/write
  VG Status             resizable
  MAX LV                0
  Cur LV                1
  Open LV               1
  Max PV                0
  Cur PV                1
  Act PV                1
  VG Size               100.00 GiB
  PE Size               4.00 MiB
  Total PE              25599
  Alloc PE / Size       25599 / 100.00 GiB
  Free  PE / Size       0 / 0   
  VG UUID               NXOLuW-lQO2-E9yw-ffHK-iz1X-Awmk-2619Yg
   
  --- Volume group ---
  VG Name               sapbackup
  System ID             
  Format                lvm2
  Metadata Areas        1
  Metadata Sequence No  2
  VG Access             read/write
  VG Status             resizable
  MAX LV                0
  Cur LV                1
  Open LV               1
  Max PV                0
  Cur PV                1
  Act PV                1
  VG Size               512.00 GiB
  PE Size               4.00 MiB
  Total PE              131071
  Alloc PE / Size       131071 / 512.00 GiB
  Free  PE / Size       0 / 0   
  VG UUID               DiMgff-SHgN-kX53-sfYl-64pT-FSUU-3KgPh7
   
  --- Volume group ---
  VG Name               usr_sap_install
  System ID             
  Format                lvm2
  Metadata Areas        1
  Metadata Sequence No  2
  VG Access             read/write
  VG Status             resizable
  MAX LV                0
  Cur LV                1
  Open LV               1
  Max PV                0
  Cur PV                1
  Act PV                1
  VG Size               100.00 GiB
  PE Size               4.00 MiB
  Total PE              25599
  Alloc PE / Size       25599 / 100.00 GiB
  Free  PE / Size       0 / 0   
  VG UUID               P6Yh1o-f3Te-L7q6-iZ8x-oDD0-xRbT-lVkzfu
   
  --- Volume group ---
  VG Name               var_log_audit
  System ID             
  Format                lvm2
  Metadata Areas        1
  Metadata Sequence No  2
  VG Access             read/write
  VG Status             resizable
  MAX LV                0
  Cur LV                1
  Open LV               1
  Max PV                0
  Cur PV                1
  Act PV                1
  VG Size               20.00 GiB
  PE Size               4.00 MiB
  Total PE              5119
  Alloc PE / Size       5119 / 20.00 GiB
  Free  PE / Size       0 / 0   
  VG UUID               4XA1eO-CQYZ-7l0o-FPDe-DvKH-6dbi-dKwFLl
   
  --- Volume group ---
  VG Name               var_tmp
  System ID             
  Format                lvm2
  Metadata Areas        1
  Metadata Sequence No  2
  VG Access             read/write
  VG Status             resizable
  MAX LV                0
  Cur LV                1
  Open LV               1
  Max PV                0
  Cur PV                1
  Act PV                1
  VG Size               20.00 GiB
  PE Size               4.00 MiB
  Total PE              5119
  Alloc PE / Size       5119 / 20.00 GiB
  Free  PE / Size       0 / 0   
  VG UUID               4N1i7C-JvPJ-1vg6-M03c-sAhl-sXk4-ec5Gug
   
  --- Volume group ---
  VG Name               hana_shared
  System ID             
  Format                lvm2
  Metadata Areas        1
  Metadata Sequence No  2
  VG Access             read/write
  VG Status             resizable
  MAX LV                0
  Cur LV                1
  Open LV               1
  Max PV                0
  Cur PV                1
  Act PV                1
  VG Size               300.00 GiB
  PE Size               4.00 MiB
  Total PE              76799
  Alloc PE / Size       76799 / 300.00 GiB
  Free  PE / Size       0 / 0   
  VG UUID               zTAgC3-OQ9d-uEYV-8UeN-Nh3v-Ks4Y-Afdbur
   
  --- Volume group ---
  VG Name               home
  System ID             
  Format                lvm2
  Metadata Areas        1
  Metadata Sequence No  2
  VG Access             read/write
  VG Status             resizable
  MAX LV                0
  Cur LV                1
  Open LV               1
  Max PV                0
  Cur PV                1
  Act PV                1
  VG Size               20.00 GiB
  PE Size               4.00 MiB
  Total PE              5119
  Alloc PE / Size       5119 / 20.00 GiB
  Free  PE / Size       0 / 0   
  VG UUID               YXk4g5-XeiZ-L8dK-Hi85-qYnY-m55d-ctTE0V
   
  --- Volume group ---
  VG Name               hana_data
  System ID             
  Format                lvm2
  Metadata Areas        1
  Metadata Sequence No  2
  VG Access             read/write
  VG Status             resizable
  MAX LV                0
  Cur LV                1
  Open LV               1
  Max PV                0
  Cur PV                1
  Act PV                1
  VG Size               150.00 GiB
  PE Size               4.00 MiB
  Total PE              38399
  Alloc PE / Size       38399 / 150.00 GiB
  Free  PE / Size       0 / 0   
  VG UUID               52yXGS-EJP8-Xlu5-cLou-vRtU-iZ2u-ZVcHns
   
  --- Volume group ---
  VG Name               var
  System ID             
  Format                lvm2
  Metadata Areas        1
  Metadata Sequence No  2
  VG Access             read/write
  VG Status             resizable
  MAX LV                0
  Cur LV                1
  Open LV               1
  Max PV                0
  Cur PV                1
  Act PV                1
  VG Size               20.00 GiB
  PE Size               4.00 MiB
  Total PE              5119
  Alloc PE / Size       5119 / 20.00 GiB
  Free  PE / Size       0 / 0   
  VG UUID               i6siND-Ju0G-M7Mm-A2jO-8k54-BmZH-6dpNu4
   
  --- Volume group ---
  VG Name               var_log
  System ID             
  Format                lvm2
  Metadata Areas        1
  Metadata Sequence No  2
  VG Access             read/write
  VG Status             resizable
  MAX LV                0
  Cur LV                1
  Open LV               1
  Max PV                0
  Cur PV                1
  Act PV                1
  VG Size               20.00 GiB
  PE Size               4.00 MiB
  Total PE              5119
  Alloc PE / Size       5119 / 20.00 GiB
  Free  PE / Size       0 / 0   
  VG UUID               moO7YG-679l-oaWb-FUTS-s3QO-MSyI-x0JoO0
   
  --- Logical volume ---
  LV Path                /dev/hana_log/hana_log
  LV Name                hana_log
  VG Name                hana_log
  LV UUID                f8jz34-P7mW-D4Fo-rTkz-HIas-URND-lcfWmo
  LV Write Access        read/write
  LV Creation host, time SAPEEMDB01, 2022-02-16 16:00:42 +0000
  LV Status              available
  # open                 1
  LV Size                64.00 GiB
  Current LE             16383
  Segments               1
  Allocation             inherit
  Read ahead sectors     auto
  - currently set to     1024
  Block device           254:9
   
  --- Logical volume ---
  LV Path                /dev/usr_sap/usr_sap
  LV Name                usr_sap
  VG Name                usr_sap
  LV UUID                pdE0HP-em8m-YRC1-e77w-2pQY-Wui2-XV10kW
  LV Write Access        read/write
  LV Creation host, time SAPEEMDB01, 2022-02-16 16:00:39 +0000
  LV Status              available
  # open                 1
  LV Size                100.00 GiB
  Current LE             25599
  Segments               1
  Allocation             inherit
  Read ahead sectors     auto
  - currently set to     1024
  Block device           254:1
   
  --- Logical volume ---
  LV Path                /dev/sapbackup/sapbackup
  LV Name                sapbackup
  VG Name                sapbackup
  LV UUID                J3Ubh9-EZet-XVj8-YxaO-U4zV-yKw1-mufN2G
  LV Write Access        read/write
  LV Creation host, time SAPEEMDB01, 2022-02-16 16:00:42 +0000
  LV Status              available
  # open                 1
  LV Size                512.00 GiB
  Current LE             131071
  Segments               1
  Allocation             inherit
  Read ahead sectors     auto
  - currently set to     1024
  Block device           254:2
   
  --- Logical volume ---
  LV Path                /dev/usr_sap_install/usr_sap_install
  LV Name                usr_sap_install
  VG Name                usr_sap_install
  LV UUID                q44yPf-eg4Q-oaZX-MbM0-CEzj-NgNC-IGxmdg
  LV Write Access        read/write
  LV Creation host, time SAPEEMDB01, 2022-02-16 16:00:41 +0000
  LV Status              available
  # open                 1
  LV Size                100.00 GiB
  Current LE             25599
  Segments               1
  Allocation             inherit
  Read ahead sectors     auto
  - currently set to     1024
  Block device           254:8
   
  --- Logical volume ---
  LV Path                /dev/var_log_audit/var_log_audit
  LV Name                var_log_audit
  VG Name                var_log_audit
  LV UUID                2C0Y7A-b93b-hJYc-GQA0-wo8F-LpRr-YxNJ5u
  LV Write Access        read/write
  LV Creation host, time SAPXS4DB03, 2022-01-31 12:22:07 +0000
  LV Status              available
  # open                 1
  LV Size                20.00 GiB
  Current LE             5119
  Segments               1
  Allocation             inherit
  Read ahead sectors     auto
  - currently set to     1024
  Block device           254:6
   
  --- Logical volume ---
  LV Path                /dev/var_tmp/var_tmp
  LV Name                var_tmp
  VG Name                var_tmp
  LV UUID                2Ff4jI-Egjb-EKNS-7oh6-n2II-uPma-jVTW3G
  LV Write Access        read/write
  LV Creation host, time SAPXS4DB03, 2022-01-31 12:16:58 +0000
  LV Status              available
  # open                 1
  LV Size                20.00 GiB
  Current LE             5119
  Segments               1
  Allocation             inherit
  Read ahead sectors     auto
  - currently set to     1024
  Block device           254:7
   
  --- Logical volume ---
  LV Path                /dev/hana_shared/hana_shared
  LV Name                hana_shared
  VG Name                hana_shared
  LV UUID                49KLfu-gFXV-ogb0-Jat0-v58o-n87p-2bdoUg
  LV Write Access        read/write
  LV Creation host, time SAPEEMDB01, 2022-02-16 16:00:42 +0000
  LV Status              available
  # open                 1
  LV Size                300.00 GiB
  Current LE             76799
  Segments               1
  Allocation             inherit
  Read ahead sectors     auto
  - currently set to     1024
  Block device           254:4
   
  --- Logical volume ---
  LV Path                /dev/home/home
  LV Name                home
  VG Name                home
  LV UUID                KGk32P-NsfU-8Pd2-3Kvx-agFF-mGId-3t28yO
  LV Write Access        read/write
  LV Creation host, time SAPXS4DB03, 2022-01-31 12:13:52 +0000
  LV Status              available
  # open                 1
  LV Size                20.00 GiB
  Current LE             5119
  Segments               1
  Allocation             inherit
  Read ahead sectors     auto
  - currently set to     1024
  Block device           254:10
   
  --- Logical volume ---
  LV Path                /dev/hana_data/hana_data
  LV Name                hana_data
  VG Name                hana_data
  LV UUID                3zxjZd-1EGK-admn-typz-gqyE-ITHK-QnV2LN
  LV Write Access        read/write
  LV Creation host, time SAPEEMDB01, 2022-02-16 16:00:41 +0000
  LV Status              available
  # open                 1
  LV Size                150.00 GiB
  Current LE             38399
  Segments               1
  Allocation             inherit
  Read ahead sectors     auto
  - currently set to     1024
  Block device           254:3
   
  --- Logical volume ---
  LV Path                /dev/var/var
  LV Name                var
  VG Name                var
  LV UUID                XLpue1-joqI-8Qwg-JTsI-SFKQ-E20k-Mp1XY8
  LV Write Access        read/write
  LV Creation host, time SAPEEMDB01, 2022-05-02 09:33:19 +0000
  LV Status              available
  # open                 1
  LV Size                20.00 GiB
  Current LE             5119
  Segments               1
  Allocation             inherit
  Read ahead sectors     auto
  - currently set to     1024
  Block device           254:0
   
  --- Logical volume ---
  LV Path                /dev/var_log/var_log
  LV Name                var_log
  VG Name                var_log
  LV UUID                JhRphC-BvSP-rUFT-fFfN-Iba6-equb-b5d9aI
  LV Write Access        read/write
  LV Creation host, time SAPEEMDB01, 2022-05-02 09:35:20 +0000
  LV Status              available
  # open                 1
  LV Size                20.00 GiB
  Current LE             5119
  Segments               1
  Allocation             inherit
  Read ahead sectors     auto
  - currently set to     1024
  Block device           254:5
   
              total        used        free      shared  buff/cache   available
Mem:         126793        3117      119081          40        4594      122459
Swap:          2047           0        2047

[31;43m***** NTPD status *****[0m
● ntpd.service - NTP Server Daemon
   Loaded: loaded (/usr/lib/systemd/system/ntpd.service; disabled; vendor preset: disabled)
  Drop-In: /run/systemd/generator/ntpd.service.d
           └─50-insserv.conf-$time.conf
   Active: inactive (dead)
     Docs: man:ntpd(1)

******************************************
SAPEEMDB01
5.3.18-24.67-default
NAME="SLES"
VERSION="15-SP2"
VERSION_ID="15.2"
PRETTY_NAME="SUSE Linux Enterprise Server 15 SP2"
ID="sles"
ID_LIKE="suse"
ANSI_COLOR="0;32"
CPE_NAME="cpe:/o:suse:sles:15:sp2"
VARIANT_ID="sles-sap"
 13:00:57  up 10 days  3:10,  1 user,  load average: 0.10, 0.11, 0.06
################################################################################
## /etc/ntp.conf
##
## Sample NTP configuration file.
## See package 'ntp-doc' for documentation, Mini-HOWTO and FAQ.
## Copyright (c) 1998 S.u.S.E. GmbH Fuerth, Germany.
##
## Author: Michael Andres,  <ma@suse.de>
##         Michael Skibbe,  <mskibbe@suse.de>
##
################################################################################

##
## Radio and modem clocks by convention have addresses in the 
## form 127.127.t.u, where t is the clock type and u is a unit 
## number in the range 0-3. 
##
## Most of these clocks require support in the form of a 
## serial port or special bus peripheral. The particular  
## device is normally specified by adding a soft link 
## /dev/device-u to the particular hardware device involved, 
## where u correspond to the unit number above. 
## 
## Generic DCF77 clock on serial port (Conrad DCF77)
## Address:     127.127.8.u
## Serial Port: /dev/refclock-u
##  
## (create soft link /dev/refclock-0 to the particular ttyS?)
##
# server 127.127.8.0 mode 5 prefer

##
## Undisciplined Local Clock. This is a fake driver intended for backup
## and when no outside source of synchronized time is available.
##
# server 127.127.1.0		# local clock (LCL)
# fudge  127.127.1.0 stratum 10	# LCL is unsynchronized

##
## Add external Servers using
## # rcntpd addserver <yourserver>
## The servers will only be added to the currently running instance, not
## to /etc/ntp.conf.
##

# Access control configuration; see /usr/share/doc/packages/ntp/html/accopt.html for
# details.  The web page <http://support.ntp.org/bin/view/Support/AccessRestrictions>
# might also be helpful.
#
# Note that "restrict" applies to both servers and clients, so a configuration
# that might be intended to block requests from certain clients could also end
# up blocking replies from your own upstream servers.

# By default, exchange time with everybody, but don't allow configuration.
restrict -4 default notrap nomodify nopeer noquery
restrict -6 default notrap nomodify nopeer noquery

# Local users may interrogate the ntp server more closely.
restrict 127.0.0.1
restrict ::1

# Clients from this (example!) subnet have unlimited access, but only if
# cryptographically authenticated.
#restrict 192.168.123.0 mask 255.255.255.0 notrust

##
## Miscellaneous stuff
##

driftfile /var/lib/ntp/drift/ntp.drift # path for drift file

logfile   /var/log/ntp		# alternate log file
# logconfig =syncstatus + sysevents
# logconfig =all

# statsdir /var/log/ntpstats/		# directory for statistics files
# filegen peerstats  file peerstats  type day enable
# filegen loopstats  file loopstats  type day enable
# filegen clockstats file clockstats type day enable

#
# Authentication stuff
#
keys /etc/ntp.keys		# path for keys file
trustedkey 1 # define trusted keys
requestkey 1			# key (7) for accessing server variables
controlkey 1			# key (6) for accessing server variables
server 172.30.144.243 ibrust
server 172.30.144.244 ibrust
mozilla-nss-tools-3.68.3-150000.3.67.1.x86_64 Mon May  9 11:11:27 2022
snmp-mibs-5.7.3-10.12.1.x86_64                Mon Apr 25 08:59:24 2022
perl-SNMP-5.7.3-10.12.1.x86_64                Mon Apr 25 08:59:24 2022
libsnmp30-5.7.3-10.12.1.x86_64                Mon Apr 25 08:59:24 2022
libzypp-17.30.0-150200.36.1.x86_64            Mon Apr 25 08:48:14 2022
libsolv-tools-0.7.22-150200.12.1.x86_64       Mon Apr 25 08:48:13 2022
libsasl2-3-2.1.26-5.10.1.x86_64               Mon Apr 25 08:42:14 2022
cyrus-sasl-saslauthd-2.1.26-5.10.1.x86_64     Mon Apr 25 08:42:13 2022
cyrus-sasl-plain-2.1.26-5.10.1.x86_64         Mon Apr 25 08:42:13 2022
libsasl2-3-32bit-2.1.26-5.10.1.x86_64         Mon Apr 25 08:42:10 2022
cyrus-sasl-gssapi-2.1.26-5.10.1.x86_64        Mon Apr 25 08:42:10 2022
cyrus-sasl-digestmd5-2.1.26-5.10.1.x86_64     Mon Apr 25 08:42:10 2022
python3-apparmor-2.13.4-3.11.1.x86_64         Fri Apr 22 13:53:07 2022
perl-apparmor-2.13.4-3.11.1.x86_64            Fri Apr 22 13:53:07 2022
libapparmor1-2.13.4-3.11.1.x86_64             Fri Apr 22 13:53:07 2022
apparmor-utils-lang-2.13.4-3.11.1.noarch      Fri Apr 22 13:53:07 2022
apparmor-utils-2.13.4-3.11.1.noarch           Fri Apr 22 13:53:07 2022
aide-0.16-24.1.x86_64                         Fri Apr 22 13:53:03 2022
tcpdump-4.9.2-3.18.1.x86_64                   Fri Apr 22 13:29:04 2022
mozilla-nss-3.68.3-150000.3.67.1.x86_64       Mon Apr 18 11:06:11 2022
libsoftokn3-hmac-3.68.3-150000.3.67.1.x86_64  Mon Apr 18 11:06:11 2022
libsoftokn3-3.68.3-150000.3.67.1.x86_64       Mon Apr 18 11:06:11 2022
libfreebl3-hmac-3.68.3-150000.3.67.1.x86_64   Mon Apr 18 11:06:11 2022
libfreebl3-3.68.3-150000.3.67.1.x86_64        Mon Apr 18 11:06:11 2022
mozilla-nspr-4.32-3.20.1.x86_64               Mon Apr 18 11:06:10 2022
aaa_base-84.87+git20180409.04c9dae-3.52.1.x86_64 Mon Apr 18 11:05:00 2022
python3-pip-20.0.2-6.15.1.noarch              Mon Apr 18 11:04:56 2022
python3-dbm-3.6.15-3.91.4.x86_64              Mon Apr 18 11:04:56 2022
python3-curses-3.6.15-3.91.4.x86_64           Mon Apr 18 11:04:56 2022
python3-base-3.6.15-3.91.3.x86_64             Mon Apr 18 11:04:56 2022
python3-3.6.15-3.91.4.x86_64                  Mon Apr 18 11:04:56 2022
libpython3_6m1_0-3.6.15-3.91.3.x86_64         Mon Apr 18 11:04:55 2022
shared-python-startup-0.1-1.5.1.noarch        Mon Apr 18 11:04:54 2022
dump-rmt-0.4b46-1.31.x86_64                   Mon Apr 18 11:04:22 2022
cpio-mt-2.12-3.9.1.x86_64                     Mon Apr 18 11:04:22 2022
cpio-lang-2.12-3.9.1.noarch                   Mon Apr 18 11:04:22 2022
cpio-2.12-3.9.1.x86_64                        Mon Apr 18 11:04:22 2022
libcares2-1.17.1+20200724-3.17.1.x86_64       Mon Apr 18 11:04:17 2022
libesmtp-1.0.6-150.4.1.x86_64                 Mon Apr 18 11:04:13 2022
ruby2.5-2.5.9-4.20.1.x86_64                   Mon Apr 18 11:04:09 2022
cyrus-sasl-2.1.26-5.10.1.x86_64               Mon Apr 18 11:03:50 2022
zsh-5.6-7.5.1.x86_64                          Mon Apr 18 11:03:45 2022
python3-lxml-4.7.1-3.7.1.x86_64               Mon Apr 18 11:03:30 2022
libQt5Widgets5-5.12.7-4.17.1.x86_64           Mon Apr 18 11:02:40 2022
libQt5Svg5-5.12.7-3.3.1.x86_64                Mon Apr 18 11:02:40 2022
libqt5-qttranslations-5.12.7-1.53.x86_64      Mon Apr 18 11:02:39 2022
libqt5-qtimageformats-5.12.7-1.50.x86_64      Mon Apr 18 11:02:39 2022
libmng2-2.0.3-1.39.x86_64                     Mon Apr 18 11:02:39 2022
libjasper4-2.0.14-3.19.1.x86_64               Mon Apr 18 11:02:39 2022
libQt5Network5-5.12.7-4.17.1.x86_64           Mon Apr 18 11:02:39 2022
libQt5Gui5-5.12.7-4.17.1.x86_64               Mon Apr 18 11:02:39 2022
libQt5DBus5-5.12.7-4.17.1.x86_64              Mon Apr 18 11:02:39 2022
libQt5Core5-5.12.7-4.17.1.x86_64              Mon Apr 18 11:02:39 2022
libwebpdemux2-1.0.3-1.62.x86_64               Mon Apr 18 11:02:38 2022
liblcms2-2-2.9-3.3.1.x86_64                   Mon Apr 18 11:02:38 2022
net-snmp-5.7.3-10.12.1.x86_64                 Mon Apr 18 11:02:23 2022
binutils-2.37-7.26.1.x86_64                   Mon Apr 18 11:02:15 2022
