Thu May 12 14:51:36 UTC 2022
[31;43m***** uname -a; Release; date; *****[0m
Linux SAPEWDAP01 5.3.18-24.102-default #1 SMP Mon Jan 31 16:08:51 UTC 2022 (49453fa) x86_64 x86_64 x86_64 GNU/Linux
NAME="SLES"
VERSION="15-SP2"
VERSION_ID="15.2"
PRETTY_NAME="SUSE Linux Enterprise Server 15 SP2"
ID="sles"
ID_LIKE="suse"
ANSI_COLOR="0;32"
CPE_NAME="cpe:/o:suse:sles:15:sp2"
VARIANT_ID="sles-sap"
Thu May 12 14:51:36 UTC 2022

[31;43m***** Network; Route; Netstat; *****[0m

[31;43m***** DF; Fdisk; FSTAB; GRUB; Mount *****[0m
Filesystem                                 Size  Used Avail Use% Mounted on
devtmpfs                                   3.8G     0  3.8G   0% /dev
tmpfs                                       18G  244K   18G   1% /dev/shm
tmpfs                                      3.8G  1.1M  3.8G   1% /run
tmpfs                                      3.8G     0  3.8G   0% /sys/fs/cgroup
/dev/nvme0n1p1                             100G   15G   86G  15% /
tmpfs                                      3.8G   56K  3.8G   1% /tmp
/dev/mapper/usr_sap-usr_sap                 20G  1.9G   19G  10% /usr/sap
/dev/mapper/home-home                       20G  495M   20G   3% /home
/dev/mapper/usr_sap_WDE-usr_sap_WDE         50G  3.2G   47G   7% /usr/sap/WDE
/dev/mapper/var-var                         20G  632M   20G   4% /var
/dev/mapper/var_log-var_log                 20G  1.3G   19G   7% /var/log
/dev/mapper/var_log_audit-var_log_audit     20G  2.1G   18G  11% /var/log/audit
/dev/mapper/sap_mnt_WDE-sap_mnt_WDE         50G  8.6G   42G  18% /sapmnt/WDE
/dev/mapper/var_tmp-var_tmp                 20G  164M   20G   1% /var/tmp
fs-b36da833.efs.us-east-1.amazonaws.com:/  8.0E   23T  8.0E   1% /SAPMedia
tmpfs                                      761M     0  761M   0% /run/user/1002
tmpfs                                      761M     0  761M   0% /run/user/1725062210
Disk /dev/nvme0n1: 100 GiB, 107374182400 bytes, 209715200 sectors
Disk model: Amazon Elastic Block Store              
Units: sectors of 1 * 512 = 512 bytes
Sector size (logical/physical): 512 bytes / 512 bytes
I/O size (minimum/optimal): 4096 bytes / 4096 bytes
Disklabel type: dos
Disk identifier: 0x6c5d29eb

Device         Boot Start       End   Sectors  Size Id Type
/dev/nvme0n1p1       2048 209715166 209713119  100G 83 Linux


Disk /dev/nvme1n1: 20 GiB, 21474836480 bytes, 41943040 sectors
Disk model: Amazon Elastic Block Store              
Units: sectors of 1 * 512 = 512 bytes
Sector size (logical/physical): 512 bytes / 512 bytes
I/O size (minimum/optimal): 4096 bytes / 4096 bytes


Disk /dev/nvme5n1: 16 GiB, 17179869184 bytes, 33554432 sectors
Disk model: Amazon Elastic Block Store              
Units: sectors of 1 * 512 = 512 bytes
Sector size (logical/physical): 512 bytes / 512 bytes
I/O size (minimum/optimal): 4096 bytes / 4096 bytes
Disklabel type: dos
Disk identifier: 0x01ae5462

Device         Boot Start      End  Sectors Size Id Type
/dev/nvme5n1p1       2048 33554431 33552384  16G 82 Linux swap / Solaris


Disk /dev/nvme2n1: 20 GiB, 21474836480 bytes, 41943040 sectors
Disk model: Amazon Elastic Block Store              
Units: sectors of 1 * 512 = 512 bytes
Sector size (logical/physical): 512 bytes / 512 bytes
I/O size (minimum/optimal): 4096 bytes / 4096 bytes


Disk /dev/nvme3n1: 20 GiB, 21474836480 bytes, 41943040 sectors
Disk model: Amazon Elastic Block Store              
Units: sectors of 1 * 512 = 512 bytes
Sector size (logical/physical): 512 bytes / 512 bytes
I/O size (minimum/optimal): 4096 bytes / 4096 bytes


Disk /dev/nvme4n1: 20 GiB, 21474836480 bytes, 41943040 sectors
Disk model: Amazon Elastic Block Store              
Units: sectors of 1 * 512 = 512 bytes
Sector size (logical/physical): 512 bytes / 512 bytes
I/O size (minimum/optimal): 4096 bytes / 4096 bytes


Disk /dev/nvme6n1: 20 GiB, 21474836480 bytes, 41943040 sectors
Disk model: Amazon Elastic Block Store              
Units: sectors of 1 * 512 = 512 bytes
Sector size (logical/physical): 512 bytes / 512 bytes
I/O size (minimum/optimal): 4096 bytes / 4096 bytes


Disk /dev/nvme7n1: 50 GiB, 53687091200 bytes, 104857600 sectors
Disk model: Amazon Elastic Block Store              
Units: sectors of 1 * 512 = 512 bytes
Sector size (logical/physical): 512 bytes / 512 bytes
I/O size (minimum/optimal): 4096 bytes / 4096 bytes


Disk /dev/nvme8n1: 20 GiB, 21474836480 bytes, 41943040 sectors
Disk model: Amazon Elastic Block Store              
Units: sectors of 1 * 512 = 512 bytes
Sector size (logical/physical): 512 bytes / 512 bytes
I/O size (minimum/optimal): 4096 bytes / 4096 bytes


Disk /dev/nvme9n1: 50 GiB, 53687091200 bytes, 104857600 sectors
Disk model: Amazon Elastic Block Store              
Units: sectors of 1 * 512 = 512 bytes
Sector size (logical/physical): 512 bytes / 512 bytes
I/O size (minimum/optimal): 4096 bytes / 4096 bytes


Disk /dev/mapper/usr_sap_WDE-usr_sap_WDE: 50 GiB, 53682896896 bytes, 104849408 sectors
Units: sectors of 1 * 512 = 512 bytes
Sector size (logical/physical): 512 bytes / 512 bytes
I/O size (minimum/optimal): 4096 bytes / 4096 bytes


Disk /dev/mapper/home-home: 20 GiB, 21470642176 bytes, 41934848 sectors
Units: sectors of 1 * 512 = 512 bytes
Sector size (logical/physical): 512 bytes / 512 bytes
I/O size (minimum/optimal): 4096 bytes / 4096 bytes


Disk /dev/mapper/var_log_audit-var_log_audit: 20 GiB, 21470642176 bytes, 41934848 sectors
Units: sectors of 1 * 512 = 512 bytes
Sector size (logical/physical): 512 bytes / 512 bytes
I/O size (minimum/optimal): 4096 bytes / 4096 bytes


Disk /dev/mapper/var_tmp-var_tmp: 20 GiB, 21470642176 bytes, 41934848 sectors
Units: sectors of 1 * 512 = 512 bytes
Sector size (logical/physical): 512 bytes / 512 bytes
I/O size (minimum/optimal): 4096 bytes / 4096 bytes


Disk /dev/mapper/var_log-var_log: 20 GiB, 21470642176 bytes, 41934848 sectors
Units: sectors of 1 * 512 = 512 bytes
Sector size (logical/physical): 512 bytes / 512 bytes
I/O size (minimum/optimal): 4096 bytes / 4096 bytes


Disk /dev/mapper/usr_sap-usr_sap: 20 GiB, 21470642176 bytes, 41934848 sectors
Units: sectors of 1 * 512 = 512 bytes
Sector size (logical/physical): 512 bytes / 512 bytes
I/O size (minimum/optimal): 4096 bytes / 4096 bytes


Disk /dev/mapper/sap_mnt_WDE-sap_mnt_WDE: 50 GiB, 53682896896 bytes, 104849408 sectors
Units: sectors of 1 * 512 = 512 bytes
Sector size (logical/physical): 512 bytes / 512 bytes
I/O size (minimum/optimal): 4096 bytes / 4096 bytes


Disk /dev/mapper/var-var: 20 GiB, 21470642176 bytes, 41934848 sectors
Units: sectors of 1 * 512 = 512 bytes
Sector size (logical/physical): 512 bytes / 512 bytes
I/O size (minimum/optimal): 4096 bytes / 4096 bytes
LABEL=ROOT / xfs defaults 0 0
UUID=b0f332e8-3590-4d14-b87e-cf55681d49e5 /home	xfs nodev,nosuid,noexec 0 0
UUID=f490763d-9bc1-4243-a16a-9e68cf9d7998 /var/log/audit xfs nodev,nosuid,noexec 0 0
UUID=42d2e66b-a0b7-4dd6-938c-9744da29800d /var/tmp xfs nodev,nosuid,noexec 0 0
UUID=b17d3296-8f45-4a31-9e59-0ddaeff4afec /var xfs nodev,nosuid,noexec 0 0
UUID=dc5d4f78-4141-4c17-94d5-21680dcc056c /var/log xfs nodev,nosuid,noexec 0 0
tmpfs /dev/shm tmpfs defaults,nodev,nosuid,noexec 0 0
fs-b36da833.efs.us-east-1.amazonaws.com:/ /SAPMedia nfs4 rw,relatime,vers=4.1,rsize=1048576,wsize=1048576,namlen=255,hard,noresvport,proto=tcp,timeo=600,retrans=2,sec=sys,clientaddr=172.18.197.66,local_lock=none,addr=172.18.136.231 0 0
/dev/mapper/sap_mnt_WDE-sap_mnt_WDE /sapmnt/WDE xfs rw,relatime,attr2,inode64,logbufs=8,logbsize=32k,noquota 0 0
/dev/mapper/usr_sap-usr_sap /usr/sap xfs rw,relatime,attr2,inode64,logbufs=8,logbsize=32k,noquota 0 0
/dev/mapper/usr_sap_WDE-usr_sap_WDE /usr/sap/WDE xfs rw,relatime,attr2,inode64,logbufs=8,logbsize=32k,noquota 0 0
UUID=d96991ca-4188-48ac-865e-0ff3df74828d swap swap defaults 0 0
tmpfs /tmp tmpfs defaults,nodev,nosuid,noexec,nofail 0 0
sysfs on /sys type sysfs (rw,nosuid,nodev,noexec,relatime)
proc on /proc type proc (rw,nosuid,nodev,noexec,relatime)
devtmpfs on /dev type devtmpfs (rw,nosuid,size=3881804k,nr_inodes=970451,mode=755)
securityfs on /sys/kernel/security type securityfs (rw,nosuid,nodev,noexec,relatime)
tmpfs on /dev/shm type tmpfs (rw,nosuid,nodev,noexec,size=18418688k)
devpts on /dev/pts type devpts (rw,nosuid,noexec,relatime,gid=5,mode=620,ptmxmode=000)
tmpfs on /run type tmpfs (rw,nosuid,nodev,mode=755)
tmpfs on /sys/fs/cgroup type tmpfs (ro,nosuid,nodev,noexec,mode=755)
cgroup on /sys/fs/cgroup/unified type cgroup2 (rw,nosuid,nodev,noexec,relatime)
cgroup on /sys/fs/cgroup/systemd type cgroup (rw,nosuid,nodev,noexec,relatime,xattr,name=systemd)
pstore on /sys/fs/pstore type pstore (rw,nosuid,nodev,noexec,relatime)
none on /sys/fs/bpf type bpf (rw,nosuid,nodev,noexec,relatime)
cgroup on /sys/fs/cgroup/cpu,cpuacct type cgroup (rw,nosuid,nodev,noexec,relatime,cpu,cpuacct)
cgroup on /sys/fs/cgroup/net_cls,net_prio type cgroup (rw,nosuid,nodev,noexec,relatime,net_cls,net_prio)
cgroup on /sys/fs/cgroup/memory type cgroup (rw,nosuid,nodev,noexec,relatime,memory)
cgroup on /sys/fs/cgroup/hugetlb type cgroup (rw,nosuid,nodev,noexec,relatime,hugetlb)
cgroup on /sys/fs/cgroup/perf_event type cgroup (rw,nosuid,nodev,noexec,relatime,perf_event)
cgroup on /sys/fs/cgroup/freezer type cgroup (rw,nosuid,nodev,noexec,relatime,freezer)
cgroup on /sys/fs/cgroup/devices type cgroup (rw,nosuid,nodev,noexec,relatime,devices)
cgroup on /sys/fs/cgroup/cpuset type cgroup (rw,nosuid,nodev,noexec,relatime,cpuset)
cgroup on /sys/fs/cgroup/pids type cgroup (rw,nosuid,nodev,noexec,relatime,pids)
cgroup on /sys/fs/cgroup/rdma type cgroup (rw,nosuid,nodev,noexec,relatime,rdma)
cgroup on /sys/fs/cgroup/blkio type cgroup (rw,nosuid,nodev,noexec,relatime,blkio)
/dev/nvme0n1p1 on / type xfs (rw,relatime,attr2,inode64,logbufs=8,logbsize=32k,noquota)
debugfs on /sys/kernel/debug type debugfs (rw,relatime)
hugetlbfs on /dev/hugepages type hugetlbfs (rw,relatime,pagesize=2M)
mqueue on /dev/mqueue type mqueue (rw,relatime)
systemd-1 on /proc/sys/fs/binfmt_misc type autofs (rw,relatime,fd=33,pgrp=1,timeout=0,minproto=5,maxproto=5,direct,pipe_ino=938)
tmpfs on /tmp type tmpfs (rw,nosuid,nodev,noexec,relatime)
/dev/mapper/usr_sap-usr_sap on /usr/sap type xfs (rw,relatime,attr2,inode64,logbufs=8,logbsize=32k,noquota)
/dev/mapper/home-home on /home type xfs (rw,nosuid,nodev,noexec,relatime,attr2,inode64,logbufs=8,logbsize=32k,sunit=8,swidth=8,noquota)
/dev/mapper/usr_sap_WDE-usr_sap_WDE on /usr/sap/WDE type xfs (rw,relatime,attr2,inode64,logbufs=8,logbsize=32k,noquota)
/dev/mapper/var-var on /var type xfs (rw,nosuid,nodev,noexec,relatime,attr2,inode64,logbufs=8,logbsize=32k,sunit=8,swidth=8,noquota)
tmpfs on /var/run type tmpfs (rw,nosuid,nodev,mode=755)
/dev/mapper/var_log-var_log on /var/log type xfs (rw,nosuid,nodev,noexec,relatime,attr2,inode64,logbufs=8,logbsize=32k,sunit=8,swidth=8,noquota)
/dev/mapper/var_log_audit-var_log_audit on /var/log/audit type xfs (rw,nosuid,nodev,noexec,relatime,attr2,inode64,logbufs=8,logbsize=32k,sunit=8,swidth=8,noquota)
/dev/mapper/sap_mnt_WDE-sap_mnt_WDE on /sapmnt/WDE type xfs (rw,relatime,attr2,inode64,logbufs=8,logbsize=32k,noquota)
/dev/mapper/var_tmp-var_tmp on /var/tmp type xfs (rw,nosuid,nodev,noexec,relatime,attr2,inode64,logbufs=8,logbsize=32k,sunit=8,swidth=8,noquota)
binfmt_misc on /proc/sys/fs/binfmt_misc type binfmt_misc (rw,relatime)
fs-b36da833.efs.us-east-1.amazonaws.com:/ on /SAPMedia type nfs4 (rw,relatime,vers=4.1,rsize=1048576,wsize=1048576,namlen=255,hard,noresvport,proto=tcp,timeo=600,retrans=2,sec=sys,clientaddr=172.18.197.66,local_lock=none,addr=172.18.136.231)
tmpfs on /run/user/1002 type tmpfs (rw,nosuid,nodev,relatime,size=778248k,mode=700,uid=1002,gid=79)
tmpfs on /var/run/user/1002 type tmpfs (rw,nosuid,nodev,relatime,size=778248k,mode=700,uid=1002,gid=79)
tracefs on /sys/kernel/debug/tracing type tracefs (rw,relatime)
tmpfs on /run/user/1725062210 type tmpfs (rw,nosuid,nodev,relatime,size=778248k,mode=700,uid=1725062210,gid=1725000513)
tmpfs on /var/run/user/1725062210 type tmpfs (rw,nosuid,nodev,relatime,size=778248k,mode=700,uid=1725062210,gid=1725000513)

[31;43m***** DISK & DM info from FDISK *****[0m
Disk /dev/nvme0n1: 100 GiB, 107374182400 bytes, 209715200 sectors
Disk model: Amazon Elastic Block Store              
Disklabel type: dos
Disk identifier: 0x6c5d29eb
Disk /dev/nvme1n1: 20 GiB, 21474836480 bytes, 41943040 sectors
Disk model: Amazon Elastic Block Store              
Disk /dev/nvme5n1: 16 GiB, 17179869184 bytes, 33554432 sectors
Disk model: Amazon Elastic Block Store              
Disklabel type: dos
Disk identifier: 0x01ae5462
Disk /dev/nvme2n1: 20 GiB, 21474836480 bytes, 41943040 sectors
Disk model: Amazon Elastic Block Store              
Disk /dev/nvme3n1: 20 GiB, 21474836480 bytes, 41943040 sectors
Disk model: Amazon Elastic Block Store              
Disk /dev/nvme4n1: 20 GiB, 21474836480 bytes, 41943040 sectors
Disk model: Amazon Elastic Block Store              
Disk /dev/nvme6n1: 20 GiB, 21474836480 bytes, 41943040 sectors
Disk model: Amazon Elastic Block Store              
Disk /dev/nvme7n1: 50 GiB, 53687091200 bytes, 104857600 sectors
Disk model: Amazon Elastic Block Store              
Disk /dev/nvme8n1: 20 GiB, 21474836480 bytes, 41943040 sectors
Disk model: Amazon Elastic Block Store              
Disk /dev/nvme9n1: 50 GiB, 53687091200 bytes, 104857600 sectors
Disk model: Amazon Elastic Block Store              
Disk /dev/mapper/usr_sap_WDE-usr_sap_WDE: 50 GiB, 53682896896 bytes, 104849408 sectors
Disk /dev/mapper/home-home: 20 GiB, 21470642176 bytes, 41934848 sectors
Disk /dev/mapper/var_log_audit-var_log_audit: 20 GiB, 21470642176 bytes, 41934848 sectors
Disk /dev/mapper/var_tmp-var_tmp: 20 GiB, 21470642176 bytes, 41934848 sectors
Disk /dev/mapper/var_log-var_log: 20 GiB, 21470642176 bytes, 41934848 sectors
Disk /dev/mapper/usr_sap-usr_sap: 20 GiB, 21470642176 bytes, 41934848 sectors
Disk /dev/mapper/sap_mnt_WDE-sap_mnt_WDE: 50 GiB, 53682896896 bytes, 104849408 sectors
Disk /dev/mapper/var-var: 20 GiB, 21470642176 bytes, 41934848 sectors

[31;43m***** PP process; All Running Procs; PP/Multipath devices Info *****[0m
root     21795 21777  0 14:51 pts/1    00:00:00 grep Powerpath
UID        PID  PPID  C STIME TTY          TIME CMD
root         1     0  0 May02 ?        00:01:09 /usr/lib/systemd/systemd --switched-root --system --deserialize 22
root         2     0  0 May02 ?        00:00:00 [kthreadd]
root         3     2  0 May02 ?        00:00:00 [rcu_gp]
root         4     2  0 May02 ?        00:00:00 [rcu_par_gp]
root         6     2  0 May02 ?        00:00:00 [kworker/0:0H-events_highpri]
root         9     2  0 May02 ?        00:00:00 [mm_percpu_wq]
root        10     2  0 May02 ?        00:00:08 [ksoftirqd/0]
root        11     2  0 May02 ?        00:00:54 [rcu_sched]
root        12     2  0 May02 ?        00:00:02 [migration/0]
root        13     2  0 May02 ?        00:00:00 [idle_inject/0]
root        14     2  0 May02 ?        00:00:00 [cpuhp/0]
root        15     2  0 May02 ?        00:00:00 [cpuhp/1]
root        16     2  0 May02 ?        00:00:00 [idle_inject/1]
root        17     2  0 May02 ?        00:00:02 [migration/1]
root        18     2  0 May02 ?        00:00:08 [ksoftirqd/1]
root        20     2  0 May02 ?        00:00:00 [kworker/1:0H-events_highpri]
root        21     2  0 May02 ?        00:00:00 [cpuhp/2]
root        22     2  0 May02 ?        00:00:00 [idle_inject/2]
root        23     2  0 May02 ?        00:00:02 [migration/2]
root        24     2  0 May02 ?        00:00:08 [ksoftirqd/2]
root        26     2  0 May02 ?        00:00:00 [kworker/2:0H-events_highpri]
root        27     2  0 May02 ?        00:00:00 [cpuhp/3]
root        28     2  0 May02 ?        00:00:00 [idle_inject/3]
root        29     2  0 May02 ?        00:00:02 [migration/3]
root        30     2  0 May02 ?        00:00:07 [ksoftirqd/3]
root        32     2  0 May02 ?        00:00:00 [kworker/3:0H-xfs-log/nvme0n1p1]
root        34     2  0 May02 ?        00:00:00 [kdevtmpfs]
root        35     2  0 May02 ?        00:00:00 [netns]
root        36     2  0 May02 ?        00:00:00 [rcu_tasks_kthre]
root        37     2  0 May02 ?        00:00:00 [kauditd]
root        38     2  0 May02 ?        00:00:00 [khungtaskd]
root        39     2  0 May02 ?        00:00:00 [oom_reaper]
root        40     2  0 May02 ?        00:00:00 [writeback]
root        41     2  0 May02 ?        00:00:00 [kcompactd0]
root        42     2  0 May02 ?        00:00:00 [ksmd]
root        43     2  0 May02 ?        00:00:07 [khugepaged]
root        98     2  0 May02 ?        00:00:00 [kintegrityd]
root        99     2  0 May02 ?        00:00:00 [kblockd]
root       100     2  0 May02 ?        00:00:00 [blkcg_punt_bio]
root       101     2  0 May02 ?        00:00:00 [tpm_dev_wq]
root       102     2  0 May02 ?        00:00:00 [edac-poller]
root       103     2  0 May02 ?        00:00:00 [devfreq_wq]
root       104     2  0 May02 ?        00:00:00 [watchdogd]
root       108     2  0 May02 ?        00:00:00 [kswapd0]
root       111     2  0 May02 ?        00:00:00 [kthrotld]
root       112     2  0 May02 ?        00:00:00 [ipv6_addrconf]
root       117     2  0 May02 ?        00:00:00 [kstrp]
root       122     2  0 May02 ?        00:00:00 [charger_manager]
root       287     2  0 May02 ?        00:00:00 [ena]
root       291     2  0 May02 ?        00:00:00 [nvme-wq]
root       297     2  0 May02 ?        00:00:00 [nvme-reset-wq]
root       299     2  0 May02 ?        00:00:00 [nvme-delete-wq]
root       330     2  0 May02 ?        00:00:00 [xfsalloc]
root       332     2  0 May02 ?        00:00:00 [xfs_mru_cache]
root       334     2  0 May02 ?        00:00:00 [xfs-buf/nvme0n1]
root       336     2  0 May02 ?        00:00:00 [xfs-conv/nvme0n]
root       338     2  0 May02 ?        00:00:00 [xfs-cil/nvme0n1]
root       339     2  0 May02 ?        00:00:00 [xfs-reclaim/nvm]
root       340     2  0 May02 ?        00:00:00 [xfs-eofblocks/n]
root       342     2  0 May02 ?        00:00:00 [xfs-log/nvme0n1]
root       343     2  0 May02 ?        00:01:24 [xfsaild/nvme0n1]
root       347     2  0 May02 ?        00:00:02 [kworker/3:1H-kblockd]
root       416     2  0 May02 ?        00:00:01 [kworker/2:1H-kblockd]
root       417     2  0 May02 ?        00:00:01 [kworker/0:1H-kblockd]
root       418     2  0 May02 ?        00:00:01 [kworker/1:1H-kblockd]
root       422     1  0 May02 ?        00:00:23 /usr/lib/systemd/systemd-journald
root       430     1  0 May02 ?        00:00:15 /usr/sbin/haveged -w 1024 -v 0 -F
root       437     1  0 May02 ?        00:00:00 /usr/lib/systemd/systemd-udevd
root       463     2  0 May02 ?        00:00:00 [cryptd]
root       516     2  0 May02 ?        00:00:00 [kdmflush]
root       528     2  0 May02 ?        00:00:00 [kdmflush]
root       529     2  0 May02 ?        00:00:00 [kdmflush]
root       530     2  0 May02 ?        00:00:00 [kdmflush]
root       532     2  0 May02 ?        00:00:00 [kdmflush]
root       533     2  0 May02 ?        00:00:00 [kdmflush]
root       535     2  0 May02 ?        00:00:00 [kdmflush]
root       540     2  0 May02 ?        00:00:00 [kdmflush]
root       565     2  0 May02 ?        00:00:00 [nfit]
root       570     2  0 May02 ?        00:00:00 [xfs-buf/dm-1]
root       571     2  0 May02 ?        00:00:00 [xfs-conv/dm-1]
root       572     2  0 May02 ?        00:00:00 [xfs-cil/dm-1]
root       573     2  0 May02 ?        00:00:00 [xfs-buf/dm-7]
root       574     2  0 May02 ?        00:00:00 [xfs-conv/dm-7]
root       575     2  0 May02 ?        00:00:00 [xfs-cil/dm-7]
root       576     2  0 May02 ?        00:00:00 [xfs-reclaim/dm-]
root       577     2  0 May02 ?        00:00:00 [xfs-eofblocks/d]
root       578     2  0 May02 ?        00:00:00 [xfs-reclaim/dm-]
root       579     2  0 May02 ?        00:00:00 [xfs-eofblocks/d]
root       581     2  0 May02 ?        00:00:00 [xfs-buf/dm-3]
root       582     2  0 May02 ?        00:00:00 [xfs-conv/dm-3]
root       583     2  0 May02 ?        00:00:00 [xfs-cil/dm-3]
root       584     2  0 May02 ?        00:00:00 [xfs-reclaim/dm-]
root       585     2  0 May02 ?        00:00:00 [xfs-eofblocks/d]
root       586     2  0 May02 ?        00:00:00 [xfs-buf/dm-6]
root       587     2  0 May02 ?        00:00:00 [xfs-conv/dm-6]
root       588     2  0 May02 ?        00:00:00 [xfs-cil/dm-6]
root       589     2  0 May02 ?        00:00:00 [xfs-reclaim/dm-]
root       590     2  0 May02 ?        00:00:00 [xfs-eofblocks/d]
root       591     2  0 May02 ?        00:00:00 [xfs-log/dm-1]
root       592     2  0 May02 ?        00:01:22 [xfsaild/dm-1]
root       593     2  0 May02 ?        00:00:00 [xfs-log/dm-7]
root       594     2  0 May02 ?        00:00:06 [xfsaild/dm-7]
root       595     2  0 May02 ?        00:00:00 [xfs-log/dm-6]
root       596     2  0 May02 ?        00:00:00 [xfsaild/dm-6]
root       597     2  0 May02 ?        00:00:00 [xfs-log/dm-3]
root       598     2  0 May02 ?        00:00:00 [xfsaild/dm-3]
root       600     2  0 May02 ?        00:00:00 [xfs-buf/dm-0]
root       601     2  0 May02 ?        00:00:00 [xfs-conv/dm-0]
root       602     2  0 May02 ?        00:00:00 [xfs-cil/dm-0]
root       603     2  0 May02 ?        00:00:00 [xfs-reclaim/dm-]
root       604     2  0 May02 ?        00:00:00 [xfs-eofblocks/d]
root       605     2  0 May02 ?        00:00:00 [xfs-log/dm-0]
root       606     2  0 May02 ?        00:00:04 [xfsaild/dm-0]
root       609     2  0 May02 ?        00:00:00 [xfs-buf/dm-5]
root       610     2  0 May02 ?        00:00:00 [xfs-conv/dm-5]
root       611     2  0 May02 ?        00:00:00 [xfs-cil/dm-5]
root       612     2  0 May02 ?        00:00:00 [xfs-reclaim/dm-]
root       614     2  0 May02 ?        00:00:00 [xfs-eofblocks/d]
root       617     2  0 May02 ?        00:00:00 [xfs-log/dm-5]
root       618     2  0 May02 ?        00:01:14 [xfsaild/dm-5]
root       619     2  0 May02 ?        00:00:00 [xfs-buf/dm-4]
root       620     2  0 May02 ?        00:00:00 [xfs-conv/dm-4]
root       621     2  0 May02 ?        00:00:00 [xfs-cil/dm-4]
root       622     2  0 May02 ?        00:00:00 [xfs-reclaim/dm-]
root       623     2  0 May02 ?        00:00:00 [xfs-eofblocks/d]
root       624     2  0 May02 ?        00:00:00 [xfs-log/dm-4]
root       626     2  0 May02 ?        00:00:00 [xfsaild/dm-4]
root       640     2  0 May02 ?        00:00:00 [xfs-buf/dm-2]
root       641     2  0 May02 ?        00:00:00 [xfs-conv/dm-2]
root       642     2  0 May02 ?        00:00:00 [xfs-cil/dm-2]
root       643     2  0 May02 ?        00:00:00 [xfs-reclaim/dm-]
root       644     2  0 May02 ?        00:00:00 [xfs-eofblocks/d]
root       645     2  0 May02 ?        00:00:00 [xfs-log/dm-2]
root       646     2  0 May02 ?        00:00:19 [xfsaild/dm-2]
root       669     1  0 May02 ?        00:00:01 /sbin/auditd
root       690     2  0 May02 ?        00:00:00 [audit_prune_tre]
message+   697     1  0 May02 ?        00:00:12 /usr/bin/dbus-daemon --system --address=systemd: --nofork --nopidfile --systemd-activation --syslog-only
nscd       707     1  0 May02 ?        00:00:52 /usr/sbin/nscd
root       710     1  0 May02 ?        00:00:21 /usr/sbin/irqbalance --foreground
root       713     1  0 May02 ?        00:00:00 /usr/sbin/sssd -i --logger=files
root       820     1  0 May02 ?        00:00:05 /usr/sbin/rsyslogd -n -iNONE
root       828   713  0 May02 ?        00:00:24 /usr/lib/sssd/sssd_be --domain lambweston.com --uid 0 --gid 0 --logger=files
root       829   713  0 May02 ?        00:00:06 /usr/lib/sssd/sssd_nss --uid 0 --gid 0 --logger=files
root       830   713  0 May02 ?        00:00:04 /usr/lib/sssd/sssd_pam --uid 0 --gid 0 --logger=files
root       831     1  0 May02 ?        00:00:07 /usr/lib/systemd/systemd-logind
root       864     1  0 May02 ?        00:24:32 splunkd -p 8089 start
root       866   864  0 May02 ?        00:05:22 [splunkd pid=864] splunkd -p 8089 start [process-runner]
root      1174     1  0 May02 ?        00:00:00 /usr/lib/wicked/bin/wickedd-auto4 --systemd --foreground
root      1175     1  0 May02 ?        00:00:00 /usr/lib/wicked/bin/wickedd-dhcp4 --systemd --foreground
root      1176     1  0 May02 ?        00:00:00 /usr/lib/wicked/bin/wickedd-dhcp6 --systemd --foreground
root      1177     1  0 May02 ?        00:00:00 /usr/sbin/wickedd --systemd --foreground
root      1184     1  0 May02 ?        00:00:00 /usr/sbin/wickedd-nanny --systemd --foreground
chrony    1823     1  0 May02 ?        00:00:01 /usr/sbin/chronyd -u chrony
awsdata   1856     1  0 May02 ?        00:00:00 jsvc.exec -errfile /var/log/aws-dataprovider/jsvcerr.log -jvm server -showversion -pidfile /tmp/aws-dataprovider.pid -cp /usr/local/ec2/aws-dataprovider/lib/installer.jar:/usr/local/ec2/aws-dataprovider/lib/commons-daemon-1.2.4/commons-daemon-1.2.4.jar -Dcom.amazon.aws.aws-dataprovider.proxypath=/usr/local/ec2/aws-dataprovider -Dcom.amazon.aws.aws-dataprovider.access=https://s3.amazonaws.com/aws-sap-data-provider -DisStandaloneVersion=yes com.amazon.aws.dataprovider.AwsDataProvider /usr/local/ec2/aws-dataprovider -vhostmd -LogLevel=INFO
awsdata   1858  1856  0 May02 ?        00:06:55 jsvc.exec -errfile /var/log/aws-dataprovider/jsvcerr.log -jvm server -showversion -pidfile /tmp/aws-dataprovider.pid -cp /usr/local/ec2/aws-dataprovider/lib/installer.jar:/usr/local/ec2/aws-dataprovider/lib/commons-daemon-1.2.4/commons-daemon-1.2.4.jar -Dcom.amazon.aws.aws-dataprovider.proxypath=/usr/local/ec2/aws-dataprovider -Dcom.amazon.aws.aws-dataprovider.access=https://s3.amazonaws.com/aws-sap-data-provider -DisStandaloneVersion=yes com.amazon.aws.dataprovider.AwsDataProvider /usr/local/ec2/aws-dataprovider -vhostmd -LogLevel=INFO
root      1925     1  0 May02 ?        00:00:38 /usr/sbin/amazon-ssm-agent
root      1929     1  0 May02 ?        00:00:00 /usr/bin/python3 /usr/bin/salt-minion
root      1971     1  0 May02 ?        00:00:00 /usr/sbin/sshd -D
root      1972     2  0 May02 ?        00:00:00 [rpciod]
root      1973     2  0 May02 ?        00:00:00 [xprtiod]
root      1994     2  0 May02 ?        00:00:00 [nfsiod]
root      2022     1  0 May02 ?        00:00:00 /opt/ds_agent/ds_agent -w /var/opt/ds_agent -b -i -e /opt/ds_agent/ext
root      2024  2022  4 May02 ?        10:55:59 /opt/ds_agent/ds_agent -w /var/opt/ds_agent -b -i -e /opt/ds_agent/ext
root      2042     2  0 May02 ?        00:00:00 [NFSv4 callback]
root      2054     1  0 May02 tty1     00:00:00 /sbin/agetty -o -p -- \u --noclear tty1 linux
root      2055     1  0 May02 ttyS0    00:00:00 /sbin/agetty -o -p -- \u --keep-baud 115200,38400,9600 ttyS0 vt220
root      2109     1  0 May02 ?        00:00:05 /usr/lib/postfix/bin//master -w
postfix   2113  2109  0 May02 ?        00:00:00 qmgr -l -t fifo -u
root      2127     1  0 May02 ?        00:00:01 /usr/sbin/cron -n
root      2133  1929  0 May02 ?        00:11:03 /usr/bin/python3 /usr/bin/salt-minion
root      2190     2  0 May02 ?        00:01:17 [ds_kproc]
root      2191     2  0 May02 ?        00:00:00 [ds_kmemcg]
root      2196  1925  0 May02 ?        00:06:40 /usr/sbin/ssm-agent-worker
root      2254  2133  0 May02 ?        00:00:00 /usr/bin/python3 /usr/bin/salt-minion
uuidd     2324     1  0 May02 ?        00:00:00 /usr/sbin/uuidd --socket-activation
wdeadm    2499     1  0 May02 ?        00:00:28 /usr/sap/WDE/SYS/exe/uc/linuxx86_64/sapstartsrv pf=/usr/sap/WDE/SYS/profile/WDE_W00_SAPEWDAP01 -D -u wdeadm
root      2620     1  0 May02 ?        00:00:00 /opt/ds_agent/ds_am -g ../diag -v 5 -d /var/opt/ds_agent/am -P 1 -R
root      3184     2  0 May06 ?        00:00:00 bpfilter_umh
wdeadm    3257     1  0 May02 ?        00:00:00 sapstart pf=/usr/sap/WDE/SYS/profile/WDE_W00_SAPEWDAP01
wdeadm    3263  3257  0 May02 ?        00:14:36 /usr/sap/WDE/SYS/exe/uc/linuxx86_64/sapwebdisp pf=/usr/sap/WDE/SYS/profile/WDE_W00_SAPEWDAP01
root      4364     2  0 13:43 ?        00:00:00 [kworker/0:1-events]
root      4428     2  0 13:44 ?        00:00:00 [kworker/2:2-mm_percpu_wq]
root     12179     2  0 10:06 ?        00:00:00 [kworker/3:2-bmhook_wq]
root     12805     2  0 14:16 ?        00:00:00 [kworker/u8:2-xfs-cil/dm-3]
root     15504     2  0 14:27 ?        00:00:00 [kworker/u8:3-xfs-cil/dm-1]
root     16420     2  0 May11 ?        00:00:00 [kworker/3:0-xfs-conv/nvme0n1p1]
root     16495     2  0 14:31 ?        00:00:00 [kworker/1:0-xfs-sync/dm-3]
root     17920     2  0 14:36 ?        00:00:00 [kworker/1:1-bmhook_wq]
root     19198     2  0 14:42 ?        00:00:00 [kworker/1:3-xfs-sync/dm-3]
root     19661     2  0 14:42 ?        00:00:00 [kworker/0:2-mm_percpu_wq]
root     19664     2  0 14:43 ?        00:00:00 [kworker/u8:0-events_unbound]
root     20142     2  0 14:44 ?        00:00:00 [kworker/2:1-bmhook_wq]
root     20644     2  0 14:47 ?        00:00:00 [kworker/1:2-xfs-sync/nvme0n1p1]
root     20707     2  0 14:48 ?        00:00:00 [kworker/0:0-bmhook_wq]
root     21187     2  0 14:50 ?        00:00:00 [kworker/u8:1-events_unbound]
root     21658  1971  0 14:50 ?        00:00:00 sshd: ASS1060 [priv]
ASS1060  21662     1  0 14:51 ?        00:00:00 /usr/lib/systemd/systemd --user
ASS1060  21663 21662  0 14:51 ?        00:00:00 (sd-pam)
ASS1060  21668 21658  0 14:51 ?        00:00:00 sshd: ASS1060@pts/0
ASS1060  21669 21668  0 14:51 pts/0    00:00:00 -bash
root     21718 21669  0 14:51 pts/0    00:00:00 sudo su -
root     21719 21718  0 14:51 pts/1    00:00:00 sudo su -
root     21720 21719  0 14:51 pts/1    00:00:00 su -
root     21721 21720  0 14:51 pts/1    00:00:00 -bash
root     21777 21721  0 14:51 pts/1    00:00:00 -bash
root     21796 21777  0 14:51 pts/1    00:00:00 ps -eaf
root     26218     2  0 May10 ?        00:00:00 [kworker/u9:2-xprtiod]
root     29742     2  0 May07 ?        00:00:00 [kworker/u9:1]
root     32604  2620  0 03:03 ?        00:01:15 /opt/ds_agent/ds_am -g ../diag -v 5 -d /var/opt/ds_agent/am -P 1 -R
0

[31;43m***** Services; Chkconfig status; CPU/MEM/ *****[0m
amazon-ssm-agent.service             loaded active     running       amazon-ssm-agent                                                             
apparmor.service                     loaded active     exited        Load AppArmor profiles                                                       
auditd.service                       loaded active     running       Security Auditing Service                                                    
aws-dataprovider.service             loaded active     running       AWS Data Provider for SAP                                                    
chronyd.service                      loaded active     running       NTP client/server                                                            
cloud-config.service                 loaded active     exited        Apply the settings specified in cloud-config                                 
cloud-final.service                  loaded active     exited        Execute cloud user/final scripts                                             
cloud-init-local.service             loaded active     exited        Initial cloud-init job (pre-networking)                                      
cloud-init.service                   loaded active     exited        Initial cloud-init job (metadata service crawler)                            
cloud-netconfig.service              loaded activating start   start Update cloud-netconfig Setup                                                 
cron.service                         loaded active     running       Command Scheduler                                                            
dbus.service                         loaded active     running       D-Bus System Message Bus                                                     
detect-part-label-duplicates.service loaded active     exited        Detect if the system suffers from bsc#1089761                                
dracut-shutdown.service              loaded active     exited        Restore /run/initramfs on shutdown                                           
ds_agent.service                     loaded active     running       Trend Micro Deep Security Agent                                              
getty@tty1.service                   loaded active     running       Getty on tty1                                                                
haveged.service                      loaded active     running       Entropy Daemon based on the HAVEGE algorithm                                 
irqbalance.service                   loaded active     running       irqbalance daemon                                                            
iscsi.service                        loaded active     exited        Login and scanning of iSCSI devices                                          
jexec.service                        loaded active     exited        LSB: Supports the direct execution of binary formats.                        
kbdsettings.service                  loaded active     exited        Apply settings from /etc/sysconfig/keyboard                                  
klog.service                         loaded active     exited        Early Kernel Boot Messages                                                   
kmod-static-nodes.service            loaded active     exited        Create list of required static device nodes for the current kernel           
lvm2-monitor.service                 loaded active     exited        Monitoring of LVM2 mirrors, snapshots etc. using dmeventd or progress polling
lvm2-pvscan@259:10.service           loaded active     exited        LVM event activation on device 259:10                                        
lvm2-pvscan@259:11.service           loaded active     exited        LVM event activation on device 259:11                                        
lvm2-pvscan@259:2.service            loaded active     exited        LVM event activation on device 259:2                                         
lvm2-pvscan@259:3.service            loaded active     exited        LVM event activation on device 259:3                                         
lvm2-pvscan@259:5.service            loaded active     exited        LVM event activation on device 259:5                                         
lvm2-pvscan@259:6.service            loaded active     exited        LVM event activation on device 259:6                                         
lvm2-pvscan@259:7.service            loaded active     exited        LVM event activation on device 259:7                                         
lvm2-pvscan@259:8.service            loaded active     exited        LVM event activation on device 259:8                                         
nscd.service                         loaded active     running       Name Service Cache Daemon                                                    
postfix.service                      loaded active     running       Postfix Mail Transport Agent                                                 
rsyslog.service                      loaded active     running       System Logging Service                                                       
salt-minion.service                  loaded active     running       The Salt Minion                                                              
sapinit.service                      loaded active     exited        LSB: Start the sapstartsrv                                                   
saptune.service                      loaded active     exited        Optimise system for running SAP workloads                                    
serial-getty@ttyS0.service           loaded active     running       Serial Getty on ttyS0                                                        
splunk.service                       loaded active     running       SYSV: Splunk indexer service                                                 
sshd.service                         loaded active     running       OpenSSH Daemon                                                               
sssd.service                         loaded active     running       System Security Services Daemon                                              
sysstat.service                      loaded active     exited        Write information about system start to sysstat log                          
systemd-journal-flush.service        loaded active     exited        Flush Journal to Persistent Storage                                          
systemd-journald.service             loaded active     running       Journal Service                                                              
systemd-logind.service               loaded active     running       Login Service                                                                
systemd-modules-load.service         loaded active     exited        Load Kernel Modules                                                          
systemd-random-seed.service          loaded active     exited        Load/Save Random Seed                                                        
systemd-remount-fs.service           loaded active     exited        Remount Root and Kernel File Systems                                         
systemd-sysctl.service               loaded active     exited        Apply Kernel Variables                                                       
systemd-tmpfiles-setup-dev.service   loaded active     exited        Create Static Device Nodes in /dev                                           
systemd-tmpfiles-setup.service       loaded active     exited        Create Volatile Files and Directories                                        
systemd-udev-settle.service          loaded active     exited        udev Wait for Complete Device Initialization                                 
systemd-udev-trigger.service         loaded active     exited        udev Coldplug all Devices                                                    
systemd-udevd.service                loaded active     running       udev Kernel Device Manager                                                   
systemd-update-utmp.service          loaded active     exited        Update UTMP about System Boot/Shutdown                                       
systemd-user-sessions.service        loaded active     exited        Permit User Sessions                                                         
systemd-vconsole-setup.service       loaded failed     failed        Setup Virtual Console                                                        
user-runtime-dir@1002.service        loaded active     exited        User Runtime Directory /run/user/1002                                        
user-runtime-dir@1725062210.service  loaded active     exited        User Runtime Directory /run/user/1725062210                                  
user@1002.service                    loaded failed     failed        User Manager for UID 1002                                                    
user@1725062210.service              loaded active     running       User Manager for UID 1725062210                                              
uuidd.service                        loaded active     running       Daemon for generating UUIDs                                                  
wicked.service                       loaded active     exited        wicked managed network interfaces                                            
wickedd-auto4.service                loaded active     running       wicked AutoIPv4 supplicant service                                           
wickedd-dhcp4.service                loaded active     running       wicked DHCPv4 supplicant service                                             
wickedd-dhcp6.service                loaded active     running       wicked DHCPv6 supplicant service                                             
wickedd-nanny.service                loaded active     running       wicked network nanny service                                                 
wickedd.service                      loaded active     running       wicked network management service daemon                                     
jexec                     0:off  1:on   2:on   3:on   4:on   5:on   6:off
sapinit                   0:off  1:off  2:off  3:on   4:off  5:on   6:off
splunk                    0:off  1:off  2:on   3:on   4:off  5:on   6:off
processor	: 0
vendor_id	: GenuineIntel
cpu family	: 6
model		: 85
model name	: Intel(R) Xeon(R) Platinum 8124M CPU @ 3.00GHz
stepping	: 4
microcode	: 0x2006c0a
cpu MHz		: 3400.020
cache size	: 25344 KB
physical id	: 0
siblings	: 4
core id		: 0
cpu cores	: 2
apicid		: 0
initial apicid	: 0
fpu		: yes
fpu_exception	: yes
cpuid level	: 13
wp		: yes
flags		: fpu vme de pse tsc msr pae mce cx8 apic sep mtrr pge mca cmov pat pse36 clflush mmx fxsr sse sse2 ss ht syscall nx pdpe1gb rdtscp lm constant_tsc rep_good nopl xtopology nonstop_tsc cpuid aperfmperf tsc_known_freq pni pclmulqdq ssse3 fma cx16 pcid sse4_1 sse4_2 x2apic movbe popcnt tsc_deadline_timer aes xsave avx f16c rdrand hypervisor lahf_lm abm 3dnowprefetch invpcid_single pti fsgsbase tsc_adjust bmi1 hle avx2 smep bmi2 erms invpcid rtm mpx avx512f avx512dq rdseed adx smap clflushopt clwb avx512cd avx512bw avx512vl xsaveopt xsavec xgetbv1 xsaves ida arat pku ospke
bugs		: cpu_meltdown spectre_v1 spectre_v2 spec_store_bypass l1tf mds swapgs taa itlb_multihit
bogomips	: 5999.99
clflush size	: 64
cache_alignment	: 64
address sizes	: 46 bits physical, 48 bits virtual
power management:

processor	: 1
vendor_id	: GenuineIntel
cpu family	: 6
model		: 85
model name	: Intel(R) Xeon(R) Platinum 8124M CPU @ 3.00GHz
stepping	: 4
microcode	: 0x2006c0a
cpu MHz		: 3400.096
cache size	: 25344 KB
physical id	: 0
siblings	: 4
core id		: 1
cpu cores	: 2
apicid		: 2
initial apicid	: 2
fpu		: yes
fpu_exception	: yes
cpuid level	: 13
wp		: yes
flags		: fpu vme de pse tsc msr pae mce cx8 apic sep mtrr pge mca cmov pat pse36 clflush mmx fxsr sse sse2 ss ht syscall nx pdpe1gb rdtscp lm constant_tsc rep_good nopl xtopology nonstop_tsc cpuid aperfmperf tsc_known_freq pni pclmulqdq ssse3 fma cx16 pcid sse4_1 sse4_2 x2apic movbe popcnt tsc_deadline_timer aes xsave avx f16c rdrand hypervisor lahf_lm abm 3dnowprefetch invpcid_single pti fsgsbase tsc_adjust bmi1 hle avx2 smep bmi2 erms invpcid rtm mpx avx512f avx512dq rdseed adx smap clflushopt clwb avx512cd avx512bw avx512vl xsaveopt xsavec xgetbv1 xsaves ida arat pku ospke
bugs		: cpu_meltdown spectre_v1 spectre_v2 spec_store_bypass l1tf mds swapgs taa itlb_multihit
bogomips	: 5999.99
clflush size	: 64
cache_alignment	: 64
address sizes	: 46 bits physical, 48 bits virtual
power management:

processor	: 2
vendor_id	: GenuineIntel
cpu family	: 6
model		: 85
model name	: Intel(R) Xeon(R) Platinum 8124M CPU @ 3.00GHz
stepping	: 4
microcode	: 0x2006c0a
cpu MHz		: 3400.165
cache size	: 25344 KB
physical id	: 0
siblings	: 4
core id		: 0
cpu cores	: 2
apicid		: 1
initial apicid	: 1
fpu		: yes
fpu_exception	: yes
cpuid level	: 13
wp		: yes
flags		: fpu vme de pse tsc msr pae mce cx8 apic sep mtrr pge mca cmov pat pse36 clflush mmx fxsr sse sse2 ss ht syscall nx pdpe1gb rdtscp lm constant_tsc rep_good nopl xtopology nonstop_tsc cpuid aperfmperf tsc_known_freq pni pclmulqdq ssse3 fma cx16 pcid sse4_1 sse4_2 x2apic movbe popcnt tsc_deadline_timer aes xsave avx f16c rdrand hypervisor lahf_lm abm 3dnowprefetch invpcid_single pti fsgsbase tsc_adjust bmi1 hle avx2 smep bmi2 erms invpcid rtm mpx avx512f avx512dq rdseed adx smap clflushopt clwb avx512cd avx512bw avx512vl xsaveopt xsavec xgetbv1 xsaves ida arat pku ospke
bugs		: cpu_meltdown spectre_v1 spectre_v2 spec_store_bypass l1tf mds swapgs taa itlb_multihit
bogomips	: 5999.99
clflush size	: 64
cache_alignment	: 64
address sizes	: 46 bits physical, 48 bits virtual
power management:

processor	: 3
vendor_id	: GenuineIntel
cpu family	: 6
model		: 85
model name	: Intel(R) Xeon(R) Platinum 8124M CPU @ 3.00GHz
stepping	: 4
microcode	: 0x2006c0a
cpu MHz		: 3400.320
cache size	: 25344 KB
physical id	: 0
siblings	: 4
core id		: 1
cpu cores	: 2
apicid		: 3
initial apicid	: 3
fpu		: yes
fpu_exception	: yes
cpuid level	: 13
wp		: yes
flags		: fpu vme de pse tsc msr pae mce cx8 apic sep mtrr pge mca cmov pat pse36 clflush mmx fxsr sse sse2 ss ht syscall nx pdpe1gb rdtscp lm constant_tsc rep_good nopl xtopology nonstop_tsc cpuid aperfmperf tsc_known_freq pni pclmulqdq ssse3 fma cx16 pcid sse4_1 sse4_2 x2apic movbe popcnt tsc_deadline_timer aes xsave avx f16c rdrand hypervisor lahf_lm abm 3dnowprefetch invpcid_single pti fsgsbase tsc_adjust bmi1 hle avx2 smep bmi2 erms invpcid rtm mpx avx512f avx512dq rdseed adx smap clflushopt clwb avx512cd avx512bw avx512vl xsaveopt xsavec xgetbv1 xsaves ida arat pku ospke
bugs		: cpu_meltdown spectre_v1 spectre_v2 spec_store_bypass l1tf mds swapgs taa itlb_multihit
bogomips	: 5999.99
clflush size	: 64
cache_alignment	: 64
address sizes	: 46 bits physical, 48 bits virtual
power management:

MemTotal:        7782488 kB
MemFree:         1227248 kB
MemAvailable:    6138612 kB
Buffers:            2240 kB
Cached:          4998416 kB
SwapCached:            0 kB
Active:          4766320 kB
Inactive:        1207224 kB
Active(anon):     973848 kB
Inactive(anon):    66520 kB
Active(file):    3792472 kB
Inactive(file):  1140704 kB
Unevictable:          80 kB
Mlocked:              80 kB
SwapTotal:      16776188 kB
SwapFree:       16776188 kB
Dirty:               460 kB
Writeback:             0 kB
AnonPages:        834628 kB
Mapped:           372336 kB
Shmem:             67480 kB
KReclaimable:     282540 kB
Slab:             378860 kB
SReclaimable:     282540 kB
SUnreclaim:        96320 kB
KernelStack:        6692 kB
PageTables:        12376 kB
NFS_Unstable:          0 kB
Bounce:                0 kB
WritebackTmp:          0 kB
CommitLimit:    20667432 kB
Committed_AS:    1798240 kB
VmallocTotal:   34359738367 kB
VmallocUsed:       51984 kB
VmallocChunk:          0 kB
Percpu:             1328 kB
HardwareCorrupted:     0 kB
AnonHugePages:    428032 kB
ShmemHugePages:        0 kB
ShmemPmdMapped:        0 kB
HugePages_Total:       0
HugePages_Free:        0
HugePages_Rsvd:        0
HugePages_Surp:        0
Hugepagesize:       2048 kB
Hugetlb:               0 kB
DirectMap4k:      274344 kB
DirectMap2M:     7749632 kB
DirectMap1G:           0 kB
  --- Physical volume ---
  PV Name               /dev/nvme9n1
  VG Name               usr_sap_WDE
  PV Size               50.00 GiB / not usable 4.00 MiB
  Allocatable           yes (but full)
  PE Size               4.00 MiB
  Total PE              12799
  Free PE               0
  Allocated PE          12799
  PV UUID               1pzgiV-bS6u-RiKD-trr4-pdL1-0dLB-OF3S6f
   
  --- Physical volume ---
  PV Name               /dev/nvme8n1
  VG Name               var_tmp
  PV Size               20.00 GiB / not usable 4.00 MiB
  Allocatable           yes (but full)
  PE Size               4.00 MiB
  Total PE              5119
  Free PE               0
  Allocated PE          5119
  PV UUID               wAmJXj-FDD4-1hDY-0cXx-ttd6-kjwY-T43elR
   
  --- Physical volume ---
  PV Name               /dev/nvme7n1
  VG Name               sap_mnt_WDE
  PV Size               50.00 GiB / not usable 4.00 MiB
  Allocatable           yes (but full)
  PE Size               4.00 MiB
  Total PE              12799
  Free PE               0
  Allocated PE          12799
  PV UUID               hpgWgS-GRyc-hY2I-71eO-2VRA-EvGe-oWLoKE
   
  --- Physical volume ---
  PV Name               /dev/nvme6n1
  VG Name               usr_sap
  PV Size               20.00 GiB / not usable 4.00 MiB
  Allocatable           yes (but full)
  PE Size               4.00 MiB
  Total PE              5119
  Free PE               0
  Allocated PE          5119
  PV UUID               C60SCJ-cxhJ-a70T-gRDm-EP3C-Dzkt-Uk6KIi
   
  --- Physical volume ---
  PV Name               /dev/nvme4n1
  VG Name               var_log_audit
  PV Size               20.00 GiB / not usable 4.00 MiB
  Allocatable           yes (but full)
  PE Size               4.00 MiB
  Total PE              5119
  Free PE               0
  Allocated PE          5119
  PV UUID               fFbILu-X1ae-47uY-0y6N-QiKX-tY7n-f12XjZ
   
  --- Physical volume ---
  PV Name               /dev/nvme3n1
  VG Name               var
  PV Size               20.00 GiB / not usable 4.00 MiB
  Allocatable           yes (but full)
  PE Size               4.00 MiB
  Total PE              5119
  Free PE               0
  Allocated PE          5119
  PV UUID               r2Ccwm-2HWS-mOek-WkHS-pvT9-Iuci-LJrTrM
   
  --- Physical volume ---
  PV Name               /dev/nvme2n1
  VG Name               home
  PV Size               20.00 GiB / not usable 4.00 MiB
  Allocatable           yes (but full)
  PE Size               4.00 MiB
  Total PE              5119
  Free PE               0
  Allocated PE          5119
  PV UUID               pig3UV-Jedo-yWMq-HoAG-aoTj-dTOU-qua6zR
   
  --- Physical volume ---
  PV Name               /dev/nvme1n1
  VG Name               var_log
  PV Size               20.00 GiB / not usable 4.00 MiB
  Allocatable           yes (but full)
  PE Size               4.00 MiB
  Total PE              5119
  Free PE               0
  Allocated PE          5119
  PV UUID               WZnVV2-E6kZ-07kh-eaen-IWVg-OrCF-DXMJxb
   
  --- Volume group ---
  VG Name               usr_sap_WDE
  System ID             
  Format                lvm2
  Metadata Areas        1
  Metadata Sequence No  7
  VG Access             read/write
  VG Status             resizable
  MAX LV                0
  Cur LV                1
  Open LV               1
  Max PV                0
  Cur PV                1
  Act PV                1
  VG Size               50.00 GiB
  PE Size               4.00 MiB
  Total PE              12799
  Alloc PE / Size       12799 / 50.00 GiB
  Free  PE / Size       0 / 0   
  VG UUID               tQDPPv-35ul-qFQR-kHQE-2c96-MyTX-CzO7uu
   
  --- Volume group ---
  VG Name               var_tmp
  System ID             
  Format                lvm2
  Metadata Areas        1
  Metadata Sequence No  2
  VG Access             read/write
  VG Status             resizable
  MAX LV                0
  Cur LV                1
  Open LV               1
  Max PV                0
  Cur PV                1
  Act PV                1
  VG Size               20.00 GiB
  PE Size               4.00 MiB
  Total PE              5119
  Alloc PE / Size       5119 / 20.00 GiB
  Free  PE / Size       0 / 0   
  VG UUID               DY1r39-ALrk-5neb-k21V-I3Kv-PWIn-6KgY9v
   
  --- Volume group ---
  VG Name               sap_mnt_WDE
  System ID             
  Format                lvm2
  Metadata Areas        1
  Metadata Sequence No  7
  VG Access             read/write
  VG Status             resizable
  MAX LV                0
  Cur LV                1
  Open LV               1
  Max PV                0
  Cur PV                1
  Act PV                1
  VG Size               50.00 GiB
  PE Size               4.00 MiB
  Total PE              12799
  Alloc PE / Size       12799 / 50.00 GiB
  Free  PE / Size       0 / 0   
  VG UUID               OszZnO-8QJs-RYz1-pPWq-UoOW-9zdf-azz7er
   
  --- Volume group ---
  VG Name               usr_sap
  System ID             
  Format                lvm2
  Metadata Areas        1
  Metadata Sequence No  4
  VG Access             read/write
  VG Status             resizable
  MAX LV                0
  Cur LV                1
  Open LV               1
  Max PV                0
  Cur PV                1
  Act PV                1
  VG Size               20.00 GiB
  PE Size               4.00 MiB
  Total PE              5119
  Alloc PE / Size       5119 / 20.00 GiB
  Free  PE / Size       0 / 0   
  VG UUID               cJx3ki-Y16E-bYUw-EMdY-0gFL-OCik-Iu97zv
   
  --- Volume group ---
  VG Name               var_log_audit
  System ID             
  Format                lvm2
  Metadata Areas        1
  Metadata Sequence No  2
  VG Access             read/write
  VG Status             resizable
  MAX LV                0
  Cur LV                1
  Open LV               1
  Max PV                0
  Cur PV                1
  Act PV                1
  VG Size               20.00 GiB
  PE Size               4.00 MiB
  Total PE              5119
  Alloc PE / Size       5119 / 20.00 GiB
  Free  PE / Size       0 / 0   
  VG UUID               Vi7osb-o8S2-udqT-hxjH-L5O9-qNz5-kU30ic
   
  --- Volume group ---
  VG Name               var
  System ID             
  Format                lvm2
  Metadata Areas        1
  Metadata Sequence No  2
  VG Access             read/write
  VG Status             resizable
  MAX LV                0
  Cur LV                1
  Open LV               1
  Max PV                0
  Cur PV                1
  Act PV                1
  VG Size               20.00 GiB
  PE Size               4.00 MiB
  Total PE              5119
  Alloc PE / Size       5119 / 20.00 GiB
  Free  PE / Size       0 / 0   
  VG UUID               MrepIC-GPH4-TYvy-zRXV-lgUS-Nl65-a81cE5
   
  --- Volume group ---
  VG Name               home
  System ID             
  Format                lvm2
  Metadata Areas        1
  Metadata Sequence No  2
  VG Access             read/write
  VG Status             resizable
  MAX LV                0
  Cur LV                1
  Open LV               1
  Max PV                0
  Cur PV                1
  Act PV                1
  VG Size               20.00 GiB
  PE Size               4.00 MiB
  Total PE              5119
  Alloc PE / Size       5119 / 20.00 GiB
  Free  PE / Size       0 / 0   
  VG UUID               YTrIbR-cquE-c3Cb-62Y2-UQ2T-0H3V-47rrag
   
  --- Volume group ---
  VG Name               var_log
  System ID             
  Format                lvm2
  Metadata Areas        1
  Metadata Sequence No  2
  VG Access             read/write
  VG Status             resizable
  MAX LV                0
  Cur LV                1
  Open LV               1
  Max PV                0
  Cur PV                1
  Act PV                1
  VG Size               20.00 GiB
  PE Size               4.00 MiB
  Total PE              5119
  Alloc PE / Size       5119 / 20.00 GiB
  Free  PE / Size       0 / 0   
  VG UUID               Tam1zx-nlJT-U2q4-Wq9Z-chVF-iKEJ-Lva6Yd
   
  --- Logical volume ---
  LV Path                /dev/usr_sap_WDE/usr_sap_WDE
  LV Name                usr_sap_WDE
  VG Name                usr_sap_WDE
  LV UUID                amamOL-Tkn4-JkW3-ViDO-znBt-d8Tv-59iD9b
  LV Write Access        read/write
  LV Creation host, time SAPDWDAP01, 2019-08-22 12:18:00 +0000
  LV Status              available
  # open                 1
  LV Size                50.00 GiB
  Current LE             12799
  Segments               1
  Allocation             inherit
  Read ahead sectors     auto
  - currently set to     1024
  Block device           254:0
   
  --- Logical volume ---
  LV Path                /dev/var_tmp/var_tmp
  LV Name                var_tmp
  VG Name                var_tmp
  LV UUID                vk8uvW-9KER-wNS6-arqT-59kj-2edF-emqBcg
  LV Write Access        read/write
  LV Creation host, time SAPXS4CIPA, 2022-01-31 11:44:13 +0000
  LV Status              available
  # open                 1
  LV Size                20.00 GiB
  Current LE             5119
  Segments               1
  Allocation             inherit
  Read ahead sectors     auto
  - currently set to     1024
  Block device           254:4
   
  --- Logical volume ---
  LV Path                /dev/sap_mnt_WDE/sap_mnt_WDE
  LV Name                sap_mnt_WDE
  VG Name                sap_mnt_WDE
  LV UUID                tr6PXL-PyTk-MORk-gteT-rjp0-tjCo-DCAiEF
  LV Write Access        read/write
  LV Creation host, time SAPDWDAP01, 2019-08-22 12:18:24 +0000
  LV Status              available
  # open                 1
  LV Size                50.00 GiB
  Current LE             12799
  Segments               1
  Allocation             inherit
  Read ahead sectors     auto
  - currently set to     1024
  Block device           254:7
   
  --- Logical volume ---
  LV Path                /dev/usr_sap/usr_sap
  LV Name                usr_sap
  VG Name                usr_sap
  LV UUID                fw1iPW-BO0T-eF27-Sgm5-Ozz0-0Ccc-tnT3PL
  LV Write Access        read/write
  LV Creation host, time SAPDWDAP01, 2019-08-22 12:17:38 +0000
  LV Status              available
  # open                 1
  LV Size                20.00 GiB
  Current LE             5119
  Segments               1
  Allocation             inherit
  Read ahead sectors     auto
  - currently set to     1024
  Block device           254:6
   
  --- Logical volume ---
  LV Path                /dev/var_log_audit/var_log_audit
  LV Name                var_log_audit
  VG Name                var_log_audit
  LV UUID                h0eafH-iwFv-ppd0-OvTJ-3hgw-PVVA-RbQpqb
  LV Write Access        read/write
  LV Creation host, time SAPXS4CIPA, 2022-01-31 11:52:55 +0000
  LV Status              available
  # open                 1
  LV Size                20.00 GiB
  Current LE             5119
  Segments               1
  Allocation             inherit
  Read ahead sectors     auto
  - currently set to     1024
  Block device           254:2
   
  --- Logical volume ---
  LV Path                /dev/var/var
  LV Name                var
  VG Name                var
  LV UUID                tUAE8U-xnZw-VVXe-is41-aZYr-mm3e-Fs2Sci
  LV Write Access        read/write
  LV Creation host, time SAPEWDAP01, 2022-05-02 06:52:33 +0000
  LV Status              available
  # open                 1
  LV Size                20.00 GiB
  Current LE             5119
  Segments               1
  Allocation             inherit
  Read ahead sectors     auto
  - currently set to     1024
  Block device           254:1
   
  --- Logical volume ---
  LV Path                /dev/home/home
  LV Name                home
  VG Name                home
  LV UUID                CR8tUs-pTAr-aoj7-C2eP-7JJN-lROj-LwE2PR
  LV Write Access        read/write
  LV Creation host, time SAPXS4CIPA, 2022-01-31 11:31:59 +0000
  LV Status              available
  # open                 1
  LV Size                20.00 GiB
  Current LE             5119
  Segments               1
  Allocation             inherit
  Read ahead sectors     auto
  - currently set to     1024
  Block device           254:3
   
  --- Logical volume ---
  LV Path                /dev/var_log/var_log
  LV Name                var_log
  VG Name                var_log
  LV UUID                Va3Orq-mG0X-1VYo-Ulxj-58uY-AUY0-xOg68J
  LV Write Access        read/write
  LV Creation host, time SAPEWDAP01, 2022-05-02 06:55:13 +0000
  LV Status              available
  # open                 1
  LV Size                20.00 GiB
  Current LE             5119
  Segments               1
  Allocation             inherit
  Read ahead sectors     auto
  - currently set to     1024
  Block device           254:5
   
              total        used        free      shared  buff/cache   available
Mem:           7600        1239        1201          65        5159        5997
Swap:         16382           0       16382

[31;43m***** NTPD status *****[0m
● ntpd.service - NTP Server Daemon
   Loaded: loaded (/usr/lib/systemd/system/ntpd.service; disabled; vendor preset: disabled)
  Drop-In: /run/systemd/generator/ntpd.service.d
           └─50-insserv.conf-$time.conf
   Active: inactive (dead)
     Docs: man:ntpd(1)

******************************************
SAPEWDAP01
5.3.18-24.102-default
NAME="SLES"
VERSION="15-SP2"
VERSION_ID="15.2"
PRETTY_NAME="SUSE Linux Enterprise Server 15 SP2"
ID="sles"
ID_LIKE="suse"
ANSI_COLOR="0;32"
CPE_NAME="cpe:/o:suse:sles:15:sp2"
VARIANT_ID="sles-sap"
 14:51:36  up 10 days  3:41,  2 users,  load average: 0.07, 0.05, 0.00
################################################################################
## /etc/ntp.conf
##
## Sample NTP configuration file.
## See package 'ntp-doc' for documentation, Mini-HOWTO and FAQ.
## Copyright (c) 1998 S.u.S.E. GmbH Fuerth, Germany.
##
## Author: Michael Andres,  <ma@suse.de>
##         Michael Skibbe,  <mskibbe@suse.de>
##
################################################################################

##
## Radio and modem clocks by convention have addresses in the 
## form 127.127.t.u, where t is the clock type and u is a unit 
## number in the range 0-3. 
##
## Most of these clocks require support in the form of a 
## serial port or special bus peripheral. The particular  
## device is normally specified by adding a soft link 
## /dev/device-u to the particular hardware device involved, 
## where u correspond to the unit number above. 
## 
## Generic DCF77 clock on serial port (Conrad DCF77)
## Address:     127.127.8.u
## Serial Port: /dev/refclock-u
##  
## (create soft link /dev/refclock-0 to the particular ttyS?)
##
# server 127.127.8.0 mode 5 prefer

##
## Undisciplined Local Clock. This is a fake driver intended for backup
## and when no outside source of synchronized time is available.
##
# server 127.127.1.0		# local clock (LCL)
# fudge  127.127.1.0 stratum 10	# LCL is unsynchronized

##
## Add external Servers using
## # rcntpd addserver <yourserver>
## The servers will only be added to the currently running instance, not
## to /etc/ntp.conf.
##

# Access control configuration; see /usr/share/doc/packages/ntp/html/accopt.html for
# details.  The web page <http://support.ntp.org/bin/view/Support/AccessRestrictions>
# might also be helpful.
#
# Note that "restrict" applies to both servers and clients, so a configuration
# that might be intended to block requests from certain clients could also end
# up blocking replies from your own upstream servers.

# By default, exchange time with everybody, but don't allow configuration.
restrict -4 default notrap nomodify nopeer noquery
restrict -6 default notrap nomodify nopeer noquery

# Local users may interrogate the ntp server more closely.
restrict 127.0.0.1
restrict ::1

# Clients from this (example!) subnet have unlimited access, but only if
# cryptographically authenticated.
#restrict 192.168.123.0 mask 255.255.255.0 notrust

##
## Miscellaneous stuff
##

driftfile /var/lib/ntp/drift/ntp.drift # path for drift file

logfile   /var/log/ntp		# alternate log file
# logconfig =syncstatus + sysevents
# logconfig =all

# statsdir /var/log/ntpstats/		# directory for statistics files
# filegen peerstats  file peerstats  type day enable
# filegen loopstats  file loopstats  type day enable
# filegen clockstats file clockstats type day enable

#
# Authentication stuff
#
keys /etc/ntp.keys		# path for keys file
trustedkey 1 # define trusted keys
requestkey 1			# key (7) for accessing server variables
controlkey 1			# key (6) for accessing server variables

server 172.30.144.243 ibrust
server 172.30.144.244 ibrust
python3-bind-9.16.6-150000.12.60.1.noarch     Mon May  2 11:05:04 2022
libdns1605-9.16.6-150000.12.60.1.x86_64       Mon May  2 11:05:00 2022
libirs1601-9.16.6-150000.12.60.1.x86_64       Mon May  2 11:04:57 2022
bind-utils-9.16.6-150000.12.60.1.x86_64       Mon May  2 11:04:53 2022
libns1604-9.16.6-150000.12.60.1.x86_64        Mon May  2 11:04:50 2022
libisccc1600-9.16.6-150000.12.60.1.x86_64     Mon May  2 11:04:46 2022
libisccfg1600-9.16.6-150000.12.60.1.x86_64    Mon May  2 11:04:43 2022
libisc1606-9.16.6-150000.12.60.1.x86_64       Mon May  2 11:04:40 2022
bind-chrootenv-9.16.6-150000.12.60.1.x86_64   Mon May  2 11:04:34 2022
libbind9-1600-9.16.6-150000.12.60.1.x86_64    Mon May  2 10:56:31 2022
xen-tools-domU-4.13.4_08-150200.3.50.1.x86_64 Mon May  2 10:55:25 2022
xen-libs-4.13.4_08-150200.3.50.1.x86_64       Mon May  2 10:55:24 2022
git-core-2.26.2-150000.36.1.x86_64            Mon May  2 10:55:24 2022
libinput10-1.10.5-150000.3.3.1.x86_64         Mon May  2 10:52:31 2022
libinput-udev-1.10.5-150000.3.3.1.x86_64      Mon May  2 10:52:31 2022
libopenssl1_0_0-1.0.2p-3.49.1.x86_64          Mon May  2 10:47:52 2022
cyrus-sasl-saslauthd-2.1.26-5.10.1.x86_64     Mon May  2 10:47:31 2022
salt-minion-3002.2-150200.58.1.x86_64         Mon May  2 10:47:08 2022
salt-3002.2-150200.58.1.x86_64                Mon May  2 10:47:08 2022
python3-salt-3002.2-150200.58.1.x86_64        Mon May  2 10:47:08 2022
supportutils-plugin-susemanager-client-4.2.2-3.15.1.noarch Mon May  2 10:47:06 2022
zypper-needs-restarting-1.14.52-150200.30.2.noarch Mon May  2 10:45:21 2022
zypper-log-1.14.52-150200.30.2.noarch         Mon May  2 10:45:21 2022
zypper-1.14.52-150200.30.2.x86_64             Mon May  2 10:45:21 2022
ruby-solv-0.7.22-150200.12.1.x86_64           Mon May  2 10:45:21 2022
python3-solv-0.7.22-150200.12.1.x86_64        Mon May  2 10:45:21 2022
xterm-330-11.3.1.x86_64                       Mon Apr 25 09:01:44 2022
xorg-x11-fonts-legacy-7.6-13.6.1.noarch       Mon Apr 25 09:01:43 2022
xorg-x11-fonts-7.6-13.6.1.noarch              Mon Apr 25 09:01:41 2022
xorg-x11-fonts-converted-7.6-13.6.5.noarch    Mon Apr 25 09:01:40 2022
libzypp-17.30.0-150200.36.1.x86_64            Mon Apr 25 09:00:16 2022
libsolv-tools-0.7.22-150200.12.1.x86_64       Mon Apr 25 09:00:15 2022
perl-SNMP-5.7.3-10.12.1.x86_64                Mon Apr 25 08:56:55 2022
snmp-mibs-5.7.3-10.12.1.x86_64                Mon Apr 25 08:56:50 2022
libsnmp30-5.7.3-10.12.1.x86_64                Mon Apr 25 08:56:50 2022
libsoftokn3-hmac-3.68.3-150000.3.67.1.x86_64  Fri Apr 22 13:23:45 2022
mozilla-nss-3.68.3-150000.3.67.1.x86_64       Fri Apr 22 13:23:44 2022
libsoftokn3-3.68.3-150000.3.67.1.x86_64       Fri Apr 22 13:23:44 2022
libfreebl3-hmac-3.68.3-150000.3.67.1.x86_64   Fri Apr 22 13:23:44 2022
libfreebl3-3.68.3-150000.3.67.1.x86_64        Fri Apr 22 13:23:44 2022
net-snmp-5.7.3-10.12.1.x86_64                 Fri Apr 22 13:23:16 2022
python3-apparmor-2.13.4-3.11.1.x86_64         Wed Apr 13 16:29:42 2022
perl-apparmor-2.13.4-3.11.1.x86_64            Wed Apr 13 16:29:42 2022
apparmor-utils-lang-2.13.4-3.11.1.noarch      Wed Apr 13 16:29:42 2022
apparmor-utils-2.13.4-3.11.1.noarch           Wed Apr 13 16:29:42 2022
aide-0.16-24.1.x86_64                         Wed Apr 13 16:29:37 2022
bind-9.16.6-150000.12.60.1.x86_64             Fri Apr  8 10:22:03 2022
python3-lxml-4.7.1-3.7.1.x86_64               Fri Apr  8 10:21:10 2022
libqt5-qtstyleplugins-platformtheme-gtk2-5.0.0+git20170311-bp152.3.18.x86_64 Fri Apr  8 10:21:04 2022
libqt5-qtimageformats-5.12.7-1.50.x86_64      Fri Apr  8 10:21:04 2022
libQt5Widgets5-5.12.7-4.17.1.x86_64           Fri Apr  8 10:21:04 2022
libQt5Gui5-5.12.7-4.17.1.x86_64               Fri Apr  8 10:21:04 2022
libqt5-qttranslations-5.12.7-1.53.x86_64      Fri Apr  8 10:21:03 2022
libmng2-2.0.3-1.39.x86_64                     Fri Apr  8 10:21:03 2022
libjasper4-2.0.14-3.19.1.x86_64               Fri Apr  8 10:21:03 2022
libQt5Network5-5.12.7-4.17.1.x86_64           Fri Apr  8 10:21:03 2022
libQt5DBus5-5.12.7-4.17.1.x86_64              Fri Apr  8 10:21:03 2022
libQt5Core5-5.12.7-4.17.1.x86_64              Fri Apr  8 10:21:03 2022
libwebpdemux2-1.0.3-1.62.x86_64               Fri Apr  8 10:21:02 2022
liblcms2-2-2.9-3.3.1.x86_64                   Fri Apr  8 10:21:02 2022
libz1-32bit-1.2.11-150000.3.30.1.x86_64       Wed Apr  6 11:26:26 2022
libz1-1.2.11-150000.3.30.1.x86_64             Wed Apr  6 11:26:26 2022
glibc-devel-32bit-2.26-13.65.1.x86_64         Wed Apr  6 10:52:06 2022
glibc-locale-2.26-13.65.1.x86_64              Wed Apr  6 10:52:05 2022
glibc-i18ndata-2.26-13.65.1.noarch            Wed Apr  6 10:52:03 2022
glibc-devel-2.26-13.65.1.x86_64               Wed Apr  6 10:52:03 2022
nscd-2.26-13.65.1.x86_64                      Wed Apr  6 10:52:02 2022
glibc-locale-base-2.26-13.65.1.x86_64         Wed Apr  6 10:52:02 2022
glibc-extra-2.26-13.65.1.x86_64               Wed Apr  6 10:52:01 2022
glibc-32bit-2.26-13.65.1.x86_64               Wed Apr  6 10:52:01 2022
libexpat1-2.2.5-3.19.1.x86_64                 Wed Apr  6 10:16:29 2022
sles-ltss-release-15.2-7.3.1.x86_64           Wed Apr  6 10:14:04 2022
sle-manager-tools-release-15-113.8.1.x86_64   Wed Apr  6 10:14:04 2022
vim-data-8.0.1568-5.17.1.noarch               Wed Mar 30 13:49:48 2022
vim-8.0.1568-5.17.1.x86_64                    Wed Mar 30 13:49:48 2022
zsh-5.6-7.5.1.x86_64                          Wed Mar 30 13:49:46 2022
vim-data-common-8.0.1568-5.17.1.noarch        Wed Mar 30 13:49:46 2022
expat-2.2.5-3.19.1.x86_64                     Wed Mar 30 13:49:46 2022
glibc-2.26-13.65.1.x86_64                     Wed Mar 30 13:49:44 2022
libmodman1-2.0.1-1.27.x86_64                  Wed Mar 30 13:28:11 2022
sapconf-5.0.3-40.68.1.noarch                  Thu Mar 24 13:23:50 2022
sysstat-12.0.2-10.36.1.x86_64                 Thu Mar 24 13:23:49 2022
ruby2.1-2.1.9-18.1.x86_64                     Thu Mar 24 13:23:48 2022
ruby-common-2.1-19.1.noarch                   Thu Mar 24 13:23:48 2022
procmail-3.22-269.3.5.x86_64                  Thu Mar 24 13:23:48 2022
ntp-4.2.8p15-88.1.x86_64                      Thu Mar 24 13:23:48 2022
xdg-menu-0.2-214.18.noarch                    Thu Mar 24 13:23:47 2022
telnet-1.2-165.63.x86_64                      Thu Mar 24 13:23:47 2022
ruby2.1-rubygem-gem2rpm-0.10.1-4.1.x86_64     Thu Mar 24 13:23:47 2022
metamail-2.7.19-1265.76.x86_64                Thu Mar 24 13:23:47 2022
insserv-compat-0.1-14.3.1.noarch              Thu Mar 24 13:23:47 2022
gcc9-ada-32bit-9.3.1+git1296-1.7.2.x86_64     Thu Mar 24 13:23:47 2022
gcc9-go-32bit-9.3.1+git1296-1.7.2.x86_64      Thu Mar 24 13:23:46 2022
gcc9-c++-32bit-9.3.1+git1296-1.7.2.x86_64     Thu Mar 24 13:23:46 2022
gcc9-32bit-9.3.1+git1296-1.7.2.x86_64         Thu Mar 24 13:23:45 2022
gcc9-ada-9.3.1+git1296-1.7.2.x86_64           Thu Mar 24 13:23:44 2022
gcc9-fortran-9.3.1+git1296-1.7.2.x86_64       Thu Mar 24 13:23:41 2022
gcc9-c++-9.3.1+git1296-1.7.2.x86_64           Thu Mar 24 13:23:41 2022
gcc9-go-9.3.1+git1296-1.7.2.x86_64            Thu Mar 24 13:23:40 2022
gcc9-locale-9.3.1+git1296-1.7.2.x86_64        Thu Mar 24 13:23:38 2022
gcc9-9.3.1+git1296-1.7.2.x86_64               Thu Mar 24 13:23:37 2022
sqlite3-3.36.0-9.18.1.x86_64                  Thu Mar 24 13:23:35 2022
ruby2.1-stdlib-2.1.9-19.6.1.x86_64            Thu Mar 24 13:23:35 2022
cpp9-9.3.1+git1296-1.7.2.x86_64               Thu Mar 24 13:23:35 2022
tcpdump-4.9.2-14.20.1.x86_64                  Thu Mar 24 13:23:34 2022
libreadline6-6.3-83.26.4.x86_64               Thu Mar 24 13:23:34 2022
cyrus-sasl-plain-2.1.26-14.5.1.x86_64         Thu Mar 24 13:23:34 2022
cyrus-sasl-gssapi-2.1.26-14.5.1.x86_64        Thu Mar 24 13:23:34 2022
cyrus-sasl-digestmd5-2.1.26-14.5.1.x86_64     Thu Mar 24 13:23:34 2022
cyrus-sasl-2.1.26-14.5.1.x86_64               Thu Mar 24 13:23:34 2022
containerd-1.4.13-16.54.1.x86_64              Thu Mar 24 13:23:33 2022
sysvinit-tools-2.88+-101.3.1.x86_64           Thu Mar 24 13:23:31 2022
rpcbind-0.2.3-24.9.1.x86_64                   Thu Mar 24 13:23:31 2022
xrdb-1.1.0-5.5.1.x86_64                       Thu Mar 24 13:23:30 2022
unzip-6.00-33.13.3.x86_64                     Thu Mar 24 13:23:30 2022
python-rpm-macros-20200207.5feb6c1-3.19.1.noarch Thu Mar 24 13:23:30 2022
libgo14-32bit-9.3.1+git1296-1.7.2.x86_64      Thu Mar 24 13:23:30 2022
libacl1-32bit-2.2.52-7.3.1.x86_64             Thu Mar 24 13:23:30 2022
libacl1-2.2.52-7.3.1.x86_64                   Thu Mar 24 13:23:30 2022
wireless-regdb-2019.06.03-4.22.1.noarch       Thu Mar 24 13:23:29 2022
libseccomp2-32bit-2.4.1-11.3.2.x86_64         Thu Mar 24 13:23:29 2022
libgo14-9.3.1+git1296-1.7.2.x86_64            Thu Mar 24 13:23:29 2022
libasan5-9.3.1+git1296-1.7.2.x86_64           Thu Mar 24 13:23:29 2022
libasan5-32bit-9.3.1+git1296-1.7.2.x86_64     Thu Mar 24 13:23:29 2022
libseccomp2-2.4.1-11.3.2.x86_64               Thu Mar 24 13:23:28 2022
libpcre2-8-0-10.34-1.3.1.x86_64               Thu Mar 24 13:23:28 2022
libpcre2-16-0-10.34-1.3.1.x86_64              Thu Mar 24 13:23:28 2022
libpcap1-1.8.1-10.3.1.x86_64                  Thu Mar 24 13:23:28 2022
libncurses5-5.9-72.1.x86_64                   Thu Mar 24 13:23:28 2022
libjpeg8-8.1.2-31.19.1.x86_64                 Thu Mar 24 13:23:28 2022
libjpeg62-62.2.0-31.19.1.x86_64               Thu Mar 24 13:23:27 2022
libjansson4-2.12-3.5.1.x86_64                 Thu Mar 24 13:23:27 2022
libfl2-2.6.4-9.7.1.x86_64                     Thu Mar 24 13:23:27 2022
xsetroot-1.1.1-3.57.x86_64                    Thu Mar 24 13:23:26 2022
tcpd-7.6-886.3.x86_64                         Thu Mar 24 13:23:26 2022
sharutils-4.11.1-14.64.x86_64                 Thu Mar 24 13:23:26 2022
lockdev-1.0.3_git201003141408-27.1.x86_64     Thu Mar 24 13:23:26 2022
libsmi-0.4.8-18.63.x86_64                     Thu Mar 24 13:23:26 2022
libXmu6-1.1.2-3.60.x86_64                     Thu Mar 24 13:23:26 2022
blog-2.19-4.3.2.x86_64                        Thu Mar 24 13:23:26 2022
attr-2.4.47-3.143.x86_64                      Thu Mar 24 13:23:26 2022
syslog-service-2.0-778.1.noarch               Thu Mar 24 13:23:25 2022
libfam0-gamin-0.1.10-11.25.x86_64             Thu Mar 24 13:23:25 2022
zip-3.0-16.3.1.x86_64                         Thu Mar 24 13:23:24 2022
yast2-sap-scp-prodlist-1.0.4-5.6.1.noarch     Thu Mar 24 13:23:24 2022
xrandr-1.5.0-4.4.x86_64                       Thu Mar 24 13:23:24 2022
x11-tools-0.1-205.1.noarch                    Thu Mar 24 13:23:24 2022
mlocate-0.26-12.1.x86_64                      Thu Mar 24 13:23:24 2022
mailx-12.5-28.1.x86_64                        Thu Mar 24 13:23:24 2022
lsscsi-0.29-7.3.1.x86_64                      Thu Mar 24 13:23:24 2022
libwrap0-7.6-886.3.x86_64                     Thu Mar 24 13:23:24 2022
libruby2_1-2_1-2.1.9-18.1.x86_64              Thu Mar 24 13:23:24 2022
libref_array1-0.1.5-24.1.x86_64               Thu Mar 24 13:23:23 2022
libpixman-1-0-0.34.0-6.1.x86_64               Thu Mar 24 13:23:23 2022
libpath_utils1-0.2.1-24.1.x86_64              Thu Mar 24 13:23:23 2022
libmpfr4-3.1.2-7.1.x86_64                     Thu Mar 24 13:23:23 2022
libffi4-5.3.1+r233831-12.1.x86_64             Thu Mar 24 13:23:23 2022
libdb-4_8-4.8.30-29.6.x86_64                  Thu Mar 24 13:23:23 2022
libcollection4-0.7.0-24.1.x86_64              Thu Mar 24 13:23:23 2022
libbasicobjects0-0.1.1-24.1.x86_64            Thu Mar 24 13:23:23 2022
yast2-trans-stats-2.19.0-15.22.noarch         Thu Mar 24 13:23:22 2022
xorg-x11-fonts-core-7.6-29.45.noarch          Thu Mar 24 13:23:22 2022
libXfont2-2-2.0.3-1.19.x86_64                 Thu Mar 24 13:23:22 2022
fdupes-1.61-7.1.x86_64                        Thu Mar 24 13:23:22 2022
adjtimex-1.29-3.1.x86_64                      Thu Mar 24 13:23:22 2022
xorg-x11-driver-video-7.6_1-14.30.x86_64      Thu Mar 24 13:23:21 2022
xbitmaps-1.1.1-10.9.noarch                    Thu Mar 24 13:23:21 2022
x11-japanese-bitmap-fonts-20020904-651.139.noarch Thu Mar 24 13:23:21 2022
sysfsutils-2.1.0-151.65.x86_64                Thu Mar 24 13:23:20 2022
sharutils-lang-4.11.1-14.64.x86_64            Thu Mar 24 13:23:20 2022
luit-2.0_20130217-4.57.x86_64                 Thu Mar 24 13:23:20 2022
libutempter0-1.1.6-5.114.x86_64               Thu Mar 24 13:23:20 2022
libsmi2-0.4.8-18.63.x86_64                    Thu Mar 24 13:23:20 2022
libpopt0-1.16-26.128.x86_64                   Thu Mar 24 13:23:19 2022
libnscd1-2.0.2-134.13.x86_64                  Thu Mar 24 13:23:19 2022
libnfnetlink0-1.0.1-6.58.x86_64               Thu Mar 24 13:23:19 2022
liblockdev1-1.0.3_git201003141408-27.1.x86_64 Thu Mar 24 13:23:19 2022
libattr1-32bit-2.4.47-3.143.x86_64            Thu Mar 24 13:23:19 2022
libattr1-2.4.47-3.143.x86_64                  Thu Mar 24 13:23:19 2022
libaio1-0.3.109-17.15.x86_64                  Thu Mar 24 13:23:18 2022
libXmuu1-1.1.2-3.60.x86_64                    Thu Mar 24 13:23:18 2022
libXinerama1-1.1.3-3.55.x86_64                Thu Mar 24 13:23:18 2022
libXdamage1-1.1.4-7.54.x86_64                 Thu Mar 24 13:23:18 2022
libXcomposite1-0.4.4-7.53.x86_64              Thu Mar 24 13:23:18 2022
libXau6-1.0.8-4.58.x86_64                     Thu Mar 24 13:23:18 2022
libSM6-1.2.2-3.59.x86_64                      Thu Mar 24 13:23:18 2022
initviocons-0.5-101.62.x86_64                 Thu Mar 24 13:23:18 2022
google-opensans-fonts-1.0-9.128.noarch        Thu Mar 24 13:23:18 2022
libstdc++6-devel-gcc9-32bit-9.3.1+git1296-1.7.2.x86_64 Thu Mar 24 13:23:17 2022
gamin-server-0.1.10-11.19.x86_64              Thu Mar 24 13:23:17 2022
fillup-1.42-270.64.x86_64                     Thu Mar 24 13:23:17 2022
bonnie-1.5-482.47.x86_64                      Thu Mar 24 13:23:17 2022
bing-1.0.5-158.59.x86_64                      Thu Mar 24 13:23:17 2022
libstdc++6-devel-gcc9-9.3.1+git1296-1.7.2.x86_64 Thu Mar 24 13:23:16 2022
libstdc++6-pp-gcc9-9.3.1+git1296-1.7.2.x86_64 Thu Mar 24 13:23:15 2022
libstdc++6-pp-gcc9-32bit-9.3.1+git1296-1.7.2.x86_64 Thu Mar 24 13:23:15 2022
libada9-9.3.1+git1296-1.7.2.x86_64            Thu Mar 24 13:23:15 2022
libada9-32bit-9.3.1+git1296-1.7.2.x86_64      Thu Mar 24 13:23:15 2022
supportutils-plugin-suse-public-cloud-1.0.6-6.13.1.noarch Thu Mar 24 13:23:14 2022
supportutils-plugin-salt-1.1.5-6.13.1.noarch  Thu Mar 24 13:23:14 2022
mozilla-nss-tools-3.68.2-58.60.1.x86_64       Thu Mar 24 13:23:14 2022
libnetfilter_cttimeout1-1.0.0-9.1.x86_64      Thu Mar 24 13:23:14 2022
libnetfilter_cthelper0-1.0.0-7.1.x86_64       Thu Mar 24 13:23:14 2022
gcc9-info-9.3.1+git1296-1.7.2.noarch          Thu Mar 24 13:23:14 2022
binutils-2.37-9.44.1.x86_64                   Thu Mar 24 13:23:13 2022
openslp-2.0.0-24.2.1.x86_64                   Thu Mar 24 13:23:12 2022
mozilla-nss-certs-3.68.2-58.60.1.x86_64       Thu Mar 24 13:23:11 2022
libsasl2-3-32bit-2.1.26-14.5.1.x86_64         Thu Mar 24 13:23:11 2022
libsasl2-3-2.1.26-14.5.1.x86_64               Thu Mar 24 13:23:11 2022
librdkafka1-0.11.6-7.2.1.x86_64               Thu Mar 24 13:23:11 2022
libctf0-2.37-9.44.1.x86_64                    Thu Mar 24 13:23:11 2022
bzip2-1.0.6-30.14.1.x86_64                    Thu Mar 24 13:23:11 2022
SAPHanaSR-doc-0.155.0-3.17.3.noarch           Thu Mar 24 13:23:11 2022
SAPHanaSR-0.155.0-3.17.3.noarch               Thu Mar 24 13:23:11 2022
yast2-saptune-1.4-3.7.1.noarch                Thu Mar 24 13:23:10 2022
mozilla-nspr-4.32-19.18.1.x86_64              Thu Mar 24 13:23:10 2022
libsqlite3-0-3.36.0-9.18.1.x86_64             Thu Mar 24 13:23:10 2022
libctf-nobfd0-2.37-9.44.1.x86_64              Thu Mar 24 13:23:10 2022
libbz2-1-1.0.6-30.14.1.x86_64                 Thu Mar 24 13:23:10 2022
shim-15.4-25.21.1.x86_64                      Thu Mar 24 13:23:06 2022
sap-suse-cluster-connector-3.1.2-14.1.noarch  Thu Mar 24 13:23:06 2022
readline-doc-6.3-83.26.4.noarch               Thu Mar 24 13:23:06 2022
libcap2-32bit-2.26-14.6.1.x86_64              Thu Mar 24 13:23:06 2022
libcap2-2.26-14.6.1.x86_64                    Thu Mar 24 13:23:06 2022
cifs-utils-6.9-13.17.1.x86_64                 Thu Mar 24 13:23:06 2022
chrony-4.1-5.9.1.x86_64                       Wed Mar 23 14:06:06 2022
libnettle4-2.7.1-13.6.1.x86_64                Wed Mar 23 14:06:03 2022
aws-sap-dataprovider-standalone-4.1-0.amzn2.x86_64 Mon Mar 21 08:31:19 2022
jre1.8-1.8.0_321-fcs.x86_64                   Mon Mar 21 08:31:09 2022
openssh-8.1p1-5.21.1.x86_64                   Wed Mar 16 11:33:15 2022
gpg-pubkey-c6fbd3a0-5e2f064d                  Mon Mar 14 11:25:15 2022
yast2-vpn-4.2.4-1.46.noarch                   Mon Feb 28 10:51:19 2022
yast2-snapper-4.2.0-1.152.x86_64              Mon Feb 28 10:51:19 2022
yast2-registration-4.2.47-3.12.1.noarch       Mon Feb 28 10:51:19 2022
yast2-migration-4.2.5-3.3.1.noarch            Mon Feb 28 10:51:19 2022
yast2-auth-server-4.2.3-1.143.noarch          Mon Feb 28 10:51:19 2022
patterns-yast-yast2_basis-20190411-1.44.x86_64 Mon Feb 28 10:51:19 2022
patterns-server-enterprise-sap_server-20171206-12.6.1.x86_64 Mon Feb 28 10:51:19 2022
cloud-init-21.2-8.51.1.x86_64                 Mon Feb 28 10:51:19 2022
samba-python3-4.11.14+git.319.91d693db37c-4.35.1.x86_64 Mon Feb 28 10:51:18 2022
cloud-netconfig-ec2-1.6-25.5.1.noarch         Mon Feb 28 10:51:18 2022
yast2-add-on-4.2.19-3.9.1.noarch              Mon Feb 28 10:51:17 2022
samba-client-4.11.14+git.319.91d693db37c-4.35.1.x86_64 Mon Feb 28 10:51:17 2022
samba-4.11.14+git.319.91d693db37c-4.35.1.x86_64 Mon Feb 28 10:51:17 2022
libsamba-policy0-python3-4.11.14+git.319.91d693db37c-4.35.1.x86_64 Mon Feb 28 10:51:17 2022
yast2-update-4.2.22-3.10.1.x86_64             Mon Feb 28 10:51:16 2022
yast2-ftp-server-4.2.6-3.3.1.noarch           Mon Feb 28 10:51:16 2022
libsmbclient0-4.11.14+git.319.91d693db37c-4.35.1.x86_64 Mon Feb 28 10:51:16 2022
autoyast2-installation-4.2.56-3.23.1.noarch   Mon Feb 28 10:51:16 2022
yast2-users-4.2.13-3.6.1.x86_64               Mon Feb 28 10:51:15 2022
yast2-nis-server-4.2.3-3.3.1.noarch           Mon Feb 28 10:51:15 2022
yast2-network-4.2.109-3.74.1.noarch           Mon Feb 28 10:51:15 2022
yast2-installation-4.2.54-3.34.1.noarch       Mon Feb 28 10:51:15 2022
yast2-country-4.2.23-3.11.1.x86_64            Mon Feb 28 10:51:15 2022
yast2-storage-ng-4.2.121-3.27.2.x86_64        Mon Feb 28 10:51:14 2022
yast2-packager-4.2.70-3.18.1.x86_64           Mon Feb 28 10:51:14 2022
yast2-nfs-server-4.2.5-3.3.1.noarch           Mon Feb 28 10:51:14 2022
yast2-auth-client-4.2.6-3.3.1.noarch          Mon Feb 28 10:51:14 2022
yast2-4.2.95-3.33.1.x86_64                    Mon Feb 28 10:51:14 2022
sysconfig-netconfig-0.85.6-9.1.x86_64         Mon Feb 28 10:51:14 2022
patterns-base-minimal_base-20200124-4.12.1.x86_64 Mon Feb 28 10:51:14 2022
patterns-base-basesystem-20200124-4.12.1.x86_64 Mon Feb 28 10:51:14 2022
patterns-base-base-20200124-4.12.1.x86_64     Mon Feb 28 10:51:14 2022
sysconfig-0.85.6-9.1.x86_64                   Mon Feb 28 10:51:13 2022
docker-bash-completion-20.10.9_ce-156.1.noarch Mon Feb 28 10:50:55 2022
crash-kmp-default-7.2.8_k5.3.18_24.67-18.7.1.x86_64 Mon Feb 28 10:50:55 2022
docker-20.10.9_ce-156.1.x86_64                Mon Feb 28 10:50:54 2022
python3-ec2imgutils-9.0.4-6.4.1.noarch        Mon Feb 28 10:50:50 2022
aws-cli-1.20.7-30.3.1.noarch                  Mon Feb 28 10:50:49 2022
supportutils-plugin-ha-sap-0.0.2+git.1623772960.fed5aa7-1.6.1.noarch Mon Feb 28 10:50:48 2022
saptune-3.0.2-8.22.2.x86_64                   Mon Feb 28 10:50:47 2022
ha-cluster-bootstrap-0.5-13.3.1.noarch        Mon Feb 28 10:50:47 2022
crmsh-4.3.1+20211119.97feb471-5.71.1.noarch   Mon Feb 28 10:50:47 2022
pacemaker-2.0.4+20200616.2deceaa3a-3.15.1.x86_64 Mon Feb 28 10:50:46 2022
sbd-1.5.0+20210720.f4ca41f-3.12.1.x86_64      Mon Feb 28 10:50:45 2022
pacemaker-cli-2.0.4+20200616.2deceaa3a-3.15.1.x86_64 Mon Feb 28 10:50:45 2022
libpacemaker3-2.0.4+20200616.2deceaa3a-3.15.1.x86_64 Mon Feb 28 10:50:45 2022
ocfs2-tools-1.8.5-12.11.1.x86_64              Mon Feb 28 10:50:44 2022
lvm2-lockd-2.03.05-8.39.1.x86_64              Mon Feb 28 10:50:44 2022
libdlm-4.0.9-6.8.1.x86_64                     Mon Feb 28 10:50:44 2022
libvotequorum8-2.4.5-10.14.9.1.x86_64         Mon Feb 28 10:50:43 2022
libtotem_pg5-2.4.5-10.14.9.1.x86_64           Mon Feb 28 10:50:43 2022
libsam4-2.4.5-10.14.9.1.x86_64                Mon Feb 28 10:50:43 2022
libcpg4-2.4.5-10.14.9.1.x86_64                Mon Feb 28 10:50:43 2022
libcmap4-2.4.5-10.14.9.1.x86_64               Mon Feb 28 10:50:43 2022
libcfg6-2.4.5-10.14.9.1.x86_64                Mon Feb 28 10:50:43 2022
corosync-2.4.5-10.14.9.1.x86_64               Mon Feb 28 10:50:43 2022
cluster-md-kmp-default-5.3.18-24.102.1.x86_64 Mon Feb 28 10:50:42 2022
ocfs2-kmp-default-5.3.18-24.102.1.x86_64      Mon Feb 28 10:50:41 2022
libquorum5-2.4.5-10.14.9.1.x86_64             Mon Feb 28 10:50:41 2022
gfs2-kmp-default-5.3.18-24.102.1.x86_64       Mon Feb 28 10:50:41 2022
ldirectord-4.4.0+git57.70549516-3.43.1.x86_64 Mon Feb 28 10:50:40 2022
ctdb-4.11.14+git.319.91d693db37c-4.35.1.x86_64 Mon Feb 28 10:50:40 2022
dlm-kmp-default-5.3.18-24.102.1.x86_64        Mon Feb 28 10:50:39 2022
resource-agents-4.4.0+git57.70549516-3.43.1.x86_64 Mon Feb 28 10:50:16 2022
libcorosync_common4-2.4.5-10.14.9.1.x86_64    Mon Feb 28 10:50:16 2022
drbd-kmp-default-9.0.22~1+git.fe2b5983_k5.3.18_24.96-3.13.1.x86_64 Mon Feb 28 10:50:16 2022
samba-libs-python3-4.11.14+git.319.91d693db37c-4.35.1.x86_64 Mon Feb 28 10:50:15 2022
libwbclient0-4.11.14+git.319.91d693db37c-4.35.1.x86_64 Mon Feb 28 10:50:15 2022
libsmbldap2-4.11.14+git.319.91d693db37c-4.35.1.x86_64 Mon Feb 28 10:50:15 2022
libsmbconf0-4.11.14+git.319.91d693db37c-4.35.1.x86_64 Mon Feb 28 10:50:15 2022
libsamdb0-4.11.14+git.319.91d693db37c-4.35.1.x86_64 Mon Feb 28 10:50:15 2022
libsamba-util0-4.11.14+git.319.91d693db37c-4.35.1.x86_64 Mon Feb 28 10:50:15 2022
libsamba-passdb0-4.11.14+git.319.91d693db37c-4.35.1.x86_64 Mon Feb 28 10:50:15 2022
libsamba-hostconfig0-4.11.14+git.319.91d693db37c-4.35.1.x86_64 Mon Feb 28 10:50:15 2022
libsamba-credentials0-4.11.14+git.319.91d693db37c-4.35.1.x86_64 Mon Feb 28 10:50:15 2022
libnetapi0-4.11.14+git.319.91d693db37c-4.35.1.x86_64 Mon Feb 28 10:50:15 2022
libndr0-4.11.14+git.319.91d693db37c-4.35.1.x86_64 Mon Feb 28 10:50:15 2022
libndr-standard0-4.11.14+git.319.91d693db37c-4.35.1.x86_64 Mon Feb 28 10:50:15 2022
libndr-nbt0-4.11.14+git.319.91d693db37c-4.35.1.x86_64 Mon Feb 28 10:50:15 2022
libndr-krb5pac0-4.11.14+git.319.91d693db37c-4.35.1.x86_64 Mon Feb 28 10:50:15 2022
libdcerpc0-4.11.14+git.319.91d693db37c-4.35.1.x86_64 Mon Feb 28 10:50:15 2022
libdcerpc-binding0-4.11.14+git.319.91d693db37c-4.35.1.x86_64 Mon Feb 28 10:50:15 2022
wicked-service-0.6.68-3.8.1.x86_64            Mon Feb 28 10:50:14 2022
kernel-default-5.3.18-24.102.1.x86_64         Mon Feb 28 10:50:05 2022
wicked-0.6.68-3.8.1.x86_64                    Mon Feb 28 10:50:00 2022
samba-libs-4.11.14+git.319.91d693db37c-4.35.1.x86_64 Mon Feb 28 10:50:00 2022
rollback-helper-1.0+git20181218.5394d6e-4.3.1.noarch Mon Feb 28 10:49:59 2022
xf86-input-wacom-0.34.2-3.3.4.x86_64          Mon Feb 28 10:49:58 2022
libstorage-ng1-4.2.78-3.13.1.x86_64           Mon Feb 28 10:49:58 2022
libstorage-ng-ruby-4.2.78-3.13.1.x86_64       Mon Feb 28 10:49:58 2022
kdump-0.9.0-11.6.1.x86_64                     Mon Feb 28 10:49:57 2022
supportutils-3.1.17-5.34.1.noarch             Mon Feb 28 10:49:56 2022
python3-boto3-1.18.7-23.4.1.noarch            Mon Feb 28 10:49:56 2022
lvm2-2.03.05-8.36.1.x86_64                    Mon Feb 28 10:49:56 2022
dracut-049.1+suse.218.gca24e614-3.48.3.x86_64 Mon Feb 28 10:49:56 2022
python3-s3transfer-0.5.0-9.4.1.noarch         Mon Feb 28 10:49:55 2022
python3-botocore-1.21.7-37.4.1.noarch         Mon Feb 28 10:49:55 2022
kmod-compat-25-6.10.1.x86_64                  Mon Feb 28 10:49:55 2022
cronie-1.5.1-70.14.4.1.x86_64                 Mon Feb 28 10:49:55 2022
cron-4.2-70.14.4.1.x86_64                     Mon Feb 28 10:49:55 2022
suse-module-tools-15.2.16-4.12.1.x86_64       Mon Feb 28 10:49:54 2022
apparmor-parser-lang-2.13.4-3.11.1.noarch     Mon Feb 28 10:49:54 2022
btrfsmaintenance-0.4.2-3.3.1.noarch           Mon Feb 28 10:49:52 2022
xorg-x11-Xvnc-module-1.9.0-19.12.1.x86_64     Mon Feb 28 10:49:51 2022
python3-urllib3-1.25.10-9.14.1.noarch         Mon Feb 28 10:49:51 2022
libyui-ncurses-pkg11-2.50.8-3.3.1.x86_64      Mon Feb 28 10:49:51 2022
aaa_base-extras-84.87+git20180409.04c9dae-3.52.1.x86_64 Mon Feb 28 10:49:51 2022
btrfsprogs-4.19.1-8.6.2.x86_64                Mon Feb 28 10:49:50 2022
apparmor-parser-2.13.4-3.11.1.x86_64          Mon Feb 28 10:49:50 2022
postfix-3.4.7-3.9.3.x86_64                    Mon Feb 28 10:49:49 2022
util-linux-systemd-2.33.2-4.16.1.x86_64       Mon Feb 28 10:49:48 2022
yast2-pkg-bindings-4.2.16-3.17.1.x86_64       Mon Feb 28 10:49:47 2022
xorg-x11-Xvnc-1.9.0-19.12.1.x86_64            Mon Feb 28 10:49:47 2022
python3-brotlipy-0.7.0-3.3.1.x86_64           Mon Feb 28 10:49:47 2022
libyui-qt-pkg11-2.47.5-3.2.1.x86_64           Mon Feb 28 10:49:47 2022
graphviz-gd-2.40.1-6.12.1.x86_64              Mon Feb 28 10:49:47 2022
fence-agents-4.9.0+git.1624456340.8d746be9-7.29.1.x86_64 Mon Feb 28 10:49:47 2022
crmsh-scripts-4.3.1+20211119.97feb471-5.71.1.noarch Mon Feb 28 10:49:47 2022
SUSEConnect-0.3.32-16.1.x86_64                Mon Feb 28 10:49:47 2022
yast2-x11-4.1.0-5.18.x86_64                   Mon Feb 28 10:49:46 2022
xf86-video-vesa-2.4.0-3.31.x86_64             Mon Feb 28 10:49:46 2022
xf86-video-fbdev-0.5.0-4.31.x86_64            Mon Feb 28 10:49:46 2022
xf86-input-libinput-0.28.1-4.32.x86_64        Mon Feb 28 10:49:46 2022
xf86-input-evdev-2.10.6-4.31.x86_64           Mon Feb 28 10:49:46 2022
snapper-zypp-plugin-0.8.9-2.20.x86_64         Mon Feb 28 10:49:46 2022
snapper-0.8.9-2.20.x86_64                     Mon Feb 28 10:49:46 2022
ruby2.5-rubygem-activerecord-5_1-5.1.4-5.3.3.x86_64 Mon Feb 28 10:49:46 2022
python3-PySocks-1.6.8-1.19.noarch             Mon Feb 28 10:49:46 2022
libsnapper5-0.8.9-2.20.x86_64                 Mon Feb 28 10:49:46 2022
tuned-2.10.0-11.6.1.noarch                    Mon Feb 28 10:49:45 2022
virt-what-1.21-3.3.1.x86_64                   Mon Feb 28 10:49:44 2022
uuidd-2.33.2-4.16.1.x86_64                    Mon Feb 28 10:49:44 2022
python2-dbus-python-1.2.16-6.3.1.x86_64       Mon Feb 28 10:49:44 2022
polkit-0.116-3.6.1.x86_64                     Mon Feb 28 10:49:44 2022
libpolkit0-0.116-3.6.1.x86_64                 Mon Feb 28 10:49:44 2022
systemd-sysvinit-234-24.105.1.x86_64          Mon Feb 28 10:49:43 2022
systemd-coredump-234-24.105.1.x86_64          Mon Feb 28 10:49:43 2022
rsyslog-8.2106.0-4.16.1.x86_64                Mon Feb 28 10:49:43 2022
udev-234-24.105.1.x86_64                      Mon Feb 28 10:49:42 2022
libvirt-client-6.0.0-13.24.1.x86_64           Mon Feb 28 10:49:42 2022
python3-Twisted-19.10.0-3.6.1.x86_64          Mon Feb 28 10:49:41 2022
nfs-kernel-server-2.1.1-10.21.1.x86_64        Mon Feb 28 10:49:41 2022
systemd-234-24.105.1.x86_64                   Mon Feb 28 10:49:39 2022
libvirt-libs-6.0.0-13.24.1.x86_64             Mon Feb 28 10:49:38 2022
xorg-x11-server-1.20.3-22.5.42.1.x86_64       Mon Feb 28 10:49:37 2022
nfs-client-2.1.1-10.21.1.x86_64               Mon Feb 28 10:49:37 2022
yast2-python3-bindings-4.2.0-3.3.1.x86_64     Mon Feb 28 10:49:36 2022
python3-rsa-3.4.2-3.4.1.noarch                Mon Feb 28 10:49:36 2022
python3-curses-3.6.15-3.91.4.x86_64           Mon Feb 28 10:49:36 2022
python3-cryptography-2.8-10.1.x86_64          Mon Feb 28 10:49:36 2022
python3-cffi-1.13.2-3.2.5.x86_64              Mon Feb 28 10:49:36 2022
python3-Babel-2.8.0-3.3.1.noarch              Mon Feb 28 10:49:36 2022
libtevent-util0-4.11.14+git.319.91d693db37c-4.35.1.x86_64 Mon Feb 28 10:49:36 2022
python3-pytz-2021.1-6.7.1.noarch              Mon Feb 28 10:49:33 2022
python3-pycparser-2.17-3.2.1.noarch           Mon Feb 28 10:49:33 2022
python3-pyasn1-0.4.2-3.2.1.noarch             Mon Feb 28 10:49:33 2022
python3-dbus-python-1.2.16-6.3.1.x86_64       Mon Feb 28 10:49:33 2022
python3-dbm-3.6.15-3.91.4.x86_64              Mon Feb 28 10:49:33 2022
python3-asn1crypto-0.24.0-3.2.1.noarch        Mon Feb 28 10:49:33 2022
python3-six-1.14.0-10.1.noarch                Mon Feb 28 10:49:32 2022
python3-rpm-4.14.1-22.7.1.x86_64              Mon Feb 28 10:49:32 2022
python3-3.6.15-3.91.4.x86_64                  Mon Feb 28 10:49:31 2022
grub2-x86_64-efi-2.04-9.52.3.noarch           Mon Feb 28 10:49:31 2022
grub2-systemd-sleep-plugin-2.04-9.52.3.noarch Mon Feb 28 10:49:31 2022
grub2-snapper-plugin-2.04-9.52.3.noarch       Mon Feb 28 10:49:31 2022
grub2-i386-pc-2.04-9.52.3.noarch              Mon Feb 28 10:49:31 2022
grub2-branding-SLE-15-20.6.1.noarch           Mon Feb 28 10:49:31 2022
aaa_base-84.87+git20180409.04c9dae-3.52.1.x86_64 Mon Feb 28 10:49:31 2022
python3-pip-20.0.2-6.15.1.noarch              Mon Feb 28 10:49:30 2022
graphviz-plugins-core-2.40.1-6.12.1.x86_64    Mon Feb 28 10:49:30 2022
device-mapper-1.02.163-8.36.1.x86_64          Mon Feb 28 10:49:30 2022
curl-7.66.0-4.27.1.x86_64                     Mon Feb 28 10:49:29 2022
util-linux-lang-2.33.2-4.16.1.noarch          Mon Feb 28 10:49:28 2022
typelib-1_0-NM-1_0-1.22.10-3.10.1.x86_64      Mon Feb 28 10:49:28 2022
ruby2.5-2.5.9-4.20.1.x86_64                   Mon Feb 28 10:49:28 2022
grub2-2.04-9.52.3.x86_64                      Mon Feb 28 10:49:27 2022
dbus-1-x11-1.12.2-8.11.1.x86_64               Mon Feb 28 10:49:27 2022
dbus-1-1.12.2-8.11.2.x86_64                   Mon Feb 28 10:49:27 2022
libpython3_6m1_0-3.6.15-3.91.3.x86_64         Mon Feb 28 10:49:26 2022
libdevmapper-event1_03-1.02.163-8.36.1.x86_64 Mon Feb 28 10:49:26 2022
krb5-client-1.16.3-3.24.1.x86_64              Mon Feb 28 10:49:26 2022
graphviz-2.40.1-6.12.1.x86_64                 Mon Feb 28 10:49:26 2022
sudo-1.8.27-4.21.4.x86_64                     Mon Feb 28 10:49:25 2022
ruby2.5-stdlib-2.5.9-4.20.1.x86_64            Mon Feb 28 10:49:25 2022
openldap2-client-2.4.46-9.58.1.x86_64         Mon Feb 28 10:49:25 2022
libcurl4-7.66.0-4.27.1.x86_64                 Mon Feb 28 10:49:25 2022
util-linux-2.33.2-4.16.1.x86_64               Mon Feb 28 10:49:24 2022
libnm0-1.22.10-3.10.1.x86_64                  Mon Feb 28 10:49:24 2022
liblvm2cmd2_03-2.03.05-8.36.1.x86_64          Mon Feb 28 10:49:24 2022
libgd3-2.2.5-11.3.1.x86_64                    Mon Feb 28 10:49:24 2022
libdevmapper1_03-1.02.163-8.36.1.x86_64       Mon Feb 28 10:49:24 2022
libdbus-1-3-1.12.2-8.11.2.x86_64              Mon Feb 28 10:49:24 2022
dosfstools-4.1-3.6.1.x86_64                   Mon Feb 28 10:49:24 2022
python3-base-3.6.15-3.91.3.x86_64             Mon Feb 28 10:49:23 2022
libgraphviz6-2.40.1-6.12.1.x86_64             Mon Feb 28 10:49:23 2022
wget-1.20.3-3.12.1.x86_64                     Mon Feb 28 10:49:22 2022
thin-provisioning-tools-0.7.5-3.3.1.x86_64    Mon Feb 28 10:49:22 2022
libruby2_5-2_5-2.5.9-4.20.1.x86_64            Mon Feb 28 10:49:22 2022
libldap-2_4-2-2.4.46-9.58.1.x86_64            Mon Feb 28 10:49:22 2022
krb5-1.16.3-3.24.1.x86_64                     Mon Feb 28 10:49:22 2022
Mesa-gallium-19.3.4-45.31.x86_64              Mon Feb 28 10:49:21 2022
Mesa-dri-19.3.4-45.31.x86_64                  Mon Feb 28 10:49:21 2022
metatheme-adwaita-common-3.22.3-4.3.1.noarch  Mon Feb 28 10:49:20 2022
libreiserfscore0-3.6.27-2.24.x86_64           Mon Feb 28 10:49:20 2022
libdrm_intel1-2.4.100-1.46.x86_64             Mon Feb 28 10:49:20 2022
gtk2-metatheme-adwaita-3.22.3-4.3.1.noarch    Mon Feb 28 10:49:20 2022
gtk2-branding-SLE-15.0-7.45.noarch            Mon Feb 28 10:49:20 2022
crda-3.18-1.34.x86_64                         Mon Feb 28 10:49:20 2022
checkmedia-5.4-1.13.x86_64                    Mon Feb 28 10:49:20 2022
Mesa-libva-19.3.4-45.31.x86_64                Mon Feb 28 10:49:20 2022
Mesa-libglapi0-19.3.4-45.23.x86_64            Mon Feb 28 10:49:20 2022
Mesa-libGL1-19.3.4-45.23.x86_64               Mon Feb 28 10:49:20 2022
Mesa-libEGL1-19.3.4-45.23.x86_64              Mon Feb 28 10:49:20 2022
Mesa-19.3.4-45.23.x86_64                      Mon Feb 28 10:49:20 2022
time-1.9-1.15.x86_64                          Mon Feb 28 10:49:19 2022
libxshmfence1-1.2-1.23.x86_64                 Mon Feb 28 10:49:19 2022
libwayland-client0-1.18.0-1.19.x86_64         Mon Feb 28 10:49:19 2022
libsha1detectcoll1-1.0.3-2.18.x86_64          Mon Feb 28 10:49:19 2022
libpciaccess0-0.14-1.16.x86_64                Mon Feb 28 10:49:19 2022
libmediacheck5-5.4-1.13.x86_64                Mon Feb 28 10:49:19 2022
libepoxy0-1.4.3-2.25.x86_64                   Mon Feb 28 10:49:19 2022
libdrm_radeon1-2.4.100-1.46.x86_64            Mon Feb 28 10:49:19 2022
libdrm_nouveau2-2.4.100-1.46.x86_64           Mon Feb 28 10:49:19 2022
libdrm_amdgpu1-2.4.100-1.46.x86_64            Mon Feb 28 10:49:19 2022
libXxf86vm1-1.1.4-1.23.x86_64                 Mon Feb 28 10:49:19 2022
gtk2-theming-engine-adwaita-3.22.3-4.3.1.x86_64 Mon Feb 28 10:49:19 2022
grub2-x86_64-xen-2.04-9.52.3.noarch           Mon Feb 28 10:49:19 2022
crash-7.2.8-18.7.1.x86_64                     Mon Feb 28 10:49:19 2022
blktrace-1.1.0+git.20170126-3.6.1.x86_64      Mon Feb 28 10:49:19 2022
openssl-1_1-1.1.1d-11.38.1.x86_64             Mon Feb 28 10:49:18 2022
libsystemd0-234-24.105.1.x86_64               Mon Feb 28 10:49:18 2022
systemd-bash-completion-234-24.105.1.noarch   Mon Feb 28 10:49:17 2022
systemd-32bit-234-24.105.1.x86_64             Mon Feb 28 10:49:17 2022
libvirt-bash-completion-6.0.0-13.24.1.noarch  Mon Feb 28 10:49:17 2022
libudev1-32bit-234-24.105.1.x86_64            Mon Feb 28 10:49:17 2022
libudev1-234-24.105.1.x86_64                  Mon Feb 28 10:49:17 2022
libtiff5-4.0.9-45.5.1.x86_64                  Mon Feb 28 10:49:17 2022
libsamba-errors0-4.11.14+git.319.91d693db37c-4.35.1.x86_64 Mon Feb 28 10:49:17 2022
libopenssl1_1-32bit-1.1.1d-11.38.1.x86_64     Mon Feb 28 10:49:17 2022
libopenssl1_1-1.1.1d-11.38.1.x86_64           Mon Feb 28 10:49:17 2022
libjson-c3-0.13-3.3.1.x86_64                  Mon Feb 28 10:49:17 2022
lifecycle-data-sle-module-live-patching-15-4.66.1.noarch Mon Feb 28 10:49:16 2022
libqb20-1.0.3+20190326.a521604-3.6.1.x86_64   Mon Feb 28 10:49:16 2022
libjson-c3-32bit-0.13-3.3.1.x86_64            Mon Feb 28 10:49:16 2022
libdlm3-4.0.9-6.8.1.x86_64                    Mon Feb 28 10:49:16 2022
csync2-2.0+git.1461714863.10636a4-4.9.1.x86_64 Mon Feb 28 10:49:16 2022
busybox-static-1.34.1-4.9.1.x86_64            Mon Feb 28 10:49:16 2022
sle-module-python2-release-15.2-55.1.x86_64   Mon Feb 28 10:49:15 2022
sle-module-legacy-release-15.2-119.8.1.x86_64 Mon Feb 28 10:49:15 2022
rpm-ndb-4.14.1-22.7.1.x86_64                  Mon Feb 28 10:49:15 2022
release-notes-sles-for-sap-15.2.20220202-3.10.1.noarch Mon Feb 28 10:49:15 2022
python-xml-2.7.18-33.1.x86_64                 Mon Feb 28 10:49:15 2022
drbd-9.0.22~1+git.fe2b5983-3.13.1.x86_64      Mon Feb 28 10:49:15 2022
cloud-init-config-suse-21.2-8.51.1.x86_64     Mon Feb 28 10:49:15 2022
yast2-logs-4.2.95-3.33.1.x86_64               Mon Feb 28 10:49:13 2022
tar-lang-1.30-3.9.1.noarch                    Mon Feb 28 10:49:13 2022
sle-module-containers-release-15.2-50.1.x86_64 Mon Feb 28 10:49:13 2022
runc-1.0.3-27.1.x86_64                        Mon Feb 28 10:49:13 2022
libLLVM9-9.0.1-3.3.1.x86_64                   Mon Feb 28 10:49:12 2022
less-530-3.3.2.x86_64                         Mon Feb 28 10:49:12 2022
xterm-bin-330-11.3.1.x86_64                   Mon Feb 28 10:49:11 2022
terminfo-iterm-6.1-5.9.1.x86_64               Mon Feb 28 10:49:10 2022
terminfo-6.1-5.9.1.x86_64                     Mon Feb 28 10:49:10 2022
tar-1.30-3.9.1.x86_64                         Mon Feb 28 10:49:10 2022
pam-config-1.1-3.3.1.x86_64                   Mon Feb 28 10:49:10 2022
ncurses-utils-6.1-5.9.1.x86_64                Mon Feb 28 10:49:10 2022
gnutls-3.6.7-14.13.5.x86_64                   Mon Feb 28 10:49:10 2022
pam-1.3.0-6.50.1.x86_64                       Mon Feb 28 10:49:09 2022
xfsprogs-4.15.0-4.52.1.x86_64                 Mon Feb 28 10:49:08 2022
terminfo-screen-6.1-5.9.1.x86_64              Mon Feb 28 10:49:08 2022
libmount1-2.33.2-4.16.1.x86_64                Mon Feb 28 10:49:08 2022
libgnutls30-3.6.7-14.13.5.x86_64              Mon Feb 28 10:49:08 2022
libfdisk1-2.33.2-4.16.1.x86_64                Mon Feb 28 10:49:08 2022
file-5.32-7.14.1.x86_64                       Mon Feb 28 10:49:08 2022
cracklib-2.9.7-11.6.1.x86_64                  Mon Feb 28 10:49:08 2022
cpio-mt-2.12-3.9.1.x86_64                     Mon Feb 28 10:49:08 2022
cpio-lang-2.12-3.9.1.noarch                   Mon Feb 28 10:49:08 2022
augeas-1.10.1-3.3.1.x86_64                    Mon Feb 28 10:49:08 2022
augeas-lenses-1.10.1-3.3.1.x86_64             Mon Feb 28 10:49:06 2022
terminfo-base-6.1-5.9.1.x86_64                Mon Feb 28 10:49:05 2022
python-base-2.7.18-33.1.x86_64                Mon Feb 28 10:49:05 2022
p11-kit-tools-0.23.2-4.13.1.x86_64            Mon Feb 28 10:49:05 2022
p11-kit-0.23.2-4.13.1.x86_64                  Mon Feb 28 10:49:05 2022
libhogweed4-3.4.1-4.18.1.x86_64               Mon Feb 28 10:49:05 2022
