Thu May 12 15:47:31 UTC 2022
[31;43m***** uname -a; Release; date; *****[0m
Linux SAPEF4CIPA 5.3.18-24.67-default #1 SMP Tue Jun 1 14:07:53 UTC 2021 (f0fe006) x86_64 x86_64 x86_64 GNU/Linux
NAME="SLES"
VERSION="15-SP2"
VERSION_ID="15.2"
PRETTY_NAME="SUSE Linux Enterprise Server 15 SP2"
ID="sles"
ID_LIKE="suse"
ANSI_COLOR="0;32"
CPE_NAME="cpe:/o:suse:sles:15:sp2"
VARIANT_ID="sles-sap"
Thu May 12 15:47:31 UTC 2022

[31;43m***** Network; Route; Netstat; *****[0m

[31;43m***** DF; Fdisk; FSTAB; GRUB; Mount *****[0m
Filesystem                                          Size  Used Avail Use% Mounted on
devtmpfs                                            7.7G  4.0K  7.7G   1% /dev
tmpfs                                                36G  408K   36G   1% /dev/shm
tmpfs                                               7.7G  1.1M  7.7G   1% /run
tmpfs                                               7.7G     0  7.7G   0% /sys/fs/cgroup
/dev/nvme0n1p1                                      100G   19G   82G  19% /
/dev/mapper/usr_sap-usr_sap                          50G  4.0G   46G   8% /usr/sap
/dev/mapper/var-var                                  20G  645M   20G   4% /var
/dev/mapper/home-home                                20G  1.6G   19G   8% /home
tmpfs                                               7.7G  176K  7.7G   1% /tmp
/dev/mapper/usr_sap_F4E-usr_sap_F4E                 100G  4.4G   96G   5% /usr/sap/F4E
/dev/mapper/var_log-var_log                          20G  3.0G   18G  15% /var/log
/dev/mapper/var_tmp-var_tmp                          20G  163M   20G   1% /var/tmp
/dev/mapper/var_log_audit-var_log_audit              20G  533M   20G   3% /var/log/audit
fs-36af15b7.efs.us-east-1.amazonaws.com:/           8.0E   16G  8.0E   1% /usr/sap/trans
fs-01fc7465ebc02fcfb.efs.us-east-1.amazonaws.com:/  8.0E  6.3G  8.0E   1% /sapmnt/F4E
fs-b36da833.efs.us-east-1.amazonaws.com:/           8.0E   23T  8.0E   1% /SAPMedia
tmpfs                                               1.6G     0  1.6G   0% /run/user/4001
tmpfs                                               1.6G     0  1.6G   0% /run/user/2000
tmpfs                                               1.6G     0  1.6G   0% /run/user/4004
tmpfs                                               1.6G     0  1.6G   0% /run/user/1725029451
Disk /dev/nvme0n1: 100 GiB, 107374182400 bytes, 209715200 sectors
Disk model: Amazon Elastic Block Store              
Units: sectors of 1 * 512 = 512 bytes
Sector size (logical/physical): 512 bytes / 4096 bytes
I/O size (minimum/optimal): 4096 bytes / 4096 bytes
Disklabel type: dos
Disk identifier: 0x6c5d29eb

Device         Boot Start       End   Sectors  Size Id Type
/dev/nvme0n1p1       2048 209715166 209713119  100G 83 Linux


Disk /dev/nvme3n1: 100 GiB, 107374182400 bytes, 209715200 sectors
Disk model: Amazon Elastic Block Store              
Units: sectors of 1 * 512 = 512 bytes
Sector size (logical/physical): 512 bytes / 4096 bytes
I/O size (minimum/optimal): 4096 bytes / 4096 bytes


Disk /dev/nvme1n1: 20 GiB, 21474836480 bytes, 41943040 sectors
Disk model: Amazon Elastic Block Store              
Units: sectors of 1 * 512 = 512 bytes
Sector size (logical/physical): 512 bytes / 4096 bytes
I/O size (minimum/optimal): 4096 bytes / 4096 bytes


Disk /dev/nvme2n1: 20 GiB, 21474836480 bytes, 41943040 sectors
Disk model: Amazon Elastic Block Store              
Units: sectors of 1 * 512 = 512 bytes
Sector size (logical/physical): 512 bytes / 4096 bytes
I/O size (minimum/optimal): 4096 bytes / 4096 bytes


Disk /dev/nvme4n1: 20 GiB, 21474836480 bytes, 41943040 sectors
Disk model: Amazon Elastic Block Store              
Units: sectors of 1 * 512 = 512 bytes
Sector size (logical/physical): 512 bytes / 4096 bytes
I/O size (minimum/optimal): 4096 bytes / 4096 bytes


Disk /dev/nvme5n1: 50 GiB, 53687091200 bytes, 104857600 sectors
Disk model: Amazon Elastic Block Store              
Units: sectors of 1 * 512 = 512 bytes
Sector size (logical/physical): 512 bytes / 4096 bytes
I/O size (minimum/optimal): 4096 bytes / 4096 bytes


Disk /dev/nvme6n1: 20 GiB, 21474836480 bytes, 41943040 sectors
Disk model: Amazon Elastic Block Store              
Units: sectors of 1 * 512 = 512 bytes
Sector size (logical/physical): 512 bytes / 4096 bytes
I/O size (minimum/optimal): 4096 bytes / 4096 bytes


Disk /dev/nvme7n1: 32 GiB, 34359738368 bytes, 67108864 sectors
Disk model: Amazon Elastic Block Store              
Units: sectors of 1 * 512 = 512 bytes
Sector size (logical/physical): 512 bytes / 4096 bytes
I/O size (minimum/optimal): 4096 bytes / 4096 bytes


Disk /dev/nvme8n1: 20 GiB, 21474836480 bytes, 41943040 sectors
Disk model: Amazon Elastic Block Store              
Units: sectors of 1 * 512 = 512 bytes
Sector size (logical/physical): 512 bytes / 4096 bytes
I/O size (minimum/optimal): 4096 bytes / 4096 bytes


Disk /dev/mapper/usr_sap_F4E-usr_sap_F4E: 100 GiB, 107369988096 bytes, 209707008 sectors
Units: sectors of 1 * 512 = 512 bytes
Sector size (logical/physical): 512 bytes / 4096 bytes
I/O size (minimum/optimal): 4096 bytes / 4096 bytes


Disk /dev/mapper/swap-swap: 32 GiB, 34355544064 bytes, 67100672 sectors
Units: sectors of 1 * 512 = 512 bytes
Sector size (logical/physical): 512 bytes / 4096 bytes
I/O size (minimum/optimal): 4096 bytes / 4096 bytes


Disk /dev/mapper/usr_sap-usr_sap: 50 GiB, 53682896896 bytes, 104849408 sectors
Units: sectors of 1 * 512 = 512 bytes
Sector size (logical/physical): 512 bytes / 4096 bytes
I/O size (minimum/optimal): 4096 bytes / 4096 bytes


Disk /dev/mapper/var_log-var_log: 20 GiB, 21470642176 bytes, 41934848 sectors
Units: sectors of 1 * 512 = 512 bytes
Sector size (logical/physical): 512 bytes / 4096 bytes
I/O size (minimum/optimal): 4096 bytes / 4096 bytes


Disk /dev/mapper/var_log_audit-var_log_audit: 20 GiB, 21470642176 bytes, 41934848 sectors
Units: sectors of 1 * 512 = 512 bytes
Sector size (logical/physical): 512 bytes / 4096 bytes
I/O size (minimum/optimal): 4096 bytes / 4096 bytes


Disk /dev/mapper/var_tmp-var_tmp: 20 GiB, 21470642176 bytes, 41934848 sectors
Units: sectors of 1 * 512 = 512 bytes
Sector size (logical/physical): 512 bytes / 4096 bytes
I/O size (minimum/optimal): 4096 bytes / 4096 bytes


Disk /dev/mapper/var-var: 20 GiB, 21470642176 bytes, 41934848 sectors
Units: sectors of 1 * 512 = 512 bytes
Sector size (logical/physical): 512 bytes / 4096 bytes
I/O size (minimum/optimal): 4096 bytes / 4096 bytes


Disk /dev/mapper/home-home: 20 GiB, 21470642176 bytes, 41934848 sectors
Units: sectors of 1 * 512 = 512 bytes
Sector size (logical/physical): 512 bytes / 4096 bytes
I/O size (minimum/optimal): 4096 bytes / 4096 bytes
LABEL=ROOT / xfs defaults 0 0
UUID=b0f332e8-3590-4d14-b87e-cf55681d49e5 /home	xfs nodev,nosuid,noexec 0 0
UUID=f490763d-9bc1-4243-a16a-9e68cf9d7998 /var/log/audit xfs nodev,nosuid,noexec 0 0
UUID=42d2e66b-a0b7-4dd6-938c-9744da29800d /var/tmp xfs nodev,nosuid,noexec 0 0
tmpfs /dev/shm tmpfs defaults,nodev,nosuid,noexec 0 0
tmpfs /tmp tmpfs defaults,nodev,nosuid,noexec,nofail 0 0
fs-b36da833.efs.us-east-1.amazonaws.com:/ /SAPMedia nfs4 rw,relatime,vers=4.1,rsize=1048576,wsize=1048576,namlen=255,hard,noresvport,proto=tcp,timeo=600,retrans=2,sec=sys,clientaddr=172.18.196.4,local_lock=none,addr=172.18.136.231 0 0
/dev/mapper/usr_sap-usr_sap /usr/sap xfs rw,relatime,attr2,inode64,logbufs=8,logbsize=32k,noquota 0 0
/dev/mapper/usr_sap_F4E-usr_sap_F4E /usr/sap/F4E xfs rw,relatime,attr2,inode64,logbufs=8,logbsize=32k,noquota 0 0
fs-01fc7465ebc02fcfb.efs.us-east-1.amazonaws.com:/ /sapmnt/F4E nfs4 rw,relatime,vers=4.1,rsize=1048576,wsize=1048576,namlen=255,hard,noresvport,proto=tcp,timeo=600,retrans=2,sec=sys,clientaddr=172.18.196.4,local_lock=none,addr=172.18.196.26 0 0
fs-36af15b7.efs.us-east-1.amazonaws.com:/ /usr/sap/trans nfs4 rw,relatime,vers=4.1,rsize=1048576,wsize=1048576,namlen=255,hard,noresvport,proto=tcp,timeo=600,retrans=2,sec=sys,clientaddr=172.18.196.4,local_lock=none,addr=172.18.136.132 0 0
UUID=3a4393c4-a132-42e1-a872-011c1eded9ce swap swap defaults 0 0
UUID=c23e1ccb-43df-43cd-98f0-a0a74aa06d58 /var xfs nodev,nosuid,noexec 0 0
UUID=d3f44668-451c-488b-8c4f-3664a1cc1ef5 /var/log xfs nodev,nosuid,noexec 0 0
sysfs on /sys type sysfs (rw,nosuid,nodev,noexec,relatime)
proc on /proc type proc (rw,nosuid,nodev,noexec,relatime)
devtmpfs on /dev type devtmpfs (rw,nosuid,size=8047480k,nr_inodes=2011870,mode=755)
securityfs on /sys/kernel/security type securityfs (rw,nosuid,nodev,noexec,relatime)
tmpfs on /dev/shm type tmpfs (rw,nosuid,nodev,noexec,size=37248000k)
devpts on /dev/pts type devpts (rw,nosuid,noexec,relatime,gid=5,mode=620,ptmxmode=000)
tmpfs on /run type tmpfs (rw,nosuid,nodev,mode=755)
tmpfs on /sys/fs/cgroup type tmpfs (ro,nosuid,nodev,noexec,mode=755)
cgroup on /sys/fs/cgroup/unified type cgroup2 (rw,nosuid,nodev,noexec,relatime)
cgroup on /sys/fs/cgroup/systemd type cgroup (rw,nosuid,nodev,noexec,relatime,xattr,name=systemd)
pstore on /sys/fs/pstore type pstore (rw,nosuid,nodev,noexec,relatime)
none on /sys/fs/bpf type bpf (rw,nosuid,nodev,noexec,relatime)
cgroup on /sys/fs/cgroup/devices type cgroup (rw,nosuid,nodev,noexec,relatime,devices)
cgroup on /sys/fs/cgroup/cpu,cpuacct type cgroup (rw,nosuid,nodev,noexec,relatime,cpu,cpuacct)
cgroup on /sys/fs/cgroup/blkio type cgroup (rw,nosuid,nodev,noexec,relatime,blkio)
cgroup on /sys/fs/cgroup/pids type cgroup (rw,nosuid,nodev,noexec,relatime,pids)
cgroup on /sys/fs/cgroup/perf_event type cgroup (rw,nosuid,nodev,noexec,relatime,perf_event)
cgroup on /sys/fs/cgroup/hugetlb type cgroup (rw,nosuid,nodev,noexec,relatime,hugetlb)
cgroup on /sys/fs/cgroup/memory type cgroup (rw,nosuid,nodev,noexec,relatime,memory)
cgroup on /sys/fs/cgroup/freezer type cgroup (rw,nosuid,nodev,noexec,relatime,freezer)
cgroup on /sys/fs/cgroup/rdma type cgroup (rw,nosuid,nodev,noexec,relatime,rdma)
cgroup on /sys/fs/cgroup/net_cls,net_prio type cgroup (rw,nosuid,nodev,noexec,relatime,net_cls,net_prio)
cgroup on /sys/fs/cgroup/cpuset type cgroup (rw,nosuid,nodev,noexec,relatime,cpuset)
/dev/nvme0n1p1 on / type xfs (rw,relatime,attr2,inode64,logbufs=8,logbsize=32k,noquota)
systemd-1 on /proc/sys/fs/binfmt_misc type autofs (rw,relatime,fd=28,pgrp=1,timeout=0,minproto=5,maxproto=5,direct,pipe_ino=18041)
hugetlbfs on /dev/hugepages type hugetlbfs (rw,relatime,pagesize=2M)
mqueue on /dev/mqueue type mqueue (rw,relatime)
debugfs on /sys/kernel/debug type debugfs (rw,relatime)
/dev/mapper/usr_sap-usr_sap on /usr/sap type xfs (rw,relatime,attr2,inode64,logbufs=8,logbsize=32k,noquota)
/dev/mapper/var-var on /var type xfs (rw,nosuid,nodev,noexec,relatime,attr2,inode64,logbufs=8,logbsize=32k,noquota)
/dev/mapper/home-home on /home type xfs (rw,nosuid,nodev,noexec,relatime,attr2,inode64,logbufs=8,logbsize=32k,sunit=8,swidth=8,noquota)
tmpfs on /tmp type tmpfs (rw,nosuid,nodev,noexec,relatime)
tmpfs on /var/run type tmpfs (rw,nosuid,nodev,mode=755)
/dev/mapper/usr_sap_F4E-usr_sap_F4E on /usr/sap/F4E type xfs (rw,relatime,attr2,inode64,logbufs=8,logbsize=32k,noquota)
/dev/mapper/var_log-var_log on /var/log type xfs (rw,nosuid,nodev,noexec,relatime,attr2,inode64,logbufs=8,logbsize=32k,noquota)
/dev/mapper/var_tmp-var_tmp on /var/tmp type xfs (rw,nosuid,nodev,noexec,relatime,attr2,inode64,logbufs=8,logbsize=32k,sunit=8,swidth=8,noquota)
/dev/mapper/var_log_audit-var_log_audit on /var/log/audit type xfs (rw,nosuid,nodev,noexec,relatime,attr2,inode64,logbufs=8,logbsize=32k,sunit=8,swidth=8,noquota)
binfmt_misc on /proc/sys/fs/binfmt_misc type binfmt_misc (rw,relatime)
fs-36af15b7.efs.us-east-1.amazonaws.com:/ on /usr/sap/trans type nfs4 (rw,relatime,vers=4.1,rsize=1048576,wsize=1048576,namlen=255,hard,noresvport,proto=tcp,timeo=600,retrans=2,sec=sys,clientaddr=172.18.196.4,local_lock=none,addr=172.18.136.132)
fs-01fc7465ebc02fcfb.efs.us-east-1.amazonaws.com:/ on /sapmnt/F4E type nfs4 (rw,relatime,vers=4.1,rsize=1048576,wsize=1048576,namlen=255,hard,noresvport,proto=tcp,timeo=600,retrans=2,sec=sys,clientaddr=172.18.196.4,local_lock=none,addr=172.18.196.26)
fs-b36da833.efs.us-east-1.amazonaws.com:/ on /SAPMedia type nfs4 (rw,relatime,vers=4.1,rsize=1048576,wsize=1048576,namlen=255,hard,noresvport,proto=tcp,timeo=600,retrans=2,sec=sys,clientaddr=172.18.196.4,local_lock=none,addr=172.18.136.231)
tmpfs on /run/user/4001 type tmpfs (rw,nosuid,nodev,relatime,size=1611372k,mode=700,uid=4001,gid=79)
tmpfs on /var/run/user/4001 type tmpfs (rw,nosuid,nodev,relatime,size=1611372k,mode=700,uid=4001,gid=79)
tmpfs on /run/user/2000 type tmpfs (rw,nosuid,nodev,relatime,size=1611372k,mode=700,uid=2000,gid=79)
tmpfs on /var/run/user/2000 type tmpfs (rw,nosuid,nodev,relatime,size=1611372k,mode=700,uid=2000,gid=79)
tmpfs on /run/user/4004 type tmpfs (rw,nosuid,nodev,relatime,size=1611372k,mode=700,uid=4004,gid=79)
tmpfs on /var/run/user/4004 type tmpfs (rw,nosuid,nodev,relatime,size=1611372k,mode=700,uid=4004,gid=79)
tracefs on /sys/kernel/debug/tracing type tracefs (rw,relatime)
tmpfs on /run/user/1725029451 type tmpfs (rw,nosuid,nodev,relatime,size=1611372k,mode=700,uid=1725029451,gid=1725000513)
tmpfs on /var/run/user/1725029451 type tmpfs (rw,nosuid,nodev,relatime,size=1611372k,mode=700,uid=1725029451,gid=1725000513)

[31;43m***** DISK & DM info from FDISK *****[0m
Disk /dev/nvme0n1: 100 GiB, 107374182400 bytes, 209715200 sectors
Disk model: Amazon Elastic Block Store              
Disklabel type: dos
Disk identifier: 0x6c5d29eb
Disk /dev/nvme3n1: 100 GiB, 107374182400 bytes, 209715200 sectors
Disk model: Amazon Elastic Block Store              
Disk /dev/nvme1n1: 20 GiB, 21474836480 bytes, 41943040 sectors
Disk model: Amazon Elastic Block Store              
Disk /dev/nvme2n1: 20 GiB, 21474836480 bytes, 41943040 sectors
Disk model: Amazon Elastic Block Store              
Disk /dev/nvme4n1: 20 GiB, 21474836480 bytes, 41943040 sectors
Disk model: Amazon Elastic Block Store              
Disk /dev/nvme5n1: 50 GiB, 53687091200 bytes, 104857600 sectors
Disk model: Amazon Elastic Block Store              
Disk /dev/nvme6n1: 20 GiB, 21474836480 bytes, 41943040 sectors
Disk model: Amazon Elastic Block Store              
Disk /dev/nvme7n1: 32 GiB, 34359738368 bytes, 67108864 sectors
Disk model: Amazon Elastic Block Store              
Disk /dev/nvme8n1: 20 GiB, 21474836480 bytes, 41943040 sectors
Disk model: Amazon Elastic Block Store              
Disk /dev/mapper/usr_sap_F4E-usr_sap_F4E: 100 GiB, 107369988096 bytes, 209707008 sectors
Disk /dev/mapper/swap-swap: 32 GiB, 34355544064 bytes, 67100672 sectors
Disk /dev/mapper/usr_sap-usr_sap: 50 GiB, 53682896896 bytes, 104849408 sectors
Disk /dev/mapper/var_log-var_log: 20 GiB, 21470642176 bytes, 41934848 sectors
Disk /dev/mapper/var_log_audit-var_log_audit: 20 GiB, 21470642176 bytes, 41934848 sectors
Disk /dev/mapper/var_tmp-var_tmp: 20 GiB, 21470642176 bytes, 41934848 sectors
Disk /dev/mapper/var-var: 20 GiB, 21470642176 bytes, 41934848 sectors
Disk /dev/mapper/home-home: 20 GiB, 21470642176 bytes, 41934848 sectors

[31;43m***** PP process; All Running Procs; PP/Multipath devices Info *****[0m
root       543   525  0 15:47 pts/1    00:00:00 grep Powerpath
UID        PID  PPID  C STIME TTY          TIME CMD
root         1     0  0 May02 ?        00:01:03 /usr/lib/systemd/systemd --switched-root --system --deserialize 23
root         2     0  0 May02 ?        00:00:00 [kthreadd]
root         3     2  0 May02 ?        00:00:00 [rcu_gp]
root         4     2  0 May02 ?        00:00:00 [rcu_par_gp]
root         6     2  0 May02 ?        00:00:00 [kworker/0:0H-events_highpri]
root         9     2  0 May02 ?        00:00:00 [mm_percpu_wq]
root        10     2  0 May02 ?        00:00:09 [ksoftirqd/0]
root        11     2  0 May02 ?        00:01:51 [rcu_sched]
root        12     2  0 May02 ?        00:00:03 [migration/0]
root        13     2  0 May02 ?        00:00:00 [idle_inject/0]
root        14     2  0 May02 ?        00:00:00 [cpuhp/0]
root        15     2  0 May02 ?        00:00:00 [cpuhp/1]
root        16     2  0 May02 ?        00:00:00 [idle_inject/1]
root        17     2  0 May02 ?        00:00:03 [migration/1]
root        18     2  0 May02 ?        00:00:09 [ksoftirqd/1]
root        20     2  0 May02 ?        00:00:00 [kworker/1:0H-events_highpri]
root        21     2  0 May02 ?        00:00:00 [cpuhp/2]
root        22     2  0 May02 ?        00:00:00 [idle_inject/2]
root        23     2  0 May02 ?        00:00:02 [migration/2]
root        24     2  0 May02 ?        00:00:09 [ksoftirqd/2]
root        26     2  0 May02 ?        00:00:00 [kworker/2:0H-xfs-log/nvme0n1p1]
root        27     2  0 May02 ?        00:00:00 [cpuhp/3]
root        28     2  0 May02 ?        00:00:00 [idle_inject/3]
root        29     2  0 May02 ?        00:00:03 [migration/3]
root        30     2  0 May02 ?        00:00:08 [ksoftirqd/3]
root        32     2  0 May02 ?        00:00:00 [kworker/3:0H-events_highpri]
root        34     2  0 May02 ?        00:00:00 [kdevtmpfs]
root        35     2  0 May02 ?        00:00:00 [netns]
root        36     2  0 May02 ?        00:00:00 [rcu_tasks_kthre]
root        37     2  0 May02 ?        00:00:00 [kauditd]
root        38     2  0 May02 ?        00:00:00 [khungtaskd]
root        39     2  0 May02 ?        00:00:00 [oom_reaper]
root        40     2  0 May02 ?        00:00:00 [writeback]
root        41     2  0 May02 ?        00:00:00 [kcompactd0]
root        42     2  0 May02 ?        00:00:00 [ksmd]
root        43     2  0 May02 ?        00:00:02 [khugepaged]
root        98     2  0 May02 ?        00:00:00 [kintegrityd]
root        99     2  0 May02 ?        00:00:00 [kblockd]
root       100     2  0 May02 ?        00:00:00 [blkcg_punt_bio]
root       101     2  0 May02 ?        00:00:00 [tpm_dev_wq]
root       102     2  0 May02 ?        00:00:00 [edac-poller]
root       103     2  0 May02 ?        00:00:00 [devfreq_wq]
root       104     2  0 May02 ?        00:00:00 [watchdogd]
root       108     2  0 May02 ?        00:00:00 [kswapd0]
root       111     2  0 May02 ?        00:00:00 [kthrotld]
root       112     2  0 May02 ?        00:00:00 [ipv6_addrconf]
root       117     2  0 May02 ?        00:00:00 [kstrp]
root       122     2  0 May02 ?        00:00:00 [charger_manager]
root       288     2  0 May02 ?        00:00:00 [nvme-wq]
root       289     2  0 May02 ?        00:00:00 [ena]
root       290     2  0 May02 ?        00:00:00 [nvme-reset-wq]
root       291     2  0 May02 ?        00:00:00 [nvme-delete-wq]
root       328     2  0 May02 ?        00:00:00 [xfsalloc]
root       329     2  0 15:46 ?        00:00:00 [kworker/3:2-events]
root       330     2  0 May02 ?        00:00:00 [xfs_mru_cache]
root       331     2  0 15:46 ?        00:00:00 [kworker/1:4-xfs-sync/dm-0]
root       332 32753  0 15:46 pts/0    00:00:00 sudo su -
root       333     2  0 May02 ?        00:00:00 [xfs-buf/nvme0n1]
root       334     2  0 May02 ?        00:00:00 [xfs-conv/nvme0n]
root       335   332  0 15:46 pts/1    00:00:00 sudo su -
root       336     2  0 May02 ?        00:00:00 [xfs-cil/nvme0n1]
root       337     2  0 May02 ?        00:00:00 [xfs-reclaim/nvm]
root       338     2  0 May02 ?        00:00:00 [xfs-eofblocks/n]
root       339   335  0 15:46 pts/1    00:00:00 su -
root       340     2  0 May02 ?        00:00:00 [xfs-log/nvme0n1]
root       341     2  0 May02 ?        00:01:22 [xfsaild/nvme0n1]
root       342   339  0 15:46 pts/1    00:00:00 -bash
root       346     2  0 May02 ?        00:00:03 [kworker/2:1H-kblockd]
root       416     2  0 May02 ?        00:00:04 [kworker/1:1H-kblockd]
root       417     2  0 May02 ?        00:00:03 [kworker/3:1H-kblockd]
root       419     2  0 May02 ?        00:00:03 [kworker/0:1H-kblockd]
root       421     1  0 May02 ?        00:01:29 /usr/lib/systemd/systemd-journald
root       432     1  0 May02 ?        00:00:30 /usr/sbin/haveged -w 1024 -v 0 -F
root       436     1  0 May02 ?        00:00:00 /usr/lib/systemd/systemd-udevd
root       463     2  0 May02 ?        00:00:00 [cryptd]
root       477     2  0 May02 ?        00:00:00 [kdmflush]
root       515     2  0 May02 ?        00:00:00 [kdmflush]
root       516     2  0 May02 ?        00:00:00 [kdmflush]
root       517     2  0 May02 ?        00:00:00 [kdmflush]
root       518     2  0 May02 ?        00:00:00 [kdmflush]
root       519     2  0 May02 ?        00:00:00 [kdmflush]
root       520     2  0 May02 ?        00:00:00 [kdmflush]
root       522     2  0 May02 ?        00:00:00 [kdmflush]
root       525   342  0 15:47 pts/1    00:00:00 -bash
root       544   525  0 15:47 pts/1    00:00:00 ps -eaf
root       555     2  0 May02 ?        00:00:00 [nfit]
root       558     2  0 May02 ?        00:00:00 [xfs-buf/dm-2]
root       559     2  0 May02 ?        00:00:00 [xfs-conv/dm-2]
root       560     2  0 May02 ?        00:00:00 [xfs-cil/dm-2]
root       561     2  0 May02 ?        00:00:00 [xfs-reclaim/dm-]
root       563     2  0 May02 ?        00:00:00 [xfs-eofblocks/d]
root       565     2  0 May02 ?        00:00:00 [xfs-buf/dm-3]
root       566     2  0 May02 ?        00:00:00 [xfs-conv/dm-3]
root       567     2  0 May02 ?        00:00:00 [xfs-cil/dm-3]
root       568     2  0 May02 ?        00:00:00 [xfs-reclaim/dm-]
root       569     2  0 May02 ?        00:00:00 [xfs-eofblocks/d]
root       570     2  0 May02 ?        00:00:00 [xfs-log/dm-2]
root       571     2  0 May02 ?        00:01:17 [xfsaild/dm-2]
root       573     2  0 May02 ?        00:00:00 [xfs-buf/dm-7]
root       574     2  0 May02 ?        00:00:00 [xfs-log/dm-3]
root       575     2  0 May02 ?        00:00:00 [xfsaild/dm-3]
root       576     2  0 May02 ?        00:00:00 [xfs-conv/dm-7]
root       577     2  0 May02 ?        00:00:00 [xfs-cil/dm-7]
root       578     2  0 May02 ?        00:00:00 [xfs-reclaim/dm-]
root       579     2  0 May02 ?        00:00:00 [xfs-eofblocks/d]
root       580     2  0 May02 ?        00:00:00 [xfs-log/dm-7]
root       581     2  0 May02 ?        00:01:21 [xfsaild/dm-7]
root       583     2  0 May02 ?        00:00:00 [xfs-buf/dm-0]
root       584     2  0 May02 ?        00:00:00 [xfs-conv/dm-0]
root       585     2  0 May02 ?        00:00:00 [xfs-cil/dm-0]
root       586     2  0 May02 ?        00:00:00 [xfs-reclaim/dm-]
root       587     2  0 May02 ?        00:00:00 [xfs-eofblocks/d]
root       589     2  0 May02 ?        00:00:00 [xfs-log/dm-0]
root       590     2  0 May02 ?        00:01:13 [xfsaild/dm-0]
root       597     2  0 May02 ?        00:00:00 [xfs-buf/dm-6]
root       598     2  0 May02 ?        00:00:00 [xfs-conv/dm-6]
root       599     2  0 May02 ?        00:00:00 [xfs-cil/dm-6]
root       600     2  0 May02 ?        00:00:00 [xfs-reclaim/dm-]
root       601     2  0 May02 ?        00:00:00 [xfs-eofblocks/d]
root       604     2  0 May02 ?        00:00:00 [xfs-log/dm-6]
root       605     2  0 May02 ?        00:00:00 [xfs-buf/dm-5]
root       606     2  0 May02 ?        00:00:00 [xfsaild/dm-6]
root       607     2  0 May02 ?        00:00:00 [xfs-conv/dm-5]
root       610     2  0 May02 ?        00:00:00 [xfs-cil/dm-5]
root       612     2  0 May02 ?        00:00:00 [xfs-reclaim/dm-]
root       613     2  0 May02 ?        00:00:00 [xfs-eofblocks/d]
root       617     2  0 May02 ?        00:00:00 [xfs-log/dm-5]
root       618     2  0 May02 ?        00:01:12 [xfsaild/dm-5]
root       623     2  0 May02 ?        00:00:00 [xfs-buf/dm-4]
root       624     2  0 May02 ?        00:00:00 [xfs-conv/dm-4]
root       625     2  0 May02 ?        00:00:00 [xfs-cil/dm-4]
root       626     2  0 May02 ?        00:00:00 [xfs-reclaim/dm-]
root       627     2  0 May02 ?        00:00:00 [xfs-eofblocks/d]
root       629     2  0 May02 ?        00:00:00 [xfs-log/dm-4]
root       630     2  0 May02 ?        00:00:04 [xfsaild/dm-4]
root       637     1  0 May02 ?        00:00:01 /sbin/auditd
root       658     2  0 May02 ?        00:00:00 [audit_prune_tre]
message+   665     1  0 May02 ?        00:00:10 /usr/bin/dbus-daemon --system --address=systemd: --nofork --nopidfile --systemd-activation --syslog-only
nscd       672     1  0 May02 ?        00:00:57 /usr/sbin/nscd
root       697     2  0 11:20 ?        00:00:00 [kworker/u8:2-xfs-cil/dm-3]
root       750     1  0 May02 ?        00:00:00 /usr/sbin/sssd -i --logger=files
root       751     1  0 May02 ?        00:00:17 /usr/sbin/irqbalance --foreground
root       777     1  0 May02 ?        00:00:13 /usr/sbin/rsyslogd -n -iNONE
root       785   750  0 May02 ?        00:00:27 /usr/lib/sssd/sssd_be --domain lambweston.com --uid 0 --gid 0 --logger=files
root       786   750  0 May02 ?        00:00:12 /usr/lib/sssd/sssd_nss --uid 0 --gid 0 --logger=files
root       787   750  0 May02 ?        00:00:05 /usr/lib/sssd/sssd_pam --uid 0 --gid 0 --logger=files
root       788     1  0 May02 ?        00:00:05 /usr/lib/systemd/systemd-logind
root       830     1  0 May02 ?        00:00:00 /usr/lib/wicked/bin/wickedd-dhcp6 --systemd --foreground
root       831     1  0 May02 ?        00:00:00 /usr/lib/wicked/bin/wickedd-dhcp4 --systemd --foreground
root       832     1  0 May02 ?        00:00:00 /usr/lib/wicked/bin/wickedd-auto4 --systemd --foreground
root       834     1  0 May02 ?        00:00:00 /usr/sbin/wickedd --systemd --foreground
root       841     1  0 May02 ?        00:00:00 /usr/sbin/wickedd-nanny --systemd --foreground
root       846     1  0 May02 ?        00:23:26 splunkd -p 8089 start
root       852   846  0 May02 ?        00:04:27 [splunkd pid=846] splunkd -p 8089 start [process-runner]
root      1774     1  0 May02 ?        00:00:00 /usr/bin/python3 /usr/bin/salt-minion
chrony    1783     1  0 May02 ?        00:00:00 /usr/sbin/chronyd -u chrony
awsdata   1819     1  0 May02 ?        00:00:00 jsvc.exec -errfile /var/log/aws-dataprovider/jsvcerr.log -jvm server -showversion -pidfile /tmp/aws-dataprovider.pid -cp /usr/local/ec2/aws-dataprovider/lib/installer.jar:/usr/local/ec2/aws-dataprovider/lib/commons-daemon-1.2.4/commons-daemon-1.2.4.jar -Dcom.amazon.aws.aws-dataprovider.proxypath=/usr/local/ec2/aws-dataprovider -Dcom.amazon.aws.aws-dataprovider.access=https://s3.amazonaws.com/aws-sap-data-provider -DisStandaloneVersion=yes com.amazon.aws.dataprovider.AwsDataProvider /usr/local/ec2/aws-dataprovider -vhostmd -LogLevel=INFO
awsdata   1820  1819  0 May02 ?        00:53:45 jsvc.exec -errfile /var/log/aws-dataprovider/jsvcerr.log -jvm server -showversion -pidfile /tmp/aws-dataprovider.pid -cp /usr/local/ec2/aws-dataprovider/lib/installer.jar:/usr/local/ec2/aws-dataprovider/lib/commons-daemon-1.2.4/commons-daemon-1.2.4.jar -Dcom.amazon.aws.aws-dataprovider.proxypath=/usr/local/ec2/aws-dataprovider -Dcom.amazon.aws.aws-dataprovider.access=https://s3.amazonaws.com/aws-sap-data-provider -DisStandaloneVersion=yes com.amazon.aws.dataprovider.AwsDataProvider /usr/local/ec2/aws-dataprovider -vhostmd -LogLevel=INFO
root      1848     1  0 May02 ?        00:00:01 /usr/sbin/cron -n
root      1870  1774  0 May02 ?        00:10:29 /usr/bin/python3 /usr/bin/salt-minion
root      1883  1870  0 May02 ?        00:00:00 /usr/bin/python3 /usr/bin/salt-minion
root      1917     1  0 May02 ?        00:00:37 /usr/sbin/amazon-ssm-agent
root      1941     1  0 May02 ?        00:00:00 /usr/sbin/sshd -D
root      1946     2  0 May02 ?        00:00:00 [rpciod]
root      1947     2  0 May02 ?        00:00:00 [xprtiod]
root      1957     2  0 May02 ?        00:00:00 [nfsiod]
root      1988     1  0 May02 ?        00:00:00 /opt/ds_agent/ds_agent -w /var/opt/ds_agent -b -i -e /opt/ds_agent/ext
root      1991  1988  3 May02 ?        08:19:41 /opt/ds_agent/ds_agent -w /var/opt/ds_agent -b -i -e /opt/ds_agent/ext
root      1993     2  0 May02 ?        00:00:00 [NFSv4 callback]
root      2019     1  0 May02 ttyS0    00:00:00 /sbin/agetty -o -p -- \u --keep-baud 115200,38400,9600 ttyS0 vt220
root      2021     1  0 May02 tty1     00:00:00 /sbin/agetty -o -p -- \u --noclear tty1 linux
root      2156     2  0 May02 ?        00:01:47 [ds_kproc]
root      2160     2  0 May02 ?        00:00:00 [ds_kmemcg]
root      2213     1  0 May02 ?        00:00:20 /usr/sap/hostctrl/exe/saphostexec pf=/usr/sap/hostctrl/exe/host_profile
sapadm    2252     1  0 May02 ?        00:00:00 /usr/lib/systemd/systemd --user
sapadm    2256  2252  0 May02 ?        00:00:00 (sd-pam)
uuidd     2263     1  0 May02 ?        00:00:28 /usr/sbin/uuidd --socket-activation
root      2298  1917  0 May02 ?        00:06:29 /usr/sbin/ssm-agent-worker
sapadm    2307     1  0 May02 ?        00:06:34 /usr/sap/hostctrl/exe/sapstartsrv pf=/usr/sap/hostctrl/exe/host_profile -D
f4eadm    2311     1  0 May02 ?        00:00:00 /usr/lib/systemd/systemd --user
f4eadm    2323  2311  0 May02 ?        00:00:00 (sd-pam)
root      2619     1  0 May02 ?        00:11:31 /usr/sap/hostctrl/exe/saposcol -l -w60 pf=/usr/sap/hostctrl/exe/host_profile
f4eadm    2687     1  0 May02 ?        00:02:40 /usr/sap/F4E/ASCS01/exe/sapstartsrv pf=/usr/sap/F4E/SYS/profile/F4E_ASCS01_SAPEF4CIPA -D -u f4eadm
root      2733     1  0 May02 ?        00:00:00 /opt/ds_agent/ds_am -g ../diag -v 5 -d /var/opt/ds_agent/am -P 1 -R
root      2814  2733  0 May08 ?        00:17:24 /opt/ds_agent/ds_am -g ../diag -v 5 -d /var/opt/ds_agent/am -P 1 -R
f4eadm    3133     1  0 May02 ?        00:01:47 /usr/sap/F4E/D00/exe/sapstartsrv pf=/usr/sap/F4E/SYS/profile/F4E_D00_SAPEF4CIPA -D -u f4eadm
daaadm    3200     1  0 May02 ?        00:00:00 /usr/lib/systemd/systemd --user
daaadm    3202  3200  0 May02 ?        00:00:00 (sd-pam)
daaadm    3454     1  0 May02 ?        00:00:12 /usr/sap/DAA/SMDA98/exe/sapstartsrv pf=/usr/sap/DAA/SYS/profile/DAA_SMDA98_SAPEF4CIPA -D -u daaadm
daaadm    3899     1  0 May02 ?        00:00:00 sapstart pf=/usr/sap/DAA/SYS/profile/DAA_SMDA98_SAPEF4CIPA
daaadm    3908  3899  0 May02 ?        00:00:01 /usr/sap/DAA/SMDA98/work/jc.sapDAA_SMDA98 pf=/usr/sap/DAA/SYS/profile/DAA_SMDA98_SAPEF4CIPA
root      4240     2  0 14:28 ?        00:00:00 [kworker/u9:0-xprtiod]
root      5798     2  0 10:05 ?        00:00:00 [kworker/0:0-xfs-eofblocks/dm-5]
root     10879     2  0 14:46 ?        00:00:00 [kworker/1:1-bmhook_wq]
root     10885     2  0 14:46 ?        00:00:00 [kworker/u8:1-events_unbound]
root     19348     2  0 10:41 ?        00:00:00 [kworker/0:1-bmhook_wq]
root     19795     2  0 15:11 ?        00:00:00 [kworker/2:1-events]
root     21748     2  0 15:15 ?        00:00:00 [kworker/1:0-xfs-sync/dm-3]
f4eadm   21830     1  0 May02 ?        00:00:00 sapstart pf=/usr/sap/F4E/SYS/profile/F4E_D00_SAPEF4CIPA
f4eadm   21844 21830  0 May02 ?        00:02:14 dw.sapF4E_D00 pf=/usr/sap/F4E/SYS/profile/F4E_D00_SAPEF4CIPA
f4eadm   21845 21830  0 May02 ?        00:00:00 ig.sapF4E_D00 -mode=profile pf=/usr/sap/F4E/SYS/profile/F4E_D00_SAPEF4CIPA
f4eadm   21846 21845  0 May02 ?        00:02:47 /usr/sap/F4E/D00/exe/igsmux_mt -mode=profile -restartcount=0 -wdpid=21845 pf=/usr/sap/F4E/SYS/profile/F4E_D00_SAPEF4CIPA
f4eadm   21847 21845  0 May02 ?        00:02:01 /usr/sap/F4E/D00/exe/igspw_mt -mode=profile -no=0 -restartcount=0 -wdpid=21845 pf=/usr/sap/F4E/SYS/profile/F4E_D00_SAPEF4CIPA
f4eadm   21848 21845  0 May02 ?        00:02:00 /usr/sap/F4E/D00/exe/igspw_mt -mode=profile -no=1 -restartcount=0 -wdpid=21845 pf=/usr/sap/F4E/SYS/profile/F4E_D00_SAPEF4CIPA
f4eadm   21863 21844  0 May02 ?        00:00:04 gwrd -dp pf=/usr/sap/F4E/SYS/profile/F4E_D00_SAPEF4CIPA
f4eadm   21864 21844  0 May02 ?        00:00:49 icman -attach pf=/usr/sap/F4E/SYS/profile/F4E_D00_SAPEF4CIPA
f4eadm   21865 21844  0 May02 ?        00:00:03 dw.sapF4E_D00 pf=/usr/sap/F4E/SYS/profile/F4E_D00_SAPEF4CIPA
f4eadm   21866 21844  0 May02 ?        00:00:03 dw.sapF4E_D00 pf=/usr/sap/F4E/SYS/profile/F4E_D00_SAPEF4CIPA
f4eadm   21867 21844  0 May02 ?        00:00:03 dw.sapF4E_D00 pf=/usr/sap/F4E/SYS/profile/F4E_D00_SAPEF4CIPA
f4eadm   21868 21844  0 May02 ?        00:00:03 dw.sapF4E_D00 pf=/usr/sap/F4E/SYS/profile/F4E_D00_SAPEF4CIPA
f4eadm   21869 21844  0 May02 ?        00:00:03 dw.sapF4E_D00 pf=/usr/sap/F4E/SYS/profile/F4E_D00_SAPEF4CIPA
f4eadm   21870 21844  0 May02 ?        00:00:04 dw.sapF4E_D00 pf=/usr/sap/F4E/SYS/profile/F4E_D00_SAPEF4CIPA
f4eadm   21871 21844  0 May02 ?        00:00:03 dw.sapF4E_D00 pf=/usr/sap/F4E/SYS/profile/F4E_D00_SAPEF4CIPA
f4eadm   21872 21844  0 May02 ?        00:00:03 dw.sapF4E_D00 pf=/usr/sap/F4E/SYS/profile/F4E_D00_SAPEF4CIPA
f4eadm   21873 21844  0 May02 ?        00:00:05 dw.sapF4E_D00 pf=/usr/sap/F4E/SYS/profile/F4E_D00_SAPEF4CIPA
f4eadm   21874 21844  0 May02 ?        00:00:04 dw.sapF4E_D00 pf=/usr/sap/F4E/SYS/profile/F4E_D00_SAPEF4CIPA
f4eadm   21875 21844  0 May02 ?        00:00:03 dw.sapF4E_D00 pf=/usr/sap/F4E/SYS/profile/F4E_D00_SAPEF4CIPA
f4eadm   21876 21844  0 May02 ?        00:00:04 dw.sapF4E_D00 pf=/usr/sap/F4E/SYS/profile/F4E_D00_SAPEF4CIPA
f4eadm   21877 21844  0 May02 ?        00:00:05 dw.sapF4E_D00 pf=/usr/sap/F4E/SYS/profile/F4E_D00_SAPEF4CIPA
f4eadm   21878 21844  0 May02 ?        00:00:06 dw.sapF4E_D00 pf=/usr/sap/F4E/SYS/profile/F4E_D00_SAPEF4CIPA
f4eadm   21879 21844  0 May02 ?        00:00:13 dw.sapF4E_D00 pf=/usr/sap/F4E/SYS/profile/F4E_D00_SAPEF4CIPA
f4eadm   21880 21844  0 May02 ?        00:00:08 dw.sapF4E_D00 pf=/usr/sap/F4E/SYS/profile/F4E_D00_SAPEF4CIPA
f4eadm   21881 21844  0 May02 ?        00:00:10 dw.sapF4E_D00 pf=/usr/sap/F4E/SYS/profile/F4E_D00_SAPEF4CIPA
f4eadm   21882 21844  0 May02 ?        00:00:11 dw.sapF4E_D00 pf=/usr/sap/F4E/SYS/profile/F4E_D00_SAPEF4CIPA
f4eadm   21883 21844  0 May02 ?        00:00:12 dw.sapF4E_D00 pf=/usr/sap/F4E/SYS/profile/F4E_D00_SAPEF4CIPA
f4eadm   21884 21844  0 May02 ?        00:00:12 dw.sapF4E_D00 pf=/usr/sap/F4E/SYS/profile/F4E_D00_SAPEF4CIPA
f4eadm   21885 21844  0 May02 ?        00:00:44 dw.sapF4E_D00 pf=/usr/sap/F4E/SYS/profile/F4E_D00_SAPEF4CIPA
f4eadm   21886 21844  0 May02 ?        00:00:51 dw.sapF4E_D00 pf=/usr/sap/F4E/SYS/profile/F4E_D00_SAPEF4CIPA
f4eadm   21887 21844  0 May02 ?        00:00:59 dw.sapF4E_D00 pf=/usr/sap/F4E/SYS/profile/F4E_D00_SAPEF4CIPA
f4eadm   21888 21844  0 May02 ?        00:01:29 dw.sapF4E_D00 pf=/usr/sap/F4E/SYS/profile/F4E_D00_SAPEF4CIPA
f4eadm   21889 21844  0 May02 ?        00:01:45 dw.sapF4E_D00 pf=/usr/sap/F4E/SYS/profile/F4E_D00_SAPEF4CIPA
f4eadm   21890 21844  0 May02 ?        00:02:03 dw.sapF4E_D00 pf=/usr/sap/F4E/SYS/profile/F4E_D00_SAPEF4CIPA
f4eadm   21891 21844  0 May02 ?        00:02:11 dw.sapF4E_D00 pf=/usr/sap/F4E/SYS/profile/F4E_D00_SAPEF4CIPA
f4eadm   21892 21844  0 May02 ?        00:02:27 dw.sapF4E_D00 pf=/usr/sap/F4E/SYS/profile/F4E_D00_SAPEF4CIPA
f4eadm   21893 21844  0 May02 ?        00:02:36 dw.sapF4E_D00 pf=/usr/sap/F4E/SYS/profile/F4E_D00_SAPEF4CIPA
f4eadm   21894 21844  0 May02 ?        00:02:47 dw.sapF4E_D00 pf=/usr/sap/F4E/SYS/profile/F4E_D00_SAPEF4CIPA
f4eadm   21895 21844  0 May02 ?        00:00:03 dw.sapF4E_D00 pf=/usr/sap/F4E/SYS/profile/F4E_D00_SAPEF4CIPA
f4eadm   21896 21844  0 May02 ?        00:00:16 dw.sapF4E_D00 pf=/usr/sap/F4E/SYS/profile/F4E_D00_SAPEF4CIPA
f4eadm   21897 21844  0 May02 ?        00:00:17 dw.sapF4E_D00 pf=/usr/sap/F4E/SYS/profile/F4E_D00_SAPEF4CIPA
f4eadm   21898 21844  0 May02 ?        00:00:23 dw.sapF4E_D00 pf=/usr/sap/F4E/SYS/profile/F4E_D00_SAPEF4CIPA
f4eadm   21899 21844  0 May02 ?        00:00:23 dw.sapF4E_D00 pf=/usr/sap/F4E/SYS/profile/F4E_D00_SAPEF4CIPA
f4eadm   21900 21844  0 May02 ?        00:00:25 dw.sapF4E_D00 pf=/usr/sap/F4E/SYS/profile/F4E_D00_SAPEF4CIPA
f4eadm   21901 21844  0 May02 ?        00:00:23 dw.sapF4E_D00 pf=/usr/sap/F4E/SYS/profile/F4E_D00_SAPEF4CIPA
f4eadm   21902 21844  0 May02 ?        00:00:23 dw.sapF4E_D00 pf=/usr/sap/F4E/SYS/profile/F4E_D00_SAPEF4CIPA
f4eadm   21903 21844  0 May02 ?        00:00:25 dw.sapF4E_D00 pf=/usr/sap/F4E/SYS/profile/F4E_D00_SAPEF4CIPA
f4eadm   21904 21844  0 May02 ?        00:00:28 dw.sapF4E_D00 pf=/usr/sap/F4E/SYS/profile/F4E_D00_SAPEF4CIPA
f4eadm   21905 21844  0 May02 ?        00:00:27 dw.sapF4E_D00 pf=/usr/sap/F4E/SYS/profile/F4E_D00_SAPEF4CIPA
f4eadm   21906 21844  0 May02 ?        00:00:03 dw.sapF4E_D00 pf=/usr/sap/F4E/SYS/profile/F4E_D00_SAPEF4CIPA
f4eadm   23132     1  0 May02 ?        00:00:00 sapstart pf=/usr/sap/F4E/SYS/profile/F4E_ASCS01_SAPEF4CIPA
f4eadm   23143 23132  0 May02 ?        00:00:21 ms.sapF4E_ASCS01 pf=/usr/sap/F4E/SYS/profile/F4E_ASCS01_SAPEF4CIPA
f4eadm   23144 23132  0 May02 ?        00:01:20 enq.sapF4E_ASCS01 pf=/usr/sap/F4E/SYS/profile/F4E_ASCS01_SAPEF4CIPA
root     23463     2  0 15:21 ?        00:00:00 [kworker/1:2-xfs-sync/dm-4]
root     24895     2  0 15:25 ?        00:00:00 [kworker/u8:3-events_unbound]
daaadm   25206  3908  0 May03 ?        00:35:29 /usr/sap/DAA/SMDA98/exe/jstart -appTrc -nodeId=0 pf=/usr/sap/DAA/SYS/profile/DAA_SMDA98_SAPEF4CIPA -hostvm -nodeName=smdagent -file=/usr/sap/DAA/SMDA98/SMDAgent/smdagent.properties -jvmFile=/usr/sap/DAA/SMDA98/work/jstart.jvm -traceFile=/usr/sap/DAA/SMDA98/work/dev_smdagent -javaOutFile=/usr/sap/DAA/SMDA98/work/jvm_smdagent.out
root     25535     2  0 15:26 ?        00:00:00 [kworker/3:1-mm_percpu_wq]
root     28408     2  0 15:35 ?        00:00:00 [kworker/u8:4-xfs-cil/nvme0n1p1]
root     28979     2  0 15:36 ?        00:00:00 [kworker/u9:1-xprtiod]
root     29087     2  0 15:37 ?        00:00:00 [kworker/1:5-xfs-sync/dm-7]
root     29653     2  0 15:37 ?        00:00:00 [kworker/2:0-events]
root     30818     2  0 14:12 ?        00:00:00 [kworker/3:0-mm_percpu_wq]
root     31402     2  0 15:43 ?        00:00:00 [kworker/1:3-xfs-sync/dm-4]
root     31407     2  0 15:43 ?        00:00:00 [kworker/2:2-events]
root     31832     2  0 May02 ?        00:00:00 bpfilter_umh
root     32682  1941  0 15:46 ?        00:00:00 sshd: ASP1033 [priv]
ASP1033  32745     1  0 15:46 ?        00:00:00 /usr/lib/systemd/systemd --user
ASP1033  32746 32745  0 15:46 ?        00:00:00 (sd-pam)
ASP1033  32752 32682  0 15:46 ?        00:00:00 sshd: ASP1033@pts/0
ASP1033  32753 32752  0 15:46 pts/0    00:00:00 -bash
0

[31;43m***** Services; Chkconfig status; CPU/MEM/ *****[0m
amazon-ssm-agent.service               loaded active running amazon-ssm-agent                                                             
apparmor.service                       loaded active exited  Load AppArmor profiles                                                       
auditd.service                         loaded active running Security Auditing Service                                                    
aws-dataprovider.service               loaded active running AWS Data Provider for SAP                                                    
chronyd.service                        loaded active running NTP client/server                                                            
cloud-config.service                   loaded active exited  Apply the settings specified in cloud-config                                 
cloud-final.service                    loaded active exited  Execute cloud user/final scripts                                             
cloud-init-local.service               loaded active exited  Initial cloud-init job (pre-networking)                                      
cloud-init.service                     loaded active exited  Initial cloud-init job (metadata service crawler)                            
cron.service                           loaded active running Command Scheduler                                                            
dbus.service                           loaded active running D-Bus System Message Bus                                                     
detect-part-label-duplicates.service   loaded active exited  Detect if the system suffers from bsc#1089761                                
dracut-shutdown.service                loaded active exited  Restore /run/initramfs on shutdown                                           
ds_agent.service                       loaded active running Trend Micro Deep Security Agent                                              
getty@tty1.service                     loaded active running Getty on tty1                                                                
haveged.service                        loaded active running Entropy Daemon based on the HAVEGE algorithm                                 
irqbalance.service                     loaded active running irqbalance daemon                                                            
iscsi.service                          loaded active exited  Login and scanning of iSCSI devices                                          
jexec.service                          loaded active exited  LSB: Supports the direct execution of binary formats.                        
kbdsettings.service                    loaded active exited  Apply settings from /etc/sysconfig/keyboard                                  
klog.service                           loaded active exited  Early Kernel Boot Messages                                                   
kmod-static-nodes.service              loaded active exited  Create list of required static device nodes for the current kernel           
lvm2-monitor.service                   loaded active exited  Monitoring of LVM2 mirrors, snapshots etc. using dmeventd or progress polling
lvm2-pvscan@259:1.service              loaded active exited  LVM event activation on device 259:1                                         
lvm2-pvscan@259:2.service              loaded active exited  LVM event activation on device 259:2                                         
lvm2-pvscan@259:3.service              loaded active exited  LVM event activation on device 259:3                                         
lvm2-pvscan@259:4.service              loaded active exited  LVM event activation on device 259:4                                         
lvm2-pvscan@259:5.service              loaded active exited  LVM event activation on device 259:5                                         
lvm2-pvscan@259:6.service              loaded active exited  LVM event activation on device 259:6                                         
lvm2-pvscan@259:7.service              loaded active exited  LVM event activation on device 259:7                                         
lvm2-pvscan@259:9.service              loaded active exited  LVM event activation on device 259:9                                         
nscd.service                           loaded active running Name Service Cache Daemon                                                    
rsyslog.service                        loaded active running System Logging Service                                                       
salt-minion.service                    loaded active running The Salt Minion                                                              
sapinit.service                        loaded active running LSB: Start the sapstartsrv                                                   
saptune.service                        loaded active exited  Optimise system for running SAP workloads                                    
serial-getty@ttyS0.service             loaded active running Serial Getty on ttyS0                                                        
splunk.service                         loaded active running SYSV: Splunk indexer service                                                 
sshd.service                           loaded active running OpenSSH Daemon                                                               
sssd.service                           loaded active running System Security Services Daemon                                              
sysstat.service                        loaded active exited  Write information about system start to sysstat log                          
systemd-journal-catalog-update.service loaded active exited  Rebuild Journal Catalog                                                      
systemd-journal-flush.service          loaded active exited  Flush Journal to Persistent Storage                                          
systemd-journald.service               loaded active running Journal Service                                                              
systemd-logind.service                 loaded active running Login Service                                                                
systemd-modules-load.service           loaded active exited  Load Kernel Modules                                                          
systemd-random-seed.service            loaded active exited  Load/Save Random Seed                                                        
systemd-remount-fs.service             loaded active exited  Remount Root and Kernel File Systems                                         
systemd-sysctl.service                 loaded active exited  Apply Kernel Variables                                                       
systemd-tmpfiles-setup-dev.service     loaded active exited  Create Static Device Nodes in /dev                                           
systemd-tmpfiles-setup.service         loaded active exited  Create Volatile Files and Directories                                        
systemd-udev-settle.service            loaded active exited  udev Wait for Complete Device Initialization                                 
systemd-udev-trigger.service           loaded active exited  udev Coldplug all Devices                                                    
systemd-udevd.service                  loaded active running udev Kernel Device Manager                                                   
systemd-update-done.service            loaded active exited  Update is Completed                                                          
systemd-update-utmp.service            loaded active exited  Update UTMP about System Boot/Shutdown                                       
systemd-user-sessions.service          loaded active exited  Permit User Sessions                                                         
systemd-vconsole-setup.service         loaded failed failed  Setup Virtual Console                                                        
user-runtime-dir@1725029451.service    loaded active exited  User Runtime Directory /run/user/1725029451                                  
user-runtime-dir@2000.service          loaded active exited  User Runtime Directory /run/user/2000                                        
user-runtime-dir@4001.service          loaded active exited  User Runtime Directory /run/user/4001                                        
user-runtime-dir@4004.service          loaded active exited  User Runtime Directory /run/user/4004                                        
user@1725029451.service                loaded active running User Manager for UID 1725029451                                              
user@2000.service                      loaded active running User Manager for UID 2000                                                    
user@4001.service                      loaded active running User Manager for UID 4001                                                    
user@4004.service                      loaded active running User Manager for UID 4004                                                    
uuidd.service                          loaded active running Daemon for generating UUIDs                                                  
wicked.service                         loaded active exited  wicked managed network interfaces                                            
wickedd-auto4.service                  loaded active running wicked AutoIPv4 supplicant service                                           
wickedd-dhcp4.service                  loaded active running wicked DHCPv4 supplicant service                                             
wickedd-dhcp6.service                  loaded active running wicked DHCPv6 supplicant service                                             
wickedd-nanny.service                  loaded active running wicked network nanny service                                                 
wickedd.service                        loaded active running wicked network management service daemon                                     
jexec                     0:off  1:on   2:on   3:on   4:on   5:on   6:off
sapinit                   0:off  1:off  2:off  3:on   4:off  5:on   6:off
splunk                    0:off  1:off  2:on   3:on   4:off  5:on   6:off
processor	: 0
vendor_id	: GenuineIntel
cpu family	: 6
model		: 106
model name	: Intel(R) Xeon(R) Platinum 8375C CPU @ 2.90GHz
stepping	: 6
microcode	: 0xd000331
cpu MHz		: 3504.142
cache size	: 55296 KB
physical id	: 0
siblings	: 4
core id		: 0
cpu cores	: 2
apicid		: 0
initial apicid	: 0
fpu		: yes
fpu_exception	: yes
cpuid level	: 27
wp		: yes
flags		: fpu vme de pse tsc msr pae mce cx8 apic sep mtrr pge mca cmov pat pse36 clflush mmx fxsr sse sse2 ss ht syscall nx pdpe1gb rdtscp lm constant_tsc rep_good nopl xtopology nonstop_tsc cpuid aperfmperf tsc_known_freq pni pclmulqdq ssse3 fma cx16 pcid sse4_1 sse4_2 x2apic movbe popcnt tsc_deadline_timer aes xsave avx f16c rdrand hypervisor lahf_lm abm 3dnowprefetch invpcid_single ssbd ibrs ibpb stibp ibrs_enhanced fsgsbase tsc_adjust bmi1 avx2 smep bmi2 erms invpcid avx512f avx512dq rdseed adx smap avx512ifma clflushopt clwb avx512cd sha_ni avx512bw avx512vl xsaveopt xsavec xgetbv1 xsaves wbnoinvd ida arat avx512vbmi pku ospke avx512_vbmi2 gfni vaes vpclmulqdq avx512_vnni avx512_bitalg tme avx512_vpopcntdq rdpid md_clear flush_l1d arch_capabilities
bugs		: spectre_v1 spectre_v2 spec_store_bypass swapgs
bogomips	: 5799.95
clflush size	: 64
cache_alignment	: 64
address sizes	: 46 bits physical, 48 bits virtual
power management:

processor	: 1
vendor_id	: GenuineIntel
cpu family	: 6
model		: 106
model name	: Intel(R) Xeon(R) Platinum 8375C CPU @ 2.90GHz
stepping	: 6
microcode	: 0xd000331
cpu MHz		: 3503.766
cache size	: 55296 KB
physical id	: 0
siblings	: 4
core id		: 1
cpu cores	: 2
apicid		: 2
initial apicid	: 2
fpu		: yes
fpu_exception	: yes
cpuid level	: 27
wp		: yes
flags		: fpu vme de pse tsc msr pae mce cx8 apic sep mtrr pge mca cmov pat pse36 clflush mmx fxsr sse sse2 ss ht syscall nx pdpe1gb rdtscp lm constant_tsc rep_good nopl xtopology nonstop_tsc cpuid aperfmperf tsc_known_freq pni pclmulqdq ssse3 fma cx16 pcid sse4_1 sse4_2 x2apic movbe popcnt tsc_deadline_timer aes xsave avx f16c rdrand hypervisor lahf_lm abm 3dnowprefetch invpcid_single ssbd ibrs ibpb stibp ibrs_enhanced fsgsbase tsc_adjust bmi1 avx2 smep bmi2 erms invpcid avx512f avx512dq rdseed adx smap avx512ifma clflushopt clwb avx512cd sha_ni avx512bw avx512vl xsaveopt xsavec xgetbv1 xsaves wbnoinvd ida arat avx512vbmi pku ospke avx512_vbmi2 gfni vaes vpclmulqdq avx512_vnni avx512_bitalg tme avx512_vpopcntdq rdpid md_clear flush_l1d arch_capabilities
bugs		: spectre_v1 spectre_v2 spec_store_bypass swapgs
bogomips	: 5799.95
clflush size	: 64
cache_alignment	: 64
address sizes	: 46 bits physical, 48 bits virtual
power management:

processor	: 2
vendor_id	: GenuineIntel
cpu family	: 6
model		: 106
model name	: Intel(R) Xeon(R) Platinum 8375C CPU @ 2.90GHz
stepping	: 6
microcode	: 0xd000331
cpu MHz		: 3502.596
cache size	: 55296 KB
physical id	: 0
siblings	: 4
core id		: 0
cpu cores	: 2
apicid		: 1
initial apicid	: 1
fpu		: yes
fpu_exception	: yes
cpuid level	: 27
wp		: yes
flags		: fpu vme de pse tsc msr pae mce cx8 apic sep mtrr pge mca cmov pat pse36 clflush mmx fxsr sse sse2 ss ht syscall nx pdpe1gb rdtscp lm constant_tsc rep_good nopl xtopology nonstop_tsc cpuid aperfmperf tsc_known_freq pni pclmulqdq ssse3 fma cx16 pcid sse4_1 sse4_2 x2apic movbe popcnt tsc_deadline_timer aes xsave avx f16c rdrand hypervisor lahf_lm abm 3dnowprefetch invpcid_single ssbd ibrs ibpb stibp ibrs_enhanced fsgsbase tsc_adjust bmi1 avx2 smep bmi2 erms invpcid avx512f avx512dq rdseed adx smap avx512ifma clflushopt clwb avx512cd sha_ni avx512bw avx512vl xsaveopt xsavec xgetbv1 xsaves wbnoinvd ida arat avx512vbmi pku ospke avx512_vbmi2 gfni vaes vpclmulqdq avx512_vnni avx512_bitalg tme avx512_vpopcntdq rdpid md_clear flush_l1d arch_capabilities
bugs		: spectre_v1 spectre_v2 spec_store_bypass swapgs
bogomips	: 5799.95
clflush size	: 64
cache_alignment	: 64
address sizes	: 46 bits physical, 48 bits virtual
power management:

processor	: 3
vendor_id	: GenuineIntel
cpu family	: 6
model		: 106
model name	: Intel(R) Xeon(R) Platinum 8375C CPU @ 2.90GHz
stepping	: 6
microcode	: 0xd000331
cpu MHz		: 3502.603
cache size	: 55296 KB
physical id	: 0
siblings	: 4
core id		: 1
cpu cores	: 2
apicid		: 3
initial apicid	: 3
fpu		: yes
fpu_exception	: yes
cpuid level	: 27
wp		: yes
flags		: fpu vme de pse tsc msr pae mce cx8 apic sep mtrr pge mca cmov pat pse36 clflush mmx fxsr sse sse2 ss ht syscall nx pdpe1gb rdtscp lm constant_tsc rep_good nopl xtopology nonstop_tsc cpuid aperfmperf tsc_known_freq pni pclmulqdq ssse3 fma cx16 pcid sse4_1 sse4_2 x2apic movbe popcnt tsc_deadline_timer aes xsave avx f16c rdrand hypervisor lahf_lm abm 3dnowprefetch invpcid_single ssbd ibrs ibpb stibp ibrs_enhanced fsgsbase tsc_adjust bmi1 avx2 smep bmi2 erms invpcid avx512f avx512dq rdseed adx smap avx512ifma clflushopt clwb avx512cd sha_ni avx512bw avx512vl xsaveopt xsavec xgetbv1 xsaves wbnoinvd ida arat avx512vbmi pku ospke avx512_vbmi2 gfni vaes vpclmulqdq avx512_vnni avx512_bitalg tme avx512_vpopcntdq rdpid md_clear flush_l1d arch_capabilities
bugs		: spectre_v1 spectre_v2 spec_store_bypass swapgs
bogomips	: 5799.95
clflush size	: 64
cache_alignment	: 64
address sizes	: 46 bits physical, 48 bits virtual
power management:

MemTotal:       16113732 kB
MemFree:         1815824 kB
MemAvailable:    8115180 kB
Buffers:            3268 kB
Cached:          8300888 kB
SwapCached:            0 kB
Active:          9555256 kB
Inactive:        3948644 kB
Active(anon):    5207056 kB
Inactive(anon):  1999888 kB
Active(file):    4348200 kB
Inactive(file):  1948756 kB
Unevictable:          80 kB
Mlocked:              80 kB
SwapTotal:      33550332 kB
SwapFree:       33550332 kB
Dirty:               616 kB
Writeback:            24 kB
AnonPages:       5061620 kB
Mapped:          2516520 kB
Shmem:           2007200 kB
KReclaimable:     339388 kB
Slab:             456308 kB
SReclaimable:     339388 kB
SUnreclaim:       116920 kB
KernelStack:       10416 kB
PageTables:       114932 kB
NFS_Unstable:          0 kB
Bounce:                0 kB
WritebackTmp:          0 kB
CommitLimit:    41607196 kB
Committed_AS:   26608292 kB
VmallocTotal:   34359738367 kB
VmallocUsed:       59808 kB
VmallocChunk:          0 kB
Percpu:             1328 kB
HardwareCorrupted:     0 kB
AnonHugePages:   4141056 kB
ShmemHugePages:        0 kB
ShmemPmdMapped:        0 kB
HugePages_Total:       0
HugePages_Free:        0
HugePages_Rsvd:        0
HugePages_Surp:        0
Hugepagesize:       2048 kB
Hugetlb:               0 kB
DirectMap4k:      370596 kB
DirectMap2M:    14030848 kB
DirectMap1G:     2097152 kB
  --- Physical volume ---
  PV Name               /dev/nvme8n1
  VG Name               home
  PV Size               20.00 GiB / not usable 4.00 MiB
  Allocatable           yes (but full)
  PE Size               4.00 MiB
  Total PE              5119
  Free PE               0
  Allocated PE          5119
  PV UUID               pig3UV-Jedo-yWMq-HoAG-aoTj-dTOU-qua6zR
   
  --- Physical volume ---
  PV Name               /dev/nvme7n1
  VG Name               swap
  PV Size               32.00 GiB / not usable 4.00 MiB
  Allocatable           yes (but full)
  PE Size               4.00 MiB
  Total PE              8191
  Free PE               0
  Allocated PE          8191
  PV UUID               OvIahx-4oZF-xHc2-aEzP-efgr-SOiU-oNz4rR
   
  --- Physical volume ---
  PV Name               /dev/nvme6n1
  VG Name               var_tmp
  PV Size               20.00 GiB / not usable 4.00 MiB
  Allocatable           yes (but full)
  PE Size               4.00 MiB
  Total PE              5119
  Free PE               0
  Allocated PE          5119
  PV UUID               wAmJXj-FDD4-1hDY-0cXx-ttd6-kjwY-T43elR
   
  --- Physical volume ---
  PV Name               /dev/nvme5n1
  VG Name               usr_sap
  PV Size               50.00 GiB / not usable 4.00 MiB
  Allocatable           yes (but full)
  PE Size               4.00 MiB
  Total PE              12799
  Free PE               0
  Allocated PE          12799
  PV UUID               5pdee1-7PON-iz2q-BWaO-AMaH-Xre2-xufY7G
   
  --- Physical volume ---
  PV Name               /dev/nvme4n1
  VG Name               var_log_audit
  PV Size               20.00 GiB / not usable 4.00 MiB
  Allocatable           yes (but full)
  PE Size               4.00 MiB
  Total PE              5119
  Free PE               0
  Allocated PE          5119
  PV UUID               fFbILu-X1ae-47uY-0y6N-QiKX-tY7n-f12XjZ
   
  --- Physical volume ---
  PV Name               /dev/nvme2n1
  VG Name               var
  PV Size               20.00 GiB / not usable 4.00 MiB
  Allocatable           yes (but full)
  PE Size               4.00 MiB
  Total PE              5119
  Free PE               0
  Allocated PE          5119
  PV UUID               cyvNwo-KavN-eWAW-ZaJk-09qO-29ld-lt6pnZ
   
  --- Physical volume ---
  PV Name               /dev/nvme3n1
  VG Name               usr_sap_F4E
  PV Size               100.00 GiB / not usable 4.00 MiB
  Allocatable           yes (but full)
  PE Size               4.00 MiB
  Total PE              25599
  Free PE               0
  Allocated PE          25599
  PV UUID               Q7uuqr-ljUN-vmcG-uDoi-S9vm-5pk9-5kHt2z
   
  --- Physical volume ---
  PV Name               /dev/nvme1n1
  VG Name               var_log
  PV Size               20.00 GiB / not usable 4.00 MiB
  Allocatable           yes (but full)
  PE Size               4.00 MiB
  Total PE              5119
  Free PE               0
  Allocated PE          5119
  PV UUID               dGA77H-toty-vjwU-Icj6-fMLD-foyO-1z5x0P
   
  --- Volume group ---
  VG Name               home
  System ID             
  Format                lvm2
  Metadata Areas        1
  Metadata Sequence No  2
  VG Access             read/write
  VG Status             resizable
  MAX LV                0
  Cur LV                1
  Open LV               1
  Max PV                0
  Cur PV                1
  Act PV                1
  VG Size               20.00 GiB
  PE Size               4.00 MiB
  Total PE              5119
  Alloc PE / Size       5119 / 20.00 GiB
  Free  PE / Size       0 / 0   
  VG UUID               YTrIbR-cquE-c3Cb-62Y2-UQ2T-0H3V-47rrag
   
  --- Volume group ---
  VG Name               swap
  System ID             
  Format                lvm2
  Metadata Areas        1
  Metadata Sequence No  2
  VG Access             read/write
  VG Status             resizable
  MAX LV                0
  Cur LV                1
  Open LV               1
  Max PV                0
  Cur PV                1
  Act PV                1
  VG Size               32.00 GiB
  PE Size               4.00 MiB
  Total PE              8191
  Alloc PE / Size       8191 / 32.00 GiB
  Free  PE / Size       0 / 0   
  VG UUID               ziDL1d-MclP-JcdS-rg5f-HUYu-79Zn-wfZax1
   
  --- Volume group ---
  VG Name               var_tmp
  System ID             
  Format                lvm2
  Metadata Areas        1
  Metadata Sequence No  2
  VG Access             read/write
  VG Status             resizable
  MAX LV                0
  Cur LV                1
  Open LV               1
  Max PV                0
  Cur PV                1
  Act PV                1
  VG Size               20.00 GiB
  PE Size               4.00 MiB
  Total PE              5119
  Alloc PE / Size       5119 / 20.00 GiB
  Free  PE / Size       0 / 0   
  VG UUID               DY1r39-ALrk-5neb-k21V-I3Kv-PWIn-6KgY9v
   
  --- Volume group ---
  VG Name               usr_sap
  System ID             
  Format                lvm2
  Metadata Areas        1
  Metadata Sequence No  2
  VG Access             read/write
  VG Status             resizable
  MAX LV                0
  Cur LV                1
  Open LV               1
  Max PV                0
  Cur PV                1
  Act PV                1
  VG Size               50.00 GiB
  PE Size               4.00 MiB
  Total PE              12799
  Alloc PE / Size       12799 / 50.00 GiB
  Free  PE / Size       0 / 0   
  VG UUID               3fJEpC-q4sv-X7ke-bg5F-Ujre-kizO-V5qHai
   
  --- Volume group ---
  VG Name               var_log_audit
  System ID             
  Format                lvm2
  Metadata Areas        1
  Metadata Sequence No  2
  VG Access             read/write
  VG Status             resizable
  MAX LV                0
  Cur LV                1
  Open LV               1
  Max PV                0
  Cur PV                1
  Act PV                1
  VG Size               20.00 GiB
  PE Size               4.00 MiB
  Total PE              5119
  Alloc PE / Size       5119 / 20.00 GiB
  Free  PE / Size       0 / 0   
  VG UUID               Vi7osb-o8S2-udqT-hxjH-L5O9-qNz5-kU30ic
   
  --- Volume group ---
  VG Name               var
  System ID             
  Format                lvm2
  Metadata Areas        1
  Metadata Sequence No  2
  VG Access             read/write
  VG Status             resizable
  MAX LV                0
  Cur LV                1
  Open LV               1
  Max PV                0
  Cur PV                1
  Act PV                1
  VG Size               20.00 GiB
  PE Size               4.00 MiB
  Total PE              5119
  Alloc PE / Size       5119 / 20.00 GiB
  Free  PE / Size       0 / 0   
  VG UUID               Wr0BkD-Mt1q-dnN6-RDVZ-5CK7-JwOk-sAsFKf
   
  --- Volume group ---
  VG Name               usr_sap_F4E
  System ID             
  Format                lvm2
  Metadata Areas        1
  Metadata Sequence No  4
  VG Access             read/write
  VG Status             resizable
  MAX LV                0
  Cur LV                1
  Open LV               1
  Max PV                0
  Cur PV                1
  Act PV                1
  VG Size               100.00 GiB
  PE Size               4.00 MiB
  Total PE              25599
  Alloc PE / Size       25599 / 100.00 GiB
  Free  PE / Size       0 / 0   
  VG UUID               EBzwXq-a79m-NJH4-EQJt-YRA2-ldSc-LZnRAZ
   
  --- Volume group ---
  VG Name               var_log
  System ID             
  Format                lvm2
  Metadata Areas        1
  Metadata Sequence No  2
  VG Access             read/write
  VG Status             resizable
  MAX LV                0
  Cur LV                1
  Open LV               1
  Max PV                0
  Cur PV                1
  Act PV                1
  VG Size               20.00 GiB
  PE Size               4.00 MiB
  Total PE              5119
  Alloc PE / Size       5119 / 20.00 GiB
  Free  PE / Size       0 / 0   
  VG UUID               aVitUg-x9yK-u1Xm-yHgl-qQb6-QMoM-JCTWh2
   
  --- Logical volume ---
  LV Path                /dev/home/home
  LV Name                home
  VG Name                home
  LV UUID                CR8tUs-pTAr-aoj7-C2eP-7JJN-lROj-LwE2PR
  LV Write Access        read/write
  LV Creation host, time SAPXS4CIPA, 2022-01-31 11:31:59 +0000
  LV Status              available
  # open                 1
  LV Size                20.00 GiB
  Current LE             5119
  Segments               1
  Allocation             inherit
  Read ahead sectors     auto
  - currently set to     1024
  Block device           254:3
   
  --- Logical volume ---
  LV Path                /dev/swap/swap
  LV Name                swap
  VG Name                swap
  LV UUID                zN1RWG-lMaW-QuBP-221N-EVH5-Xwn6-eJaK7m
  LV Write Access        read/write
  LV Creation host, time SAPEF4CIPA, 2022-03-03 10:41:39 +0000
  LV Status              available
  # open                 2
  LV Size                32.00 GiB
  Current LE             8191
  Segments               1
  Allocation             inherit
  Read ahead sectors     auto
  - currently set to     1024
  Block device           254:1
   
  --- Logical volume ---
  LV Path                /dev/var_tmp/var_tmp
  LV Name                var_tmp
  VG Name                var_tmp
  LV UUID                vk8uvW-9KER-wNS6-arqT-59kj-2edF-emqBcg
  LV Write Access        read/write
  LV Creation host, time SAPXS4CIPA, 2022-01-31 11:44:13 +0000
  LV Status              available
  # open                 1
  LV Size                20.00 GiB
  Current LE             5119
  Segments               1
  Allocation             inherit
  Read ahead sectors     auto
  - currently set to     1024
  Block device           254:6
   
  --- Logical volume ---
  LV Path                /dev/usr_sap/usr_sap
  LV Name                usr_sap
  VG Name                usr_sap
  LV UUID                B1JVJU-023g-ZL7y-9ycJ-dvmI-iBVi-91GFJW
  LV Write Access        read/write
  LV Creation host, time SAPDF4CIPA, 2019-08-26 04:29:48 +0000
  LV Status              available
  # open                 1
  LV Size                50.00 GiB
  Current LE             12799
  Segments               1
  Allocation             inherit
  Read ahead sectors     auto
  - currently set to     1024
  Block device           254:2
   
  --- Logical volume ---
  LV Path                /dev/var_log_audit/var_log_audit
  LV Name                var_log_audit
  VG Name                var_log_audit
  LV UUID                h0eafH-iwFv-ppd0-OvTJ-3hgw-PVVA-RbQpqb
  LV Write Access        read/write
  LV Creation host, time SAPXS4CIPA, 2022-01-31 11:52:55 +0000
  LV Status              available
  # open                 1
  LV Size                20.00 GiB
  Current LE             5119
  Segments               1
  Allocation             inherit
  Read ahead sectors     auto
  - currently set to     1024
  Block device           254:4
   
  --- Logical volume ---
  LV Path                /dev/var/var
  LV Name                var
  VG Name                var
  LV UUID                FWcxEn-TqYn-XKz2-FCZz-41Pg-rFGf-fkQu0J
  LV Write Access        read/write
  LV Creation host, time SAPEF4CIPA, 2022-05-02 07:37:35 +0000
  LV Status              available
  # open                 1
  LV Size                20.00 GiB
  Current LE             5119
  Segments               1
  Allocation             inherit
  Read ahead sectors     auto
  - currently set to     1024
  Block device           254:7
   
  --- Logical volume ---
  LV Path                /dev/usr_sap_F4E/usr_sap_F4E
  LV Name                usr_sap_F4E
  VG Name                usr_sap_F4E
  LV UUID                gRZZxv-fk0D-038J-eW7W-LSyW-HTqc-EV7yD9
  LV Write Access        read/write
  LV Creation host, time SAPDF4CIPA, 2019-08-26 04:31:18 +0000
  LV Status              available
  # open                 1
  LV Size                100.00 GiB
  Current LE             25599
  Segments               1
  Allocation             inherit
  Read ahead sectors     auto
  - currently set to     1024
  Block device           254:0
   
  --- Logical volume ---
  LV Path                /dev/var_log/var_log
  LV Name                var_log
  VG Name                var_log
  LV UUID                I0TJuJ-kiWe-PKqp-qCtE-IMGc-L6MI-639oCO
  LV Write Access        read/write
  LV Creation host, time SAPEF4CIPA, 2022-05-02 07:37:36 +0000
  LV Status              available
  # open                 1
  LV Size                20.00 GiB
  Current LE             5119
  Segments               1
  Allocation             inherit
  Read ahead sectors     auto
  - currently set to     1024
  Block device           254:5
   
              total        used        free      shared  buff/cache   available
Mem:          15736        5522        1772        1960        8441        7924
Swap:         32763           0       32763

[31;43m***** NTPD status *****[0m
● ntpd.service - NTP Server Daemon
   Loaded: loaded (/usr/lib/systemd/system/ntpd.service; disabled; vendor preset: disabled)
  Drop-In: /run/systemd/generator/ntpd.service.d
           └─50-insserv.conf-$time.conf
   Active: inactive (dead)
     Docs: man:ntpd(1)

******************************************
SAPEF4CIPA
5.3.18-24.67-default
NAME="SLES"
VERSION="15-SP2"
VERSION_ID="15.2"
PRETTY_NAME="SUSE Linux Enterprise Server 15 SP2"
ID="sles"
ID_LIKE="suse"
ANSI_COLOR="0;32"
CPE_NAME="cpe:/o:suse:sles:15:sp2"
VARIANT_ID="sles-sap"
 15:47:31  up 10 days  7:38,  1 user,  load average: 0.00, 0.01, 0.00
################################################################################
## /etc/ntp.conf
##
## Sample NTP configuration file.
## See package 'ntp-doc' for documentation, Mini-HOWTO and FAQ.
## Copyright (c) 1998 S.u.S.E. GmbH Fuerth, Germany.
##
## Author: Michael Andres,  <ma@suse.de>
##         Michael Skibbe,  <mskibbe@suse.de>
##
################################################################################

##
## Radio and modem clocks by convention have addresses in the 
## form 127.127.t.u, where t is the clock type and u is a unit 
## number in the range 0-3. 
##
## Most of these clocks require support in the form of a 
## serial port or special bus peripheral. The particular  
## device is normally specified by adding a soft link 
## /dev/device-u to the particular hardware device involved, 
## where u correspond to the unit number above. 
## 
## Generic DCF77 clock on serial port (Conrad DCF77)
## Address:     127.127.8.u
## Serial Port: /dev/refclock-u
##  
## (create soft link /dev/refclock-0 to the particular ttyS?)
##
# server 127.127.8.0 mode 5 prefer

##
## Undisciplined Local Clock. This is a fake driver intended for backup
## and when no outside source of synchronized time is available.
##
# server 127.127.1.0		# local clock (LCL)
# fudge  127.127.1.0 stratum 10	# LCL is unsynchronized

##
## Add external Servers using
## # rcntpd addserver <yourserver>
## The servers will only be added to the currently running instance, not
## to /etc/ntp.conf.
##

# Access control configuration; see /usr/share/doc/packages/ntp/html/accopt.html for
# details.  The web page <http://support.ntp.org/bin/view/Support/AccessRestrictions>
# might also be helpful.
#
# Note that "restrict" applies to both servers and clients, so a configuration
# that might be intended to block requests from certain clients could also end
# up blocking replies from your own upstream servers.

# By default, exchange time with everybody, but don't allow configuration.
restrict -4 default notrap nomodify nopeer noquery
restrict -6 default notrap nomodify nopeer noquery

# Local users may interrogate the ntp server more closely.
restrict 127.0.0.1
restrict ::1

# Clients from this (example!) subnet have unlimited access, but only if
# cryptographically authenticated.
#restrict 192.168.123.0 mask 255.255.255.0 notrust

##
## Miscellaneous stuff
##

driftfile /var/lib/ntp/drift/ntp.drift # path for drift file

logfile   /var/log/ntp		# alternate log file
# logconfig =syncstatus + sysevents
# logconfig =all

# statsdir /var/log/ntpstats/		# directory for statistics files
# filegen peerstats  file peerstats  type day enable
# filegen loopstats  file loopstats  type day enable
# filegen clockstats file clockstats type day enable

#
# Authentication stuff
#
keys /etc/ntp.keys		# path for keys file
trustedkey 1 # define trusted keys
requestkey 1			# key (7) for accessing server variables
controlkey 1			# key (6) for accessing server variables

server 172.30.144.243 ibrust
server 172.30.144.244 ibrust
aaa_base-84.87+git20180409.04c9dae-3.52.1.x86_64 Fri Apr 22 13:25:50 2022
python3-pip-20.0.2-6.15.1.noarch              Fri Apr 22 13:25:47 2022
python3-dbm-3.6.15-3.91.4.x86_64              Fri Apr 22 13:25:47 2022
python3-curses-3.6.15-3.91.4.x86_64           Fri Apr 22 13:25:47 2022
python3-base-3.6.15-3.91.3.x86_64             Fri Apr 22 13:25:47 2022
python3-3.6.15-3.91.4.x86_64                  Fri Apr 22 13:25:47 2022
libpython3_6m1_0-3.6.15-3.91.3.x86_64         Fri Apr 22 13:25:46 2022
polkit-0.116-3.6.1.x86_64                     Fri Apr 22 13:25:42 2022
libpolkit0-0.116-3.6.1.x86_64                 Fri Apr 22 13:25:42 2022
samba-python3-4.11.14+git.319.91d693db37c-4.35.1.x86_64 Fri Apr 22 13:25:40 2022
libsamba-policy0-python3-4.11.14+git.319.91d693db37c-4.35.1.x86_64 Fri Apr 22 13:25:39 2022
samba-client-4.11.14+git.319.91d693db37c-4.35.1.x86_64 Fri Apr 22 13:25:38 2022
samba-4.11.14+git.319.91d693db37c-4.35.1.x86_64 Fri Apr 22 13:25:38 2022
libsmbclient0-4.11.14+git.319.91d693db37c-4.35.1.x86_64 Fri Apr 22 13:25:38 2022
samba-libs-python3-4.11.14+git.319.91d693db37c-4.35.1.x86_64 Fri Apr 22 13:25:37 2022
libwbclient0-4.11.14+git.319.91d693db37c-4.35.1.x86_64 Fri Apr 22 13:25:37 2022
libsmbldap2-4.11.14+git.319.91d693db37c-4.35.1.x86_64 Fri Apr 22 13:25:37 2022
libsamba-passdb0-4.11.14+git.319.91d693db37c-4.35.1.x86_64 Fri Apr 22 13:25:37 2022
libnetapi0-4.11.14+git.319.91d693db37c-4.35.1.x86_64 Fri Apr 22 13:25:37 2022
libndr-krb5pac0-4.11.14+git.319.91d693db37c-4.35.1.x86_64 Fri Apr 22 13:25:37 2022
libdcerpc0-4.11.14+git.319.91d693db37c-4.35.1.x86_64 Fri Apr 22 13:25:37 2022
ctdb-4.11.14+git.319.91d693db37c-4.35.1.x86_64 Fri Apr 22 13:25:37 2022
samba-libs-4.11.14+git.319.91d693db37c-4.35.1.x86_64 Fri Apr 22 13:25:36 2022
libsmbconf0-4.11.14+git.319.91d693db37c-4.35.1.x86_64 Fri Apr 22 13:25:36 2022
libsamdb0-4.11.14+git.319.91d693db37c-4.35.1.x86_64 Fri Apr 22 13:25:36 2022
libsamba-util0-4.11.14+git.319.91d693db37c-4.35.1.x86_64 Fri Apr 22 13:25:36 2022
libsamba-hostconfig0-4.11.14+git.319.91d693db37c-4.35.1.x86_64 Fri Apr 22 13:25:36 2022
libsamba-credentials0-4.11.14+git.319.91d693db37c-4.35.1.x86_64 Fri Apr 22 13:25:36 2022
libndr0-4.11.14+git.319.91d693db37c-4.35.1.x86_64 Fri Apr 22 13:25:36 2022
libndr-standard0-4.11.14+git.319.91d693db37c-4.35.1.x86_64 Fri Apr 22 13:25:36 2022
libndr-nbt0-4.11.14+git.319.91d693db37c-4.35.1.x86_64 Fri Apr 22 13:25:36 2022
libdcerpc-binding0-4.11.14+git.319.91d693db37c-4.35.1.x86_64 Fri Apr 22 13:25:36 2022
libtevent-util0-4.11.14+git.319.91d693db37c-4.35.1.x86_64 Fri Apr 22 13:25:35 2022
bind-9.16.6-150000.12.60.1.x86_64             Fri Apr 22 13:25:31 2022
libhogweed4-3.4.1-4.18.1.x86_64               Fri Apr 22 13:25:29 2022
libnettle6-3.4.1-4.18.1.x86_64                Fri Apr 22 13:25:26 2022
cpio-mt-2.12-3.9.1.x86_64                     Fri Apr 22 13:25:24 2022
cpio-lang-2.12-3.9.1.noarch                   Fri Apr 22 13:25:24 2022
dump-rmt-0.4b46-1.31.x86_64                   Fri Apr 22 13:25:23 2022
cpio-2.12-3.9.1.x86_64                        Fri Apr 22 13:25:23 2022
libcares2-1.17.1+20200724-3.17.1.x86_64       Fri Apr 22 13:25:21 2022
libesmtp-1.0.6-150.4.1.x86_64                 Fri Apr 22 13:25:18 2022
mozilla-nss-3.68.3-150000.3.67.1.x86_64       Fri Apr 22 13:25:14 2022
libsoftokn3-hmac-3.68.3-150000.3.67.1.x86_64  Fri Apr 22 13:25:14 2022
libsoftokn3-3.68.3-150000.3.67.1.x86_64       Fri Apr 22 13:25:13 2022
libfreebl3-hmac-3.68.3-150000.3.67.1.x86_64   Fri Apr 22 13:25:13 2022
libfreebl3-3.68.3-150000.3.67.1.x86_64        Fri Apr 22 13:25:13 2022
p11-kit-0.23.2-4.13.1.x86_64                  Fri Apr 22 13:25:11 2022
libjson-c3-0.13-3.3.1.x86_64                  Fri Apr 22 13:25:06 2022
libtiff5-4.0.9-45.5.1.x86_64                  Fri Apr 22 13:25:04 2022
python3-Twisted-19.10.0-3.6.1.x86_64          Fri Apr 22 13:25:00 2022
zsh-5.6-7.5.1.x86_64                          Fri Apr 22 13:24:54 2022
python3-lxml-4.7.1-3.7.1.x86_64               Fri Apr 22 13:24:50 2022
libQt5Widgets5-5.12.7-4.17.1.x86_64           Fri Apr 22 13:24:47 2022
libQt5Svg5-5.12.7-3.3.1.x86_64                Fri Apr 22 13:24:47 2022
libqt5-qtimageformats-5.12.7-1.50.x86_64      Fri Apr 22 13:24:46 2022
libmng2-2.0.3-1.39.x86_64                     Fri Apr 22 13:24:46 2022
libQt5Network5-5.12.7-4.17.1.x86_64           Fri Apr 22 13:24:46 2022
libQt5Gui5-5.12.7-4.17.1.x86_64               Fri Apr 22 13:24:46 2022
libQt5DBus5-5.12.7-4.17.1.x86_64              Fri Apr 22 13:24:46 2022
libQt5Core5-5.12.7-4.17.1.x86_64              Fri Apr 22 13:24:46 2022
libwebpdemux2-1.0.3-1.62.x86_64               Fri Apr 22 13:24:45 2022
libqt5-qttranslations-5.12.7-1.53.x86_64      Fri Apr 22 13:24:45 2022
liblcms2-2-2.9-3.3.1.x86_64                   Fri Apr 22 13:24:45 2022
libjasper4-2.0.14-3.19.1.x86_64               Fri Apr 22 13:24:45 2022
net-snmp-5.7.3-10.12.1.x86_64                 Fri Apr 22 13:24:42 2022
libz1-1.2.11-150000.3.30.1.x86_64             Fri Apr 22 13:24:37 2022
vim-8.0.1568-5.17.1.x86_64                    Fri Apr 22 13:24:35 2022
vim-data-common-8.0.1568-5.17.1.noarch        Fri Apr 22 13:24:34 2022
vim-data-8.0.1568-5.17.1.noarch               Fri Apr 22 13:24:34 2022
glibc-extra-2.26-13.65.1.x86_64               Fri Apr 22 13:24:29 2022
glibc-2.26-13.65.1.x86_64                     Fri Apr 22 13:24:28 2022
expat-2.2.5-3.19.1.x86_64                     Fri Apr 22 13:24:26 2022
python3-apparmor-2.13.4-3.11.1.x86_64         Thu Apr 14 10:08:36 2022
perl-apparmor-2.13.4-3.11.1.x86_64            Thu Apr 14 10:08:36 2022
apparmor-utils-lang-2.13.4-3.11.1.noarch      Thu Apr 14 10:08:36 2022
apparmor-utils-2.13.4-3.11.1.noarch           Thu Apr 14 10:08:36 2022
libapparmor1-2.13.4-3.11.1.x86_64             Thu Apr 14 10:08:34 2022
aide-0.16-24.1.x86_64                         Thu Apr 14 10:08:30 2022
sles-ltss-release-15.2-7.3.1.x86_64           Mon Apr  4 11:10:48 2022
systemd-sysvinit-234-24.108.1.x86_64          Wed Mar 30 12:05:02 2022
udev-234-24.108.1.x86_64                      Wed Mar 30 12:05:01 2022
systemd-bash-completion-234-24.108.1.noarch   Wed Mar 30 12:04:59 2022
systemd-234-24.108.1.x86_64                   Wed Mar 30 12:04:59 2022
grub2-systemd-sleep-plugin-2.04-9.52.3.noarch Wed Mar 30 12:04:58 2022
bash-completion-2.7-4.6.1.noarch              Wed Mar 30 12:04:58 2022
libmodman1-2.0.1-1.27.x86_64                  Wed Mar 30 10:39:05 2022
fence-agents-4.9.0+git.1624456340.8d746be9-3.29.1.x86_64 Tue Mar 29 16:40:44 2022
aws-cli-1.19.9-22.24.2.noarch                 Tue Mar 29 16:40:44 2022
python-s3transfer-0.3.3-8.10.1.noarch         Tue Mar 29 16:40:43 2022
python-botocore-1.20.9-28.30.2.noarch         Tue Mar 29 16:40:43 2022
python-urllib3-1.25.10-3.31.2.noarch          Tue Mar 29 16:40:42 2022
python-requests-2.24.0-8.11.4.noarch          Tue Mar 29 16:40:42 2022
python-pyOpenSSL-17.1.0-4.23.1.noarch         Tue Mar 29 16:40:42 2022
python-docutils-0.15.2-3.4.2.noarch           Tue Mar 29 16:40:42 2022
python-Pygments-2.4.2-10.7.1.noarch           Tue Mar 29 16:40:42 2022
python-setuptools-40.6.2-4.18.1.noarch        Tue Mar 29 16:40:41 2022
python-cryptography-2.8-7.37.8.x86_64         Tue Mar 29 16:40:41 2022
python-brotlipy-0.6.0-2.3.3.x86_64            Tue Mar 29 16:40:41 2022
sapconf-5.0.3-40.68.1.noarch                  Tue Mar 29 16:40:40 2022
saptune-3.0.2-4.10.1.x86_64                   Tue Mar 29 16:40:39 2022
python-six-1.14.0-13.10.3.noarch              Tue Mar 29 16:40:38 2022
python-rsa-3.1.4-12.16.1.noarch               Tue Mar 29 16:40:38 2022
python-python-dateutil-2.6.1-2.3.1.noarch     Tue Mar 29 16:40:38 2022
python-py-1.5.2-8.8.2.noarch                  Tue Mar 29 16:40:38 2022
python-ptyprocess-0.5.2-2.8.2.noarch          Tue Mar 29 16:40:38 2022
python-ply-3.4-3.3.1.noarch                   Tue Mar 29 16:40:38 2022
python-pexpect-4.3.1-3.9.2.noarch             Tue Mar 29 16:40:38 2022
python-packaging-17.1-2.7.1.noarch            Tue Mar 29 16:40:38 2022
python-jmespath-0.9.3-10.9.1.noarch           Tue Mar 29 16:40:38 2022
python-idna-2.5-3.10.2.noarch                 Tue Mar 29 16:40:38 2022
python-futures-3.0.2-15.3.1.noarch            Tue Mar 29 16:40:38 2022
python-enum34-1.1.3-8.3.3.noarch              Tue Mar 29 16:40:38 2022
python-colorama-0.4.4-4.4.2.noarch            Tue Mar 29 16:40:38 2022
python-chardet-3.0.4-5.6.1.noarch             Tue Mar 29 16:40:38 2022
python-cffi-1.11.5-5.16.2.x86_64              Tue Mar 29 16:40:38 2022
python-certifi-2018.4.16-3.6.1.noarch         Tue Mar 29 16:40:38 2022
python-PySocks-1.6.8-3.3.1.noarch             Tue Mar 29 16:40:38 2022
sysstat-12.0.2-10.36.1.x86_64                 Tue Mar 29 16:40:37 2022
python-pyparsing-2.2.0-3.3.1.noarch           Tue Mar 29 16:40:37 2022
python-asn1crypto-0.24.0-2.5.1.noarch         Tue Mar 29 16:40:37 2022
ntp-4.2.8p15-88.1.x86_64                      Tue Mar 29 16:40:36 2022
docker-20.10.12_ce-98.75.1.x86_64             Tue Mar 29 16:40:35 2022
containerd-1.4.13-16.54.1.x86_64              Tue Mar 29 16:40:33 2022
runc-1.0.3-16.18.1.x86_64                     Tue Mar 29 16:40:32 2022
xdg-menu-0.2-214.18.noarch                    Tue Mar 29 16:40:31 2022
telnet-1.2-165.63.x86_64                      Tue Mar 29 16:40:31 2022
ruby2.1-rubygem-gem2rpm-0.10.1-4.1.x86_64     Tue Mar 29 16:40:31 2022
ruby2.1-2.1.9-18.1.x86_64                     Tue Mar 29 16:40:31 2022
ruby-common-2.1-19.1.noarch                   Tue Mar 29 16:40:31 2022
python-simplejson-3.8.2-12.1.x86_64           Tue Mar 29 16:40:31 2022
python-pycurl-7.19.0-16.5.x86_64              Tue Mar 29 16:40:31 2022
python-pycparser-2.10-5.6.1.noarch            Tue Mar 29 16:40:31 2022
python-pyasn1-0.1.9-4.6.1.noarch              Tue Mar 29 16:40:31 2022
procmail-3.22-269.3.5.x86_64                  Tue Mar 29 16:40:31 2022
metamail-2.7.19-1265.76.x86_64                Tue Mar 29 16:40:31 2022
gcc9-ada-32bit-9.3.1+git1296-1.7.2.x86_64     Tue Mar 29 16:40:31 2022
gcc9-go-32bit-9.3.1+git1296-1.7.2.x86_64      Tue Mar 29 16:40:30 2022
gcc9-c++-32bit-9.3.1+git1296-1.7.2.x86_64     Tue Mar 29 16:40:30 2022
gcc9-32bit-9.3.1+git1296-1.7.2.x86_64         Tue Mar 29 16:40:29 2022
gcc9-ada-9.3.1+git1296-1.7.2.x86_64           Tue Mar 29 16:40:28 2022
gcc9-c++-9.3.1+git1296-1.7.2.x86_64           Tue Mar 29 16:40:26 2022
gcc9-fortran-9.3.1+git1296-1.7.2.x86_64       Tue Mar 29 16:40:25 2022
gcc9-go-9.3.1+git1296-1.7.2.x86_64            Tue Mar 29 16:40:24 2022
gcc9-locale-9.3.1+git1296-1.7.2.x86_64        Tue Mar 29 16:40:22 2022
gcc9-9.3.1+git1296-1.7.2.x86_64               Tue Mar 29 16:40:22 2022
cpp9-9.3.1+git1296-1.7.2.x86_64               Tue Mar 29 16:40:21 2022
sqlite3-3.36.0-9.18.1.x86_64                  Tue Mar 29 16:40:20 2022
python-xml-2.7.18-28.67.1.x86_64              Tue Mar 29 16:40:20 2022
python-ipaddress-1.0.18-3.13.1.noarch         Tue Mar 29 16:40:20 2022
python-PyYAML-5.3.1-28.6.1.x86_64             Tue Mar 29 16:40:20 2022
python-2.7.18-28.67.1.x86_64                  Tue Mar 29 16:40:20 2022
ruby2.1-stdlib-2.1.9-19.6.1.x86_64            Tue Mar 29 16:40:19 2022
python-base-2.7.18-28.67.1.x86_64             Tue Mar 29 16:40:19 2022
cyrus-sasl-plain-2.1.26-14.5.1.x86_64         Tue Mar 29 16:40:19 2022
cyrus-sasl-gssapi-2.1.26-14.5.1.x86_64        Tue Mar 29 16:40:19 2022
cyrus-sasl-digestmd5-2.1.26-14.5.1.x86_64     Tue Mar 29 16:40:19 2022
xterm-308-5.3.1.x86_64                        Tue Mar 29 16:40:18 2022
tcpdump-4.9.2-14.20.1.x86_64                  Tue Mar 29 16:40:18 2022
sysvinit-tools-2.88+-101.3.1.x86_64           Tue Mar 29 16:40:18 2022
libreadline6-6.3-83.26.4.x86_64               Tue Mar 29 16:40:18 2022
cyrus-sasl-2.1.26-14.5.1.x86_64               Tue Mar 29 16:40:18 2022
xrdb-1.1.0-5.5.1.x86_64                       Tue Mar 29 16:40:17 2022
unzip-6.00-33.13.3.x86_64                     Tue Mar 29 16:40:17 2022
shared-python-startup-0.1-1.3.1.noarch        Tue Mar 29 16:40:17 2022
rpcbind-0.2.3-24.9.1.x86_64                   Tue Mar 29 16:40:17 2022
python-rpm-macros-20200207.5feb6c1-3.19.1.noarch Tue Mar 29 16:40:17 2022
libgo14-32bit-9.3.1+git1296-1.7.2.x86_64      Tue Mar 29 16:40:17 2022
libacl1-32bit-2.2.52-7.3.1.x86_64             Tue Mar 29 16:40:17 2022
libacl1-2.2.52-7.3.1.x86_64                   Tue Mar 29 16:40:17 2022
libseccomp2-32bit-2.4.1-11.3.2.x86_64         Tue Mar 29 16:40:16 2022
libseccomp2-2.4.1-11.3.2.x86_64               Tue Mar 29 16:40:16 2022
libpcre2-8-0-10.34-1.3.1.x86_64               Tue Mar 29 16:40:16 2022
libgo14-9.3.1+git1296-1.7.2.x86_64            Tue Mar 29 16:40:16 2022
libasan5-9.3.1+git1296-1.7.2.x86_64           Tue Mar 29 16:40:16 2022
libasan5-32bit-9.3.1+git1296-1.7.2.x86_64     Tue Mar 29 16:40:16 2022
libpcre2-16-0-10.34-1.3.1.x86_64              Tue Mar 29 16:40:15 2022
libpcap1-1.8.1-10.3.1.x86_64                  Tue Mar 29 16:40:15 2022
libncurses5-5.9-72.1.x86_64                   Tue Mar 29 16:40:15 2022
libjpeg8-8.1.2-31.19.1.x86_64                 Tue Mar 29 16:40:15 2022
libjpeg62-62.2.0-31.19.1.x86_64               Tue Mar 29 16:40:15 2022
libjansson4-2.12-3.5.1.x86_64                 Tue Mar 29 16:40:15 2022
libfl2-2.6.4-9.7.1.x86_64                     Tue Mar 29 16:40:15 2022
xsetroot-1.1.1-3.57.x86_64                    Tue Mar 29 16:40:14 2022
tcpd-7.6-886.3.x86_64                         Tue Mar 29 16:40:14 2022
sharutils-4.11.1-14.64.x86_64                 Tue Mar 29 16:40:14 2022
lockdev-1.0.3_git201003141408-27.1.x86_64     Tue Mar 29 16:40:14 2022
libsmi-0.4.8-18.63.x86_64                     Tue Mar 29 16:40:14 2022
libfam0-gamin-0.1.10-11.25.x86_64             Tue Mar 29 16:40:14 2022
libXmu6-1.1.2-3.60.x86_64                     Tue Mar 29 16:40:14 2022
blog-2.19-4.3.2.x86_64                        Tue Mar 29 16:40:14 2022
attr-2.4.47-3.143.x86_64                      Tue Mar 29 16:40:14 2022
zip-3.0-16.3.1.x86_64                         Tue Mar 29 16:40:13 2022
yast2-sap-scp-prodlist-1.0.4-5.6.1.noarch     Tue Mar 29 16:40:13 2022
x11-tools-0.1-205.1.noarch                    Tue Mar 29 16:40:13 2022
syslog-service-2.0-778.1.noarch               Tue Mar 29 16:40:13 2022
mlocate-0.26-12.1.x86_64                      Tue Mar 29 16:40:13 2022
mailx-12.5-28.1.x86_64                        Tue Mar 29 16:40:13 2022
lsscsi-0.29-7.3.1.x86_64                      Tue Mar 29 16:40:13 2022
libwrap0-7.6-886.3.x86_64                     Tue Mar 29 16:40:13 2022
libruby2_1-2_1-2.1.9-18.1.x86_64              Tue Mar 29 16:40:13 2022
libref_array1-0.1.5-24.1.x86_64               Tue Mar 29 16:40:13 2022
libpixman-1-0-0.34.0-6.1.x86_64               Tue Mar 29 16:40:13 2022
libpath_utils1-0.2.1-24.1.x86_64              Tue Mar 29 16:40:13 2022
libmpfr4-3.1.2-7.1.x86_64                     Tue Mar 29 16:40:13 2022
yast2-trans-stats-2.19.0-15.22.noarch         Tue Mar 29 16:40:12 2022
xorg-x11-fonts-core-7.6-29.45.noarch          Tue Mar 29 16:40:12 2022
libffi4-5.3.1+r233831-12.1.x86_64             Tue Mar 29 16:40:12 2022
libdb-4_8-4.8.30-29.6.x86_64                  Tue Mar 29 16:40:12 2022
libcollection4-0.7.0-24.1.x86_64              Tue Mar 29 16:40:12 2022
libbasicobjects0-0.1.1-24.1.x86_64            Tue Mar 29 16:40:12 2022
libXfont2-2-2.0.3-1.19.x86_64                 Tue Mar 29 16:40:12 2022
insserv-compat-0.1-14.3.1.noarch              Tue Mar 29 16:40:12 2022
fdupes-1.61-7.1.x86_64                        Tue Mar 29 16:40:12 2022
xbitmaps-1.1.1-10.9.noarch                    Tue Mar 29 16:40:11 2022
x11-japanese-bitmap-fonts-20020904-651.139.noarch Tue Mar 29 16:40:11 2022
sysfsutils-2.1.0-151.65.x86_64                Tue Mar 29 16:40:10 2022
sharutils-lang-4.11.1-14.64.x86_64            Tue Mar 29 16:40:10 2022
luit-2.0_20130217-4.57.x86_64                 Tue Mar 29 16:40:10 2022
libutempter0-1.1.6-5.114.x86_64               Tue Mar 29 16:40:10 2022
libsmi2-0.4.8-18.63.x86_64                    Tue Mar 29 16:40:10 2022
libpopt0-1.16-26.128.x86_64                   Tue Mar 29 16:40:10 2022
libnscd1-2.0.2-134.13.x86_64                  Tue Mar 29 16:40:10 2022
libnfnetlink0-1.0.1-6.58.x86_64               Tue Mar 29 16:40:10 2022
liblockdev1-1.0.3_git201003141408-27.1.x86_64 Tue Mar 29 16:40:10 2022
libattr1-32bit-2.4.47-3.143.x86_64            Tue Mar 29 16:40:10 2022
libstdc++6-devel-gcc9-32bit-9.3.1+git1296-1.7.2.x86_64 Tue Mar 29 16:40:09 2022
libattr1-2.4.47-3.143.x86_64                  Tue Mar 29 16:40:09 2022
libaio1-0.3.109-17.15.x86_64                  Tue Mar 29 16:40:09 2022
libXmuu1-1.1.2-3.60.x86_64                    Tue Mar 29 16:40:09 2022
libXinerama1-1.1.3-3.55.x86_64                Tue Mar 29 16:40:09 2022
libXdamage1-1.1.4-7.54.x86_64                 Tue Mar 29 16:40:09 2022
libXcomposite1-0.4.4-7.53.x86_64              Tue Mar 29 16:40:09 2022
libXau6-1.0.8-4.58.x86_64                     Tue Mar 29 16:40:09 2022
libSM6-1.2.2-3.59.x86_64                      Tue Mar 29 16:40:09 2022
initviocons-0.5-101.62.x86_64                 Tue Mar 29 16:40:09 2022
google-opensans-fonts-1.0-9.128.noarch        Tue Mar 29 16:40:09 2022
gamin-server-0.1.10-11.19.x86_64              Tue Mar 29 16:40:09 2022
fillup-1.42-270.64.x86_64                     Tue Mar 29 16:40:09 2022
bonnie-1.5-482.47.x86_64                      Tue Mar 29 16:40:09 2022
bing-1.0.5-158.59.x86_64                      Tue Mar 29 16:40:09 2022
libstdc++6-devel-gcc9-9.3.1+git1296-1.7.2.x86_64 Tue Mar 29 16:40:08 2022
libstdc++6-pp-gcc9-9.3.1+git1296-1.7.2.x86_64 Tue Mar 29 16:40:07 2022
libstdc++6-pp-gcc9-32bit-9.3.1+git1296-1.7.2.x86_64 Tue Mar 29 16:40:07 2022
libada9-9.3.1+git1296-1.7.2.x86_64            Tue Mar 29 16:40:07 2022
libada9-32bit-9.3.1+git1296-1.7.2.x86_64      Tue Mar 29 16:40:07 2022
supportutils-plugin-suse-public-cloud-1.0.6-6.13.1.noarch Tue Mar 29 16:40:06 2022
gcc9-info-9.3.1+git1296-1.7.2.noarch          Tue Mar 29 16:40:06 2022
cloud-netconfig-ec2-1.6-24.1.noarch           Tue Mar 29 16:40:06 2022
supportutils-plugin-salt-1.1.5-6.13.1.noarch  Tue Mar 29 16:40:05 2022
regionServiceClientConfigEC2-3.0.0-4.12.1.noarch Tue Mar 29 16:40:05 2022
mozilla-nss-tools-3.68.2-58.60.1.x86_64       Tue Mar 29 16:40:05 2022
libnetfilter_cttimeout1-1.0.0-9.1.x86_64      Tue Mar 29 16:40:05 2022
libnetfilter_cthelper0-1.0.0-7.1.x86_64       Tue Mar 29 16:40:05 2022
cloud-init-config-suse-20.2-37.50.8.x86_64    Tue Mar 29 16:40:05 2022
binutils-2.37-9.44.1.x86_64                   Tue Mar 29 16:40:05 2022
openslp-2.0.0-24.2.1.x86_64                   Tue Mar 29 16:40:04 2022
libopenssl1_0_0-1.0.2p-3.48.1.x86_64          Tue Mar 29 16:40:04 2022
libctf0-2.37-9.44.1.x86_64                    Tue Mar 29 16:40:04 2022
mozilla-nss-certs-3.68.2-58.60.1.x86_64       Tue Mar 29 16:40:03 2022
libsasl2-3-32bit-2.1.26-14.5.1.x86_64         Tue Mar 29 16:40:03 2022
libsasl2-3-2.1.26-14.5.1.x86_64               Tue Mar 29 16:40:03 2022
libbz2-1-1.0.6-30.14.1.x86_64                 Tue Mar 29 16:40:03 2022
SAPHanaSR-doc-0.155.0-3.17.3.noarch           Tue Mar 29 16:40:03 2022
SAPHanaSR-0.155.0-3.17.3.noarch               Tue Mar 29 16:40:03 2022
timezone-2021e-74.55.1.x86_64                 Tue Mar 29 16:40:02 2022
libpcre1-8.45-8.7.1.x86_64                    Tue Mar 29 16:40:02 2022
libctf-nobfd0-2.37-9.44.1.x86_64              Tue Mar 29 16:40:02 2022
yast2-saptune-1.4-3.7.1.noarch                Tue Mar 29 16:40:01 2022
supportutils-plugin-ha-sap-0.0.2+git.1623772960.fed5aa7-1.6.1.noarch Tue Mar 29 16:40:01 2022
readline-doc-6.3-83.26.4.noarch               Tue Mar 29 16:40:01 2022
mozilla-nspr-4.32-19.18.1.x86_64              Tue Mar 29 16:40:01 2022
libsqlite3-0-3.36.0-9.18.1.x86_64             Tue Mar 29 16:40:01 2022
cifs-utils-6.9-13.17.1.x86_64                 Tue Mar 29 16:40:01 2022
ca-certificates-mozilla-2.44-12.34.1.noarch   Tue Mar 29 16:40:01 2022
sap-suse-cluster-connector-3.1.2-14.1.noarch  Tue Mar 29 16:40:00 2022
libpython2_7-1_0-2.7.18-28.67.1.x86_64        Tue Mar 29 16:40:00 2022
libcap2-32bit-2.26-14.6.1.x86_64              Tue Mar 29 16:40:00 2022
libcap2-2.26-14.6.1.x86_64                    Tue Mar 29 16:40:00 2022
chrony-4.1-5.9.1.x86_64                       Wed Mar 23 15:00:35 2022
libnettle4-2.7.1-13.6.1.x86_64                Wed Mar 23 15:00:34 2022
aws-sap-dataprovider-standalone-4.1-0.amzn2.x86_64 Mon Mar 21 10:38:32 2022
jre1.8-1.8.0_321-fcs.x86_64                   Mon Mar 21 10:38:23 2022
openssh-8.1p1-5.21.1.x86_64                   Fri Mar 18 12:53:42 2022
xdg-utils-20170508-3.2.noarch                 Sun Jan 16 13:05:12 2022
hwdata-0.353-3.36.1.noarch                    Sun Jan 16 13:05:11 2022
SUSEConnect-0.3.32-3.40.1.x86_64              Sun Jan 16 12:12:56 2022
zypper-search-packages-plugin-0.7-5.35.noarch Wed Jan 12 14:34:09 2022
zypper-needs-restarting-1.14.50-21.1.noarch   Wed Jan 12 14:34:09 2022
zypper-lifecycle-plugin-0.6.1490613702.a925823-2.43.noarch Wed Jan 12 14:34:09 2022
zypper-1.14.50-21.1.x86_64                    Wed Jan 12 14:34:09 2022
lifecycle-data-sle-module-server-applications-1-5.4.1.x86_64 Wed Jan 12 14:34:09 2022
lifecycle-data-sle-module-development-tools-1-3.10.1.noarch Wed Jan 12 14:34:09 2022
lifecycle-data-sle-module-desktop-applications-1-5.4.1.x86_64 Wed Jan 12 14:34:09 2022
libzypp-17.28.8-20.1.x86_64                   Wed Jan 12 14:34:09 2022
zypper-log-1.14.50-21.1.noarch                Wed Jan 12 14:34:08 2022
lifecycle-data-sle-module-basesystem-2-8.4.1.x86_64 Wed Jan 12 14:34:08 2022
libsolv-tools-0.7.20-9.2.x86_64               Wed Jan 12 14:34:08 2022
libprotobuf-lite20-3.9.2-4.9.1.x86_64         Wed Jan 12 14:34:08 2022
salt-minion-3002.2-52.1.x86_64                Wed Jan 12 14:33:35 2022
salt-3002.2-52.1.x86_64                       Wed Jan 12 14:33:35 2022
python3-salt-3002.2-52.1.x86_64               Wed Jan 12 14:33:35 2022
python3-tornado-4.5.3-3.3.1.x86_64            Wed Jan 12 14:33:33 2022
python3-pyzmq-17.1.2-3.3.1.x86_64             Wed Jan 12 14:33:33 2022
python3-zope.interface-4.4.2-3.2.1.x86_64     Wed Jan 12 14:33:32 2022
python3-service_identity-18.1.0-3.2.1.noarch  Wed Jan 12 14:33:32 2022
python3-pyinotify-0.9.6-4.5.1.noarch          Wed Jan 12 14:33:32 2022
python3-pyOpenSSL-17.5.0-8.3.1.noarch         Wed Jan 12 14:33:32 2022
python3-numpy-1.17.3-4.11.1.x86_64            Wed Jan 12 14:33:32 2022
python3-incremental-17.5.0-3.2.1.noarch       Wed Jan 12 14:33:32 2022
python3-hyperlink-17.2.1-3.2.1.noarch         Wed Jan 12 14:33:32 2022
python3-hyperframe-5.2.0-3.2.1.noarch         Wed Jan 12 14:33:32 2022
python3-hpack-3.0.0-3.2.1.noarch              Wed Jan 12 14:33:32 2022
python3-h2-3.2.0-3.2.2.noarch                 Wed Jan 12 14:33:32 2022
python3-gevent-1.2.2-3.26.x86_64              Wed Jan 12 14:33:32 2022
python3-distro-1.5.0-3.5.1.noarch             Wed Jan 12 14:33:32 2022
python3-constantly-15.1.0-3.2.1.noarch        Wed Jan 12 14:33:32 2022
python3-attrs-19.3.0-3.2.1.noarch             Wed Jan 12 14:33:32 2022
python3-PyHamcrest-1.9.0-3.2.2.noarch         Wed Jan 12 14:33:32 2022
python3-Automat-0.6.0-3.2.1.noarch            Wed Jan 12 14:33:32 2022
libzmq5-4.2.3-3.15.4.x86_64                   Wed Jan 12 14:33:32 2022
libunwind-1.5.0-4.5.1.x86_64                  Wed Jan 12 14:33:32 2022
python3-pyasn1-modules-0.2.1-3.4.12.noarch    Wed Jan 12 14:33:31 2022
python3-psutil-5.4.8-4.24.x86_64              Wed Jan 12 14:33:31 2022
python3-netaddr-0.7.19-1.17.noarch            Wed Jan 12 14:33:31 2022
python3-msgpack-0.5.6-1.19.x86_64             Wed Jan 12 14:33:31 2022
python3-greenlet-0.4.13-2.25.x86_64           Wed Jan 12 14:33:31 2022
libpgm-5_2-0-5.2.122-5.3.1.x86_64             Wed Jan 12 14:33:31 2022
libopenblas_pthreads0-0.3.7-2.17.x86_64       Wed Jan 12 14:33:30 2022
ds_agent-20.0.0-2971.SuSE_15.x86_64           Wed Jan  5 16:36:27 2022
psmisc-lang-23.0-6.16.1.noarch                Sat Dec 18 14:00:12 2021
psmisc-23.0-6.16.1.x86_64                     Sat Dec 18 14:00:12 2021
x11perf-1.6.0-1.20.x86_64                     Fri Dec 17 12:40:06 2021
gcc7-fortran-32bit-7.5.0+r278197-4.30.1.x86_64 Fri Dec 17 12:38:04 2021
gcc7-c++-32bit-7.5.0+r278197-4.30.1.x86_64    Fri Dec 17 12:38:04 2021
gcc-objc-7-3.9.1.x86_64                       Fri Dec 17 12:38:04 2021
gcc-fortran-32bit-7-3.9.1.x86_64              Fri Dec 17 12:38:04 2021
gcc-c++-32bit-7-3.9.1.x86_64                  Fri Dec 17 12:38:04 2021
gcc-ada-7-3.9.1.x86_64                        Fri Dec 17 12:38:04 2021
gcc-PIE-7-3.9.1.x86_64                        Fri Dec 17 12:38:04 2021
gcc-32bit-7-3.9.1.x86_64                      Fri Dec 17 12:38:04 2021
gcc7-c++-7.5.0+r278197-4.30.1.x86_64          Fri Dec 17 12:38:03 2021
gcc-fortran-7-3.9.1.x86_64                    Fri Dec 17 12:38:03 2021
gcc-c++-7-3.9.1.x86_64                        Fri Dec 17 12:38:03 2021
gcc-7-3.9.1.x86_64                            Fri Dec 17 12:38:03 2021
gcc7-fortran-7.5.0+r278197-4.30.1.x86_64      Fri Dec 17 12:38:02 2021
gcc7-32bit-7.5.0+r278197-4.30.1.x86_64        Fri Dec 17 12:38:01 2021
gcc-locale-7-3.9.1.x86_64                     Fri Dec 17 12:38:01 2021
gcc7-ada-7.5.0+r278197-4.30.1.x86_64          Fri Dec 17 12:38:00 2021
gcc7-objc-7.5.0+r278197-4.30.1.x86_64         Fri Dec 17 12:37:58 2021
gcc7-locale-7.5.0+r278197-4.30.1.x86_64       Fri Dec 17 12:37:57 2021
gcc7-7.5.0+r278197-4.30.1.x86_64              Fri Dec 17 12:37:40 2021
gcc11-obj-c++-32bit-11.2.1+git610-1.3.9.x86_64 Fri Dec 17 12:37:36 2021
gcc11-ada-32bit-11.2.1+git610-1.3.9.x86_64    Fri Dec 17 12:37:36 2021
gcc11-d-32bit-11.2.1+git610-1.3.9.x86_64      Fri Dec 17 12:37:34 2021
gcc11-c++-32bit-11.2.1+git610-1.3.9.x86_64    Fri Dec 17 12:37:34 2021
gcc11-go-32bit-11.2.1+git610-1.3.9.x86_64     Fri Dec 17 12:37:33 2021
gcc11-fortran-32bit-11.2.1+git610-1.3.9.x86_64 Fri Dec 17 12:37:33 2021
gcc11-objc-32bit-11.2.1+git610-1.3.9.x86_64   Fri Dec 17 12:37:31 2021
gcc11-obj-c++-11.2.1+git610-1.3.9.x86_64      Fri Dec 17 12:37:31 2021
gcc10-ada-32bit-10.3.0+git1587-1.6.4.x86_64   Fri Dec 17 12:37:30 2021
gcc10-go-32bit-10.3.0+git1587-1.6.4.x86_64    Fri Dec 17 12:37:29 2021
gcc10-fortran-32bit-10.3.0+git1587-1.6.4.x86_64 Fri Dec 17 12:37:29 2021
gcc10-c++-32bit-10.3.0+git1587-1.6.4.x86_64   Fri Dec 17 12:37:29 2021
gcc11-32bit-11.2.1+git610-1.3.9.x86_64        Fri Dec 17 12:37:27 2021
gcc11-ada-11.2.1+git610-1.3.9.x86_64          Fri Dec 17 12:37:26 2021
gcc11-d-11.2.1+git610-1.3.9.x86_64            Fri Dec 17 12:37:23 2021
gcc11-c++-11.2.1+git610-1.3.9.x86_64          Fri Dec 17 12:37:23 2021
gcc11-fortran-11.2.1+git610-1.3.9.x86_64      Fri Dec 17 12:37:20 2021
gcc11-go-11.2.1+git610-1.3.9.x86_64           Fri Dec 17 12:37:19 2021
gcc11-objc-11.2.1+git610-1.3.9.x86_64         Fri Dec 17 12:37:16 2021
gcc10-32bit-10.3.0+git1587-1.6.4.x86_64       Fri Dec 17 12:37:15 2021
gcc10-ada-10.3.0+git1587-1.6.4.x86_64         Fri Dec 17 12:37:14 2021
gcc10-c++-10.3.0+git1587-1.6.4.x86_64         Fri Dec 17 12:37:12 2021
gcc10-fortran-10.3.0+git1587-1.6.4.x86_64     Fri Dec 17 12:37:11 2021
gcc10-go-10.3.0+git1587-1.6.4.x86_64          Fri Dec 17 12:37:10 2021
gcc11-locale-11.2.1+git610-1.3.9.x86_64       Fri Dec 17 12:37:07 2021
gcc10-locale-10.3.0+git1587-1.6.4.x86_64      Fri Dec 17 12:37:07 2021
libstdc++6-devel-gcc10-32bit-10.3.0+git1587-1.6.4.x86_64 Fri Dec 17 12:37:06 2021
libstdc++6-devel-gcc11-32bit-11.2.1+git610-1.3.9.x86_64 Fri Dec 17 12:37:05 2021
libstdc++6-devel-gcc7-32bit-7.5.0+r278197-4.30.1.x86_64 Fri Dec 17 12:37:04 2021
gcc11-11.2.1+git610-1.3.9.x86_64              Fri Dec 17 12:37:03 2021
gcc-info-7-3.9.1.x86_64                       Fri Dec 17 12:37:03 2021
gcc10-10.3.0+git1587-1.6.4.x86_64             Fri Dec 17 12:37:00 2021
libasan4-32bit-7.5.0+r278197-4.30.1.x86_64    Fri Dec 17 12:36:58 2021
libubsan0-32bit-7.5.0+r278197-4.30.1.x86_64   Fri Dec 17 12:36:57 2021
libcilkrts5-32bit-7.5.0+r278197-4.30.1.x86_64 Fri Dec 17 12:36:57 2021
libada7-7.5.0+r278197-4.30.1.x86_64           Fri Dec 17 12:36:57 2021
glibc-devel-32bit-2.26-13.62.1.x86_64         Fri Dec 17 12:36:57 2021
gcc7-info-7.5.0+r278197-4.30.1.noarch         Fri Dec 17 12:36:57 2021
gcc11-testresults-11.2.1+git610-1.3.9.x86_64  Fri Dec 17 12:36:56 2021
gcc11-info-11.2.1+git610-1.3.9.noarch         Fri Dec 17 12:36:51 2021
gcc10-info-10.3.0+git1587-1.6.4.noarch        Fri Dec 17 12:36:51 2021
cpp11-11.2.1+git610-1.3.9.x86_64              Fri Dec 17 12:36:50 2021
cpp10-10.3.0+git1587-1.6.4.x86_64             Fri Dec 17 12:36:50 2021
libmpxwrappers2-32bit-8.2.1+r264010-1.3.7.x86_64 Fri Dec 17 12:36:49 2021
