Thu May 12 16:01:59 UTC 2022
[31;43m***** uname -a; Release; date; *****[0m
Linux SAPECRDB01 5.3.18-24.67-default #1 SMP Tue Jun 1 14:07:53 UTC 2021 (f0fe006) x86_64 x86_64 x86_64 GNU/Linux
NAME="SLES"
VERSION="15-SP2"
VERSION_ID="15.2"
PRETTY_NAME="SUSE Linux Enterprise Server 15 SP2"
ID="sles"
ID_LIKE="suse"
ANSI_COLOR="0;32"
CPE_NAME="cpe:/o:suse:sles:15:sp2"
VARIANT_ID="sles-sap"
Thu May 12 16:01:59 UTC 2022

[31;43m***** Network; Route; Netstat; *****[0m

[31;43m***** DF; Fdisk; FSTAB; GRUB; Mount *****[0m
Filesystem                                          Size  Used Avail Use% Mounted on
devtmpfs                                             62G     0   62G   0% /dev
tmpfs                                                95G  228K   95G   1% /dev/shm
tmpfs                                                62G  1.3M   62G   1% /run
tmpfs                                                62G     0   62G   0% /sys/fs/cgroup
/dev/nvme0n1p1                                      100G   39G   62G  39% /
tmpfs                                                62G  172K   62G   1% /tmp
/dev/mapper/hana_shared-hana_shared                 300G  205G   96G  69% /hana/shared
/dev/mapper/hana_data-hana_data                     600G   40G  560G   7% /hana/data
/dev/mapper/usr_sap-usr_sap                         100G  1.5G   99G   2% /usr/sap
/dev/mapper/hana_log-hana_log                       700G  7.9G  692G   2% /hana/log
/dev/mapper/var-var                                  20G  653M   20G   4% /var
/dev/mapper/usr_sap_install-usr_sap_install         100G   12G   89G  12% /usr/sap/install
/dev/mapper/var_log-var_log                          20G  911M   20G   5% /var/log
/dev/mapper/var_tmp-var_tmp                          20G  1.2G   19G   6% /var/tmp
/dev/mapper/home-home                                20G  2.0G   19G  10% /home
/dev/mapper/var_log_audit-var_log_audit              20G  2.9G   18G  15% /var/log/audit
fs-0b3f6c1db49ab5182.efs.us-east-1.amazonaws.com:/  8.0E     0  8.0E   0% /sapmnt/CRE
tmpfs                                                13G     0   13G   0% /run/user/1001
tmpfs                                                13G     0   13G   0% /run/user/473
tmpfs                                                13G     0   13G   0% /run/user/1725056571
tmpfs                                                13G     0   13G   0% /run/user/1725029451
Disk /dev/nvme4n1: 600 GiB, 644245094400 bytes, 1258291200 sectors
Disk model: Amazon Elastic Block Store              
Units: sectors of 1 * 512 = 512 bytes
Sector size (logical/physical): 512 bytes / 4096 bytes
I/O size (minimum/optimal): 4096 bytes / 4096 bytes


Disk /dev/nvme1n1: 20 GiB, 21474836480 bytes, 41943040 sectors
Disk model: Amazon Elastic Block Store              
Units: sectors of 1 * 512 = 512 bytes
Sector size (logical/physical): 512 bytes / 4096 bytes
I/O size (minimum/optimal): 4096 bytes / 4096 bytes


Disk /dev/nvme2n1: 20 GiB, 21474836480 bytes, 41943040 sectors
Disk model: Amazon Elastic Block Store              
Units: sectors of 1 * 512 = 512 bytes
Sector size (logical/physical): 512 bytes / 4096 bytes
I/O size (minimum/optimal): 4096 bytes / 4096 bytes


Disk /dev/nvme0n1: 100 GiB, 107374182400 bytes, 209715200 sectors
Disk model: Amazon Elastic Block Store              
Units: sectors of 1 * 512 = 512 bytes
Sector size (logical/physical): 512 bytes / 4096 bytes
I/O size (minimum/optimal): 4096 bytes / 4096 bytes
Disklabel type: dos
Disk identifier: 0x6c5d29eb

Device         Boot Start       End   Sectors  Size Id Type
/dev/nvme0n1p1       2048 209715166 209713119  100G 83 Linux


Disk /dev/nvme7n1: 2 GiB, 2147483648 bytes, 4194304 sectors
Disk model: Amazon Elastic Block Store              
Units: sectors of 1 * 512 = 512 bytes
Sector size (logical/physical): 512 bytes / 4096 bytes
I/O size (minimum/optimal): 4096 bytes / 4096 bytes


Disk /dev/nvme3n1: 300 GiB, 322122547200 bytes, 629145600 sectors
Disk model: Amazon Elastic Block Store              
Units: sectors of 1 * 512 = 512 bytes
Sector size (logical/physical): 512 bytes / 4096 bytes
I/O size (minimum/optimal): 4096 bytes / 4096 bytes


Disk /dev/nvme8n1: 20 GiB, 21474836480 bytes, 41943040 sectors
Disk model: Amazon Elastic Block Store              
Units: sectors of 1 * 512 = 512 bytes
Sector size (logical/physical): 512 bytes / 4096 bytes
I/O size (minimum/optimal): 4096 bytes / 4096 bytes


Disk /dev/nvme5n1: 700 GiB, 751619276800 bytes, 1468006400 sectors
Disk model: Amazon Elastic Block Store              
Units: sectors of 1 * 512 = 512 bytes
Sector size (logical/physical): 512 bytes / 4096 bytes
I/O size (minimum/optimal): 4096 bytes / 4096 bytes


Disk /dev/nvme9n1: 20 GiB, 21474836480 bytes, 41943040 sectors
Disk model: Amazon Elastic Block Store              
Units: sectors of 1 * 512 = 512 bytes
Sector size (logical/physical): 512 bytes / 4096 bytes
I/O size (minimum/optimal): 4096 bytes / 4096 bytes


Disk /dev/nvme11n1: 100 GiB, 107374182400 bytes, 209715200 sectors
Disk model: Amazon Elastic Block Store              
Units: sectors of 1 * 512 = 512 bytes
Sector size (logical/physical): 512 bytes / 4096 bytes
I/O size (minimum/optimal): 4096 bytes / 4096 bytes


Disk /dev/nvme6n1: 20 GiB, 21474836480 bytes, 41943040 sectors
Disk model: Amazon Elastic Block Store              
Units: sectors of 1 * 512 = 512 bytes
Sector size (logical/physical): 512 bytes / 4096 bytes
I/O size (minimum/optimal): 4096 bytes / 4096 bytes


Disk /dev/nvme10n1: 100 GiB, 107374182400 bytes, 209715200 sectors
Disk model: Amazon Elastic Block Store              
Units: sectors of 1 * 512 = 512 bytes
Sector size (logical/physical): 512 bytes / 4096 bytes
I/O size (minimum/optimal): 4096 bytes / 4096 bytes


Disk /dev/mapper/home-home: 20 GiB, 21470642176 bytes, 41934848 sectors
Units: sectors of 1 * 512 = 512 bytes
Sector size (logical/physical): 512 bytes / 4096 bytes
I/O size (minimum/optimal): 4096 bytes / 4096 bytes


Disk /dev/mapper/var_tmp-var_tmp: 20 GiB, 21470642176 bytes, 41934848 sectors
Units: sectors of 1 * 512 = 512 bytes
Sector size (logical/physical): 512 bytes / 4096 bytes
I/O size (minimum/optimal): 4096 bytes / 4096 bytes


Disk /dev/mapper/hana_shared-hana_shared: 300 GiB, 322118352896 bytes, 629137408 sectors
Units: sectors of 1 * 512 = 512 bytes
Sector size (logical/physical): 512 bytes / 4096 bytes
I/O size (minimum/optimal): 4096 bytes / 4096 bytes


Disk /dev/mapper/var_log_audit-var_log_audit: 20 GiB, 21470642176 bytes, 41934848 sectors
Units: sectors of 1 * 512 = 512 bytes
Sector size (logical/physical): 512 bytes / 4096 bytes
I/O size (minimum/optimal): 4096 bytes / 4096 bytes


Disk /dev/mapper/var_log-var_log: 20 GiB, 21470642176 bytes, 41934848 sectors
Units: sectors of 1 * 512 = 512 bytes
Sector size (logical/physical): 512 bytes / 4096 bytes
I/O size (minimum/optimal): 4096 bytes / 4096 bytes


Disk /dev/mapper/var-var: 20 GiB, 21470642176 bytes, 41934848 sectors
Units: sectors of 1 * 512 = 512 bytes
Sector size (logical/physical): 512 bytes / 4096 bytes
I/O size (minimum/optimal): 4096 bytes / 4096 bytes


Disk /dev/mapper/hana_data-hana_data: 600 GiB, 644240900096 bytes, 1258283008 sectors
Units: sectors of 1 * 512 = 512 bytes
Sector size (logical/physical): 512 bytes / 4096 bytes
I/O size (minimum/optimal): 4096 bytes / 4096 bytes


Disk /dev/mapper/usr_sap-usr_sap: 100 GiB, 107369988096 bytes, 209707008 sectors
Units: sectors of 1 * 512 = 512 bytes
Sector size (logical/physical): 512 bytes / 4096 bytes
I/O size (minimum/optimal): 4096 bytes / 4096 bytes


Disk /dev/mapper/hana_log-hana_log: 700 GiB, 751615082496 bytes, 1467998208 sectors
Units: sectors of 1 * 512 = 512 bytes
Sector size (logical/physical): 512 bytes / 4096 bytes
I/O size (minimum/optimal): 4096 bytes / 4096 bytes


Disk /dev/mapper/usr_sap_install-usr_sap_install: 100 GiB, 107369988096 bytes, 209707008 sectors
Units: sectors of 1 * 512 = 512 bytes
Sector size (logical/physical): 512 bytes / 4096 bytes
I/O size (minimum/optimal): 4096 bytes / 4096 bytes
LABEL=ROOT / xfs defaults 0 0
UUID=dcf997dd-cae8-4d08-8de2-ee79e83d4133 /home	xfs nodev,nosuid,noexec 0 0
UUID=9bdbb765-b784-42e8-83ac-51970abd0e67 /var/log/audit xfs nodev,nosuid,noexec 0 0
UUID=536ef96f-f713-47db-b23e-f889b267c791 /var/tmp xfs nodev,nosuid,noexec 0 0
/dev/mapper/usr_sap-usr_sap /usr/sap xfs rw,relatime,attr2,inode64,logbufs=8,logbsize=32k,noquota 0 0
/dev/mapper/usr_sap_install-usr_sap_install /usr/sap/install xfs rw,relatime,attr2,inode64,logbufs=8,logbsize=32k,noquota 0 0
fs-0b3f6c1db49ab5182.efs.us-east-1.amazonaws.com:/ /sapmnt/CRE nfs4 rw,relatime,vers=4.1,rsize=1048576,wsize=1048576,namlen=255,hard,noresvport,proto=tcp,timeo=600,retrans=2,sec=sys,clientaddr=172.18.196.173,local_lock=none,addr=172.18.196.44 0 0
tmpfs /dev/shm tmpfs defaults,nodev,nosuid,noexec 0 0
tmpfs /tmp tmpfs defaults,nodev,nosuid,noexec,nofail 0 0
/dev/mapper/hana_log-hana_log /hana/log xfs rw,relatime,attr2,inode64,logbufs=8,logbsize=32k,noquota 0 0
/dev/mapper/hana_data-hana_data /hana/data xfs rw,relatime,attr2,inode64,logbufs=8,logbsize=32k,noquota 0 0
/dev/mapper/hana_shared-hana_shared /hana/shared xfs rw,relatime,attr2,inode64,logbufs=8,logbsize=32k,noquota 0 0
UUID=64109dbc-1669-45dc-87b4-9ab76ea3c67a swap swap defaults 0 0
UUID=df57b072-fb2c-4a3d-9ada-401492995053 /var xfs nodev,nosuid,noexec 0 0
UUID=6a597a24-2efd-43f8-a10e-9e95a213097b /var/log xfs nodev,nosuid,noexec 0 0
sysfs on /sys type sysfs (rw,nosuid,nodev,noexec,relatime)
proc on /proc type proc (rw,nosuid,nodev,noexec,relatime)
devtmpfs on /dev type devtmpfs (rw,nosuid,size=64908752k,nr_inodes=16227188,mode=755)
securityfs on /sys/kernel/security type securityfs (rw,nosuid,nodev,noexec,relatime)
tmpfs on /dev/shm type tmpfs (rw,nosuid,nodev,noexec,size=98949120k)
devpts on /dev/pts type devpts (rw,nosuid,noexec,relatime,gid=5,mode=620,ptmxmode=000)
tmpfs on /run type tmpfs (rw,nosuid,nodev,mode=755)
tmpfs on /sys/fs/cgroup type tmpfs (ro,nosuid,nodev,noexec,mode=755)
cgroup on /sys/fs/cgroup/unified type cgroup2 (rw,nosuid,nodev,noexec,relatime)
cgroup on /sys/fs/cgroup/systemd type cgroup (rw,nosuid,nodev,noexec,relatime,xattr,name=systemd)
pstore on /sys/fs/pstore type pstore (rw,nosuid,nodev,noexec,relatime)
none on /sys/fs/bpf type bpf (rw,nosuid,nodev,noexec,relatime)
cgroup on /sys/fs/cgroup/cpu,cpuacct type cgroup (rw,nosuid,nodev,noexec,relatime,cpu,cpuacct)
cgroup on /sys/fs/cgroup/hugetlb type cgroup (rw,nosuid,nodev,noexec,relatime,hugetlb)
cgroup on /sys/fs/cgroup/net_cls,net_prio type cgroup (rw,nosuid,nodev,noexec,relatime,net_cls,net_prio)
cgroup on /sys/fs/cgroup/rdma type cgroup (rw,nosuid,nodev,noexec,relatime,rdma)
cgroup on /sys/fs/cgroup/blkio type cgroup (rw,nosuid,nodev,noexec,relatime,blkio)
cgroup on /sys/fs/cgroup/memory type cgroup (rw,nosuid,nodev,noexec,relatime,memory)
cgroup on /sys/fs/cgroup/devices type cgroup (rw,nosuid,nodev,noexec,relatime,devices)
cgroup on /sys/fs/cgroup/cpuset type cgroup (rw,nosuid,nodev,noexec,relatime,cpuset)
cgroup on /sys/fs/cgroup/pids type cgroup (rw,nosuid,nodev,noexec,relatime,pids)
cgroup on /sys/fs/cgroup/perf_event type cgroup (rw,nosuid,nodev,noexec,relatime,perf_event)
cgroup on /sys/fs/cgroup/freezer type cgroup (rw,nosuid,nodev,noexec,relatime,freezer)
/dev/nvme0n1p1 on / type xfs (rw,relatime,attr2,inode64,logbufs=8,logbsize=32k,noquota)
systemd-1 on /proc/sys/fs/binfmt_misc type autofs (rw,relatime,fd=32,pgrp=1,timeout=0,minproto=5,maxproto=5,direct,pipe_ino=20645)
mqueue on /dev/mqueue type mqueue (rw,relatime)
debugfs on /sys/kernel/debug type debugfs (rw,relatime)
hugetlbfs on /dev/hugepages type hugetlbfs (rw,relatime,pagesize=2M)
tmpfs on /tmp type tmpfs (rw,nosuid,nodev,noexec,relatime)
/dev/mapper/hana_shared-hana_shared on /hana/shared type xfs (rw,relatime,attr2,inode64,logbufs=8,logbsize=32k,noquota)
/dev/mapper/hana_data-hana_data on /hana/data type xfs (rw,relatime,attr2,inode64,logbufs=8,logbsize=32k,noquota)
/dev/mapper/usr_sap-usr_sap on /usr/sap type xfs (rw,relatime,attr2,inode64,logbufs=8,logbsize=32k,noquota)
/dev/mapper/hana_log-hana_log on /hana/log type xfs (rw,relatime,attr2,inode64,logbufs=8,logbsize=32k,noquota)
/dev/mapper/var-var on /var type xfs (rw,nosuid,nodev,noexec,relatime,attr2,inode64,logbufs=8,logbsize=32k,noquota)
/dev/mapper/usr_sap_install-usr_sap_install on /usr/sap/install type xfs (rw,relatime,attr2,inode64,logbufs=8,logbsize=32k,noquota)
/dev/mapper/var_log-var_log on /var/log type xfs (rw,nosuid,nodev,noexec,relatime,attr2,inode64,logbufs=8,logbsize=32k,noquota)
/dev/mapper/var_tmp-var_tmp on /var/tmp type xfs (rw,nosuid,nodev,noexec,relatime,attr2,inode64,logbufs=8,logbsize=32k,sunit=8,swidth=8,noquota)
/dev/mapper/home-home on /home type xfs (rw,nosuid,nodev,noexec,relatime,attr2,inode64,logbufs=8,logbsize=32k,sunit=8,swidth=8,noquota)
/dev/mapper/var_log_audit-var_log_audit on /var/log/audit type xfs (rw,nosuid,nodev,noexec,relatime,attr2,inode64,logbufs=8,logbsize=32k,sunit=8,swidth=8,noquota)
binfmt_misc on /proc/sys/fs/binfmt_misc type binfmt_misc (rw,relatime)
fs-0b3f6c1db49ab5182.efs.us-east-1.amazonaws.com:/ on /sapmnt/CRE type nfs4 (rw,relatime,vers=4.1,rsize=1048576,wsize=1048576,namlen=255,hard,noresvport,proto=tcp,timeo=600,retrans=2,sec=sys,clientaddr=172.18.196.173,local_lock=none,addr=172.18.196.44)
tmpfs on /run/user/1001 type tmpfs (rw,nosuid,nodev,relatime,size=12983632k,mode=700,uid=1001,gid=79)
tmpfs on /run/user/473 type tmpfs (rw,nosuid,nodev,relatime,size=12983632k,mode=700,uid=473,gid=79)
tracefs on /sys/kernel/debug/tracing type tracefs (rw,relatime)
tmpfs on /run/user/1725056571 type tmpfs (rw,nosuid,nodev,relatime,size=12983632k,mode=700,uid=1725056571,gid=1725000513)
tmpfs on /run/user/1725029451 type tmpfs (rw,nosuid,nodev,relatime,size=12983632k,mode=700,uid=1725029451,gid=1725000513)

[31;43m***** DISK & DM info from FDISK *****[0m
Disk /dev/nvme4n1: 600 GiB, 644245094400 bytes, 1258291200 sectors
Disk model: Amazon Elastic Block Store              
Disk /dev/nvme1n1: 20 GiB, 21474836480 bytes, 41943040 sectors
Disk model: Amazon Elastic Block Store              
Disk /dev/nvme2n1: 20 GiB, 21474836480 bytes, 41943040 sectors
Disk model: Amazon Elastic Block Store              
Disk /dev/nvme0n1: 100 GiB, 107374182400 bytes, 209715200 sectors
Disk model: Amazon Elastic Block Store              
Disklabel type: dos
Disk identifier: 0x6c5d29eb
Disk /dev/nvme7n1: 2 GiB, 2147483648 bytes, 4194304 sectors
Disk model: Amazon Elastic Block Store              
Disk /dev/nvme3n1: 300 GiB, 322122547200 bytes, 629145600 sectors
Disk model: Amazon Elastic Block Store              
Disk /dev/nvme8n1: 20 GiB, 21474836480 bytes, 41943040 sectors
Disk model: Amazon Elastic Block Store              
Disk /dev/nvme5n1: 700 GiB, 751619276800 bytes, 1468006400 sectors
Disk model: Amazon Elastic Block Store              
Disk /dev/nvme9n1: 20 GiB, 21474836480 bytes, 41943040 sectors
Disk model: Amazon Elastic Block Store              
Disk /dev/nvme11n1: 100 GiB, 107374182400 bytes, 209715200 sectors
Disk model: Amazon Elastic Block Store              
Disk /dev/nvme6n1: 20 GiB, 21474836480 bytes, 41943040 sectors
Disk model: Amazon Elastic Block Store              
Disk /dev/nvme10n1: 100 GiB, 107374182400 bytes, 209715200 sectors
Disk model: Amazon Elastic Block Store              
Disk /dev/mapper/home-home: 20 GiB, 21470642176 bytes, 41934848 sectors
Disk /dev/mapper/var_tmp-var_tmp: 20 GiB, 21470642176 bytes, 41934848 sectors
Disk /dev/mapper/hana_shared-hana_shared: 300 GiB, 322118352896 bytes, 629137408 sectors
Disk /dev/mapper/var_log_audit-var_log_audit: 20 GiB, 21470642176 bytes, 41934848 sectors
Disk /dev/mapper/var_log-var_log: 20 GiB, 21470642176 bytes, 41934848 sectors
Disk /dev/mapper/var-var: 20 GiB, 21470642176 bytes, 41934848 sectors
Disk /dev/mapper/hana_data-hana_data: 600 GiB, 644240900096 bytes, 1258283008 sectors
Disk /dev/mapper/usr_sap-usr_sap: 100 GiB, 107369988096 bytes, 209707008 sectors
Disk /dev/mapper/hana_log-hana_log: 700 GiB, 751615082496 bytes, 1467998208 sectors
Disk /dev/mapper/usr_sap_install-usr_sap_install: 100 GiB, 107369988096 bytes, 209707008 sectors

[31;43m***** PP process; All Running Procs; PP/Multipath devices Info *****[0m
root      9319  9301  0 16:01 pts/1    00:00:00 grep Powerpath
UID        PID  PPID  C STIME TTY          TIME CMD
root         1     0  0 May02 ?        00:01:05 /usr/lib/systemd/systemd --switched-root --system --deserialize 23
root         2     0  0 May02 ?        00:00:00 [kthreadd]
root         3     2  0 May02 ?        00:00:00 [rcu_gp]
root         4     2  0 May02 ?        00:00:00 [rcu_par_gp]
root         6     2  0 May02 ?        00:00:00 [kworker/0:0H-events_highpri]
root         9     2  0 May02 ?        00:00:00 [mm_percpu_wq]
root        10     2  0 May02 ?        00:00:01 [ksoftirqd/0]
root        11     2  0 May02 ?        00:03:41 [rcu_sched]
root        12     2  0 May02 ?        00:00:01 [migration/0]
root        13     2  0 May02 ?        00:00:00 [idle_inject/0]
root        14     2  0 May02 ?        00:00:00 [cpuhp/0]
root        15     2  0 May02 ?        00:00:00 [cpuhp/1]
root        16     2  0 May02 ?        00:00:00 [idle_inject/1]
root        17     2  0 May02 ?        00:00:01 [migration/1]
root        18     2  0 May02 ?        00:00:01 [ksoftirqd/1]
root        20     2  0 May02 ?        00:00:00 [kworker/1:0H-events_highpri]
root        21     2  0 May02 ?        00:00:00 [cpuhp/2]
root        22     2  0 May02 ?        00:00:00 [idle_inject/2]
root        23     2  0 May02 ?        00:00:01 [migration/2]
root        24     2  0 May02 ?        00:00:01 [ksoftirqd/2]
root        26     2  0 May02 ?        00:00:00 [kworker/2:0H-events_highpri]
root        27     2  0 May02 ?        00:00:00 [cpuhp/3]
root        28     2  0 May02 ?        00:00:00 [idle_inject/3]
root        29     2  0 May02 ?        00:00:01 [migration/3]
root        30     2  0 May02 ?        00:00:01 [ksoftirqd/3]
root        32     2  0 May02 ?        00:00:00 [kworker/3:0H-events_highpri]
root        33     2  0 May02 ?        00:00:00 [cpuhp/4]
root        34     2  0 May02 ?        00:00:00 [idle_inject/4]
root        35     2  0 May02 ?        00:00:01 [migration/4]
root        36     2  0 May02 ?        00:00:01 [ksoftirqd/4]
root        38     2  0 May02 ?        00:00:00 [kworker/4:0H-events_highpri]
root        39     2  0 May02 ?        00:00:00 [cpuhp/5]
root        40     2  0 May02 ?        00:00:00 [idle_inject/5]
root        41     2  0 May02 ?        00:00:01 [migration/5]
root        42     2  0 May02 ?        00:00:01 [ksoftirqd/5]
root        44     2  0 May02 ?        00:00:00 [kworker/5:0H-events_highpri]
root        45     2  0 May02 ?        00:00:00 [cpuhp/6]
root        46     2  0 May02 ?        00:00:00 [idle_inject/6]
root        47     2  0 May02 ?        00:00:01 [migration/6]
root        48     2  0 May02 ?        00:00:01 [ksoftirqd/6]
root        50     2  0 May02 ?        00:00:00 [kworker/6:0H-events_highpri]
root        51     2  0 May02 ?        00:00:00 [cpuhp/7]
root        52     2  0 May02 ?        00:00:00 [idle_inject/7]
root        53     2  0 May02 ?        00:00:01 [migration/7]
root        54     2  0 May02 ?        00:00:01 [ksoftirqd/7]
root        56     2  0 May02 ?        00:00:00 [kworker/7:0H-events_highpri]
root        57     2  0 May02 ?        00:00:00 [cpuhp/8]
root        58     2  0 May02 ?        00:00:00 [idle_inject/8]
root        59     2  0 May02 ?        00:00:01 [migration/8]
root        60     2  0 May02 ?        00:00:01 [ksoftirqd/8]
root        62     2  0 May02 ?        00:00:00 [kworker/8:0H-events_highpri]
root        63     2  0 May02 ?        00:00:00 [cpuhp/9]
root        64     2  0 May02 ?        00:00:00 [idle_inject/9]
root        65     2  0 May02 ?        00:00:01 [migration/9]
root        66     2  0 May02 ?        00:00:01 [ksoftirqd/9]
root        68     2  0 May02 ?        00:00:00 [kworker/9:0H-events_highpri]
root        69     2  0 May02 ?        00:00:00 [cpuhp/10]
root        70     2  0 May02 ?        00:00:00 [idle_inject/10]
root        71     2  0 May02 ?        00:00:01 [migration/10]
root        72     2  0 May02 ?        00:00:01 [ksoftirqd/10]
root        74     2  0 May02 ?        00:00:00 [kworker/10:0H-events_highpri]
root        75     2  0 May02 ?        00:00:00 [cpuhp/11]
root        76     2  0 May02 ?        00:00:00 [idle_inject/11]
root        77     2  0 May02 ?        00:00:01 [migration/11]
root        78     2  0 May02 ?        00:00:01 [ksoftirqd/11]
root        80     2  0 May02 ?        00:00:00 [kworker/11:0H-events_highpri]
root        81     2  0 May02 ?        00:00:00 [cpuhp/12]
root        82     2  0 May02 ?        00:00:00 [idle_inject/12]
root        83     2  0 May02 ?        00:00:01 [migration/12]
root        84     2  0 May02 ?        00:00:01 [ksoftirqd/12]
root        86     2  0 May02 ?        00:00:00 [kworker/12:0H-events_highpri]
root        87     2  0 May02 ?        00:00:00 [cpuhp/13]
root        88     2  0 May02 ?        00:00:00 [idle_inject/13]
root        89     2  0 May02 ?        00:00:01 [migration/13]
root        90     2  0 May02 ?        00:00:01 [ksoftirqd/13]
root        92     2  0 May02 ?        00:00:00 [kworker/13:0H-xfs-log/nvme0n1p1]
root        93     2  0 May02 ?        00:00:00 [cpuhp/14]
root        94     2  0 May02 ?        00:00:00 [idle_inject/14]
root        95     2  0 May02 ?        00:00:01 [migration/14]
root        96     2  0 May02 ?        00:00:01 [ksoftirqd/14]
root        98     2  0 May02 ?        00:00:00 [kworker/14:0H-events_highpri]
root        99     2  0 May02 ?        00:00:00 [cpuhp/15]
root       100     2  0 May02 ?        00:00:00 [idle_inject/15]
root       101     2  0 May02 ?        00:00:01 [migration/15]
root       102     2  0 May02 ?        00:00:01 [ksoftirqd/15]
root       104     2  0 May02 ?        00:00:00 [kworker/15:0H-events_highpri]
root       106     2  0 May02 ?        00:00:00 [kdevtmpfs]
root       107     2  0 May02 ?        00:00:00 [netns]
root       108     2  0 May02 ?        00:00:00 [rcu_tasks_kthre]
root       109     2  0 May02 ?        00:00:00 [kauditd]
root       110     2  0 May02 ?        00:00:00 [khungtaskd]
root       111     2  0 May02 ?        00:00:00 [oom_reaper]
root       112     2  0 May02 ?        00:00:00 [writeback]
root       113     2  0 May02 ?        00:00:00 [kcompactd0]
root       114     2  0 May02 ?        00:00:00 [ksmd]
root       170     2  0 May02 ?        00:00:00 [kintegrityd]
root       171     2  0 May02 ?        00:00:00 [kblockd]
root       172     2  0 May02 ?        00:00:00 [blkcg_punt_bio]
root       174     2  0 May02 ?        00:00:00 [tpm_dev_wq]
root       175     2  0 May02 ?        00:00:00 [edac-poller]
root       176     2  0 May02 ?        00:00:00 [devfreq_wq]
root       177     2  0 May02 ?        00:00:00 [watchdogd]
root       185     2  0 May02 ?        00:00:00 [kswapd0]
root       186     2  0 May02 ?        00:00:00 [kworker/u33:0-xprtiod]
root       189     2  0 May02 ?        00:00:00 [kthrotld]
root       190     2  0 May02 ?        00:00:00 [ipv6_addrconf]
root       196     2  0 May02 ?        00:00:00 [kstrp]
root       201     2  0 May02 ?        00:00:00 [charger_manager]
root       372     2  0 May02 ?        00:00:00 [ena]
root       373     2  0 May02 ?        00:00:00 [nvme-wq]
root       377     2  0 May02 ?        00:00:00 [nvme-reset-wq]
root       378     2  0 May02 ?        00:00:00 [nvme-delete-wq]
root       423     2  0 May02 ?        00:00:00 [xfsalloc]
root       426     2  0 May02 ?        00:00:00 [xfs_mru_cache]
root       429     2  0 May02 ?        00:00:00 [xfs-buf/nvme0n1]
root       430     2  0 May02 ?        00:00:00 [xfs-conv/nvme0n]
root       431     2  0 May02 ?        00:00:00 [xfs-cil/nvme0n1]
root       433     2  0 May02 ?        00:00:00 [xfs-reclaim/nvm]
root       434     2  0 May02 ?        00:00:00 [xfs-eofblocks/n]
root       435     2  0 May02 ?        00:00:00 [xfs-log/nvme0n1]
root       436     2  0 May02 ?        00:00:43 [xfsaild/nvme0n1]
root       437     2  0 May02 ?        00:00:00 [kworker/13:1H-xfs-log/nvme0n1p1]
root       512     1  0 May02 ?        00:00:14 /usr/lib/systemd/systemd-journald
root       513     2  0 May02 ?        00:00:00 [kworker/0:1H-kblockd]
root       514     2  0 May02 ?        00:00:01 [kworker/1:1H-xfs-log/dm-2]
root       515     2  0 May02 ?        00:00:00 [kworker/2:1H-kblockd]
root       516     2  0 May02 ?        00:00:00 [kworker/3:1H-xfs-log/dm-6]
root       517     2  0 May02 ?        00:00:02 [kworker/5:1H-xfs-log/dm-2]
root       518     2  0 May02 ?        00:00:00 [kworker/6:1H-kblockd]
root       519     2  0 May02 ?        00:00:01 [kworker/10:1H-kblockd]
root       520     2  0 May02 ?        00:00:00 [kworker/8:1H-kblockd]
root       521     2  0 May02 ?        00:00:00 [kworker/11:1H-kblockd]
root       522     2  0 May02 ?        00:00:01 [kworker/12:1H-kblockd]
root       523     2  0 May02 ?        00:00:00 [kworker/7:1H-xfs-log/dm-7]
root       524     2  0 May02 ?        00:00:00 [kworker/14:1H-kblockd]
root       525     2  0 May02 ?        00:00:00 [kworker/15:1H-kblockd]
root       526     2  0 May02 ?        00:00:00 [kworker/9:1H-kblockd]
root       527     2  0 May02 ?        00:00:00 [kworker/4:1H-kblockd]
root       537     1  0 May02 ?        00:00:35 /usr/sbin/haveged -w 1024 -v 0 -F
root       543     1  0 May02 ?        00:00:00 /usr/lib/systemd/systemd-udevd
root       595     2  0 May02 ?        00:00:00 [cryptd]
root       661     2  0 May02 ?        00:00:00 [nfit]
root       673     2  0 May02 ?        00:00:00 [kdmflush]
root       674     2  0 May02 ?        00:00:00 [kdmflush]
root       675     2  0 May02 ?        00:00:00 [kdmflush]
root       676     2  0 May02 ?        00:00:00 [kdmflush]
root       677     2  0 May02 ?        00:00:00 [kdmflush]
root       680     2  0 May02 ?        00:00:00 [kdmflush]
root       681     2  0 May02 ?        00:00:00 [kdmflush]
root       682     2  0 May02 ?        00:00:00 [kdmflush]
root       683     2  0 May02 ?        00:00:00 [kdmflush]
root       684     2  0 May02 ?        00:00:00 [kdmflush]
root       716     2  0 May02 ?        00:00:00 [xfs-buf/dm-6]
root       717     2  0 May02 ?        00:00:00 [xfs-conv/dm-6]
root       718     2  0 May02 ?        00:00:00 [xfs-cil/dm-6]
root       719     2  0 May02 ?        00:00:00 [xfs-reclaim/dm-]
root       720     2  0 May02 ?        00:00:00 [xfs-eofblocks/d]
root       722     2  0 May02 ?        00:00:00 [xfs-buf/dm-0]
root       723     2  0 May02 ?        00:00:00 [xfs-conv/dm-0]
root       724     2  0 May02 ?        00:00:00 [xfs-cil/dm-0]
root       725     2  0 May02 ?        00:00:00 [xfs-reclaim/dm-]
root       726     2  0 May02 ?        00:00:00 [xfs-eofblocks/d]
root       728     2  0 May02 ?        00:00:00 [xfs-buf/dm-2]
root       729     2  0 May02 ?        00:00:00 [xfs-conv/dm-2]
root       730     2  0 May02 ?        00:00:00 [xfs-cil/dm-2]
root       731     2  0 May02 ?        00:00:00 [xfs-reclaim/dm-]
root       732     2  0 May02 ?        00:00:00 [xfs-eofblocks/d]
root       734     2  0 May02 ?        00:00:00 [xfs-buf/dm-9]
root       735     2  0 May02 ?        00:00:00 [xfs-conv/dm-9]
root       736     2  0 May02 ?        00:00:00 [xfs-cil/dm-9]
root       737     2  0 May02 ?        00:00:00 [xfs-reclaim/dm-]
root       738     2  0 May02 ?        00:00:00 [xfs-log/dm-6]
root       739     2  0 May02 ?        00:00:00 [xfs-eofblocks/d]
root       740     2  0 May02 ?        00:00:41 [xfsaild/dm-6]
root       741     2  0 May02 ?        00:00:00 [xfs-buf/dm-8]
root       742     2  0 May02 ?        00:00:00 [xfs-conv/dm-8]
root       743     2  0 May02 ?        00:00:00 [xfs-cil/dm-8]
root       744     2  0 May02 ?        00:00:00 [xfs-reclaim/dm-]
root       745     2  0 May02 ?        00:00:00 [xfs-eofblocks/d]
root       746     2  0 May02 ?        00:00:00 [xfs-log/dm-2]
root       747     2  0 May02 ?        00:00:42 [xfsaild/dm-2]
root       749     2  0 May02 ?        00:00:00 [xfs-log/dm-0]
root       750     2  0 May02 ?        00:00:00 [xfsaild/dm-0]
root       751     2  0 May02 ?        00:00:00 [xfs-buf/dm-7]
root       752     2  0 May02 ?        00:00:00 [xfs-conv/dm-7]
root       753     2  0 May02 ?        00:00:00 [xfs-cil/dm-7]
root       754     2  0 May02 ?        00:00:00 [xfs-reclaim/dm-]
root       755     2  0 May02 ?        00:00:00 [xfs-eofblocks/d]
root       756     2  0 May02 ?        00:00:00 [xfs-log/dm-9]
root       757     2  0 May02 ?        00:00:39 [xfsaild/dm-9]
root       758     2  0 May02 ?        00:00:00 [xfs-log/dm-8]
root       759     2  0 May02 ?        00:00:42 [xfsaild/dm-8]
root       760     2  0 May02 ?        00:00:00 [xfs-log/dm-7]
root       761     2  0 May02 ?        00:00:40 [xfsaild/dm-7]
root       763     2  0 May02 ?        00:00:00 [xfs-buf/dm-5]
root       764     2  0 May02 ?        00:00:00 [xfs-conv/dm-5]
root       765     2  0 May02 ?        00:00:00 [xfs-cil/dm-5]
root       766     2  0 May02 ?        00:00:00 [xfs-reclaim/dm-]
root       767     2  0 May02 ?        00:00:00 [xfs-eofblocks/d]
root       768     2  0 May02 ?        00:00:00 [xfs-log/dm-5]
root       769     2  0 May02 ?        00:00:00 [xfsaild/dm-5]
root       771     2  0 May02 ?        00:00:00 [xfs-buf/dm-1]
root       772     2  0 May02 ?        00:00:00 [xfs-conv/dm-1]
root       773     2  0 May02 ?        00:00:00 [xfs-cil/dm-1]
root       774     2  0 May02 ?        00:00:00 [xfs-reclaim/dm-]
root       775     2  0 May02 ?        00:00:00 [xfs-eofblocks/d]
root       778     2  0 May02 ?        00:00:00 [xfs-log/dm-1]
root       779     2  0 May02 ?        00:00:00 [xfsaild/dm-1]
root       784     2  0 May02 ?        00:00:00 [xfs-buf/dm-4]
root       785     2  0 May02 ?        00:00:00 [xfs-conv/dm-4]
root       786     2  0 May02 ?        00:00:00 [xfs-cil/dm-4]
root       787     2  0 May02 ?        00:00:00 [xfs-reclaim/dm-]
root       788     2  0 May02 ?        00:00:00 [xfs-eofblocks/d]
root       789     2  0 May02 ?        00:00:00 [xfs-log/dm-4]
root       790     2  0 May02 ?        00:00:27 [xfsaild/dm-4]
root       815     2  0 May02 ?        00:00:00 [xfs-buf/dm-3]
root       816     2  0 May02 ?        00:00:00 [xfs-conv/dm-3]
root       817     2  0 May02 ?        00:00:00 [xfs-cil/dm-3]
root       818     2  0 May02 ?        00:00:00 [xfs-reclaim/dm-]
root       819     2  0 May02 ?        00:00:00 [xfs-eofblocks/d]
root       821     2  0 May02 ?        00:00:00 [xfs-log/dm-3]
root       822     2  0 May02 ?        00:00:03 [xfsaild/dm-3]
root       838     1  0 May02 ?        00:00:01 /sbin/auditd
root       859     2  0 May02 ?        00:00:00 [audit_prune_tre]
message+   900     1  0 May02 ?        00:00:16 /usr/bin/dbus-daemon --system --address=systemd: --nofork --nopidfile --systemd-activation --syslog-only
nscd       908     1  0 May02 ?        00:00:51 /usr/sbin/nscd
root       943     1  0 May02 ?        00:00:00 /usr/sbin/sssd -i --logger=files
root       945     1  0 May02 ?        00:00:25 /usr/sbin/irqbalance --foreground
root       957     1  0 May02 ?        00:00:02 /usr/sbin/rsyslogd -n -iNONE
root       979   943  0 May02 ?        00:00:11 /usr/lib/sssd/sssd_nss --uid 0 --gid 0 --logger=files
root       980   943  0 May02 ?        00:00:03 /usr/lib/sssd/sssd_pam --uid 0 --gid 0 --logger=files
root       981     1  0 May02 ?        00:00:09 /usr/lib/systemd/systemd-logind
root      1024     1  0 May02 ?        00:00:00 /usr/lib/wicked/bin/wickedd-dhcp4 --systemd --foreground
root      1025     1  0 May02 ?        00:00:00 /usr/lib/wicked/bin/wickedd-dhcp6 --systemd --foreground
root      1026     1  0 May02 ?        00:00:00 /usr/lib/wicked/bin/wickedd-auto4 --systemd --foreground
root      1028     1  0 May02 ?        00:00:00 /usr/sbin/wickedd --systemd --foreground
root      1034     1  0 May02 ?        00:00:00 /usr/sbin/wickedd-nanny --systemd --foreground
root      1039     1  0 May02 ?        00:18:13 splunkd -p 8089 start
root      1045  1039  0 May02 ?        00:02:18 [splunkd pid=1039] splunkd -p 8089 start [process-runner]
root      1257     2  0 12:47 ?        00:00:00 [kworker/3:0-events]
root      1978     1  0 May02 ?        00:00:00 /usr/bin/python3 /usr/bin/salt-minion
chrony    1983     1  0 May02 ?        00:00:00 /usr/sbin/chronyd -u chrony
root      2014     1  0 May02 ?        00:00:00 /usr/sbin/cron -n
awsdata   2016     1  0 May02 ?        00:00:00 jsvc.exec -errfile /var/log/aws-dataprovider/jsvcerr.log -jvm server -showversion -pidfile /tmp/aws-dataprovider.pid -cp /usr/local/ec2/aws-dataprovider/lib/installer.jar:/usr/local/ec2/aws-dataprovider/lib/commons-daemon-1.2.4/commons-daemon-1.2.4.jar -Dcom.amazon.aws.aws-dataprovider.proxypath=/usr/local/ec2/aws-dataprovider -Dcom.amazon.aws.aws-dataprovider.access=https://s3.amazonaws.com/aws-sap-data-provider -DisStandaloneVersion=yes com.amazon.aws.dataprovider.AwsDataProvider /usr/local/ec2/aws-dataprovider -vhostmd -LogLevel=INFO
awsdata   2017  2016  0 May02 ?        01:04:17 jsvc.exec -errfile /var/log/aws-dataprovider/jsvcerr.log -jvm server -showversion -pidfile /tmp/aws-dataprovider.pid -cp /usr/local/ec2/aws-dataprovider/lib/installer.jar:/usr/local/ec2/aws-dataprovider/lib/commons-daemon-1.2.4/commons-daemon-1.2.4.jar -Dcom.amazon.aws.aws-dataprovider.proxypath=/usr/local/ec2/aws-dataprovider -Dcom.amazon.aws.aws-dataprovider.access=https://s3.amazonaws.com/aws-sap-data-provider -DisStandaloneVersion=yes com.amazon.aws.dataprovider.AwsDataProvider /usr/local/ec2/aws-dataprovider -vhostmd -LogLevel=INFO
root      2095  1978  0 May02 ?        00:10:01 /usr/bin/python3 /usr/bin/salt-minion
root      2106  2095  0 May02 ?        00:00:00 /usr/bin/python3 /usr/bin/salt-minion
root      2109     1  0 May02 ?        00:00:54 /usr/sbin/amazon-ssm-agent
root      2135     1  0 May02 ?        00:00:00 /usr/sbin/sshd -D
root      2136     2  0 May02 ?        00:00:00 [rpciod]
root      2137     2  0 May02 ?        00:00:00 [xprtiod]
root      2143     2  0 May02 ?        00:00:00 [nfsiod]
root      2154     1  0 May02 ?        00:00:00 /opt/ds_agent/ds_agent -w /var/opt/ds_agent -b -i -e /opt/ds_agent/ext
root      2155  2154  3 May02 ?        07:27:56 /opt/ds_agent/ds_agent -w /var/opt/ds_agent -b -i -e /opt/ds_agent/ext
root      2175     2  0 May02 ?        00:00:00 [NFSv4 callback]
root      2183     1  0 May02 tty1     00:00:00 /sbin/agetty -o -p -- \u --noclear tty1 linux
root      2185     1  0 May02 ttyS0    00:00:00 /sbin/agetty -o -p -- \u --keep-baud 115200,38400,9600 ttyS0 vt220
root      2266     2  0 May02 ?        00:01:47 [ds_kproc]
root      2267     2  0 May02 ?        00:00:00 [ds_kmemcg]
root      2477     1  0 May02 ?        00:00:18 /usr/sap/hostctrl/exe/saphostexec pf=/usr/sap/hostctrl/exe/host_profile
uuidd     2502     1  0 May02 ?        00:00:02 /usr/sbin/uuidd --socket-activation
hcdadm    2508     1  0 May02 ?        00:00:03 /usr/lib/systemd/systemd --user
hcdadm    2509  2508  0 May02 ?        00:00:00 (sd-pam)
root      2541  2109  0 May02 ?        00:05:50 /usr/sbin/ssm-agent-worker
sapadm    2575     1  0 May02 ?        00:00:04 /usr/lib/systemd/systemd --user
sapadm    2593  2575  0 May02 ?        00:00:00 (sd-pam)
sapadm    2618     1  0 May02 ?        00:08:39 /usr/sap/hostctrl/exe/sapstartsrv pf=/usr/sap/hostctrl/exe/host_profile -D
hcdadm    2620     1  0 May02 ?        00:00:14 /usr/sap/HCD/HDB00/exe/sapstartsrv pf=/usr/sap/HCD/SYS/profile/HCD_HDB00_sapecrdb01 -D -u hcdadm
root      2667     2  0 14:17 ?        00:00:00 [kworker/8:2-xfs-reclaim/nvme0n1p1]
root      2721     1  0 May02 ?        00:34:53 /usr/sap/hostctrl/exe/saposcol -l -w60 pf=/usr/sap/hostctrl/exe/host_profile
root      2740     1  0 May02 ?        00:00:00 /opt/ds_agent/ds_am -g ../diag -v 5 -d /var/opt/ds_agent/am -P 1 -R
root      2783     2  0 14:17 ?        00:00:00 [kworker/9:0-events]
root      2816     2  0 12:51 ?        00:00:00 [kworker/5:2-mm_percpu_wq]
root      3098     2  0 15:45 ?        00:00:00 [kworker/u32:1-xfs-cil/dm-6]
root      3976     2  0 15:47 ?        00:00:00 [kworker/1:0-events_power_efficient]
root      4552     2  0 15:48 ?        00:00:00 [kworker/8:1-mm_percpu_wq]
root      4672     2  0 10:02 ?        00:00:00 [kworker/14:0-events]
root      5366     2  0 15:51 ?        00:00:00 [kworker/5:1-bmhook_wq]
root      5966     2  0 11:32 ?        00:00:00 [kworker/6:0]
root      6142     2  0 15:53 ?        00:00:00 [kworker/13:1-mm_percpu_wq]
root      6202     2  0 15:54 ?        00:00:00 [kworker/10:0-xfs-sync/dm-5]
root      6203     2  0 15:54 ?        00:00:00 [kworker/7:2-mm_percpu_wq]
root      6377     2  0 14:26 ?        00:00:00 [kworker/10:1-xfs-sync/dm-5]
root      6715     2  0 15:54 ?        00:00:00 [kworker/15:2-events]
root      6716     2  0 15:54 ?        00:00:00 [kworker/u32:3-events_unbound]
root      6969  2740  0 07:17 ?        00:01:28 /opt/ds_agent/ds_am -g ../diag -v 5 -d /var/opt/ds_agent/am -P 1 -R
root      8373     2  0 15:59 ?        00:00:00 [kworker/10:2-bmhook_wq]
root      8476     2  0 16:00 ?        00:00:00 [kworker/8:0-dio/dm-7]
root      8477     2  0 16:00 ?        00:00:00 [kworker/15:0-mm_percpu_wq]
root      8539     2  0 14:32 ?        00:00:00 [kworker/4:1-cgroup_destroy]
root      8563  2135  0 16:00 ?        00:00:00 sshd: ASP1033 [priv]
ASP1033   8813     1  0 16:00 ?        00:00:00 /usr/lib/systemd/systemd --user
ASP1033   8814  8813  0 16:00 ?        00:00:00 (sd-pam)
ASP1033   8819  8563  0 16:00 ?        00:00:00 sshd: ASP1033@pts/0
ASP1033   8820  8819  0 16:00 pts/0    00:00:00 -bash
root      8827     2  0 13:07 ?        00:00:00 [kworker/11:0-cgroup_destroy]
root      9017  8820  0 16:00 pts/0    00:00:00 sudo su -
root      9025  9017  0 16:00 pts/1    00:00:00 sudo su -
root      9026  9025  0 16:00 pts/1    00:00:00 su -
root      9027  9026  0 16:00 pts/1    00:00:00 -bash
root      9195     2  0 16:01 ?        00:00:00 [kworker/3:2-mm_percpu_wq]
root      9301  9027  0 16:01 pts/1    00:00:00 -bash
root      9320  9301  0 16:01 pts/1    00:00:00 ps -eaf
root     10661     2  0 10:19 ?        00:00:00 [kworker/u33:1-xprtiod]
root     11102     2  0 11:47 ?        00:00:00 [kworker/1:1-bmhook_wq]
root     12425     2  0 13:17 ?        00:00:00 [kworker/13:0-xfs-reclaim/dm-9]
AAD1048  13408     1  0 May02 ?        00:00:03 /usr/lib/systemd/systemd --user
AAD1048  13409 13408  0 May02 ?        00:00:00 (sd-pam)
root     13670     2  0 14:47 ?        00:00:00 [kworker/2:0-events]
hcdadm   13999     1  0 May02 ?        00:00:00 sapstart pf=/usr/sap/HCD/SYS/profile/HCD_HDB00_sapecrdb01
hcdadm   14006 13999  0 May02 ?        00:00:35 /usr/sap/HCD/HDB00/sapecrdb01/trace/hdb.sapHCD_HDB00 -d -nw -f /usr/sap/HCD/HDB00/sapecrdb01/daemon.ini pf=/usr/sap/HCD/SYS/profile/HCD_HDB00_sapecrdb01
hcdadm   14066 14006  0 May02 ?        02:08:53 hdbnameserver
hcdadm   14443     1  0 May02 ?        00:00:34 hdbrsutil  --start --port 30001 --volume 1 --volumesuffix mnt00001/hdb00001 --identifier 1651498594
root     14473     2  0 May02 ?        00:00:00 [dio/dm-7]
root     14475     2  0 May02 ?        00:00:00 [dio/dm-6]
root     14506     2  0 May02 ?        00:00:00 [dio/dm-2]
hcdadm   14528 14006  0 May02 ?        00:30:54 hdbcompileserver
hcdadm   14531 14006  0 May02 ?        00:29:31 hdbpreprocessor
hcdadm   14579 14006  5 May02 ?        13:37:13 hdbindexserver -port 30003
hcdadm   14582 14006  0 May02 ?        01:28:33 hdbxsengine -port 30007
hcdadm   14955     1  0 May02 ?        00:00:34 hdbrsutil  --start --port 30003 --volume 3 --volumesuffix mnt00001/hdb00003.00003 --identifier 1651498614
hcdadm   15175 14006  0 May02 ?        00:30:07 hdbwebdispatcher
root     17609     2  0 13:30 ?        00:00:00 [kworker/u32:2-xfs-cil/dm-8]
root     18715     2  0 13:32 ?        00:00:00 [kworker/11:1-bmhook_wq]
root     20095     2  0 09:17 ?        00:00:00 [kworker/2:2-events_power_efficient]
root     21351     2  0 10:47 ?        00:00:00 [kworker/0:2-events]
root     22621     2  0 12:17 ?        00:00:00 [kworker/0:1-events]
root     22833     2  0 15:10 ?        00:00:00 [kworker/3:1-xfs-reclaim/dm-2]
root     23874     2  0 13:47 ?        00:00:00 [kworker/14:2-xfs-reclaim/nvme0n1p1]
root     25134     2  0 15:17 ?        00:00:00 [kworker/9:1-events]
daaadm   25186     1  0 May02 ?        00:00:10 /usr/sap/DAA/SMDA98/exe/sapstartsrv pf=/usr/sap/DAA/SYS/profile/DAA_SMDA98_SAPECRDB01 -D -u daaadm
root     25193     2  0 15:17 ?        00:00:00 [kworker/4:0-events]
daaadm   25373     1  0 May02 ?        00:00:00 sapstart pf=/usr/sap/DAA/SYS/profile/DAA_SMDA98_SAPECRDB01
daaadm   25382 25373  0 May02 ?        00:00:01 /usr/sap/DAA/SMDA98/work/jc.sapDAA_SMDA98 pf=/usr/sap/DAA/SYS/profile/DAA_SMDA98_SAPECRDB01
daaadm   25385 25382  0 May02 ?        00:31:15 /usr/sap/DAA/SMDA98/exe/jstart -appTrc -nodeId=0 pf=/usr/sap/DAA/SYS/profile/DAA_SMDA98_SAPECRDB01 -hostvm -nodeName=smdagent -file=/usr/sap/DAA/SMDA98/SMDAgent/smdagent.properties -jvmFile=/usr/sap/DAA/SMDA98/work/jstart.jvm -traceFile=/usr/sap/DAA/SMDA98/work/dev_smdagent -javaOutFile=/usr/sap/DAA/SMDA98/work/jvm_smdagent.out
root     26001     2  0 15:20 ?        00:00:00 [kworker/u32:0-flush-254:3]
root     26283     2  0 May02 ?        00:00:00 bpfilter_umh
root     26733     2  0 15:22 ?        00:00:00 [kworker/7:1-mm_percpu_wq]
root     27264     2  0 15:23 ?        00:00:00 [kworker/12:1-mm_percpu_wq]
root     29635     2  0 15:29 ?        00:00:00 [kworker/u32:4-xfs-cil/dm-4]
root     30983     2  0 15:32 ?        00:00:00 [kworker/15:1-xfs-reclaim/dm-9]
root     31459   943  0 May09 ?        00:00:08 /usr/lib/sssd/sssd_be --domain lambweston.com --uid 0 --gid 0 --logger=files
root     31758     2  0 15:35 ?        00:00:00 [kworker/12:2-mm_percpu_wq]
root     32348     2  0 11:17 ?        00:00:00 [kworker/6:1-mm_percpu_wq]
0

[31;43m***** Services; Chkconfig status; CPU/MEM/ *****[0m
amazon-ssm-agent.service               loaded active     running       amazon-ssm-agent                                                             
apparmor.service                       loaded failed     failed        Load AppArmor profiles                                                       
auditd.service                         loaded active     running       Security Auditing Service                                                    
aws-dataprovider.service               loaded active     running       AWS Data Provider for SAP                                                    
chronyd.service                        loaded active     running       NTP client/server                                                            
cloud-config.service                   loaded active     exited        Apply the settings specified in cloud-config                                 
cloud-final.service                    loaded active     exited        Execute cloud user/final scripts                                             
cloud-init-local.service               loaded active     exited        Initial cloud-init job (pre-networking)                                      
cloud-init.service                     loaded active     exited        Initial cloud-init job (metadata service crawler)                            
cloud-netconfig.service                loaded activating start   start Update cloud-netconfig Setup                                                 
cron.service                           loaded active     running       Command Scheduler                                                            
dbus.service                           loaded active     running       D-Bus System Message Bus                                                     
detect-part-label-duplicates.service   loaded active     exited        Detect if the system suffers from bsc#1089761                                
dracut-shutdown.service                loaded active     exited        Restore /run/initramfs on shutdown                                           
ds_agent.service                       loaded active     running       Trend Micro Deep Security Agent                                              
getty@tty1.service                     loaded active     running       Getty on tty1                                                                
haveged.service                        loaded active     running       Entropy Daemon based on the HAVEGE algorithm                                 
irqbalance.service                     loaded active     running       irqbalance daemon                                                            
iscsi.service                          loaded active     exited        Login and scanning of iSCSI devices                                          
jexec.service                          loaded active     exited        LSB: Supports the direct execution of binary formats.                        
kbdsettings.service                    loaded active     exited        Apply settings from /etc/sysconfig/keyboard                                  
klog.service                           loaded active     exited        Early Kernel Boot Messages                                                   
kmod-static-nodes.service              loaded active     exited        Create list of required static device nodes for the current kernel           
lvm2-monitor.service                   loaded active     exited        Monitoring of LVM2 mirrors, snapshots etc. using dmeventd or progress polling
lvm2-pvscan@259:0.service              loaded active     exited        LVM event activation on device 259:0                                         
lvm2-pvscan@259:1.service              loaded active     exited        LVM event activation on device 259:1                                         
lvm2-pvscan@259:10.service             loaded active     exited        LVM event activation on device 259:10                                        
lvm2-pvscan@259:11.service             loaded active     exited        LVM event activation on device 259:11                                        
lvm2-pvscan@259:12.service             loaded active     exited        LVM event activation on device 259:12                                        
lvm2-pvscan@259:2.service              loaded active     exited        LVM event activation on device 259:2                                         
lvm2-pvscan@259:4.service              loaded active     exited        LVM event activation on device 259:4                                         
lvm2-pvscan@259:6.service              loaded active     exited        LVM event activation on device 259:6                                         
lvm2-pvscan@259:7.service              loaded active     exited        LVM event activation on device 259:7                                         
lvm2-pvscan@259:8.service              loaded active     exited        LVM event activation on device 259:8                                         
nscd.service                           loaded active     running       Name Service Cache Daemon                                                    
rsyslog.service                        loaded active     running       System Logging Service                                                       
salt-minion.service                    loaded active     running       The Salt Minion                                                              
sapinit.service                        loaded active     running       LSB: Start the sapstartsrv                                                   
saptune.service                        loaded active     exited        Optimise system for running SAP workloads                                    
serial-getty@ttyS0.service             loaded active     running       Serial Getty on ttyS0                                                        
splunk.service                         loaded active     running       SYSV: Splunk indexer service                                                 
sshd.service                           loaded active     running       OpenSSH Daemon                                                               
sssd.service                           loaded active     running       System Security Services Daemon                                              
sysstat.service                        loaded active     exited        Write information about system start to sysstat log                          
systemd-journal-catalog-update.service loaded active     exited        Rebuild Journal Catalog                                                      
systemd-journal-flush.service          loaded active     exited        Flush Journal to Persistent Storage                                          
systemd-journald.service               loaded active     running       Journal Service                                                              
systemd-logind.service                 loaded active     running       Login Service                                                                
systemd-modules-load.service           loaded active     exited        Load Kernel Modules                                                          
systemd-random-seed.service            loaded active     exited        Load/Save Random Seed                                                        
systemd-remount-fs.service             loaded active     exited        Remount Root and Kernel File Systems                                         
systemd-sysctl.service                 loaded active     exited        Apply Kernel Variables                                                       
systemd-tmpfiles-setup-dev.service     loaded active     exited        Create Static Device Nodes in /dev                                           
systemd-tmpfiles-setup.service         loaded active     exited        Create Volatile Files and Directories                                        
systemd-udev-settle.service            loaded active     exited        udev Wait for Complete Device Initialization                                 
systemd-udev-trigger.service           loaded active     exited        udev Coldplug all Devices                                                    
systemd-udevd.service                  loaded active     running       udev Kernel Device Manager                                                   
systemd-update-done.service            loaded active     exited        Update is Completed                                                          
systemd-update-utmp.service            loaded active     exited        Update UTMP about System Boot/Shutdown                                       
systemd-user-sessions.service          loaded active     exited        Permit User Sessions                                                         
systemd-vconsole-setup.service         loaded failed     failed        Setup Virtual Console                                                        
user-runtime-dir@1001.service          loaded active     exited        User Runtime Directory /run/user/1001                                        
user-runtime-dir@1725029451.service    loaded active     exited        User Runtime Directory /run/user/1725029451                                  
user-runtime-dir@1725056571.service    loaded active     exited        User Runtime Directory /run/user/1725056571                                  
user-runtime-dir@473.service           loaded active     exited        User Runtime Directory /run/user/473                                         
user@1001.service                      loaded active     running       User Manager for UID 1001                                                    
user@1725029451.service                loaded active     running       User Manager for UID 1725029451                                              
user@1725056571.service                loaded active     running       User Manager for UID 1725056571                                              
user@473.service                       loaded active     running       User Manager for UID 473                                                     
uuidd.service                          loaded active     running       Daemon for generating UUIDs                                                  
wicked.service                         loaded active     exited        wicked managed network interfaces                                            
wickedd-auto4.service                  loaded active     running       wicked AutoIPv4 supplicant service                                           
wickedd-dhcp4.service                  loaded active     running       wicked DHCPv4 supplicant service                                             
wickedd-dhcp6.service                  loaded active     running       wicked DHCPv6 supplicant service                                             
wickedd-nanny.service                  loaded active     running       wicked network nanny service                                                 
wickedd.service                        loaded active     running       wicked network management service daemon                                     
jexec                     0:off  1:on   2:on   3:on   4:on   5:on   6:off
sapinit                   0:off  1:off  2:off  3:on   4:off  5:on   6:off
splunk                    0:off  1:off  2:on   3:on   4:off  5:on   6:off
processor	: 0
vendor_id	: GenuineIntel
cpu family	: 6
model		: 106
model name	: Intel(R) Xeon(R) Platinum 8375C CPU @ 2.90GHz
stepping	: 6
microcode	: 0xd000331
cpu MHz		: 3501.713
cache size	: 55296 KB
physical id	: 0
siblings	: 16
core id		: 0
cpu cores	: 8
apicid		: 0
initial apicid	: 0
fpu		: yes
fpu_exception	: yes
cpuid level	: 27
wp		: yes
flags		: fpu vme de pse tsc msr pae mce cx8 apic sep mtrr pge mca cmov pat pse36 clflush mmx fxsr sse sse2 ss ht syscall nx pdpe1gb rdtscp lm constant_tsc rep_good nopl xtopology nonstop_tsc cpuid aperfmperf tsc_known_freq pni pclmulqdq ssse3 fma cx16 pcid sse4_1 sse4_2 x2apic movbe popcnt tsc_deadline_timer aes xsave avx f16c rdrand hypervisor lahf_lm abm 3dnowprefetch invpcid_single ssbd ibrs ibpb stibp ibrs_enhanced fsgsbase tsc_adjust bmi1 avx2 smep bmi2 erms invpcid avx512f avx512dq rdseed adx smap avx512ifma clflushopt clwb avx512cd sha_ni avx512bw avx512vl xsaveopt xsavec xgetbv1 xsaves wbnoinvd ida arat avx512vbmi pku ospke avx512_vbmi2 gfni vaes vpclmulqdq avx512_vnni avx512_bitalg tme avx512_vpopcntdq rdpid md_clear flush_l1d arch_capabilities
bugs		: spectre_v1 spectre_v2 spec_store_bypass swapgs
bogomips	: 5799.84
clflush size	: 64
cache_alignment	: 64
address sizes	: 46 bits physical, 48 bits virtual
power management:

processor	: 1
vendor_id	: GenuineIntel
cpu family	: 6
model		: 106
model name	: Intel(R) Xeon(R) Platinum 8375C CPU @ 2.90GHz
stepping	: 6
microcode	: 0xd000331
cpu MHz		: 3502.977
cache size	: 55296 KB
physical id	: 0
siblings	: 16
core id		: 1
cpu cores	: 8
apicid		: 2
initial apicid	: 2
fpu		: yes
fpu_exception	: yes
cpuid level	: 27
wp		: yes
flags		: fpu vme de pse tsc msr pae mce cx8 apic sep mtrr pge mca cmov pat pse36 clflush mmx fxsr sse sse2 ss ht syscall nx pdpe1gb rdtscp lm constant_tsc rep_good nopl xtopology nonstop_tsc cpuid aperfmperf tsc_known_freq pni pclmulqdq ssse3 fma cx16 pcid sse4_1 sse4_2 x2apic movbe popcnt tsc_deadline_timer aes xsave avx f16c rdrand hypervisor lahf_lm abm 3dnowprefetch invpcid_single ssbd ibrs ibpb stibp ibrs_enhanced fsgsbase tsc_adjust bmi1 avx2 smep bmi2 erms invpcid avx512f avx512dq rdseed adx smap avx512ifma clflushopt clwb avx512cd sha_ni avx512bw avx512vl xsaveopt xsavec xgetbv1 xsaves wbnoinvd ida arat avx512vbmi pku ospke avx512_vbmi2 gfni vaes vpclmulqdq avx512_vnni avx512_bitalg tme avx512_vpopcntdq rdpid md_clear flush_l1d arch_capabilities
bugs		: spectre_v1 spectre_v2 spec_store_bypass swapgs
bogomips	: 5799.84
clflush size	: 64
cache_alignment	: 64
address sizes	: 46 bits physical, 48 bits virtual
power management:

processor	: 2
vendor_id	: GenuineIntel
cpu family	: 6
model		: 106
model name	: Intel(R) Xeon(R) Platinum 8375C CPU @ 2.90GHz
stepping	: 6
microcode	: 0xd000331
cpu MHz		: 3500.261
cache size	: 55296 KB
physical id	: 0
siblings	: 16
core id		: 2
cpu cores	: 8
apicid		: 4
initial apicid	: 4
fpu		: yes
fpu_exception	: yes
cpuid level	: 27
wp		: yes
flags		: fpu vme de pse tsc msr pae mce cx8 apic sep mtrr pge mca cmov pat pse36 clflush mmx fxsr sse sse2 ss ht syscall nx pdpe1gb rdtscp lm constant_tsc rep_good nopl xtopology nonstop_tsc cpuid aperfmperf tsc_known_freq pni pclmulqdq ssse3 fma cx16 pcid sse4_1 sse4_2 x2apic movbe popcnt tsc_deadline_timer aes xsave avx f16c rdrand hypervisor lahf_lm abm 3dnowprefetch invpcid_single ssbd ibrs ibpb stibp ibrs_enhanced fsgsbase tsc_adjust bmi1 avx2 smep bmi2 erms invpcid avx512f avx512dq rdseed adx smap avx512ifma clflushopt clwb avx512cd sha_ni avx512bw avx512vl xsaveopt xsavec xgetbv1 xsaves wbnoinvd ida arat avx512vbmi pku ospke avx512_vbmi2 gfni vaes vpclmulqdq avx512_vnni avx512_bitalg tme avx512_vpopcntdq rdpid md_clear flush_l1d arch_capabilities
bugs		: spectre_v1 spectre_v2 spec_store_bypass swapgs
bogomips	: 5799.84
clflush size	: 64
cache_alignment	: 64
address sizes	: 46 bits physical, 48 bits virtual
power management:

processor	: 3
vendor_id	: GenuineIntel
cpu family	: 6
model		: 106
model name	: Intel(R) Xeon(R) Platinum 8375C CPU @ 2.90GHz
stepping	: 6
microcode	: 0xd000331
cpu MHz		: 3497.905
cache size	: 55296 KB
physical id	: 0
siblings	: 16
core id		: 3
cpu cores	: 8
apicid		: 6
initial apicid	: 6
fpu		: yes
fpu_exception	: yes
cpuid level	: 27
wp		: yes
flags		: fpu vme de pse tsc msr pae mce cx8 apic sep mtrr pge mca cmov pat pse36 clflush mmx fxsr sse sse2 ss ht syscall nx pdpe1gb rdtscp lm constant_tsc rep_good nopl xtopology nonstop_tsc cpuid aperfmperf tsc_known_freq pni pclmulqdq ssse3 fma cx16 pcid sse4_1 sse4_2 x2apic movbe popcnt tsc_deadline_timer aes xsave avx f16c rdrand hypervisor lahf_lm abm 3dnowprefetch invpcid_single ssbd ibrs ibpb stibp ibrs_enhanced fsgsbase tsc_adjust bmi1 avx2 smep bmi2 erms invpcid avx512f avx512dq rdseed adx smap avx512ifma clflushopt clwb avx512cd sha_ni avx512bw avx512vl xsaveopt xsavec xgetbv1 xsaves wbnoinvd ida arat avx512vbmi pku ospke avx512_vbmi2 gfni vaes vpclmulqdq avx512_vnni avx512_bitalg tme avx512_vpopcntdq rdpid md_clear flush_l1d arch_capabilities
bugs		: spectre_v1 spectre_v2 spec_store_bypass swapgs
bogomips	: 5799.84
clflush size	: 64
cache_alignment	: 64
address sizes	: 46 bits physical, 48 bits virtual
power management:

processor	: 4
vendor_id	: GenuineIntel
cpu family	: 6
model		: 106
model name	: Intel(R) Xeon(R) Platinum 8375C CPU @ 2.90GHz
stepping	: 6
microcode	: 0xd000331
cpu MHz		: 3499.903
cache size	: 55296 KB
physical id	: 0
siblings	: 16
core id		: 4
cpu cores	: 8
apicid		: 8
initial apicid	: 8
fpu		: yes
fpu_exception	: yes
cpuid level	: 27
wp		: yes
flags		: fpu vme de pse tsc msr pae mce cx8 apic sep mtrr pge mca cmov pat pse36 clflush mmx fxsr sse sse2 ss ht syscall nx pdpe1gb rdtscp lm constant_tsc rep_good nopl xtopology nonstop_tsc cpuid aperfmperf tsc_known_freq pni pclmulqdq ssse3 fma cx16 pcid sse4_1 sse4_2 x2apic movbe popcnt tsc_deadline_timer aes xsave avx f16c rdrand hypervisor lahf_lm abm 3dnowprefetch invpcid_single ssbd ibrs ibpb stibp ibrs_enhanced fsgsbase tsc_adjust bmi1 avx2 smep bmi2 erms invpcid avx512f avx512dq rdseed adx smap avx512ifma clflushopt clwb avx512cd sha_ni avx512bw avx512vl xsaveopt xsavec xgetbv1 xsaves wbnoinvd ida arat avx512vbmi pku ospke avx512_vbmi2 gfni vaes vpclmulqdq avx512_vnni avx512_bitalg tme avx512_vpopcntdq rdpid md_clear flush_l1d arch_capabilities
bugs		: spectre_v1 spectre_v2 spec_store_bypass swapgs
bogomips	: 5799.84
clflush size	: 64
cache_alignment	: 64
address sizes	: 46 bits physical, 48 bits virtual
power management:

processor	: 5
vendor_id	: GenuineIntel
cpu family	: 6
model		: 106
model name	: Intel(R) Xeon(R) Platinum 8375C CPU @ 2.90GHz
stepping	: 6
microcode	: 0xd000331
cpu MHz		: 3509.071
cache size	: 55296 KB
physical id	: 0
siblings	: 16
core id		: 5
cpu cores	: 8
apicid		: 10
initial apicid	: 10
fpu		: yes
fpu_exception	: yes
cpuid level	: 27
wp		: yes
flags		: fpu vme de pse tsc msr pae mce cx8 apic sep mtrr pge mca cmov pat pse36 clflush mmx fxsr sse sse2 ss ht syscall nx pdpe1gb rdtscp lm constant_tsc rep_good nopl xtopology nonstop_tsc cpuid aperfmperf tsc_known_freq pni pclmulqdq ssse3 fma cx16 pcid sse4_1 sse4_2 x2apic movbe popcnt tsc_deadline_timer aes xsave avx f16c rdrand hypervisor lahf_lm abm 3dnowprefetch invpcid_single ssbd ibrs ibpb stibp ibrs_enhanced fsgsbase tsc_adjust bmi1 avx2 smep bmi2 erms invpcid avx512f avx512dq rdseed adx smap avx512ifma clflushopt clwb avx512cd sha_ni avx512bw avx512vl xsaveopt xsavec xgetbv1 xsaves wbnoinvd ida arat avx512vbmi pku ospke avx512_vbmi2 gfni vaes vpclmulqdq avx512_vnni avx512_bitalg tme avx512_vpopcntdq rdpid md_clear flush_l1d arch_capabilities
bugs		: spectre_v1 spectre_v2 spec_store_bypass swapgs
bogomips	: 5799.84
clflush size	: 64
cache_alignment	: 64
address sizes	: 46 bits physical, 48 bits virtual
power management:

processor	: 6
vendor_id	: GenuineIntel
cpu family	: 6
model		: 106
model name	: Intel(R) Xeon(R) Platinum 8375C CPU @ 2.90GHz
stepping	: 6
microcode	: 0xd000331
cpu MHz		: 3497.050
cache size	: 55296 KB
physical id	: 0
siblings	: 16
core id		: 6
cpu cores	: 8
apicid		: 12
initial apicid	: 12
fpu		: yes
fpu_exception	: yes
cpuid level	: 27
wp		: yes
flags		: fpu vme de pse tsc msr pae mce cx8 apic sep mtrr pge mca cmov pat pse36 clflush mmx fxsr sse sse2 ss ht syscall nx pdpe1gb rdtscp lm constant_tsc rep_good nopl xtopology nonstop_tsc cpuid aperfmperf tsc_known_freq pni pclmulqdq ssse3 fma cx16 pcid sse4_1 sse4_2 x2apic movbe popcnt tsc_deadline_timer aes xsave avx f16c rdrand hypervisor lahf_lm abm 3dnowprefetch invpcid_single ssbd ibrs ibpb stibp ibrs_enhanced fsgsbase tsc_adjust bmi1 avx2 smep bmi2 erms invpcid avx512f avx512dq rdseed adx smap avx512ifma clflushopt clwb avx512cd sha_ni avx512bw avx512vl xsaveopt xsavec xgetbv1 xsaves wbnoinvd ida arat avx512vbmi pku ospke avx512_vbmi2 gfni vaes vpclmulqdq avx512_vnni avx512_bitalg tme avx512_vpopcntdq rdpid md_clear flush_l1d arch_capabilities
bugs		: spectre_v1 spectre_v2 spec_store_bypass swapgs
bogomips	: 5799.84
clflush size	: 64
cache_alignment	: 64
address sizes	: 46 bits physical, 48 bits virtual
power management:

processor	: 7
vendor_id	: GenuineIntel
cpu family	: 6
model		: 106
model name	: Intel(R) Xeon(R) Platinum 8375C CPU @ 2.90GHz
stepping	: 6
microcode	: 0xd000331
cpu MHz		: 3500.342
cache size	: 55296 KB
physical id	: 0
siblings	: 16
core id		: 7
cpu cores	: 8
apicid		: 14
initial apicid	: 14
fpu		: yes
fpu_exception	: yes
cpuid level	: 27
wp		: yes
flags		: fpu vme de pse tsc msr pae mce cx8 apic sep mtrr pge mca cmov pat pse36 clflush mmx fxsr sse sse2 ss ht syscall nx pdpe1gb rdtscp lm constant_tsc rep_good nopl xtopology nonstop_tsc cpuid aperfmperf tsc_known_freq pni pclmulqdq ssse3 fma cx16 pcid sse4_1 sse4_2 x2apic movbe popcnt tsc_deadline_timer aes xsave avx f16c rdrand hypervisor lahf_lm abm 3dnowprefetch invpcid_single ssbd ibrs ibpb stibp ibrs_enhanced fsgsbase tsc_adjust bmi1 avx2 smep bmi2 erms invpcid avx512f avx512dq rdseed adx smap avx512ifma clflushopt clwb avx512cd sha_ni avx512bw avx512vl xsaveopt xsavec xgetbv1 xsaves wbnoinvd ida arat avx512vbmi pku ospke avx512_vbmi2 gfni vaes vpclmulqdq avx512_vnni avx512_bitalg tme avx512_vpopcntdq rdpid md_clear flush_l1d arch_capabilities
bugs		: spectre_v1 spectre_v2 spec_store_bypass swapgs
bogomips	: 5799.84
clflush size	: 64
cache_alignment	: 64
address sizes	: 46 bits physical, 48 bits virtual
power management:

processor	: 8
vendor_id	: GenuineIntel
cpu family	: 6
model		: 106
model name	: Intel(R) Xeon(R) Platinum 8375C CPU @ 2.90GHz
stepping	: 6
microcode	: 0xd000331
cpu MHz		: 3500.142
cache size	: 55296 KB
physical id	: 0
siblings	: 16
core id		: 0
cpu cores	: 8
apicid		: 1
initial apicid	: 1
fpu		: yes
fpu_exception	: yes
cpuid level	: 27
wp		: yes
flags		: fpu vme de pse tsc msr pae mce cx8 apic sep mtrr pge mca cmov pat pse36 clflush mmx fxsr sse sse2 ss ht syscall nx pdpe1gb rdtscp lm constant_tsc rep_good nopl xtopology nonstop_tsc cpuid aperfmperf tsc_known_freq pni pclmulqdq ssse3 fma cx16 pcid sse4_1 sse4_2 x2apic movbe popcnt tsc_deadline_timer aes xsave avx f16c rdrand hypervisor lahf_lm abm 3dnowprefetch invpcid_single ssbd ibrs ibpb stibp ibrs_enhanced fsgsbase tsc_adjust bmi1 avx2 smep bmi2 erms invpcid avx512f avx512dq rdseed adx smap avx512ifma clflushopt clwb avx512cd sha_ni avx512bw avx512vl xsaveopt xsavec xgetbv1 xsaves wbnoinvd ida arat avx512vbmi pku ospke avx512_vbmi2 gfni vaes vpclmulqdq avx512_vnni avx512_bitalg tme avx512_vpopcntdq rdpid md_clear flush_l1d arch_capabilities
bugs		: spectre_v1 spectre_v2 spec_store_bypass swapgs
bogomips	: 5799.84
clflush size	: 64
cache_alignment	: 64
address sizes	: 46 bits physical, 48 bits virtual
power management:

processor	: 9
vendor_id	: GenuineIntel
cpu family	: 6
model		: 106
model name	: Intel(R) Xeon(R) Platinum 8375C CPU @ 2.90GHz
stepping	: 6
microcode	: 0xd000331
cpu MHz		: 3504.504
cache size	: 55296 KB
physical id	: 0
siblings	: 16
core id		: 1
cpu cores	: 8
apicid		: 3
initial apicid	: 3
fpu		: yes
fpu_exception	: yes
cpuid level	: 27
wp		: yes
flags		: fpu vme de pse tsc msr pae mce cx8 apic sep mtrr pge mca cmov pat pse36 clflush mmx fxsr sse sse2 ss ht syscall nx pdpe1gb rdtscp lm constant_tsc rep_good nopl xtopology nonstop_tsc cpuid aperfmperf tsc_known_freq pni pclmulqdq ssse3 fma cx16 pcid sse4_1 sse4_2 x2apic movbe popcnt tsc_deadline_timer aes xsave avx f16c rdrand hypervisor lahf_lm abm 3dnowprefetch invpcid_single ssbd ibrs ibpb stibp ibrs_enhanced fsgsbase tsc_adjust bmi1 avx2 smep bmi2 erms invpcid avx512f avx512dq rdseed adx smap avx512ifma clflushopt clwb avx512cd sha_ni avx512bw avx512vl xsaveopt xsavec xgetbv1 xsaves wbnoinvd ida arat avx512vbmi pku ospke avx512_vbmi2 gfni vaes vpclmulqdq avx512_vnni avx512_bitalg tme avx512_vpopcntdq rdpid md_clear flush_l1d arch_capabilities
bugs		: spectre_v1 spectre_v2 spec_store_bypass swapgs
bogomips	: 5799.84
clflush size	: 64
cache_alignment	: 64
address sizes	: 46 bits physical, 48 bits virtual
power management:

processor	: 10
vendor_id	: GenuineIntel
cpu family	: 6
model		: 106
model name	: Intel(R) Xeon(R) Platinum 8375C CPU @ 2.90GHz
stepping	: 6
microcode	: 0xd000331
cpu MHz		: 3500.309
cache size	: 55296 KB
physical id	: 0
siblings	: 16
core id		: 2
cpu cores	: 8
apicid		: 5
initial apicid	: 5
fpu		: yes
fpu_exception	: yes
cpuid level	: 27
wp		: yes
flags		: fpu vme de pse tsc msr pae mce cx8 apic sep mtrr pge mca cmov pat pse36 clflush mmx fxsr sse sse2 ss ht syscall nx pdpe1gb rdtscp lm constant_tsc rep_good nopl xtopology nonstop_tsc cpuid aperfmperf tsc_known_freq pni pclmulqdq ssse3 fma cx16 pcid sse4_1 sse4_2 x2apic movbe popcnt tsc_deadline_timer aes xsave avx f16c rdrand hypervisor lahf_lm abm 3dnowprefetch invpcid_single ssbd ibrs ibpb stibp ibrs_enhanced fsgsbase tsc_adjust bmi1 avx2 smep bmi2 erms invpcid avx512f avx512dq rdseed adx smap avx512ifma clflushopt clwb avx512cd sha_ni avx512bw avx512vl xsaveopt xsavec xgetbv1 xsaves wbnoinvd ida arat avx512vbmi pku ospke avx512_vbmi2 gfni vaes vpclmulqdq avx512_vnni avx512_bitalg tme avx512_vpopcntdq rdpid md_clear flush_l1d arch_capabilities
bugs		: spectre_v1 spectre_v2 spec_store_bypass swapgs
bogomips	: 5799.84
clflush size	: 64
cache_alignment	: 64
address sizes	: 46 bits physical, 48 bits virtual
power management:

processor	: 11
vendor_id	: GenuineIntel
cpu family	: 6
model		: 106
model name	: Intel(R) Xeon(R) Platinum 8375C CPU @ 2.90GHz
stepping	: 6
microcode	: 0xd000331
cpu MHz		: 3500.104
cache size	: 55296 KB
physical id	: 0
siblings	: 16
core id		: 3
cpu cores	: 8
apicid		: 7
initial apicid	: 7
fpu		: yes
fpu_exception	: yes
cpuid level	: 27
wp		: yes
flags		: fpu vme de pse tsc msr pae mce cx8 apic sep mtrr pge mca cmov pat pse36 clflush mmx fxsr sse sse2 ss ht syscall nx pdpe1gb rdtscp lm constant_tsc rep_good nopl xtopology nonstop_tsc cpuid aperfmperf tsc_known_freq pni pclmulqdq ssse3 fma cx16 pcid sse4_1 sse4_2 x2apic movbe popcnt tsc_deadline_timer aes xsave avx f16c rdrand hypervisor lahf_lm abm 3dnowprefetch invpcid_single ssbd ibrs ibpb stibp ibrs_enhanced fsgsbase tsc_adjust bmi1 avx2 smep bmi2 erms invpcid avx512f avx512dq rdseed adx smap avx512ifma clflushopt clwb avx512cd sha_ni avx512bw avx512vl xsaveopt xsavec xgetbv1 xsaves wbnoinvd ida arat avx512vbmi pku ospke avx512_vbmi2 gfni vaes vpclmulqdq avx512_vnni avx512_bitalg tme avx512_vpopcntdq rdpid md_clear flush_l1d arch_capabilities
bugs		: spectre_v1 spectre_v2 spec_store_bypass swapgs
bogomips	: 5799.84
clflush size	: 64
cache_alignment	: 64
address sizes	: 46 bits physical, 48 bits virtual
power management:

processor	: 12
vendor_id	: GenuineIntel
cpu family	: 6
model		: 106
model name	: Intel(R) Xeon(R) Platinum 8375C CPU @ 2.90GHz
stepping	: 6
microcode	: 0xd000331
cpu MHz		: 3503.800
cache size	: 55296 KB
physical id	: 0
siblings	: 16
core id		: 4
cpu cores	: 8
apicid		: 9
initial apicid	: 9
fpu		: yes
fpu_exception	: yes
cpuid level	: 27
wp		: yes
flags		: fpu vme de pse tsc msr pae mce cx8 apic sep mtrr pge mca cmov pat pse36 clflush mmx fxsr sse sse2 ss ht syscall nx pdpe1gb rdtscp lm constant_tsc rep_good nopl xtopology nonstop_tsc cpuid aperfmperf tsc_known_freq pni pclmulqdq ssse3 fma cx16 pcid sse4_1 sse4_2 x2apic movbe popcnt tsc_deadline_timer aes xsave avx f16c rdrand hypervisor lahf_lm abm 3dnowprefetch invpcid_single ssbd ibrs ibpb stibp ibrs_enhanced fsgsbase tsc_adjust bmi1 avx2 smep bmi2 erms invpcid avx512f avx512dq rdseed adx smap avx512ifma clflushopt clwb avx512cd sha_ni avx512bw avx512vl xsaveopt xsavec xgetbv1 xsaves wbnoinvd ida arat avx512vbmi pku ospke avx512_vbmi2 gfni vaes vpclmulqdq avx512_vnni avx512_bitalg tme avx512_vpopcntdq rdpid md_clear flush_l1d arch_capabilities
bugs		: spectre_v1 spectre_v2 spec_store_bypass swapgs
bogomips	: 5799.84
clflush size	: 64
cache_alignment	: 64
address sizes	: 46 bits physical, 48 bits virtual
power management:

processor	: 13
vendor_id	: GenuineIntel
cpu family	: 6
model		: 106
model name	: Intel(R) Xeon(R) Platinum 8375C CPU @ 2.90GHz
stepping	: 6
microcode	: 0xd000331
cpu MHz		: 3499.061
cache size	: 55296 KB
physical id	: 0
siblings	: 16
core id		: 5
cpu cores	: 8
apicid		: 11
initial apicid	: 11
fpu		: yes
fpu_exception	: yes
cpuid level	: 27
wp		: yes
flags		: fpu vme de pse tsc msr pae mce cx8 apic sep mtrr pge mca cmov pat pse36 clflush mmx fxsr sse sse2 ss ht syscall nx pdpe1gb rdtscp lm constant_tsc rep_good nopl xtopology nonstop_tsc cpuid aperfmperf tsc_known_freq pni pclmulqdq ssse3 fma cx16 pcid sse4_1 sse4_2 x2apic movbe popcnt tsc_deadline_timer aes xsave avx f16c rdrand hypervisor lahf_lm abm 3dnowprefetch invpcid_single ssbd ibrs ibpb stibp ibrs_enhanced fsgsbase tsc_adjust bmi1 avx2 smep bmi2 erms invpcid avx512f avx512dq rdseed adx smap avx512ifma clflushopt clwb avx512cd sha_ni avx512bw avx512vl xsaveopt xsavec xgetbv1 xsaves wbnoinvd ida arat avx512vbmi pku ospke avx512_vbmi2 gfni vaes vpclmulqdq avx512_vnni avx512_bitalg tme avx512_vpopcntdq rdpid md_clear flush_l1d arch_capabilities
bugs		: spectre_v1 spectre_v2 spec_store_bypass swapgs
bogomips	: 5799.84
clflush size	: 64
cache_alignment	: 64
address sizes	: 46 bits physical, 48 bits virtual
power management:

processor	: 14
vendor_id	: GenuineIntel
cpu family	: 6
model		: 106
model name	: Intel(R) Xeon(R) Platinum 8375C CPU @ 2.90GHz
stepping	: 6
microcode	: 0xd000331
cpu MHz		: 3498.911
cache size	: 55296 KB
physical id	: 0
siblings	: 16
core id		: 6
cpu cores	: 8
apicid		: 13
initial apicid	: 13
fpu		: yes
fpu_exception	: yes
cpuid level	: 27
wp		: yes
flags		: fpu vme de pse tsc msr pae mce cx8 apic sep mtrr pge mca cmov pat pse36 clflush mmx fxsr sse sse2 ss ht syscall nx pdpe1gb rdtscp lm constant_tsc rep_good nopl xtopology nonstop_tsc cpuid aperfmperf tsc_known_freq pni pclmulqdq ssse3 fma cx16 pcid sse4_1 sse4_2 x2apic movbe popcnt tsc_deadline_timer aes xsave avx f16c rdrand hypervisor lahf_lm abm 3dnowprefetch invpcid_single ssbd ibrs ibpb stibp ibrs_enhanced fsgsbase tsc_adjust bmi1 avx2 smep bmi2 erms invpcid avx512f avx512dq rdseed adx smap avx512ifma clflushopt clwb avx512cd sha_ni avx512bw avx512vl xsaveopt xsavec xgetbv1 xsaves wbnoinvd ida arat avx512vbmi pku ospke avx512_vbmi2 gfni vaes vpclmulqdq avx512_vnni avx512_bitalg tme avx512_vpopcntdq rdpid md_clear flush_l1d arch_capabilities
bugs		: spectre_v1 spectre_v2 spec_store_bypass swapgs
bogomips	: 5799.84
clflush size	: 64
cache_alignment	: 64
address sizes	: 46 bits physical, 48 bits virtual
power management:

processor	: 15
vendor_id	: GenuineIntel
cpu family	: 6
model		: 106
model name	: Intel(R) Xeon(R) Platinum 8375C CPU @ 2.90GHz
stepping	: 6
microcode	: 0xd000331
cpu MHz		: 3500.288
cache size	: 55296 KB
physical id	: 0
siblings	: 16
core id		: 7
cpu cores	: 8
apicid		: 15
initial apicid	: 15
fpu		: yes
fpu_exception	: yes
cpuid level	: 27
wp		: yes
flags		: fpu vme de pse tsc msr pae mce cx8 apic sep mtrr pge mca cmov pat pse36 clflush mmx fxsr sse sse2 ss ht syscall nx pdpe1gb rdtscp lm constant_tsc rep_good nopl xtopology nonstop_tsc cpuid aperfmperf tsc_known_freq pni pclmulqdq ssse3 fma cx16 pcid sse4_1 sse4_2 x2apic movbe popcnt tsc_deadline_timer aes xsave avx f16c rdrand hypervisor lahf_lm abm 3dnowprefetch invpcid_single ssbd ibrs ibpb stibp ibrs_enhanced fsgsbase tsc_adjust bmi1 avx2 smep bmi2 erms invpcid avx512f avx512dq rdseed adx smap avx512ifma clflushopt clwb avx512cd sha_ni avx512bw avx512vl xsaveopt xsavec xgetbv1 xsaves wbnoinvd ida arat avx512vbmi pku ospke avx512_vbmi2 gfni vaes vpclmulqdq avx512_vnni avx512_bitalg tme avx512_vpopcntdq rdpid md_clear flush_l1d arch_capabilities
bugs		: spectre_v1 spectre_v2 spec_store_bypass swapgs
bogomips	: 5799.84
clflush size	: 64
cache_alignment	: 64
address sizes	: 46 bits physical, 48 bits virtual
power management:

MemTotal:       129836356 kB
MemFree:        80329400 kB
MemAvailable:   86225268 kB
Buffers:            2272 kB
Cached:          8222828 kB
SwapCached:            0 kB
Active:         44325204 kB
Inactive:        4235300 kB
Active(anon):   40337308 kB
Inactive(anon):  1481684 kB
Active(file):    3987896 kB
Inactive(file):  2753616 kB
Unevictable:          80 kB
Mlocked:              80 kB
SwapTotal:       2097148 kB
SwapFree:        2097148 kB
Dirty:               400 kB
Writeback:             0 kB
AnonPages:      40288644 kB
Mapped:          2802412 kB
Shmem:           1483584 kB
KReclaimable:     379872 kB
Slab:             544356 kB
SReclaimable:     379872 kB
SUnreclaim:       164484 kB
KernelStack:       20528 kB
PageTables:       109512 kB
NFS_Unstable:          0 kB
Bounce:                0 kB
WritebackTmp:          0 kB
CommitLimit:    67015324 kB
Committed_AS:   55808056 kB
VmallocTotal:   34359738367 kB
VmallocUsed:       64320 kB
VmallocChunk:          0 kB
Percpu:             5696 kB
HardwareCorrupted:     0 kB
AnonHugePages:    176128 kB
ShmemHugePages:        0 kB
ShmemPmdMapped:        0 kB
HugePages_Total:       0
HugePages_Free:        0
HugePages_Rsvd:        0
HugePages_Surp:        0
Hugepagesize:       2048 kB
Hugetlb:               0 kB
DirectMap4k:      497572 kB
DirectMap2M:    39331840 kB
DirectMap1G:    92274688 kB
  --- Physical volume ---
  PV Name               /dev/nvme10n1
  VG Name               usr_sap
  PV Size               100.00 GiB / not usable 4.00 MiB
  Allocatable           yes (but full)
  PE Size               4.00 MiB
  Total PE              25599
  Free PE               0
  Allocated PE          25599
  PV UUID               noI3bc-x92p-g3PZ-UcrY-eAcH-aF3S-DM3rjG
   
  --- Physical volume ---
  PV Name               /dev/nvme6n1
  VG Name               var_log_audit
  PV Size               20.00 GiB / not usable 4.00 MiB
  Allocatable           yes (but full)
  PE Size               4.00 MiB
  Total PE              5119
  Free PE               0
  Allocated PE          5119
  PV UUID               6mYYaS-XVOH-bwwi-Cz3k-nz0r-8M1p-dj1Wz3
   
  --- Physical volume ---
  PV Name               /dev/nvme11n1
  VG Name               usr_sap_install
  PV Size               100.00 GiB / not usable 4.00 MiB
  Allocatable           yes (but full)
  PE Size               4.00 MiB
  Total PE              25599
  Free PE               0
  Allocated PE          25599
  PV UUID               RmlIL5-5aSr-r4Ns-6tag-W5yA-J8W0-yhjRjJ
   
  --- Physical volume ---
  PV Name               /dev/nvme9n1
  VG Name               home
  PV Size               20.00 GiB / not usable 4.00 MiB
  Allocatable           yes (but full)
  PE Size               4.00 MiB
  Total PE              5119
  Free PE               0
  Allocated PE          5119
  PV UUID               ABzf9h-MOA1-AFuA-kWIy-dCqc-B6eu-aQcHIn
   
  --- Physical volume ---
  PV Name               /dev/nvme5n1
  VG Name               hana_log
  PV Size               700.00 GiB / not usable 4.00 MiB
  Allocatable           yes (but full)
  PE Size               4.00 MiB
  Total PE              179199
  Free PE               0
  Allocated PE          179199
  PV UUID               izOWPA-G6Os-5IvM-BU3G-0nET-2lYT-SVrMKL
   
  --- Physical volume ---
  PV Name               /dev/nvme8n1
  VG Name               var_tmp
  PV Size               20.00 GiB / not usable 4.00 MiB
  Allocatable           yes (but full)
  PE Size               4.00 MiB
  Total PE              5119
  Free PE               0
  Allocated PE          5119
  PV UUID               rsN116-GIst-ZhsQ-ZOiT-iCt2-TzVS-CJ7DBl
   
  --- Physical volume ---
  PV Name               /dev/nvme3n1
  VG Name               hana_shared
  PV Size               300.00 GiB / not usable 4.00 MiB
  Allocatable           yes (but full)
  PE Size               4.00 MiB
  Total PE              76799
  Free PE               0
  Allocated PE          76799
  PV UUID               6at5CZ-CFue-zjyz-4HG4-QRKM-tBa9-ipwEKc
   
  --- Physical volume ---
  PV Name               /dev/nvme2n1
  VG Name               var
  PV Size               20.00 GiB / not usable 4.00 MiB
  Allocatable           yes (but full)
  PE Size               4.00 MiB
  Total PE              5119
  Free PE               0
  Allocated PE          5119
  PV UUID               mHasKC-sFh1-8lgW-FA6U-NzSn-mV9e-X5wlP1
   
  --- Physical volume ---
  PV Name               /dev/nvme4n1
  VG Name               hana_data
  PV Size               600.00 GiB / not usable 4.00 MiB
  Allocatable           yes (but full)
  PE Size               4.00 MiB
  Total PE              153599
  Free PE               0
  Allocated PE          153599
  PV UUID               81Gbjf-ZMRL-1oIj-PhwJ-dTCw-2Jra-r7lmwU
   
  --- Physical volume ---
  PV Name               /dev/nvme1n1
  VG Name               var_log
  PV Size               20.00 GiB / not usable 4.00 MiB
  Allocatable           yes (but full)
  PE Size               4.00 MiB
  Total PE              5119
  Free PE               0
  Allocated PE          5119
  PV UUID               63H6Br-CJCw-Rkvz-Qm6T-869e-Ds3h-QaQ2ZM
   
  --- Volume group ---
  VG Name               usr_sap
  System ID             
  Format                lvm2
  Metadata Areas        1
  Metadata Sequence No  2
  VG Access             read/write
  VG Status             resizable
  MAX LV                0
  Cur LV                1
  Open LV               1
  Max PV                0
  Cur PV                1
  Act PV                1
  VG Size               100.00 GiB
  PE Size               4.00 MiB
  Total PE              25599
  Alloc PE / Size       25599 / 100.00 GiB
  Free  PE / Size       0 / 0   
  VG UUID               0gFugE-Y3mz-tg7k-4lqy-5NQg-xdAK-EC1mo3
   
  --- Volume group ---
  VG Name               var_log_audit
  System ID             
  Format                lvm2
  Metadata Areas        1
  Metadata Sequence No  2
  VG Access             read/write
  VG Status             resizable
  MAX LV                0
  Cur LV                1
  Open LV               1
  Max PV                0
  Cur PV                1
  Act PV                1
  VG Size               20.00 GiB
  PE Size               4.00 MiB
  Total PE              5119
  Alloc PE / Size       5119 / 20.00 GiB
  Free  PE / Size       0 / 0   
  VG UUID               4XA1eO-CQYZ-7l0o-FPDe-DvKH-6dbi-dKwFLl
   
  --- Volume group ---
  VG Name               usr_sap_install
  System ID             
  Format                lvm2
  Metadata Areas        1
  Metadata Sequence No  2
  VG Access             read/write
  VG Status             resizable
  MAX LV                0
  Cur LV                1
  Open LV               1
  Max PV                0
  Cur PV                1
  Act PV                1
  VG Size               100.00 GiB
  PE Size               4.00 MiB
  Total PE              25599
  Alloc PE / Size       25599 / 100.00 GiB
  Free  PE / Size       0 / 0   
  VG UUID               YyBwRl-4iJz-NK6B-EY4m-ScP4-4kZl-e8dZix
   
  --- Volume group ---
  VG Name               home
  System ID             
  Format                lvm2
  Metadata Areas        1
  Metadata Sequence No  2
  VG Access             read/write
  VG Status             resizable
  MAX LV                0
  Cur LV                1
  Open LV               1
  Max PV                0
  Cur PV                1
  Act PV                1
  VG Size               20.00 GiB
  PE Size               4.00 MiB
  Total PE              5119
  Alloc PE / Size       5119 / 20.00 GiB
  Free  PE / Size       0 / 0   
  VG UUID               YXk4g5-XeiZ-L8dK-Hi85-qYnY-m55d-ctTE0V
   
  --- Volume group ---
  VG Name               hana_log
  System ID             
  Format                lvm2
  Metadata Areas        1
  Metadata Sequence No  2
  VG Access             read/write
  VG Status             resizable
  MAX LV                0
  Cur LV                1
  Open LV               1
  Max PV                0
  Cur PV                1
  Act PV                1
  VG Size               700.00 GiB
  PE Size               4.00 MiB
  Total PE              179199
  Alloc PE / Size       179199 / 700.00 GiB
  Free  PE / Size       0 / 0   
  VG UUID               wtr5As-nFJI-CLaT-iszR-TFEr-fBNP-PP5JBh
   
  --- Volume group ---
  VG Name               var_tmp
  System ID             
  Format                lvm2
  Metadata Areas        1
  Metadata Sequence No  2
  VG Access             read/write
  VG Status             resizable
  MAX LV                0
  Cur LV                1
  Open LV               1
  Max PV                0
  Cur PV                1
  Act PV                1
  VG Size               20.00 GiB
  PE Size               4.00 MiB
  Total PE              5119
  Alloc PE / Size       5119 / 20.00 GiB
  Free  PE / Size       0 / 0   
  VG UUID               4N1i7C-JvPJ-1vg6-M03c-sAhl-sXk4-ec5Gug
   
  --- Volume group ---
  VG Name               hana_shared
  System ID             
  Format                lvm2
  Metadata Areas        1
  Metadata Sequence No  2
  VG Access             read/write
  VG Status             resizable
  MAX LV                0
  Cur LV                1
  Open LV               1
  Max PV                0
  Cur PV                1
  Act PV                1
  VG Size               300.00 GiB
  PE Size               4.00 MiB
  Total PE              76799
  Alloc PE / Size       76799 / 300.00 GiB
  Free  PE / Size       0 / 0   
  VG UUID               qFengo-XQfV-CGHz-YrdT-bEUt-zIxF-PXYPhw
   
  --- Volume group ---
  VG Name               var
  System ID             
  Format                lvm2
  Metadata Areas        1
  Metadata Sequence No  2
  VG Access             read/write
  VG Status             resizable
  MAX LV                0
  Cur LV                1
  Open LV               1
  Max PV                0
  Cur PV                1
  Act PV                1
  VG Size               20.00 GiB
  PE Size               4.00 MiB
  Total PE              5119
  Alloc PE / Size       5119 / 20.00 GiB
  Free  PE / Size       0 / 0   
  VG UUID               jcL1FW-shDE-sFRk-ZYx3-dQbh-kKfK-Ucp62e
   
  --- Volume group ---
  VG Name               hana_data
  System ID             
  Format                lvm2
  Metadata Areas        1
  Metadata Sequence No  2
  VG Access             read/write
  VG Status             resizable
  MAX LV                0
  Cur LV                1
  Open LV               1
  Max PV                0
  Cur PV                1
  Act PV                1
  VG Size               600.00 GiB
  PE Size               4.00 MiB
  Total PE              153599
  Alloc PE / Size       153599 / 600.00 GiB
  Free  PE / Size       0 / 0   
  VG UUID               6NChCn-35CR-Bz37-zTvv-XXD3-oLch-fcfHbG
   
  --- Volume group ---
  VG Name               var_log
  System ID             
  Format                lvm2
  Metadata Areas        1
  Metadata Sequence No  2
  VG Access             read/write
  VG Status             resizable
  MAX LV                0
  Cur LV                1
  Open LV               1
  Max PV                0
  Cur PV                1
  Act PV                1
  VG Size               20.00 GiB
  PE Size               4.00 MiB
  Total PE              5119
  Alloc PE / Size       5119 / 20.00 GiB
  Free  PE / Size       0 / 0   
  VG UUID               FRIVWb-gto3-LmlE-oFSz-zyZC-slv5-q0nPdC
   
  --- Logical volume ---
  LV Path                /dev/usr_sap/usr_sap
  LV Name                usr_sap
  VG Name                usr_sap
  LV UUID                JggWeC-yLhH-McR3-vBMV-9QC6-GGat-PhCiBA
  LV Write Access        read/write
  LV Creation host, time SAPECRDB01, 2022-03-17 10:05:09 +0000
  LV Status              available
  # open                 1
  LV Size                100.00 GiB
  Current LE             25599
  Segments               1
  Allocation             inherit
  Read ahead sectors     auto
  - currently set to     1024
  Block device           254:9
   
  --- Logical volume ---
  LV Path                /dev/var_log_audit/var_log_audit
  LV Name                var_log_audit
  VG Name                var_log_audit
  LV UUID                2C0Y7A-b93b-hJYc-GQA0-wo8F-LpRr-YxNJ5u
  LV Write Access        read/write
  LV Creation host, time SAPXS4DB03, 2022-01-31 12:22:07 +0000
  LV Status              available
  # open                 1
  LV Size                20.00 GiB
  Current LE             5119
  Segments               1
  Allocation             inherit
  Read ahead sectors     auto
  - currently set to     1024
  Block device           254:3
   
  --- Logical volume ---
  LV Path                /dev/usr_sap_install/usr_sap_install
  LV Name                usr_sap_install
  VG Name                usr_sap_install
  LV UUID                phhHqO-pBpA-QDEw-Pv1X-WFgs-xki5-ItSX8O
  LV Write Access        read/write
  LV Creation host, time SAPECRDB01, 2022-03-17 10:11:54 +0000
  LV Status              available
  # open                 1
  LV Size                100.00 GiB
  Current LE             25599
  Segments               1
  Allocation             inherit
  Read ahead sectors     auto
  - currently set to     1024
  Block device           254:5
   
  --- Logical volume ---
  LV Path                /dev/home/home
  LV Name                home
  VG Name                home
  LV UUID                KGk32P-NsfU-8Pd2-3Kvx-agFF-mGId-3t28yO
  LV Write Access        read/write
  LV Creation host, time SAPXS4DB03, 2022-01-31 12:13:52 +0000
  LV Status              available
  # open                 1
  LV Size                20.00 GiB
  Current LE             5119
  Segments               1
  Allocation             inherit
  Read ahead sectors     auto
  - currently set to     1024
  Block device           254:0
   
  --- Logical volume ---
  LV Path                /dev/hana_log/hana_log
  LV Name                hana_log
  VG Name                hana_log
  LV UUID                mw3aZK-GYpP-wTWC-Y3RD-Qu9c-RvZU-WIv4hG
  LV Write Access        read/write
  LV Creation host, time SAPECRDB01, 2022-03-18 14:35:34 +0000
  LV Status              available
  # open                 1
  LV Size                700.00 GiB
  Current LE             179199
  Segments               1
  Allocation             inherit
  Read ahead sectors     auto
  - currently set to     1024
  Block device           254:7
   
  --- Logical volume ---
  LV Path                /dev/var_tmp/var_tmp
  LV Name                var_tmp
  VG Name                var_tmp
  LV UUID                2Ff4jI-Egjb-EKNS-7oh6-n2II-uPma-jVTW3G
  LV Write Access        read/write
  LV Creation host, time SAPXS4DB03, 2022-01-31 12:16:58 +0000
  LV Status              available
  # open                 1
  LV Size                20.00 GiB
  Current LE             5119
  Segments               1
  Allocation             inherit
  Read ahead sectors     auto
  - currently set to     1024
  Block device           254:1
   
  --- Logical volume ---
  LV Path                /dev/hana_shared/hana_shared
  LV Name                hana_shared
  VG Name                hana_shared
  LV UUID                D7Jjso-SSID-lChX-pcaf-ZDMf-FVDY-FeUhQJ
  LV Write Access        read/write
  LV Creation host, time SAPECRDB01, 2022-03-18 14:47:11 +0000
  LV Status              available
  # open                 1
  LV Size                300.00 GiB
  Current LE             76799
  Segments               1
  Allocation             inherit
  Read ahead sectors     auto
  - currently set to     1024
  Block device           254:2
   
  --- Logical volume ---
  LV Path                /dev/var/var
  LV Name                var
  VG Name                var
  LV UUID                Bru5ky-sFTd-ZHPL-ss3W-Dezw-NVdw-QPTfzm
  LV Write Access        read/write
  LV Creation host, time SAPECRDB01, 2022-05-02 06:45:46 +0000
  LV Status              available
  # open                 1
  LV Size                20.00 GiB
  Current LE             5119
  Segments               1
  Allocation             inherit
  Read ahead sectors     auto
  - currently set to     1024
  Block device           254:8
   
  --- Logical volume ---
  LV Path                /dev/hana_data/hana_data
  LV Name                hana_data
  VG Name                hana_data
  LV UUID                UC0i8B-m7v9-PbL9-p7mO-6SPV-FT0V-UdpZIt
  LV Write Access        read/write
  LV Creation host, time SAPECRDB01, 2022-03-18 14:42:05 +0000
  LV Status              available
  # open                 1
  LV Size                600.00 GiB
  Current LE             153599
  Segments               1
  Allocation             inherit
  Read ahead sectors     auto
  - currently set to     1024
  Block device           254:6
   
  --- Logical volume ---
  LV Path                /dev/var_log/var_log
  LV Name                var_log
  VG Name                var_log
  LV UUID                X3zkb0-NzpU-36YT-p136-1qBC-Igxu-9MJw2f
  LV Write Access        read/write
  LV Creation host, time SAPECRDB01, 2022-05-02 06:45:46 +0000
  LV Status              available
  # open                 1
  LV Size                20.00 GiB
  Current LE             5119
  Segments               1
  Allocation             inherit
  Read ahead sectors     auto
  - currently set to     1024
  Block device           254:4
   
              total        used        free      shared  buff/cache   available
Mem:         126793       39942       78447        1448        8403       84204
Swap:          2047           0        2047

[31;43m***** NTPD status *****[0m
● ntpd.service - NTP Server Daemon
   Loaded: loaded (/usr/lib/systemd/system/ntpd.service; disabled; vendor preset: disabled)
  Drop-In: /run/systemd/generator/ntpd.service.d
           └─50-insserv.conf-$time.conf
   Active: inactive (dead)
     Docs: man:ntpd(1)

******************************************
SAPECRDB01
5.3.18-24.67-default
NAME="SLES"
VERSION="15-SP2"
VERSION_ID="15.2"
PRETTY_NAME="SUSE Linux Enterprise Server 15 SP2"
ID="sles"
ID_LIKE="suse"
ANSI_COLOR="0;32"
CPE_NAME="cpe:/o:suse:sles:15:sp2"
VARIANT_ID="sles-sap"
 16:01:59  up 10 days  7:37,  1 user,  load average: 0.16, 0.14, 0.10
################################################################################
## /etc/ntp.conf
##
## Sample NTP configuration file.
## See package 'ntp-doc' for documentation, Mini-HOWTO and FAQ.
## Copyright (c) 1998 S.u.S.E. GmbH Fuerth, Germany.
##
## Author: Michael Andres,  <ma@suse.de>
##         Michael Skibbe,  <mskibbe@suse.de>
##
################################################################################

##
## Radio and modem clocks by convention have addresses in the 
## form 127.127.t.u, where t is the clock type and u is a unit 
## number in the range 0-3. 
##
## Most of these clocks require support in the form of a 
## serial port or special bus peripheral. The particular  
## device is normally specified by adding a soft link 
## /dev/device-u to the particular hardware device involved, 
## where u correspond to the unit number above. 
## 
## Generic DCF77 clock on serial port (Conrad DCF77)
## Address:     127.127.8.u
## Serial Port: /dev/refclock-u
##  
## (create soft link /dev/refclock-0 to the particular ttyS?)
##
# server 127.127.8.0 mode 5 prefer

##
## Undisciplined Local Clock. This is a fake driver intended for backup
## and when no outside source of synchronized time is available.
##
# server 127.127.1.0		# local clock (LCL)
# fudge  127.127.1.0 stratum 10	# LCL is unsynchronized

##
## Add external Servers using
## # rcntpd addserver <yourserver>
## The servers will only be added to the currently running instance, not
## to /etc/ntp.conf.
##

# Access control configuration; see /usr/share/doc/packages/ntp/html/accopt.html for
# details.  The web page <http://support.ntp.org/bin/view/Support/AccessRestrictions>
# might also be helpful.
#
# Note that "restrict" applies to both servers and clients, so a configuration
# that might be intended to block requests from certain clients could also end
# up blocking replies from your own upstream servers.

# By default, exchange time with everybody, but don't allow configuration.
restrict -4 default notrap nomodify nopeer noquery
restrict -6 default notrap nomodify nopeer noquery

# Local users may interrogate the ntp server more closely.
restrict 127.0.0.1
restrict ::1

# Clients from this (example!) subnet have unlimited access, but only if
# cryptographically authenticated.
#restrict 192.168.123.0 mask 255.255.255.0 notrust

##
## Miscellaneous stuff
##

driftfile /var/lib/ntp/drift/ntp.drift # path for drift file

logfile   /var/log/ntp		# alternate log file
# logconfig =syncstatus + sysevents
# logconfig =all

# statsdir /var/log/ntpstats/		# directory for statistics files
# filegen peerstats  file peerstats  type day enable
# filegen loopstats  file loopstats  type day enable
# filegen clockstats file clockstats type day enable

#
# Authentication stuff
#
keys /etc/ntp.keys		# path for keys file
trustedkey 1 # define trusted keys
requestkey 1			# key (7) for accessing server variables
controlkey 1			# key (6) for accessing server variables
server 172.30.144.243 ibrust
server 172.30.144.244 ibrust
aaa_base-84.87+git20180409.04c9dae-3.52.1.x86_64 Fri Apr 22 13:51:40 2022
python3-pip-20.0.2-6.15.1.noarch              Fri Apr 22 13:51:37 2022
python3-dbm-3.6.15-3.91.4.x86_64              Fri Apr 22 13:51:37 2022
python3-curses-3.6.15-3.91.4.x86_64           Fri Apr 22 13:51:37 2022
python3-base-3.6.15-3.91.3.x86_64             Fri Apr 22 13:51:37 2022
python3-3.6.15-3.91.4.x86_64                  Fri Apr 22 13:51:37 2022
shared-python-startup-0.1-1.5.1.noarch        Fri Apr 22 13:51:36 2022
libpython3_6m1_0-3.6.15-3.91.3.x86_64         Fri Apr 22 13:51:36 2022
polkit-0.116-3.6.1.x86_64                     Fri Apr 22 13:51:32 2022
libpolkit0-0.116-3.6.1.x86_64                 Fri Apr 22 13:51:32 2022
samba-python3-4.11.14+git.319.91d693db37c-4.35.1.x86_64 Fri Apr 22 13:51:30 2022
libsamba-policy0-python3-4.11.14+git.319.91d693db37c-4.35.1.x86_64 Fri Apr 22 13:51:30 2022
samba-client-4.11.14+git.319.91d693db37c-4.35.1.x86_64 Fri Apr 22 13:51:29 2022
samba-4.11.14+git.319.91d693db37c-4.35.1.x86_64 Fri Apr 22 13:51:29 2022
libsmbclient0-4.11.14+git.319.91d693db37c-4.35.1.x86_64 Fri Apr 22 13:51:29 2022
samba-libs-python3-4.11.14+git.319.91d693db37c-4.35.1.x86_64 Fri Apr 22 13:51:28 2022
libsmbldap2-4.11.14+git.319.91d693db37c-4.35.1.x86_64 Fri Apr 22 13:51:28 2022
libsamba-passdb0-4.11.14+git.319.91d693db37c-4.35.1.x86_64 Fri Apr 22 13:51:28 2022
libnetapi0-4.11.14+git.319.91d693db37c-4.35.1.x86_64 Fri Apr 22 13:51:28 2022
libndr-krb5pac0-4.11.14+git.319.91d693db37c-4.35.1.x86_64 Fri Apr 22 13:51:28 2022
libdcerpc0-4.11.14+git.319.91d693db37c-4.35.1.x86_64 Fri Apr 22 13:51:28 2022
ctdb-4.11.14+git.319.91d693db37c-4.35.1.x86_64 Fri Apr 22 13:51:28 2022
samba-libs-4.11.14+git.319.91d693db37c-4.35.1.x86_64 Fri Apr 22 13:51:27 2022
libwbclient0-4.11.14+git.319.91d693db37c-4.35.1.x86_64 Fri Apr 22 13:51:27 2022
libsmbconf0-4.11.14+git.319.91d693db37c-4.35.1.x86_64 Fri Apr 22 13:51:27 2022
libsamdb0-4.11.14+git.319.91d693db37c-4.35.1.x86_64 Fri Apr 22 13:51:27 2022
libsamba-util0-4.11.14+git.319.91d693db37c-4.35.1.x86_64 Fri Apr 22 13:51:27 2022
libsamba-hostconfig0-4.11.14+git.319.91d693db37c-4.35.1.x86_64 Fri Apr 22 13:51:27 2022
libsamba-credentials0-4.11.14+git.319.91d693db37c-4.35.1.x86_64 Fri Apr 22 13:51:27 2022
libndr0-4.11.14+git.319.91d693db37c-4.35.1.x86_64 Fri Apr 22 13:51:27 2022
libndr-standard0-4.11.14+git.319.91d693db37c-4.35.1.x86_64 Fri Apr 22 13:51:27 2022
libndr-nbt0-4.11.14+git.319.91d693db37c-4.35.1.x86_64 Fri Apr 22 13:51:27 2022
libdcerpc-binding0-4.11.14+git.319.91d693db37c-4.35.1.x86_64 Fri Apr 22 13:51:27 2022
libtevent-util0-4.11.14+git.319.91d693db37c-4.35.1.x86_64 Fri Apr 22 13:51:26 2022
bind-9.16.6-150000.12.60.1.x86_64             Fri Apr 22 13:51:23 2022
libhogweed4-3.4.1-4.18.1.x86_64               Fri Apr 22 13:51:20 2022
libnettle6-3.4.1-4.18.1.x86_64                Fri Apr 22 13:51:18 2022
dump-rmt-0.4b46-1.31.x86_64                   Fri Apr 22 13:51:16 2022
cpio-mt-2.12-3.9.1.x86_64                     Fri Apr 22 13:51:16 2022
cpio-lang-2.12-3.9.1.noarch                   Fri Apr 22 13:51:16 2022
cpio-2.12-3.9.1.x86_64                        Fri Apr 22 13:51:16 2022
libcares2-1.17.1+20200724-3.17.1.x86_64       Fri Apr 22 13:51:13 2022
libesmtp-1.0.6-150.4.1.x86_64                 Fri Apr 22 13:51:11 2022
ruby2.5-2.5.9-4.20.1.x86_64                   Fri Apr 22 13:51:08 2022
mozilla-nss-3.68.3-150000.3.67.1.x86_64       Fri Apr 22 13:51:06 2022
mozilla-nspr-4.32-3.20.1.x86_64               Fri Apr 22 13:51:06 2022
libsoftokn3-hmac-3.68.3-150000.3.67.1.x86_64  Fri Apr 22 13:51:06 2022
libsoftokn3-3.68.3-150000.3.67.1.x86_64       Fri Apr 22 13:51:06 2022
libfreebl3-hmac-3.68.3-150000.3.67.1.x86_64   Fri Apr 22 13:51:06 2022
libfreebl3-3.68.3-150000.3.67.1.x86_64        Fri Apr 22 13:51:06 2022
p11-kit-0.23.2-4.13.1.x86_64                  Fri Apr 22 13:51:03 2022
libjson-c3-0.13-3.3.1.x86_64                  Fri Apr 22 13:50:59 2022
libtiff5-4.0.9-45.5.1.x86_64                  Fri Apr 22 13:50:57 2022
python3-Twisted-19.10.0-3.6.1.x86_64          Fri Apr 22 13:50:53 2022
cyrus-sasl-2.1.26-5.10.1.x86_64               Fri Apr 22 13:50:49 2022
zsh-5.6-7.5.1.x86_64                          Fri Apr 22 13:50:47 2022
tcpdump-4.9.2-3.18.1.x86_64                   Fri Apr 22 13:50:44 2022
python3-lxml-4.7.1-3.7.1.x86_64               Fri Apr 22 13:50:42 2022
