Thu May 12 12:00:29 UTC 2022
[31;43m***** uname -a; Release; date; *****[0m
Linux SAPES4CIPA 5.3.18-24.67-default #1 SMP Tue Jun 1 14:07:53 UTC 2021 (f0fe006) x86_64 x86_64 x86_64 GNU/Linux
NAME="SLES"
VERSION="15-SP2"
VERSION_ID="15.2"
PRETTY_NAME="SUSE Linux Enterprise Server 15 SP2"
ID="sles"
ID_LIKE="suse"
ANSI_COLOR="0;32"
CPE_NAME="cpe:/o:suse:sles:15:sp2"
VARIANT_ID="sles-sap"
Thu May 12 12:00:29 UTC 2022

[31;43m***** Network; Route; Netstat; *****[0m

[31;43m***** DF; Fdisk; FSTAB; GRUB; Mount *****[0m
Filesystem                                          Size  Used Avail Use% Mounted on
devtmpfs                                             16G  4.0K   16G   1% /dev
tmpfs                                                71G  608K   71G   1% /dev/shm
tmpfs                                                16G  1.2M   16G   1% /run
tmpfs                                                16G     0   16G   0% /sys/fs/cgroup
/dev/nvme0n1p1                                      100G   19G   82G  19% /
tmpfs                                                16G  200K   16G   1% /tmp
/dev/mapper/usr_sap-usr_sap                         149G  1.9G  148G   2% /usr/sap
/dev/mapper/usr_sap_S4E-usr_sap_S4E                 200G   93G  108G  47% /usr/sap/S4E
/dev/mapper/home-home                                20G  2.5G   18G  13% /home
/dev/mapper/var-var                                  20G  642M   20G   4% /var
/dev/mapper/var_tmp-var_tmp                          20G  163M   20G   1% /var/tmp
/dev/mapper/var_log-var_log                          20G  2.7G   18G  14% /var/log
/dev/mapper/var_log_audit-var_log_audit              20G  3.3G   17G  17% /var/log/audit
fs-0a2e687877ff2b950.efs.us-east-1.amazonaws.com:/  8.0E  4.5G  8.0E   1% /SAPInterfaces
fs-b36da833.efs.us-east-1.amazonaws.com:/           8.0E   23T  8.0E   1% /SAPMedia
fs-ecab116d.efs.us-east-1.amazonaws.com:/DEV2MNT    8.0E  991G  8.0E   1% /usr/sap/trans
fs-0073b7d45a64c5b94.efs.us-east-1.amazonaws.com:/  8.0E   19G  8.0E   1% /sapmnt/S4E
tmpfs                                               3.1G     0  3.1G   0% /run/user/2000
tmpfs                                               3.1G     0  3.1G   0% /run/user/4000
tmpfs                                               3.1G     0  3.1G   0% /run/user/1725056573
tmpfs                                               3.1G     0  3.1G   0% /run/user/1725056287
Disk /dev/nvme1n1: 150 GiB, 161061273600 bytes, 314572800 sectors
Disk model: Amazon Elastic Block Store              
Units: sectors of 1 * 512 = 512 bytes
Sector size (logical/physical): 512 bytes / 512 bytes
I/O size (minimum/optimal): 4096 bytes / 4096 bytes


Disk /dev/nvme2n1: 20 GiB, 21474836480 bytes, 41943040 sectors
Disk model: Amazon Elastic Block Store              
Units: sectors of 1 * 512 = 512 bytes
Sector size (logical/physical): 512 bytes / 512 bytes
I/O size (minimum/optimal): 4096 bytes / 4096 bytes


Disk /dev/nvme0n1: 100 GiB, 107374182400 bytes, 209715200 sectors
Disk model: Amazon Elastic Block Store              
Units: sectors of 1 * 512 = 512 bytes
Sector size (logical/physical): 512 bytes / 512 bytes
I/O size (minimum/optimal): 4096 bytes / 4096 bytes
Disklabel type: dos
Disk identifier: 0x6c5d29eb

Device         Boot Start       End   Sectors  Size Id Type
/dev/nvme0n1p1       2048 209715166 209713119  100G 83 Linux


Disk /dev/nvme3n1: 20 GiB, 21474836480 bytes, 41943040 sectors
Disk model: Amazon Elastic Block Store              
Units: sectors of 1 * 512 = 512 bytes
Sector size (logical/physical): 512 bytes / 512 bytes
I/O size (minimum/optimal): 4096 bytes / 4096 bytes


Disk /dev/nvme4n1: 20 GiB, 21474836480 bytes, 41943040 sectors
Disk model: Amazon Elastic Block Store              
Units: sectors of 1 * 512 = 512 bytes
Sector size (logical/physical): 512 bytes / 512 bytes
I/O size (minimum/optimal): 4096 bytes / 4096 bytes


Disk /dev/nvme5n1: 64 GiB, 68719476736 bytes, 134217728 sectors
Disk model: Amazon Elastic Block Store              
Units: sectors of 1 * 512 = 512 bytes
Sector size (logical/physical): 512 bytes / 512 bytes
I/O size (minimum/optimal): 4096 bytes / 4096 bytes
Disklabel type: dos
Disk identifier: 0xcb063e3e

Device         Boot Start       End   Sectors Size Id Type
/dev/nvme5n1p1       2048 134217727 134215680  64G 82 Linux swap / Solaris


Disk /dev/nvme7n1: 100 GiB, 107374182400 bytes, 209715200 sectors
Disk model: Amazon Elastic Block Store              
Units: sectors of 1 * 512 = 512 bytes
Sector size (logical/physical): 512 bytes / 512 bytes
I/O size (minimum/optimal): 4096 bytes / 4096 bytes


Disk /dev/nvme6n1: 20 GiB, 21474836480 bytes, 41943040 sectors
Disk model: Amazon Elastic Block Store              
Units: sectors of 1 * 512 = 512 bytes
Sector size (logical/physical): 512 bytes / 512 bytes
I/O size (minimum/optimal): 4096 bytes / 4096 bytes


Disk /dev/nvme9n1: 149 GiB, 159987531776 bytes, 312475648 sectors
Disk model: Amazon Elastic Block Store              
Units: sectors of 1 * 512 = 512 bytes
Sector size (logical/physical): 512 bytes / 512 bytes
I/O size (minimum/optimal): 4096 bytes / 4096 bytes


Disk /dev/nvme8n1: 150 GiB, 161061273600 bytes, 314572800 sectors
Disk model: Amazon Elastic Block Store              
Units: sectors of 1 * 512 = 512 bytes
Sector size (logical/physical): 512 bytes / 512 bytes
I/O size (minimum/optimal): 4096 bytes / 4096 bytes


Disk /dev/nvme10n1: 20 GiB, 21474836480 bytes, 41943040 sectors
Disk model: Amazon Elastic Block Store              
Units: sectors of 1 * 512 = 512 bytes
Sector size (logical/physical): 512 bytes / 512 bytes
I/O size (minimum/optimal): 4096 bytes / 4096 bytes


Disk /dev/nvme11n1: 200 GiB, 214748364800 bytes, 419430400 sectors
Disk model: Amazon Elastic Block Store              
Units: sectors of 1 * 512 = 512 bytes
Sector size (logical/physical): 512 bytes / 512 bytes
I/O size (minimum/optimal): 4096 bytes / 4096 bytes


Disk /dev/mapper/var_tmp-var_tmp: 20 GiB, 21470642176 bytes, 41934848 sectors
Units: sectors of 1 * 512 = 512 bytes
Sector size (logical/physical): 512 bytes / 512 bytes
I/O size (minimum/optimal): 4096 bytes / 4096 bytes


Disk /dev/mapper/home-home: 20 GiB, 21470642176 bytes, 41934848 sectors
Units: sectors of 1 * 512 = 512 bytes
Sector size (logical/physical): 512 bytes / 512 bytes
I/O size (minimum/optimal): 4096 bytes / 4096 bytes


Disk /dev/mapper/var_log_audit-var_log_audit: 20 GiB, 21470642176 bytes, 41934848 sectors
Units: sectors of 1 * 512 = 512 bytes
Sector size (logical/physical): 512 bytes / 512 bytes
I/O size (minimum/optimal): 4096 bytes / 4096 bytes


Disk /dev/mapper/var-var: 20 GiB, 21470642176 bytes, 41934848 sectors
Units: sectors of 1 * 512 = 512 bytes
Sector size (logical/physical): 512 bytes / 512 bytes
I/O size (minimum/optimal): 4096 bytes / 4096 bytes


Disk /dev/mapper/usr_sap_S4E-usr_sap_S4E: 200 GiB, 214744170496 bytes, 419422208 sectors
Units: sectors of 1 * 512 = 512 bytes
Sector size (logical/physical): 512 bytes / 512 bytes
I/O size (minimum/optimal): 4096 bytes / 4096 bytes


Disk /dev/mapper/usr_sap-usr_sap: 149 GiB, 159983337472 bytes, 312467456 sectors
Units: sectors of 1 * 512 = 512 bytes
Sector size (logical/physical): 512 bytes / 512 bytes
I/O size (minimum/optimal): 4096 bytes / 4096 bytes


Disk /dev/mapper/var_log-var_log: 20 GiB, 21470642176 bytes, 41934848 sectors
Units: sectors of 1 * 512 = 512 bytes
Sector size (logical/physical): 512 bytes / 512 bytes
I/O size (minimum/optimal): 4096 bytes / 4096 bytes
LABEL=ROOT / xfs defaults 0 0
fs-b36da833.efs.us-east-1.amazonaws.com:/ /SAPMedia nfs4 nfsvers=4.1,rsize=1048576,wsize=1048576,hard,timeo=60,noresvport,retrans=2,_netdev 0 0
UUID=b0f332e8-3590-4d14-b87e-cf55681d49e5 /home xfs nodev,nosuid,noexec 0 0
UUID=f490763d-9bc1-4243-a16a-9e68cf9d7998 /var/log/audit xfs nodev,nosuid,noexec 0 0
UUID=42d2e66b-a0b7-4dd6-938c-9744da29800d /var/tmp xfs nodev,nosuid,noexec 0 0
tmpfs /dev/shm tmpfs defaults,nodev,nosuid,noexec 0 0
/dev/mapper/usr_sap-usr_sap /usr/sap xfs rw,relatime,attr2,inode64,logbufs=8,logbsize=32k,sunit=8,swidth=8,noquota 0 0
/dev/mapper/usr_sap_S4E-usr_sap_S4E /usr/sap/S4E xfs rw,relatime,attr2,inode64,logbufs=8,logbsize=32k,sunit=8,swidth=8,noquota 0 0
UUID=14f9d3f2-9059-43f2-b9df-78a6acc98611 swap swap defaults 0 0
#fs-ecab116d.efs.us-east-1.amazonaws.com:/ /usr/sap/trans nfs4 rw,relatime,vers=4.1,rsize=1048576,wsize=1048576,namlen=255,hard,noresvport,proto=tcp,timeo=600,retrans=2,sec=sys,clientaddr=172.18.196.82,local_lock=none,addr=172.18.136.66 0 0
fs-ecab116d.efs.us-east-1.amazonaws.com:/DEV2MNT/ /usr/sap/trans nfs4 rw,relatime,vers=4.1,rsize=1048576,wsize=1048576,namlen=255,hard,noresvport,proto=tcp,timeo=600,retrans=2,sec=sys,clientaddr=172.18.196.82,local_lock=none,addr=172.18.136.66 0 0
fs-0a2e687877ff2b950.efs.us-east-1.amazonaws.com:/ /SAPInterfaces nfs4 rw,relatime,vers=4.1,rsize=1048576,wsize=1048576,namlen=255,hard,noresvport,proto=tcp,timeo=600,retrans=2,sec=sys,clientaddr=172.18.196.82,local_lock=none,addr=172.18.196.109 0 0
fs-0073b7d45a64c5b94.efs.us-east-1.amazonaws.com:/ /sapmnt/S4E nfs4 rw,relatime,vers=4.1,rsize=1048576,wsize=1048576,namlen=255,hard,noresvport,proto=tcp,timeo=600,retrans=2,sec=sys,clientaddr=172.18.196.82,local_lock=none,addr=172.18.196.49 0 0
tmpfs /tmp tmpfs defaults,nodev,nosuid,noexec,nofail 0 0
UUID=9f3d31c7-faf9-493a-9038-342d3a3bca43 /var xfs nodev,nosuid,noexec 0 0
UUID=95d22806-a7ac-4a30-b95f-21ba9e26dcb3 /var/log xfs nodev,nosuid,noexec 0 0
sysfs on /sys type sysfs (rw,nosuid,nodev,noexec,relatime)
proc on /proc type proc (rw,nosuid,nodev,noexec,relatime)
devtmpfs on /dev type devtmpfs (rw,nosuid,size=16018820k,nr_inodes=4004705,mode=755)
securityfs on /sys/kernel/security type securityfs (rw,nosuid,nodev,noexec,relatime)
tmpfs on /dev/shm type tmpfs (rw,nosuid,nodev,noexec,size=74373120k)
devpts on /dev/pts type devpts (rw,nosuid,noexec,relatime,gid=5,mode=620,ptmxmode=000)
tmpfs on /run type tmpfs (rw,nosuid,nodev,mode=755)
tmpfs on /sys/fs/cgroup type tmpfs (ro,nosuid,nodev,noexec,mode=755)
cgroup on /sys/fs/cgroup/unified type cgroup2 (rw,nosuid,nodev,noexec,relatime)
cgroup on /sys/fs/cgroup/systemd type cgroup (rw,nosuid,nodev,noexec,relatime,xattr,name=systemd)
pstore on /sys/fs/pstore type pstore (rw,nosuid,nodev,noexec,relatime)
none on /sys/fs/bpf type bpf (rw,nosuid,nodev,noexec,relatime)
cgroup on /sys/fs/cgroup/net_cls,net_prio type cgroup (rw,nosuid,nodev,noexec,relatime,net_cls,net_prio)
cgroup on /sys/fs/cgroup/hugetlb type cgroup (rw,nosuid,nodev,noexec,relatime,hugetlb)
cgroup on /sys/fs/cgroup/freezer type cgroup (rw,nosuid,nodev,noexec,relatime,freezer)
cgroup on /sys/fs/cgroup/devices type cgroup (rw,nosuid,nodev,noexec,relatime,devices)
cgroup on /sys/fs/cgroup/memory type cgroup (rw,nosuid,nodev,noexec,relatime,memory)
cgroup on /sys/fs/cgroup/cpu,cpuacct type cgroup (rw,nosuid,nodev,noexec,relatime,cpu,cpuacct)
cgroup on /sys/fs/cgroup/perf_event type cgroup (rw,nosuid,nodev,noexec,relatime,perf_event)
cgroup on /sys/fs/cgroup/rdma type cgroup (rw,nosuid,nodev,noexec,relatime,rdma)
cgroup on /sys/fs/cgroup/pids type cgroup (rw,nosuid,nodev,noexec,relatime,pids)
cgroup on /sys/fs/cgroup/blkio type cgroup (rw,nosuid,nodev,noexec,relatime,blkio)
cgroup on /sys/fs/cgroup/cpuset type cgroup (rw,nosuid,nodev,noexec,relatime,cpuset)
/dev/nvme0n1p1 on / type xfs (rw,relatime,attr2,inode64,logbufs=8,logbsize=32k,noquota)
systemd-1 on /proc/sys/fs/binfmt_misc type autofs (rw,relatime,fd=23,pgrp=1,timeout=0,minproto=5,maxproto=5,direct,pipe_ino=22122)
mqueue on /dev/mqueue type mqueue (rw,relatime)
debugfs on /sys/kernel/debug type debugfs (rw,relatime)
hugetlbfs on /dev/hugepages type hugetlbfs (rw,relatime,pagesize=2M)
tmpfs on /tmp type tmpfs (rw,nosuid,nodev,noexec,relatime)
/dev/mapper/usr_sap-usr_sap on /usr/sap type xfs (rw,relatime,attr2,inode64,logbufs=8,logbsize=32k,sunit=8,swidth=8,noquota)
/dev/mapper/usr_sap_S4E-usr_sap_S4E on /usr/sap/S4E type xfs (rw,relatime,attr2,inode64,logbufs=8,logbsize=32k,sunit=8,swidth=8,noquota)
/dev/mapper/home-home on /home type xfs (rw,nosuid,nodev,noexec,relatime,attr2,inode64,logbufs=8,logbsize=32k,sunit=8,swidth=8,noquota)
/dev/mapper/var-var on /var type xfs (rw,nosuid,nodev,noexec,relatime,attr2,inode64,logbufs=8,logbsize=32k,sunit=8,swidth=8,noquota)
tmpfs on /var/run type tmpfs (rw,nosuid,nodev,mode=755)
/dev/mapper/var_tmp-var_tmp on /var/tmp type xfs (rw,nosuid,nodev,noexec,relatime,attr2,inode64,logbufs=8,logbsize=32k,sunit=8,swidth=8,noquota)
/dev/mapper/var_log-var_log on /var/log type xfs (rw,nosuid,nodev,noexec,relatime,attr2,inode64,logbufs=8,logbsize=32k,sunit=8,swidth=8,noquota)
/dev/mapper/var_log_audit-var_log_audit on /var/log/audit type xfs (rw,nosuid,nodev,noexec,relatime,attr2,inode64,logbufs=8,logbsize=32k,sunit=8,swidth=8,noquota)
binfmt_misc on /proc/sys/fs/binfmt_misc type binfmt_misc (rw,relatime)
fs-0a2e687877ff2b950.efs.us-east-1.amazonaws.com:/ on /SAPInterfaces type nfs4 (rw,relatime,vers=4.1,rsize=1048576,wsize=1048576,namlen=255,hard,noresvport,proto=tcp,timeo=600,retrans=2,sec=sys,clientaddr=172.18.196.82,local_lock=none,addr=172.18.196.109)
fs-b36da833.efs.us-east-1.amazonaws.com:/ on /SAPMedia type nfs4 (rw,relatime,vers=4.1,rsize=1048576,wsize=1048576,namlen=255,hard,noresvport,proto=tcp,timeo=60,retrans=2,sec=sys,clientaddr=172.18.196.82,local_lock=none,addr=172.18.136.231,_netdev)
fs-ecab116d.efs.us-east-1.amazonaws.com:/DEV2MNT on /usr/sap/trans type nfs4 (rw,relatime,vers=4.1,rsize=1048576,wsize=1048576,namlen=255,hard,noresvport,proto=tcp,timeo=600,retrans=2,sec=sys,clientaddr=172.18.196.82,local_lock=none,addr=172.18.136.66)
fs-0073b7d45a64c5b94.efs.us-east-1.amazonaws.com:/ on /sapmnt/S4E type nfs4 (rw,relatime,vers=4.1,rsize=1048576,wsize=1048576,namlen=255,hard,noresvport,proto=tcp,timeo=600,retrans=2,sec=sys,clientaddr=172.18.196.82,local_lock=none,addr=172.18.196.49)
tmpfs on /run/user/2000 type tmpfs (rw,nosuid,nodev,relatime,size=3205672k,mode=700,uid=2000,gid=79)
tmpfs on /var/run/user/2000 type tmpfs (rw,nosuid,nodev,relatime,size=3205672k,mode=700,uid=2000,gid=79)
tmpfs on /run/user/4000 type tmpfs (rw,nosuid,nodev,relatime,size=3205672k,mode=700,uid=4000,gid=79)
tmpfs on /var/run/user/4000 type tmpfs (rw,nosuid,nodev,relatime,size=3205672k,mode=700,uid=4000,gid=79)
tracefs on /sys/kernel/debug/tracing type tracefs (rw,relatime)
tmpfs on /run/user/1725056573 type tmpfs (rw,nosuid,nodev,relatime,size=3205672k,mode=700,uid=1725056573,gid=1725000513)
tmpfs on /var/run/user/1725056573 type tmpfs (rw,nosuid,nodev,relatime,size=3205672k,mode=700,uid=1725056573,gid=1725000513)
tmpfs on /run/user/1725056287 type tmpfs (rw,nosuid,nodev,relatime,size=3205672k,mode=700,uid=1725056287,gid=1725000513)
tmpfs on /var/run/user/1725056287 type tmpfs (rw,nosuid,nodev,relatime,size=3205672k,mode=700,uid=1725056287,gid=1725000513)

[31;43m***** DISK & DM info from FDISK *****[0m
Disk /dev/nvme1n1: 150 GiB, 161061273600 bytes, 314572800 sectors
Disk model: Amazon Elastic Block Store              
Disk /dev/nvme2n1: 20 GiB, 21474836480 bytes, 41943040 sectors
Disk model: Amazon Elastic Block Store              
Disk /dev/nvme0n1: 100 GiB, 107374182400 bytes, 209715200 sectors
Disk model: Amazon Elastic Block Store              
Disklabel type: dos
Disk identifier: 0x6c5d29eb
Disk /dev/nvme3n1: 20 GiB, 21474836480 bytes, 41943040 sectors
Disk model: Amazon Elastic Block Store              
Disk /dev/nvme4n1: 20 GiB, 21474836480 bytes, 41943040 sectors
Disk model: Amazon Elastic Block Store              
Disk /dev/nvme5n1: 64 GiB, 68719476736 bytes, 134217728 sectors
Disk model: Amazon Elastic Block Store              
Disklabel type: dos
Disk identifier: 0xcb063e3e
Disk /dev/nvme7n1: 100 GiB, 107374182400 bytes, 209715200 sectors
Disk model: Amazon Elastic Block Store              
Disk /dev/nvme6n1: 20 GiB, 21474836480 bytes, 41943040 sectors
Disk model: Amazon Elastic Block Store              
Disk /dev/nvme9n1: 149 GiB, 159987531776 bytes, 312475648 sectors
Disk model: Amazon Elastic Block Store              
Disk /dev/nvme8n1: 150 GiB, 161061273600 bytes, 314572800 sectors
Disk model: Amazon Elastic Block Store              
Disk /dev/nvme10n1: 20 GiB, 21474836480 bytes, 41943040 sectors
Disk model: Amazon Elastic Block Store              
Disk /dev/nvme11n1: 200 GiB, 214748364800 bytes, 419430400 sectors
Disk model: Amazon Elastic Block Store              
Disk /dev/mapper/var_tmp-var_tmp: 20 GiB, 21470642176 bytes, 41934848 sectors
Disk /dev/mapper/home-home: 20 GiB, 21470642176 bytes, 41934848 sectors
Disk /dev/mapper/var_log_audit-var_log_audit: 20 GiB, 21470642176 bytes, 41934848 sectors
Disk /dev/mapper/var-var: 20 GiB, 21470642176 bytes, 41934848 sectors
Disk /dev/mapper/usr_sap_S4E-usr_sap_S4E: 200 GiB, 214744170496 bytes, 419422208 sectors
Disk /dev/mapper/usr_sap-usr_sap: 149 GiB, 159983337472 bytes, 312467456 sectors
Disk /dev/mapper/var_log-var_log: 20 GiB, 21470642176 bytes, 41934848 sectors

[31;43m***** PP process; All Running Procs; PP/Multipath devices Info *****[0m
root     16984 16966  0 12:00 pts/1    00:00:00 grep Powerpath
UID        PID  PPID  C STIME TTY          TIME CMD
root         1     0  0 May02 ?        00:01:03 /usr/lib/systemd/systemd --switched-root --system --deserialize 22
root         2     0  0 May02 ?        00:00:00 [kthreadd]
root         3     2  0 May02 ?        00:00:00 [rcu_gp]
root         4     2  0 May02 ?        00:00:00 [rcu_par_gp]
root         6     2  0 May02 ?        00:00:00 [kworker/0:0H-events_highpri]
root         7     2  0 May02 ?        00:00:09 [kworker/0:1-events]
root         9     2  0 May02 ?        00:00:00 [mm_percpu_wq]
root        10     2  0 May02 ?        00:00:01 [ksoftirqd/0]
root        11     2  0 May02 ?        00:02:32 [rcu_sched]
root        12     2  0 May02 ?        00:00:01 [migration/0]
root        13     2  0 May02 ?        00:00:00 [idle_inject/0]
root        14     2  0 May02 ?        00:00:00 [cpuhp/0]
root        15     2  0 May02 ?        00:00:00 [cpuhp/1]
root        16     2  0 May02 ?        00:00:00 [idle_inject/1]
root        17     2  0 May02 ?        00:00:01 [migration/1]
root        18     2  0 May02 ?        00:00:02 [ksoftirqd/1]
root        19     2  0 May02 ?        00:00:00 [kworker/1:0-mm_percpu_wq]
root        20     2  0 May02 ?        00:00:00 [kworker/1:0H-events_highpri]
root        21     2  0 May02 ?        00:00:00 [cpuhp/2]
root        22     2  0 May02 ?        00:00:00 [idle_inject/2]
root        23     2  0 May02 ?        00:00:01 [migration/2]
root        24     2  0 May02 ?        00:00:01 [ksoftirqd/2]
root        26     2  0 May02 ?        00:00:00 [kworker/2:0H-events_highpri]
root        27     2  0 May02 ?        00:00:00 [cpuhp/3]
root        28     2  0 May02 ?        00:00:00 [idle_inject/3]
root        29     2  0 May02 ?        00:00:01 [migration/3]
root        30     2  0 May02 ?        00:00:01 [ksoftirqd/3]
root        32     2  0 May02 ?        00:00:00 [kworker/3:0H-events_highpri]
root        33     2  0 May02 ?        00:00:00 [cpuhp/4]
root        34     2  0 May02 ?        00:00:00 [idle_inject/4]
root        35     2  0 May02 ?        00:00:01 [migration/4]
root        36     2  0 May02 ?        00:00:01 [ksoftirqd/4]
root        38     2  0 May02 ?        00:00:00 [kworker/4:0H-events_highpri]
root        39     2  0 May02 ?        00:00:00 [cpuhp/5]
root        40     2  0 May02 ?        00:00:00 [idle_inject/5]
root        41     2  0 May02 ?        00:00:01 [migration/5]
root        42     2  0 May02 ?        00:00:01 [ksoftirqd/5]
root        44     2  0 May02 ?        00:00:00 [kworker/5:0H-events_highpri]
root        45     2  0 May02 ?        00:00:00 [cpuhp/6]
root        46     2  0 May02 ?        00:00:00 [idle_inject/6]
root        47     2  0 May02 ?        00:00:01 [migration/6]
root        48     2  0 May02 ?        00:00:01 [ksoftirqd/6]
root        50     2  0 May02 ?        00:00:00 [kworker/6:0H-events_highpri]
root        51     2  0 May02 ?        00:00:00 [cpuhp/7]
root        52     2  0 May02 ?        00:00:00 [idle_inject/7]
root        53     2  0 May02 ?        00:00:01 [migration/7]
root        54     2  0 May02 ?        00:00:01 [ksoftirqd/7]
root        56     2  0 May02 ?        00:00:00 [kworker/7:0H-events_highpri]
root        57     2  0 May02 ?        00:00:00 [cpuhp/8]
root        58     2  0 May02 ?        00:00:00 [idle_inject/8]
root        59     2  0 May02 ?        00:00:01 [migration/8]
root        60     2  0 May02 ?        00:00:02 [ksoftirqd/8]
root        62     2  0 May02 ?        00:00:00 [kworker/8:0H-events_highpri]
root        63     2  0 May02 ?        00:00:00 [cpuhp/9]
root        64     2  0 May02 ?        00:00:00 [idle_inject/9]
root        65     2  0 May02 ?        00:00:01 [migration/9]
root        66     2  0 May02 ?        00:00:02 [ksoftirqd/9]
root        68     2  0 May02 ?        00:00:00 [kworker/9:0H-xfs-log/nvme0n1p1]
root        69     2  0 May02 ?        00:00:00 [cpuhp/10]
root        70     2  0 May02 ?        00:00:00 [idle_inject/10]
root        71     2  0 May02 ?        00:00:01 [migration/10]
root        72     2  0 May02 ?        00:00:01 [ksoftirqd/10]
root        74     2  0 May02 ?        00:00:00 [kworker/10:0H-events_highpri]
root        75     2  0 May02 ?        00:00:00 [cpuhp/11]
root        76     2  0 May02 ?        00:00:00 [idle_inject/11]
root        77     2  0 May02 ?        00:00:01 [migration/11]
root        78     2  0 May02 ?        00:00:01 [ksoftirqd/11]
root        79     2  0 May02 ?        00:00:04 [kworker/11:0-mm_percpu_wq]
root        80     2  0 May02 ?        00:00:00 [kworker/11:0H-events_highpri]
root        81     2  0 May02 ?        00:00:00 [cpuhp/12]
root        82     2  0 May02 ?        00:00:00 [idle_inject/12]
root        83     2  0 May02 ?        00:00:01 [migration/12]
root        84     2  0 May02 ?        00:00:01 [ksoftirqd/12]
root        86     2  0 May02 ?        00:00:00 [kworker/12:0H-events_highpri]
root        87     2  0 May02 ?        00:00:00 [cpuhp/13]
root        88     2  0 May02 ?        00:00:00 [idle_inject/13]
root        89     2  0 May02 ?        00:00:01 [migration/13]
root        90     2  0 May02 ?        00:00:01 [ksoftirqd/13]
root        92     2  0 May02 ?        00:00:00 [kworker/13:0H-events_highpri]
root        93     2  0 May02 ?        00:00:00 [cpuhp/14]
root        94     2  0 May02 ?        00:00:00 [idle_inject/14]
root        95     2  0 May02 ?        00:00:01 [migration/14]
root        96     2  0 May02 ?        00:00:01 [ksoftirqd/14]
root        98     2  0 May02 ?        00:00:00 [kworker/14:0H-events_highpri]
root        99     2  0 May02 ?        00:00:00 [cpuhp/15]
root       100     2  0 May02 ?        00:00:00 [idle_inject/15]
root       101     2  0 May02 ?        00:00:01 [migration/15]
root       102     2  0 May02 ?        00:00:01 [ksoftirqd/15]
root       104     2  0 May02 ?        00:00:00 [kworker/15:0H-events_highpri]
root       106     2  0 May02 ?        00:00:00 [kdevtmpfs]
root       107     2  0 May02 ?        00:00:00 [netns]
root       108     2  0 May02 ?        00:00:00 [rcu_tasks_kthre]
root       109     2  0 May02 ?        00:00:03 [kauditd]
root       110     2  0 May02 ?        00:00:00 [khungtaskd]
root       111     2  0 May02 ?        00:00:00 [oom_reaper]
root       112     2  0 May02 ?        00:00:00 [writeback]
root       113     2  0 May02 ?        00:00:00 [kcompactd0]
root       114     2  0 May02 ?        00:00:00 [ksmd]
root       115     2  0 May02 ?        00:00:07 [khugepaged]
root       170     2  0 May02 ?        00:00:00 [kintegrityd]
root       171     2  0 May02 ?        00:00:00 [kblockd]
root       172     2  0 May02 ?        00:00:00 [blkcg_punt_bio]
root       174     2  0 May02 ?        00:00:00 [tpm_dev_wq]
root       175     2  0 May02 ?        00:00:00 [edac-poller]
root       176     2  0 May02 ?        00:00:00 [devfreq_wq]
root       177     2  0 May02 ?        00:00:00 [watchdogd]
root       178     2  0 May02 ?        00:00:15 [kworker/10:1-mm_percpu_wq]
root       183     2  0 May02 ?        00:00:05 [kworker/1:1-mm_percpu_wq]
root       187     2  0 May02 ?        00:00:12 [kswapd0]
root       190     2  0 May02 ?        00:00:00 [kthrotld]
root       192     2  0 May02 ?        00:00:00 [ipv6_addrconf]
root       197     2  0 May02 ?        00:00:00 [kstrp]
root       202     2  0 May02 ?        00:00:00 [charger_manager]
root       355     2  0 May02 ?        00:00:00 [ena]
root       360     2  0 May02 ?        00:00:00 [nvme-wq]
root       361     2  0 May02 ?        00:00:00 [nvme-reset-wq]
root       363     2  0 May02 ?        00:00:00 [nvme-delete-wq]
root       401     2  0 May02 ?        00:00:00 [xfsalloc]
root       402     2  0 May02 ?        00:00:00 [xfs_mru_cache]
root       405     2  0 May02 ?        00:00:00 [xfs-buf/nvme0n1]
root       406     2  0 May02 ?        00:00:00 [xfs-conv/nvme0n]
root       407     2  0 May02 ?        00:00:00 [xfs-cil/nvme0n1]
root       408     2  0 May02 ?        00:00:00 [xfs-reclaim/nvm]
root       410     2  0 May02 ?        00:00:00 [xfs-eofblocks/n]
root       412     2  0 May02 ?        00:00:00 [xfs-log/nvme0n1]
root       413     2  0 May02 ?        00:01:02 [xfsaild/nvme0n1]
root       414     2  0 May02 ?        00:00:01 [kworker/9:1H-xfs-log/nvme0n1p1]
root       490     2  0 May02 ?        00:00:00 [kworker/0:1H-kblockd]
root       491     2  0 May02 ?        00:00:00 [kworker/2:1H-kblockd]
root       492     2  0 May02 ?        00:00:00 [kworker/1:1H-kblockd]
root       493     2  0 May02 ?        00:00:01 [kworker/3:1H-kblockd]
root       494     2  0 May02 ?        00:00:00 [kworker/5:1H-kblockd]
root       495     2  0 May02 ?        00:00:00 [kworker/6:1H-kblockd]
root       496     2  0 May02 ?        00:00:01 [kworker/8:1H-xfs-log/dm-3]
root       497     2  0 May02 ?        00:00:01 [kworker/10:1H-xfs-log/dm-5]
root       498     2  0 May02 ?        00:00:00 [kworker/13:1H-kblockd]
root       499     2  0 May02 ?        00:00:00 [kworker/12:1H-kblockd]
root       500     2  0 May02 ?        00:00:00 [kworker/11:1H-kblockd]
root       501     2  0 May02 ?        00:00:02 [kworker/14:1H-kblockd]
root       502     2  0 May02 ?        00:00:00 [kworker/15:1H-kblockd]
root       503     2  0 May02 ?        00:00:00 [kworker/4:1H-kblockd]
root       504     2  0 May02 ?        00:00:00 [kworker/7:1H-kblockd]
root       508     1  0 May02 ?        00:00:36 /usr/lib/systemd/systemd-journald
root       517     1  0 May02 ?        00:01:47 /usr/sbin/haveged -w 1024 -v 0 -F
root       519     1  0 May02 ?        00:00:00 /usr/lib/systemd/systemd-udevd
root       571     2  0 May02 ?        00:00:00 [cryptd]
root       626     2  0 May02 ?        00:00:00 [nfit]
root       636     2  0 May02 ?        00:00:00 [kdmflush]
root       638     2  0 May02 ?        00:00:00 [kdmflush]
root       639     2  0 May02 ?        00:00:00 [kdmflush]
root       640     2  0 May02 ?        00:00:00 [kdmflush]
root       641     2  0 May02 ?        00:00:00 [kdmflush]
root       643     2  0 May02 ?        00:00:00 [kdmflush]
root       644     2  0 May02 ?        00:00:00 [kdmflush]
root       652  2996  0 May10 ?        00:14:10 /opt/ds_agent/ds_am -g ../diag -v 5 -d /var/opt/ds_agent/am -P 1 -R
root       668     2  0 May02 ?        00:00:00 [xfs-buf/dm-2]
root       669     2  0 May02 ?        00:00:00 [xfs-buf/dm-5]
root       670     2  0 May02 ?        00:00:00 [xfs-conv/dm-2]
root       671     2  0 May02 ?        00:00:00 [xfs-conv/dm-5]
root       672     2  0 May02 ?        00:00:00 [xfs-cil/dm-2]
root       673     2  0 May02 ?        00:00:00 [xfs-cil/dm-5]
root       674     2  0 May02 ?        00:00:00 [xfs-reclaim/dm-]
root       675     2  0 May02 ?        00:00:00 [xfs-reclaim/dm-]
root       676     2  0 May02 ?        00:00:00 [xfs-eofblocks/d]
root       677     2  0 May02 ?        00:00:00 [xfs-eofblocks/d]
root       678     2  0 May02 ?        00:00:00 [xfs-buf/dm-1]
root       679     2  0 May02 ?        00:00:00 [xfs-conv/dm-1]
root       680     2  0 May02 ?        00:00:00 [xfs-cil/dm-1]
root       681     2  0 May02 ?        00:00:00 [xfs-reclaim/dm-]
root       682     2  0 May02 ?        00:00:00 [xfs-eofblocks/d]
root       683     2  0 May02 ?        00:00:00 [xfs-log/dm-5]
root       684     2  0 May02 ?        00:01:02 [xfsaild/dm-5]
root       685     2  0 May02 ?        00:00:00 [xfs-log/dm-2]
root       686     2  0 May02 ?        00:01:03 [xfsaild/dm-2]
root       687     2  0 May02 ?        00:00:00 [xfs-log/dm-1]
root       688     2  0 May02 ?        00:00:00 [xfsaild/dm-1]
root       690     2  0 May02 ?        00:00:00 [xfs-buf/dm-4]
root       691     2  0 May02 ?        00:00:00 [xfs-conv/dm-4]
root       692     2  0 May02 ?        00:00:00 [xfs-cil/dm-4]
root       693     2  0 May02 ?        00:00:00 [xfs-reclaim/dm-]
root       694     2  0 May02 ?        00:00:00 [xfs-eofblocks/d]
root       695     2  0 May02 ?        00:00:00 [xfs-log/dm-4]
root       696     2  0 May02 ?        00:01:02 [xfsaild/dm-4]
root       703     2  0 May02 ?        00:00:00 [xfs-buf/dm-6]
root       705     2  0 May02 ?        00:00:00 [xfs-conv/dm-6]
root       706     2  0 May02 ?        00:00:00 [xfs-cil/dm-6]
root       707     2  0 May02 ?        00:00:00 [xfs-reclaim/dm-]
root       708     2  0 May02 ?        00:00:00 [xfs-eofblocks/d]
root       713     2  0 May02 ?        00:00:00 [xfs-log/dm-6]
root       714     2  0 May02 ?        00:00:59 [xfsaild/dm-6]
root       715     2  0 May02 ?        00:00:00 [xfs-buf/dm-0]
root       716     2  0 May02 ?        00:00:00 [xfs-conv/dm-0]
root       717     2  0 May02 ?        00:00:00 [xfs-cil/dm-0]
root       718     2  0 May02 ?        00:00:00 [xfs-reclaim/dm-]
root       719     2  0 May02 ?        00:00:00 [xfs-eofblocks/d]
root       720     2  0 May02 ?        00:00:00 [xfs-log/dm-0]
root       721     2  0 May02 ?        00:00:00 [xfsaild/dm-0]
root       747     2  0 May02 ?        00:00:00 [xfs-buf/dm-3]
root       748     2  0 May02 ?        00:00:00 [xfs-conv/dm-3]
root       749     2  0 May02 ?        00:00:00 [xfs-cil/dm-3]
root       750     2  0 May02 ?        00:00:00 [xfs-reclaim/dm-]
root       751     2  0 May02 ?        00:00:00 [xfs-eofblocks/d]
root       752     2  0 May02 ?        00:00:00 [xfs-log/dm-3]
root       753     2  0 May02 ?        00:00:13 [xfsaild/dm-3]
root       767     1  0 May02 ?        00:00:10 /sbin/auditd
root       788     2  0 May02 ?        00:00:00 [audit_prune_tre]
message+   795     1  0 May02 ?        00:00:10 /usr/bin/dbus-daemon --system --address=systemd: --nofork --nopidfile --systemd-activation --syslog-only
root       861     2  0 May10 ?        00:00:00 [kworker/4:0-events]
root       864     1  0 May02 ?        00:00:00 /usr/sbin/sssd -i --logger=files
nscd       868     1  0 May02 ?        00:01:03 /usr/sbin/nscd
root       874     1  0 May02 ?        00:00:40 /usr/sbin/irqbalance --foreground
root       876     1  0 May02 ?        00:00:07 /usr/sbin/rsyslogd -n -iNONE
root       906   864  0 May02 ?        00:00:26 /usr/lib/sssd/sssd_be --domain lambweston.com --uid 0 --gid 0 --logger=files
root       907   864  0 May02 ?        00:00:07 /usr/lib/sssd/sssd_nss --uid 0 --gid 0 --logger=files
root       908   864  0 May02 ?        00:00:04 /usr/lib/sssd/sssd_pam --uid 0 --gid 0 --logger=files
root       909     1  0 May02 ?        00:00:06 /usr/lib/systemd/systemd-logind
root       952     1  0 May02 ?        00:00:00 /usr/lib/wicked/bin/wickedd-auto4 --systemd --foreground
root       953     1  0 May02 ?        00:00:00 /usr/lib/wicked/bin/wickedd-dhcp6 --systemd --foreground
root       954     1  0 May02 ?        00:00:01 /usr/lib/wicked/bin/wickedd-dhcp4 --systemd --foreground
root       955     1  0 May02 ?        00:00:00 /usr/sbin/wickedd --systemd --foreground
root       962     1  0 May02 ?        00:00:00 /usr/sbin/wickedd-nanny --systemd --foreground
root       969     1  0 May02 ?        00:21:12 splunkd -p 8089 start
root       973   969  0 May02 ?        00:03:57 [splunkd pid=969] splunkd -p 8089 start [process-runner]
root      1190     1  0 May10 ?        00:00:05 /usr/sap/hostctrl/exe/saphostexec pf=/usr/sap/hostctrl/exe/host_profile
sapadm    1198     1  0 May10 ?        00:03:54 /usr/sap/hostctrl/exe/sapstartsrv pf=/usr/sap/hostctrl/exe/host_profile -D
root      1301     1  0 May10 ?        00:03:31 /usr/sap/hostctrl/exe/saposcol -l -w60 pf=/usr/sap/hostctrl/exe/host_profile
s4eadm    1525  1190  0 May10 ?        00:02:42 /usr/sap/S4E/SUM/abap/bin/SAPup_real rootdir=/usr/sap/S4E/SUM/abap gt=httpchannel restart=3
s4eadm    1537  1525  0 May10 ?        00:02:39 /usr/sap/S4E/SUM/abap/bin/SAPup_real rootdir=/usr/sap/S4E/SUM/abap rootdir=/usr/sap/S4E/SUM/abap guiconnect=127.0.0.1:15797 restart=3
root      1895     1  0 May02 ?        00:00:00 /usr/bin/python3 /usr/bin/salt-minion
chrony    1900     1  0 May02 ?        00:00:00 /usr/sbin/chronyd -u chrony
root      1934     1  0 May02 ?        00:00:01 /usr/sbin/cron -n
awsdata   1937     1  0 May02 ?        00:00:00 jsvc.exec -errfile /var/log/aws-dataprovider/jsvcerr.log -jvm server -showversion -pidfile /tmp/aws-dataprovider.pid -cp /usr/local/ec2/aws-dataprovider/lib/installer.jar:/usr/local/ec2/aws-dataprovider/lib/commons-daemon-1.2.4/commons-daemon-1.2.4.jar -Dcom.amazon.aws.aws-dataprovider.proxypath=/usr/local/ec2/aws-dataprovider -Dcom.amazon.aws.aws-dataprovider.access=https://s3.amazonaws.com/aws-sap-data-provider -DisStandaloneVersion=yes com.amazon.aws.dataprovider.AwsDataProvider /usr/local/ec2/aws-dataprovider -vhostmd -LogLevel=INFO
awsdata   1938  1937  0 May02 ?        01:28:20 jsvc.exec -errfile /var/log/aws-dataprovider/jsvcerr.log -jvm server -showversion -pidfile /tmp/aws-dataprovider.pid -cp /usr/local/ec2/aws-dataprovider/lib/installer.jar:/usr/local/ec2/aws-dataprovider/lib/commons-daemon-1.2.4/commons-daemon-1.2.4.jar -Dcom.amazon.aws.aws-dataprovider.proxypath=/usr/local/ec2/aws-dataprovider -Dcom.amazon.aws.aws-dataprovider.access=https://s3.amazonaws.com/aws-sap-data-provider -DisStandaloneVersion=yes com.amazon.aws.dataprovider.AwsDataProvider /usr/local/ec2/aws-dataprovider -vhostmd -LogLevel=INFO
root      1994  1895  0 May02 ?        00:11:34 /usr/bin/python3 /usr/bin/salt-minion
root      2023  1994  0 May02 ?        00:00:00 /usr/bin/python3 /usr/bin/salt-minion
root      2041     2  0 May04 ?        00:00:21 [kworker/6:2-events_power_efficient]
root      2061     1  0 May02 ?        00:01:07 /usr/sbin/amazon-ssm-agent
root      2088     2  0 May02 ?        00:00:00 [rpciod]
root      2089     2  0 May02 ?        00:00:00 [xprtiod]
root      2103     1  0 May02 ?        00:00:00 /usr/sbin/sshd -D
root      2105     2  0 May02 ?        00:00:00 [nfsiod]
root      2123     1  0 May02 ?        00:00:00 /opt/ds_agent/ds_agent -w /var/opt/ds_agent -b -i -e /opt/ds_agent/ext
root      2124  2123  3 May02 ?        08:29:20 /opt/ds_agent/ds_agent -w /var/opt/ds_agent -b -i -e /opt/ds_agent/ext
root      2157     2  0 May02 ?        00:00:00 [NFSv4 callback]
root      2178     1  0 May02 tty1     00:00:00 /sbin/agetty -o -p -- \u --noclear tty1 linux
root      2182     1  0 May02 ttyS0    00:00:00 /sbin/agetty -o -p -- \u --keep-baud 115200,38400,9600 ttyS0 vt220
root      2306     2  0 May02 ?        00:01:31 [ds_kproc]
root      2307     2  0 May02 ?        00:00:00 [ds_kmemcg]
uuidd     2398     1  0 May02 ?        00:00:53 /usr/sbin/uuidd --socket-activation
root      2666  2061  0 May02 ?        00:06:53 /usr/sbin/ssm-agent-worker
root      2996     1  0 May02 ?        00:00:00 /opt/ds_agent/ds_am -g ../diag -v 5 -d /var/opt/ds_agent/am -P 1 -R
daaadm    3329     1  0 May02 ?        00:00:00 /usr/lib/systemd/systemd --user
daaadm    3331  3329  0 May02 ?        00:00:00 (sd-pam)
daaadm    3485     1  0 May02 ?        00:00:12 /usr/sap/DAA/SMDA98/exe/sapstartsrv pf=/usr/sap/DAA/SYS/profile/DAA_SMDA98_SAPES4CIPA -D -u daaadm
daaadm    3911     1  0 May02 ?        00:00:00 sapstart pf=/usr/sap/DAA/SYS/profile/DAA_SMDA98_SAPES4CIPA
daaadm    3934  3911  0 May02 ?        00:00:01 /usr/sap/DAA/SMDA98/work/jc.sapDAA_SMDA98 pf=/usr/sap/DAA/SYS/profile/DAA_SMDA98_SAPES4CIPA
daaadm    3976  3934  0 May02 ?        00:49:12 /usr/sap/DAA/SMDA98/exe/jstart -appTrc -nodeId=0 pf=/usr/sap/DAA/SYS/profile/DAA_SMDA98_SAPES4CIPA -hostvm -nodeName=smdagent -file=/usr/sap/DAA/SMDA98/SMDAgent/smdagent.properties -jvmFile=/usr/sap/DAA/SMDA98/work/jstart.jvm -traceFile=/usr/sap/DAA/SMDA98/work/dev_smdagent -javaOutFile=/usr/sap/DAA/SMDA98/work/jvm_smdagent.out
root      4515     2  0 May11 ?        00:00:00 [kworker/u33:2-xprtiod]
root      4904     2  0 11:29 ?        00:00:00 [kworker/4:2-mm_percpu_wq]
root      6080     2  0 11:32 ?        00:00:00 [kworker/u32:1-events_unbound]
root      9862     2  0 May11 ?        00:00:00 [kworker/7:0-bmhook_wq]
root     11053     2  0 11:45 ?        00:00:00 [kworker/u32:3-xfs-cil/dm-6]
root     11095     2  0 May06 ?        00:00:02 [kworker/12:0-xfs-buf/dm-4]
AHP1010  11567     1  0 May09 ?        00:00:00 /usr/lib/systemd/systemd --user
AHP1010  11587 11567  0 May09 ?        00:00:00 (sd-pam)
root     12915     2  0 11:51 ?        00:00:00 [kworker/13:2-mm_percpu_wq]
root     13405     2  0 May10 ?        00:00:01 [kworker/u33:1-xprtiod]
root     13489     2  0 11:51 ?        00:00:00 [kworker/3:2-mm_percpu_wq]
root     13492     2  0 11:51 ?        00:00:00 [kworker/14:0-mm_percpu_wq]
root     13507     2  0 11:52 ?        00:00:00 [kworker/9:1-mm_percpu_wq]
root     13689     2  0 11:53 ?        00:00:00 [kworker/8:2-bmhook_wq]
root     13974     2  0 07:33 ?        00:00:00 [kworker/9:0-mm_percpu_wq]
root     13991     2  0 May11 ?        00:00:00 [kworker/7:1-xfs-buf/dm-6]
root     14156     2  0 May11 ?        00:00:00 [kworker/2:0-mm_percpu_wq]
root     14221     2  0 11:53 ?        00:00:00 [kworker/u32:2-events_unbound]
root     14718     2  0 May10 ?        00:00:01 [kworker/12:2-mm_percpu_wq]
root     15101     2  0 May11 ?        00:00:00 [kworker/13:1-mm_percpu_wq]
root     15144     2  0 11:56 ?        00:00:00 [kworker/14:1-bmhook_wq]
root     15150     2  0 11:57 ?        00:00:00 [kworker/3:0-mm_percpu_wq]
root     15256  2103  0 11:57 ?        00:00:00 sshd: ANN1009 [priv]
ANN1009  15720     1  0 11:57 ?        00:00:00 /usr/lib/systemd/systemd --user
ANN1009  15721 15720  0 11:57 ?        00:00:00 (sd-pam)
ANN1009  15726 15256  0 11:57 ?        00:00:00 sshd: ANN1009@pts/0
ANN1009  15727 15726  0 11:57 pts/0    00:00:00 -bash
root     15783 15727  0 11:57 pts/0    00:00:00 sudo su -
root     15784 15783  0 11:57 pts/1    00:00:00 sudo su -
root     15785 15784  0 11:57 pts/1    00:00:00 su -
root     15786 15785  0 11:57 pts/1    00:00:00 -bash
root     16102     2  0 11:59 ?        00:00:00 [kworker/13:0-xfs-sync/dm-5]
root     16103     2  0 11:59 ?        00:00:00 [kworker/u32:0-events_unbound]
root     16966 15786  0 12:00 pts/1    00:00:00 -bash
root     16985 16966  0 12:00 pts/1    00:00:00 ps -eaf
root     17432     2  0 May09 ?        00:00:01 [kworker/5:2-xfs-sync/dm-0]
root     20662     2  0 May10 ?        00:00:00 [kworker/10:2-xfs-conv/dm-2]
root     20764     2  0 May09 ?        00:00:00 [kworker/11:2]
root     20978     2  0 May09 ?        00:00:03 [kworker/0:2-events]
root     21246     2  0 May02 ?        00:00:00 bpfilter_umh
root     24986     2  0 May07 ?        00:00:00 [kworker/5:0]
s4eadm   26107     1  0 May11 ?        00:00:18 /usr/sap/S4E/D00/exe/sapstartsrv pf=/usr/sap/S4E/SYS/profile/S4E_D00_SAPES4CIPA -D
root     26362     2  0 May10 ?        00:00:00 [kworker/2:1]
s4eadm   26574     1  0 May11 ?        00:00:23 /usr/sap/S4E/ASCS01/exe/sapstartsrv pf=/usr/sap/S4E/SYS/profile/S4E_ASCS01_SAPES4CIPA -D -cleanipc 01
root     26794     2  0 May09 ?        00:00:00 [kworker/6:0-bmhook_wq]
root     27161     2  0 May09 ?        00:00:00 [kworker/15:0]
s4eadm   27245     1  0 May11 ?        00:00:00 sapstart pf=/usr/sap/S4E/SYS/profile/S4E_ASCS01_SAPES4CIPA
s4eadm   27257 27245  0 May11 ?        00:00:02 ms.sapS4E_ASCS01 pf=/usr/sap/S4E/SYS/profile/S4E_ASCS01_SAPES4CIPA
s4eadm   27258 27245  0 May11 ?        00:00:19 enq.sapS4E_ASCS01 pf=/usr/sap/S4E/SYS/profile/S4E_ASCS01_SAPES4CIPA
s4eadm   27554     1  0 May11 ?        00:00:00 sapstart pf=/usr/sap/S4E/SYS/profile/S4E_D00_SAPES4CIPA
s4eadm   27566 27554  0 May11 ?        00:00:11 dw.sapS4E_D00 pf=/usr/sap/S4E/SYS/profile/S4E_D00_SAPES4CIPA
s4eadm   27567 27554  0 May11 ?        00:00:00 ig.sapS4E_D00 -mode=profile pf=/usr/sap/S4E/SYS/profile/S4E_D00_SAPES4CIPA
s4eadm   27568 27567  0 May11 ?        00:00:09 /usr/sap/S4E/D00/exe/igsmux_mt -mode=profile -restartcount=0 -wdpid=27567 pf=/usr/sap/S4E/SYS/profile/S4E_D00_SAPES4CIPA
s4eadm   27569 27567  0 May11 ?        00:00:06 /usr/sap/S4E/D00/exe/igspw_mt -mode=profile -no=0 -restartcount=0 -wdpid=27567 pf=/usr/sap/S4E/SYS/profile/S4E_D00_SAPES4CIPA
s4eadm   27570 27567  0 May11 ?        00:00:06 /usr/sap/S4E/D00/exe/igspw_mt -mode=profile -no=1 -restartcount=0 -wdpid=27567 pf=/usr/sap/S4E/SYS/profile/S4E_D00_SAPES4CIPA
s4eadm   27572 27566  0 May11 ?        00:00:07 gwrd -dp pf=/usr/sap/S4E/SYS/profile/S4E_D00_SAPES4CIPA
s4eadm   27573 27566  0 May11 ?        00:00:13 icman -attach pf=/usr/sap/S4E/SYS/profile/S4E_D00_SAPES4CIPA
s4eadm   27574 27566  0 May11 ?        00:00:02 dw.sapS4E_D00 pf=/usr/sap/S4E/SYS/profile/S4E_D00_SAPES4CIPA
s4eadm   27575 27566  0 May11 ?        00:00:15 dw.sapS4E_D00 pf=/usr/sap/S4E/SYS/profile/S4E_D00_SAPES4CIPA
s4eadm   27576 27566  0 May11 ?        00:00:02 dw.sapS4E_D00 pf=/usr/sap/S4E/SYS/profile/S4E_D00_SAPES4CIPA
s4eadm   27577 27566  0 May11 ?        00:00:02 dw.sapS4E_D00 pf=/usr/sap/S4E/SYS/profile/S4E_D00_SAPES4CIPA
s4eadm   27578 27566  0 May11 ?        00:00:02 dw.sapS4E_D00 pf=/usr/sap/S4E/SYS/profile/S4E_D00_SAPES4CIPA
s4eadm   27579 27566  0 May11 ?        00:00:02 dw.sapS4E_D00 pf=/usr/sap/S4E/SYS/profile/S4E_D00_SAPES4CIPA
s4eadm   27580 27566  0 May11 ?        00:00:03 dw.sapS4E_D00 pf=/usr/sap/S4E/SYS/profile/S4E_D00_SAPES4CIPA
s4eadm   27581 27566  0 May11 ?        00:00:17 dw.sapS4E_D00 pf=/usr/sap/S4E/SYS/profile/S4E_D00_SAPES4CIPA
s4eadm   27582 27566  0 May11 ?        00:00:03 dw.sapS4E_D00 pf=/usr/sap/S4E/SYS/profile/S4E_D00_SAPES4CIPA
s4eadm   27583 27566  0 May11 ?        00:00:02 dw.sapS4E_D00 pf=/usr/sap/S4E/SYS/profile/S4E_D00_SAPES4CIPA
s4eadm   27584 27566  0 May11 ?        00:01:32 dw.sapS4E_D00 pf=/usr/sap/S4E/SYS/profile/S4E_D00_SAPES4CIPA
s4eadm   27585 27566  0 May11 ?        00:00:09 dw.sapS4E_D00 pf=/usr/sap/S4E/SYS/profile/S4E_D00_SAPES4CIPA
s4eadm   27586 27566  0 May11 ?        00:00:03 dw.sapS4E_D00 pf=/usr/sap/S4E/SYS/profile/S4E_D00_SAPES4CIPA
s4eadm   27587 27566  0 May11 ?        00:00:04 dw.sapS4E_D00 pf=/usr/sap/S4E/SYS/profile/S4E_D00_SAPES4CIPA
s4eadm   27588 27566  0 May11 ?        00:00:45 dw.sapS4E_D00 pf=/usr/sap/S4E/SYS/profile/S4E_D00_SAPES4CIPA
s4eadm   27589 27566  0 May11 ?        00:00:06 dw.sapS4E_D00 pf=/usr/sap/S4E/SYS/profile/S4E_D00_SAPES4CIPA
s4eadm   27590 27566  0 May11 ?        00:00:07 dw.sapS4E_D00 pf=/usr/sap/S4E/SYS/profile/S4E_D00_SAPES4CIPA
s4eadm   27591 27566  0 May11 ?        00:00:13 dw.sapS4E_D00 pf=/usr/sap/S4E/SYS/profile/S4E_D00_SAPES4CIPA
s4eadm   27592 27566  0 May11 ?        00:01:17 dw.sapS4E_D00 pf=/usr/sap/S4E/SYS/profile/S4E_D00_SAPES4CIPA
s4eadm   27593 27566  0 May11 ?        00:00:49 dw.sapS4E_D00 pf=/usr/sap/S4E/SYS/profile/S4E_D00_SAPES4CIPA
s4eadm   27594 27566  0 May11 ?        00:00:37 dw.sapS4E_D00 pf=/usr/sap/S4E/SYS/profile/S4E_D00_SAPES4CIPA
s4eadm   27595 27566  0 May11 ?        00:00:54 dw.sapS4E_D00 pf=/usr/sap/S4E/SYS/profile/S4E_D00_SAPES4CIPA
s4eadm   27596 27566  0 May11 ?        00:01:09 dw.sapS4E_D00 pf=/usr/sap/S4E/SYS/profile/S4E_D00_SAPES4CIPA
s4eadm   27597 27566  0 May11 ?        00:01:33 dw.sapS4E_D00 pf=/usr/sap/S4E/SYS/profile/S4E_D00_SAPES4CIPA
s4eadm   27598 27566  0 May11 ?        00:02:50 dw.sapS4E_D00 pf=/usr/sap/S4E/SYS/profile/S4E_D00_SAPES4CIPA
s4eadm   27599 27566  0 May11 ?        00:02:35 dw.sapS4E_D00 pf=/usr/sap/S4E/SYS/profile/S4E_D00_SAPES4CIPA
s4eadm   27600 27566  0 May11 ?        00:01:57 dw.sapS4E_D00 pf=/usr/sap/S4E/SYS/profile/S4E_D00_SAPES4CIPA
s4eadm   27601 27566  0 May11 ?        00:01:37 dw.sapS4E_D00 pf=/usr/sap/S4E/SYS/profile/S4E_D00_SAPES4CIPA
s4eadm   27602 27566  0 May11 ?        00:03:00 dw.sapS4E_D00 pf=/usr/sap/S4E/SYS/profile/S4E_D00_SAPES4CIPA
s4eadm   27603 27566  0 May11 ?        00:02:42 dw.sapS4E_D00 pf=/usr/sap/S4E/SYS/profile/S4E_D00_SAPES4CIPA
s4eadm   27604 27566  0 May11 ?        00:00:02 dw.sapS4E_D00 pf=/usr/sap/S4E/SYS/profile/S4E_D00_SAPES4CIPA
s4eadm   27605 27566  0 May11 ?        00:00:02 dw.sapS4E_D00 pf=/usr/sap/S4E/SYS/profile/S4E_D00_SAPES4CIPA
s4eadm   27606 27566  0 May11 ?        00:00:02 dw.sapS4E_D00 pf=/usr/sap/S4E/SYS/profile/S4E_D00_SAPES4CIPA
s4eadm   27607 27566  0 May11 ?        00:00:02 dw.sapS4E_D00 pf=/usr/sap/S4E/SYS/profile/S4E_D00_SAPES4CIPA
s4eadm   27608 27566  0 May11 ?        00:00:02 dw.sapS4E_D00 pf=/usr/sap/S4E/SYS/profile/S4E_D00_SAPES4CIPA
s4eadm   27609 27566  0 May11 ?        00:00:07 dw.sapS4E_D00 pf=/usr/sap/S4E/SYS/profile/S4E_D00_SAPES4CIPA
s4eadm   27610 27566  0 May11 ?        00:00:02 dw.sapS4E_D00 pf=/usr/sap/S4E/SYS/profile/S4E_D00_SAPES4CIPA
s4eadm   27611 27566  0 May11 ?        00:00:03 dw.sapS4E_D00 pf=/usr/sap/S4E/SYS/profile/S4E_D00_SAPES4CIPA
s4eadm   27612 27566  0 May11 ?        00:00:33 dw.sapS4E_D00 pf=/usr/sap/S4E/SYS/profile/S4E_D00_SAPES4CIPA
s4eadm   27613 27566  0 May11 ?        00:00:02 dw.sapS4E_D00 pf=/usr/sap/S4E/SYS/profile/S4E_D00_SAPES4CIPA
s4eadm   27614 27566  0 May11 ?        00:05:05 dw.sapS4E_D00 pf=/usr/sap/S4E/SYS/profile/S4E_D00_SAPES4CIPA
s4eadm   27625 27566  0 May11 ?        00:00:04 dw.sapS4E_D00 pf=/usr/sap/S4E/SYS/profile/S4E_D00_SAPES4CIPA
s4eadm   27626 27566  0 May11 ?        00:00:02 dw.sapS4E_D00 pf=/usr/sap/S4E/SYS/profile/S4E_D00_SAPES4CIPA
root     27661     2  0 11:04 ?        00:00:00 [kworker/14:2-mm_percpu_wq]
root     28530     2  0 11:07 ?        00:00:00 [kworker/3:1-mm_percpu_wq]
root     28702     2  0 09:41 ?        00:00:00 [kworker/8:0-mm_percpu_wq]
root     31604     2  0 May11 ?        00:00:00 [kworker/15:2-mm_percpu_wq]
0

[31;43m***** Services; Chkconfig status; CPU/MEM/ *****[0m
amazon-ssm-agent.service               loaded active     running       amazon-ssm-agent                                                             
apparmor.service                       loaded failed     failed        Load AppArmor profiles                                                       
auditd.service                         loaded active     running       Security Auditing Service                                                    
aws-dataprovider.service               loaded active     running       AWS Data Provider for SAP                                                    
chronyd.service                        loaded active     running       NTP client/server                                                            
cloud-config.service                   loaded active     exited        Apply the settings specified in cloud-config                                 
cloud-final.service                    loaded active     exited        Execute cloud user/final scripts                                             
cloud-init-local.service               loaded active     exited        Initial cloud-init job (pre-networking)                                      
cloud-init.service                     loaded active     exited        Initial cloud-init job (metadata service crawler)                            
cloud-netconfig.service                loaded activating start   start Update cloud-netconfig Setup                                                 
cron.service                           loaded active     running       Command Scheduler                                                            
dbus.service                           loaded active     running       D-Bus System Message Bus                                                     
detect-part-label-duplicates.service   loaded active     exited        Detect if the system suffers from bsc#1089761                                
dracut-shutdown.service                loaded active     exited        Restore /run/initramfs on shutdown                                           
ds_agent.service                       loaded active     running       Trend Micro Deep Security Agent                                              
getty@tty1.service                     loaded active     running       Getty on tty1                                                                
haveged.service                        loaded active     running       Entropy Daemon based on the HAVEGE algorithm                                 
irqbalance.service                     loaded active     running       irqbalance daemon                                                            
iscsi.service                          loaded active     exited        Login and scanning of iSCSI devices                                          
jexec.service                          loaded active     exited        LSB: Supports the direct execution of binary formats.                        
kbdsettings.service                    loaded active     exited        Apply settings from /etc/sysconfig/keyboard                                  
klog.service                           loaded active     exited        Early Kernel Boot Messages                                                   
kmod-static-nodes.service              loaded active     exited        Create list of required static device nodes for the current kernel           
lvm2-monitor.service                   loaded active     exited        Monitoring of LVM2 mirrors, snapshots etc. using dmeventd or progress polling
lvm2-pvscan@259:1.service              loaded active     exited        LVM event activation on device 259:1                                         
lvm2-pvscan@259:10.service             loaded active     exited        LVM event activation on device 259:10                                        
lvm2-pvscan@259:12.service             loaded active     exited        LVM event activation on device 259:12                                        
lvm2-pvscan@259:13.service             loaded active     exited        LVM event activation on device 259:13                                        
lvm2-pvscan@259:4.service              loaded active     exited        LVM event activation on device 259:4                                         
lvm2-pvscan@259:5.service              loaded active     exited        LVM event activation on device 259:5                                         
lvm2-pvscan@259:8.service              loaded active     exited        LVM event activation on device 259:8                                         
lvm2-pvscan@259:9.service              loaded active     exited        LVM event activation on device 259:9                                         
nscd.service                           loaded active     running       Name Service Cache Daemon                                                    
rsyslog.service                        loaded active     running       System Logging Service                                                       
salt-minion.service                    loaded active     running       The Salt Minion                                                              
sapinit.service                        loaded active     exited        LSB: Start the sapstartsrv                                                   
saptune.service                        loaded active     exited        Optimise system for running SAP workloads                                    
serial-getty@ttyS0.service             loaded active     running       Serial Getty on ttyS0                                                        
splunk.service                         loaded active     running       SYSV: Splunk indexer service                                                 
sshd.service                           loaded active     running       OpenSSH Daemon                                                               
sssd.service                           loaded active     running       System Security Services Daemon                                              
sysstat.service                        loaded active     exited        Write information about system start to sysstat log                          
systemd-journal-catalog-update.service loaded active     exited        Rebuild Journal Catalog                                                      
systemd-journal-flush.service          loaded active     exited        Flush Journal to Persistent Storage                                          
systemd-journald.service               loaded active     running       Journal Service                                                              
systemd-logind.service                 loaded active     running       Login Service                                                                
systemd-modules-load.service           loaded active     exited        Load Kernel Modules                                                          
systemd-random-seed.service            loaded active     exited        Load/Save Random Seed                                                        
systemd-remount-fs.service             loaded active     exited        Remount Root and Kernel File Systems                                         
systemd-sysctl.service                 loaded active     exited        Apply Kernel Variables                                                       
systemd-tmpfiles-setup-dev.service     loaded active     exited        Create Static Device Nodes in /dev                                           
systemd-tmpfiles-setup.service         loaded active     exited        Create Volatile Files and Directories                                        
systemd-udev-settle.service            loaded active     exited        udev Wait for Complete Device Initialization                                 
systemd-udev-trigger.service           loaded active     exited        udev Coldplug all Devices                                                    
systemd-udevd.service                  loaded active     running       udev Kernel Device Manager                                                   
systemd-update-done.service            loaded active     exited        Update is Completed                                                          
systemd-update-utmp.service            loaded active     exited        Update UTMP about System Boot/Shutdown                                       
systemd-user-sessions.service          loaded active     exited        Permit User Sessions                                                         
systemd-vconsole-setup.service         loaded failed     failed        Setup Virtual Console                                                        
user-runtime-dir@1725056287.service    loaded active     exited        User Runtime Directory /run/user/1725056287                                  
user-runtime-dir@1725056573.service    loaded active     exited        User Runtime Directory /run/user/1725056573                                  
user-runtime-dir@2000.service          loaded active     exited        User Runtime Directory /run/user/2000                                        
user-runtime-dir@4000.service          loaded active     exited        User Runtime Directory /run/user/4000                                        
user@1725056287.service                loaded active     running       User Manager for UID 1725056287                                              
user@1725056573.service                loaded active     running       User Manager for UID 1725056573                                              
user@2000.service                      loaded failed     failed        User Manager for UID 2000                                                    
user@4000.service                      loaded active     running       User Manager for UID 4000                                                    
uuidd.service                          loaded active     running       Daemon for generating UUIDs                                                  
wicked.service                         loaded active     exited        wicked managed network interfaces                                            
wickedd-auto4.service                  loaded active     running       wicked AutoIPv4 supplicant service                                           
wickedd-dhcp4.service                  loaded active     running       wicked DHCPv4 supplicant service                                             
wickedd-dhcp6.service                  loaded active     running       wicked DHCPv6 supplicant service                                             
wickedd-nanny.service                  loaded active     running       wicked network nanny service                                                 
wickedd.service                        loaded active     running       wicked network management service daemon                                     
jexec                     0:off  1:on   2:on   3:on   4:on   5:on   6:off
sapinit                   0:off  1:off  2:off  3:on   4:off  5:on   6:off
splunk                    0:off  1:off  2:on   3:on   4:off  5:on   6:off
processor	: 0
vendor_id	: GenuineIntel
cpu family	: 6
model		: 85
model name	: Intel(R) Xeon(R) Platinum 8275CL CPU @ 3.00GHz
stepping	: 7
microcode	: 0x500320a
cpu MHz		: 3600.165
cache size	: 36608 KB
physical id	: 0
siblings	: 16
core id		: 0
cpu cores	: 8
apicid		: 0
initial apicid	: 0
fpu		: yes
fpu_exception	: yes
cpuid level	: 13
wp		: yes
flags		: fpu vme de pse tsc msr pae mce cx8 apic sep mtrr pge mca cmov pat pse36 clflush mmx fxsr sse sse2 ss ht syscall nx pdpe1gb rdtscp lm constant_tsc rep_good nopl xtopology nonstop_tsc cpuid aperfmperf tsc_known_freq pni pclmulqdq ssse3 fma cx16 pcid sse4_1 sse4_2 x2apic movbe popcnt tsc_deadline_timer aes xsave avx f16c rdrand hypervisor lahf_lm abm 3dnowprefetch invpcid_single pti fsgsbase tsc_adjust bmi1 avx2 smep bmi2 erms invpcid mpx avx512f avx512dq rdseed adx smap clflushopt clwb avx512cd avx512bw avx512vl xsaveopt xsavec xgetbv1 xsaves ida arat pku ospke
bugs		: cpu_meltdown spectre_v1 spectre_v2 spec_store_bypass l1tf mds swapgs itlb_multihit
bogomips	: 5999.99
clflush size	: 64
cache_alignment	: 64
address sizes	: 46 bits physical, 48 bits virtual
power management:

processor	: 1
vendor_id	: GenuineIntel
cpu family	: 6
model		: 85
model name	: Intel(R) Xeon(R) Platinum 8275CL CPU @ 3.00GHz
stepping	: 7
microcode	: 0x500320a
cpu MHz		: 3600.112
cache size	: 36608 KB
physical id	: 0
siblings	: 16
core id		: 1
cpu cores	: 8
apicid		: 2
initial apicid	: 2
fpu		: yes
fpu_exception	: yes
cpuid level	: 13
wp		: yes
flags		: fpu vme de pse tsc msr pae mce cx8 apic sep mtrr pge mca cmov pat pse36 clflush mmx fxsr sse sse2 ss ht syscall nx pdpe1gb rdtscp lm constant_tsc rep_good nopl xtopology nonstop_tsc cpuid aperfmperf tsc_known_freq pni pclmulqdq ssse3 fma cx16 pcid sse4_1 sse4_2 x2apic movbe popcnt tsc_deadline_timer aes xsave avx f16c rdrand hypervisor lahf_lm abm 3dnowprefetch invpcid_single pti fsgsbase tsc_adjust bmi1 avx2 smep bmi2 erms invpcid mpx avx512f avx512dq rdseed adx smap clflushopt clwb avx512cd avx512bw avx512vl xsaveopt xsavec xgetbv1 xsaves ida arat pku ospke
bugs		: cpu_meltdown spectre_v1 spectre_v2 spec_store_bypass l1tf mds swapgs itlb_multihit
bogomips	: 5999.99
clflush size	: 64
cache_alignment	: 64
address sizes	: 46 bits physical, 48 bits virtual
power management:

processor	: 2
vendor_id	: GenuineIntel
cpu family	: 6
model		: 85
model name	: Intel(R) Xeon(R) Platinum 8275CL CPU @ 3.00GHz
stepping	: 7
microcode	: 0x500320a
cpu MHz		: 3600.427
cache size	: 36608 KB
physical id	: 0
siblings	: 16
core id		: 2
cpu cores	: 8
apicid		: 4
initial apicid	: 4
fpu		: yes
fpu_exception	: yes
cpuid level	: 13
wp		: yes
flags		: fpu vme de pse tsc msr pae mce cx8 apic sep mtrr pge mca cmov pat pse36 clflush mmx fxsr sse sse2 ss ht syscall nx pdpe1gb rdtscp lm constant_tsc rep_good nopl xtopology nonstop_tsc cpuid aperfmperf tsc_known_freq pni pclmulqdq ssse3 fma cx16 pcid sse4_1 sse4_2 x2apic movbe popcnt tsc_deadline_timer aes xsave avx f16c rdrand hypervisor lahf_lm abm 3dnowprefetch invpcid_single pti fsgsbase tsc_adjust bmi1 avx2 smep bmi2 erms invpcid mpx avx512f avx512dq rdseed adx smap clflushopt clwb avx512cd avx512bw avx512vl xsaveopt xsavec xgetbv1 xsaves ida arat pku ospke
bugs		: cpu_meltdown spectre_v1 spectre_v2 spec_store_bypass l1tf mds swapgs itlb_multihit
bogomips	: 5999.99
clflush size	: 64
cache_alignment	: 64
address sizes	: 46 bits physical, 48 bits virtual
power management:

processor	: 3
vendor_id	: GenuineIntel
cpu family	: 6
model		: 85
model name	: Intel(R) Xeon(R) Platinum 8275CL CPU @ 3.00GHz
stepping	: 7
microcode	: 0x500320a
cpu MHz		: 3600.364
cache size	: 36608 KB
physical id	: 0
siblings	: 16
core id		: 3
cpu cores	: 8
apicid		: 6
initial apicid	: 6
fpu		: yes
fpu_exception	: yes
cpuid level	: 13
wp		: yes
flags		: fpu vme de pse tsc msr pae mce cx8 apic sep mtrr pge mca cmov pat pse36 clflush mmx fxsr sse sse2 ss ht syscall nx pdpe1gb rdtscp lm constant_tsc rep_good nopl xtopology nonstop_tsc cpuid aperfmperf tsc_known_freq pni pclmulqdq ssse3 fma cx16 pcid sse4_1 sse4_2 x2apic movbe popcnt tsc_deadline_timer aes xsave avx f16c rdrand hypervisor lahf_lm abm 3dnowprefetch invpcid_single pti fsgsbase tsc_adjust bmi1 avx2 smep bmi2 erms invpcid mpx avx512f avx512dq rdseed adx smap clflushopt clwb avx512cd avx512bw avx512vl xsaveopt xsavec xgetbv1 xsaves ida arat pku ospke
bugs		: cpu_meltdown spectre_v1 spectre_v2 spec_store_bypass l1tf mds swapgs itlb_multihit
bogomips	: 5999.99
clflush size	: 64
cache_alignment	: 64
address sizes	: 46 bits physical, 48 bits virtual
power management:

processor	: 4
vendor_id	: GenuineIntel
cpu family	: 6
model		: 85
model name	: Intel(R) Xeon(R) Platinum 8275CL CPU @ 3.00GHz
stepping	: 7
microcode	: 0x500320a
cpu MHz		: 3602.108
cache size	: 36608 KB
physical id	: 0
siblings	: 16
core id		: 4
cpu cores	: 8
apicid		: 8
initial apicid	: 8
fpu		: yes
fpu_exception	: yes
cpuid level	: 13
wp		: yes
flags		: fpu vme de pse tsc msr pae mce cx8 apic sep mtrr pge mca cmov pat pse36 clflush mmx fxsr sse sse2 ss ht syscall nx pdpe1gb rdtscp lm constant_tsc rep_good nopl xtopology nonstop_tsc cpuid aperfmperf tsc_known_freq pni pclmulqdq ssse3 fma cx16 pcid sse4_1 sse4_2 x2apic movbe popcnt tsc_deadline_timer aes xsave avx f16c rdrand hypervisor lahf_lm abm 3dnowprefetch invpcid_single pti fsgsbase tsc_adjust bmi1 avx2 smep bmi2 erms invpcid mpx avx512f avx512dq rdseed adx smap clflushopt clwb avx512cd avx512bw avx512vl xsaveopt xsavec xgetbv1 xsaves ida arat pku ospke
bugs		: cpu_meltdown spectre_v1 spectre_v2 spec_store_bypass l1tf mds swapgs itlb_multihit
bogomips	: 5999.99
clflush size	: 64
cache_alignment	: 64
address sizes	: 46 bits physical, 48 bits virtual
power management:

processor	: 5
vendor_id	: GenuineIntel
cpu family	: 6
model		: 85
model name	: Intel(R) Xeon(R) Platinum 8275CL CPU @ 3.00GHz
stepping	: 7
microcode	: 0x500320a
cpu MHz		: 3600.232
cache size	: 36608 KB
physical id	: 0
siblings	: 16
core id		: 5
cpu cores	: 8
apicid		: 10
initial apicid	: 10
fpu		: yes
fpu_exception	: yes
cpuid level	: 13
wp		: yes
flags		: fpu vme de pse tsc msr pae mce cx8 apic sep mtrr pge mca cmov pat pse36 clflush mmx fxsr sse sse2 ss ht syscall nx pdpe1gb rdtscp lm constant_tsc rep_good nopl xtopology nonstop_tsc cpuid aperfmperf tsc_known_freq pni pclmulqdq ssse3 fma cx16 pcid sse4_1 sse4_2 x2apic movbe popcnt tsc_deadline_timer aes xsave avx f16c rdrand hypervisor lahf_lm abm 3dnowprefetch invpcid_single pti fsgsbase tsc_adjust bmi1 avx2 smep bmi2 erms invpcid mpx avx512f avx512dq rdseed adx smap clflushopt clwb avx512cd avx512bw avx512vl xsaveopt xsavec xgetbv1 xsaves ida arat pku ospke
bugs		: cpu_meltdown spectre_v1 spectre_v2 spec_store_bypass l1tf mds swapgs itlb_multihit
bogomips	: 5999.99
clflush size	: 64
cache_alignment	: 64
address sizes	: 46 bits physical, 48 bits virtual
power management:

processor	: 6
vendor_id	: GenuineIntel
cpu family	: 6
model		: 85
model name	: Intel(R) Xeon(R) Platinum 8275CL CPU @ 3.00GHz
stepping	: 7
microcode	: 0x500320a
cpu MHz		: 3601.566
cache size	: 36608 KB
physical id	: 0
siblings	: 16
core id		: 6
cpu cores	: 8
apicid		: 12
initial apicid	: 12
fpu		: yes
fpu_exception	: yes
cpuid level	: 13
wp		: yes
flags		: fpu vme de pse tsc msr pae mce cx8 apic sep mtrr pge mca cmov pat pse36 clflush mmx fxsr sse sse2 ss ht syscall nx pdpe1gb rdtscp lm constant_tsc rep_good nopl xtopology nonstop_tsc cpuid aperfmperf tsc_known_freq pni pclmulqdq ssse3 fma cx16 pcid sse4_1 sse4_2 x2apic movbe popcnt tsc_deadline_timer aes xsave avx f16c rdrand hypervisor lahf_lm abm 3dnowprefetch invpcid_single pti fsgsbase tsc_adjust bmi1 avx2 smep bmi2 erms invpcid mpx avx512f avx512dq rdseed adx smap clflushopt clwb avx512cd avx512bw avx512vl xsaveopt xsavec xgetbv1 xsaves ida arat pku ospke
bugs		: cpu_meltdown spectre_v1 spectre_v2 spec_store_bypass l1tf mds swapgs itlb_multihit
bogomips	: 5999.99
clflush size	: 64
cache_alignment	: 64
address sizes	: 46 bits physical, 48 bits virtual
power management:

processor	: 7
vendor_id	: GenuineIntel
cpu family	: 6
model		: 85
model name	: Intel(R) Xeon(R) Platinum 8275CL CPU @ 3.00GHz
stepping	: 7
microcode	: 0x500320a
cpu MHz		: 3599.568
cache size	: 36608 KB
physical id	: 0
siblings	: 16
core id		: 7
cpu cores	: 8
apicid		: 14
initial apicid	: 14
fpu		: yes
fpu_exception	: yes
cpuid level	: 13
wp		: yes
flags		: fpu vme de pse tsc msr pae mce cx8 apic sep mtrr pge mca cmov pat pse36 clflush mmx fxsr sse sse2 ss ht syscall nx pdpe1gb rdtscp lm constant_tsc rep_good nopl xtopology nonstop_tsc cpuid aperfmperf tsc_known_freq pni pclmulqdq ssse3 fma cx16 pcid sse4_1 sse4_2 x2apic movbe popcnt tsc_deadline_timer aes xsave avx f16c rdrand hypervisor lahf_lm abm 3dnowprefetch invpcid_single pti fsgsbase tsc_adjust bmi1 avx2 smep bmi2 erms invpcid mpx avx512f avx512dq rdseed adx smap clflushopt clwb avx512cd avx512bw avx512vl xsaveopt xsavec xgetbv1 xsaves ida arat pku ospke
bugs		: cpu_meltdown spectre_v1 spectre_v2 spec_store_bypass l1tf mds swapgs itlb_multihit
bogomips	: 5999.99
clflush size	: 64
cache_alignment	: 64
address sizes	: 46 bits physical, 48 bits virtual
power management:

processor	: 8
vendor_id	: GenuineIntel
cpu family	: 6
model		: 85
model name	: Intel(R) Xeon(R) Platinum 8275CL CPU @ 3.00GHz
stepping	: 7
microcode	: 0x500320a
cpu MHz		: 3609.189
cache size	: 36608 KB
physical id	: 0
siblings	: 16
core id		: 0
cpu cores	: 8
apicid		: 1
initial apicid	: 1
fpu		: yes
fpu_exception	: yes
cpuid level	: 13
wp		: yes
flags		: fpu vme de pse tsc msr pae mce cx8 apic sep mtrr pge mca cmov pat pse36 clflush mmx fxsr sse sse2 ss ht syscall nx pdpe1gb rdtscp lm constant_tsc rep_good nopl xtopology nonstop_tsc cpuid aperfmperf tsc_known_freq pni pclmulqdq ssse3 fma cx16 pcid sse4_1 sse4_2 x2apic movbe popcnt tsc_deadline_timer aes xsave avx f16c rdrand hypervisor lahf_lm abm 3dnowprefetch invpcid_single pti fsgsbase tsc_adjust bmi1 avx2 smep bmi2 erms invpcid mpx avx512f avx512dq rdseed adx smap clflushopt clwb avx512cd avx512bw avx512vl xsaveopt xsavec xgetbv1 xsaves ida arat pku ospke
bugs		: cpu_meltdown spectre_v1 spectre_v2 spec_store_bypass l1tf mds swapgs itlb_multihit
bogomips	: 5999.99
clflush size	: 64
cache_alignment	: 64
address sizes	: 46 bits physical, 48 bits virtual
power management:

processor	: 9
vendor_id	: GenuineIntel
cpu family	: 6
model		: 85
model name	: Intel(R) Xeon(R) Platinum 8275CL CPU @ 3.00GHz
stepping	: 7
microcode	: 0x500320a
cpu MHz		: 3602.391
cache size	: 36608 KB
physical id	: 0
siblings	: 16
core id		: 1
cpu cores	: 8
apicid		: 3
initial apicid	: 3
fpu		: yes
fpu_exception	: yes
cpuid level	: 13
wp		: yes
flags		: fpu vme de pse tsc msr pae mce cx8 apic sep mtrr pge mca cmov pat pse36 clflush mmx fxsr sse sse2 ss ht syscall nx pdpe1gb rdtscp lm constant_tsc rep_good nopl xtopology nonstop_tsc cpuid aperfmperf tsc_known_freq pni pclmulqdq ssse3 fma cx16 pcid sse4_1 sse4_2 x2apic movbe popcnt tsc_deadline_timer aes xsave avx f16c rdrand hypervisor lahf_lm abm 3dnowprefetch invpcid_single pti fsgsbase tsc_adjust bmi1 avx2 smep bmi2 erms invpcid mpx avx512f avx512dq rdseed adx smap clflushopt clwb avx512cd avx512bw avx512vl xsaveopt xsavec xgetbv1 xsaves ida arat pku ospke
bugs		: cpu_meltdown spectre_v1 spectre_v2 spec_store_bypass l1tf mds swapgs itlb_multihit
bogomips	: 5999.99
clflush size	: 64
cache_alignment	: 64
address sizes	: 46 bits physical, 48 bits virtual
power management:

processor	: 10
vendor_id	: GenuineIntel
cpu family	: 6
model		: 85
model name	: Intel(R) Xeon(R) Platinum 8275CL CPU @ 3.00GHz
stepping	: 7
microcode	: 0x500320a
cpu MHz		: 3599.363
cache size	: 36608 KB
physical id	: 0
siblings	: 16
core id		: 2
cpu cores	: 8
apicid		: 5
initial apicid	: 5
fpu		: yes
fpu_exception	: yes
cpuid level	: 13
wp		: yes
flags		: fpu vme de pse tsc msr pae mce cx8 apic sep mtrr pge mca cmov pat pse36 clflush mmx fxsr sse sse2 ss ht syscall nx pdpe1gb rdtscp lm constant_tsc rep_good nopl xtopology nonstop_tsc cpuid aperfmperf tsc_known_freq pni pclmulqdq ssse3 fma cx16 pcid sse4_1 sse4_2 x2apic movbe popcnt tsc_deadline_timer aes xsave avx f16c rdrand hypervisor lahf_lm abm 3dnowprefetch invpcid_single pti fsgsbase tsc_adjust bmi1 avx2 smep bmi2 erms invpcid mpx avx512f avx512dq rdseed adx smap clflushopt clwb avx512cd avx512bw avx512vl xsaveopt xsavec xgetbv1 xsaves ida arat pku ospke
bugs		: cpu_meltdown spectre_v1 spectre_v2 spec_store_bypass l1tf mds swapgs itlb_multihit
bogomips	: 5999.99
clflush size	: 64
cache_alignment	: 64
address sizes	: 46 bits physical, 48 bits virtual
power management:

processor	: 11
vendor_id	: GenuineIntel
cpu family	: 6
model		: 85
model name	: Intel(R) Xeon(R) Platinum 8275CL CPU @ 3.00GHz
stepping	: 7
microcode	: 0x500320a
cpu MHz		: 3601.933
cache size	: 36608 KB
physical id	: 0
siblings	: 16
core id		: 3
cpu cores	: 8
apicid		: 7
initial apicid	: 7
fpu		: yes
fpu_exception	: yes
cpuid level	: 13
wp		: yes
flags		: fpu vme de pse tsc msr pae mce cx8 apic sep mtrr pge mca cmov pat pse36 clflush mmx fxsr sse sse2 ss ht syscall nx pdpe1gb rdtscp lm constant_tsc rep_good nopl xtopology nonstop_tsc cpuid aperfmperf tsc_known_freq pni pclmulqdq ssse3 fma cx16 pcid sse4_1 sse4_2 x2apic movbe popcnt tsc_deadline_timer aes xsave avx f16c rdrand hypervisor lahf_lm abm 3dnowprefetch invpcid_single pti fsgsbase tsc_adjust bmi1 avx2 smep bmi2 erms invpcid mpx avx512f avx512dq rdseed adx smap clflushopt clwb avx512cd avx512bw avx512vl xsaveopt xsavec xgetbv1 xsaves ida arat pku ospke
bugs		: cpu_meltdown spectre_v1 spectre_v2 spec_store_bypass l1tf mds swapgs itlb_multihit
bogomips	: 5999.99
clflush size	: 64
cache_alignment	: 64
address sizes	: 46 bits physical, 48 bits virtual
power management:

processor	: 12
vendor_id	: GenuineIntel
cpu family	: 6
model		: 85
model name	: Intel(R) Xeon(R) Platinum 8275CL CPU @ 3.00GHz
stepping	: 7
microcode	: 0x500320a
cpu MHz		: 3599.980
cache size	: 36608 KB
physical id	: 0
siblings	: 16
core id		: 4
cpu cores	: 8
apicid		: 9
initial apicid	: 9
fpu		: yes
fpu_exception	: yes
cpuid level	: 13
wp		: yes
flags		: fpu vme de pse tsc msr pae mce cx8 apic sep mtrr pge mca cmov pat pse36 clflush mmx fxsr sse sse2 ss ht syscall nx pdpe1gb rdtscp lm constant_tsc rep_good nopl xtopology nonstop_tsc cpuid aperfmperf tsc_known_freq pni pclmulqdq ssse3 fma cx16 pcid sse4_1 sse4_2 x2apic movbe popcnt tsc_deadline_timer aes xsave avx f16c rdrand hypervisor lahf_lm abm 3dnowprefetch invpcid_single pti fsgsbase tsc_adjust bmi1 avx2 smep bmi2 erms invpcid mpx avx512f avx512dq rdseed adx smap clflushopt clwb avx512cd avx512bw avx512vl xsaveopt xsavec xgetbv1 xsaves ida arat pku ospke
bugs		: cpu_meltdown spectre_v1 spectre_v2 spec_store_bypass l1tf mds swapgs itlb_multihit
bogomips	: 5999.99
clflush size	: 64
cache_alignment	: 64
address sizes	: 46 bits physical, 48 bits virtual
power management:

processor	: 13
vendor_id	: GenuineIntel
cpu family	: 6
model		: 85
model name	: Intel(R) Xeon(R) Platinum 8275CL CPU @ 3.00GHz
stepping	: 7
microcode	: 0x500320a
cpu MHz		: 3582.537
cache size	: 36608 KB
physical id	: 0
siblings	: 16
core id		: 5
cpu cores	: 8
apicid		: 11
initial apicid	: 11
fpu		: yes
fpu_exception	: yes
cpuid level	: 13
wp		: yes
flags		: fpu vme de pse tsc msr pae mce cx8 apic sep mtrr pge mca cmov pat pse36 clflush mmx fxsr sse sse2 ss ht syscall nx pdpe1gb rdtscp lm constant_tsc rep_good nopl xtopology nonstop_tsc cpuid aperfmperf tsc_known_freq pni pclmulqdq ssse3 fma cx16 pcid sse4_1 sse4_2 x2apic movbe popcnt tsc_deadline_timer aes xsave avx f16c rdrand hypervisor lahf_lm abm 3dnowprefetch invpcid_single pti fsgsbase tsc_adjust bmi1 avx2 smep bmi2 erms invpcid mpx avx512f avx512dq rdseed adx smap clflushopt clwb avx512cd avx512bw avx512vl xsaveopt xsavec xgetbv1 xsaves ida arat pku ospke
bugs		: cpu_meltdown spectre_v1 spectre_v2 spec_store_bypass l1tf mds swapgs itlb_multihit
bogomips	: 5999.99
clflush size	: 64
cache_alignment	: 64
address sizes	: 46 bits physical, 48 bits virtual
power management:

processor	: 14
vendor_id	: GenuineIntel
cpu family	: 6
model		: 85
model name	: Intel(R) Xeon(R) Platinum 8275CL CPU @ 3.00GHz
stepping	: 7
microcode	: 0x500320a
cpu MHz		: 3602.085
cache size	: 36608 KB
physical id	: 0
siblings	: 16
core id		: 6
cpu cores	: 8
apicid		: 13
initial apicid	: 13
fpu		: yes
fpu_exception	: yes
cpuid level	: 13
wp		: yes
flags		: fpu vme de pse tsc msr pae mce cx8 apic sep mtrr pge mca cmov pat pse36 clflush mmx fxsr sse sse2 ss ht syscall nx pdpe1gb rdtscp lm constant_tsc rep_good nopl xtopology nonstop_tsc cpuid aperfmperf tsc_known_freq pni pclmulqdq ssse3 fma cx16 pcid sse4_1 sse4_2 x2apic movbe popcnt tsc_deadline_timer aes xsave avx f16c rdrand hypervisor lahf_lm abm 3dnowprefetch invpcid_single pti fsgsbase tsc_adjust bmi1 avx2 smep bmi2 erms invpcid mpx avx512f avx512dq rdseed adx smap clflushopt clwb avx512cd avx512bw avx512vl xsaveopt xsavec xgetbv1 xsaves ida arat pku ospke
bugs		: cpu_meltdown spectre_v1 spectre_v2 spec_store_bypass l1tf mds swapgs itlb_multihit
bogomips	: 5999.99
clflush size	: 64
cache_alignment	: 64
address sizes	: 46 bits physical, 48 bits virtual
power management:

processor	: 15
vendor_id	: GenuineIntel
cpu family	: 6
model		: 85
model name	: Intel(R) Xeon(R) Platinum 8275CL CPU @ 3.00GHz
stepping	: 7
microcode	: 0x500320a
cpu MHz		: 3629.950
cache size	: 36608 KB
physical id	: 0
siblings	: 16
core id		: 7
cpu cores	: 8
apicid		: 15
initial apicid	: 15
fpu		: yes
fpu_exception	: yes
cpuid level	: 13
wp		: yes
flags		: fpu vme de pse tsc msr pae mce cx8 apic sep mtrr pge mca cmov pat pse36 clflush mmx fxsr sse sse2 ss ht syscall nx pdpe1gb rdtscp lm constant_tsc rep_good nopl xtopology nonstop_tsc cpuid aperfmperf tsc_known_freq pni pclmulqdq ssse3 fma cx16 pcid sse4_1 sse4_2 x2apic movbe popcnt tsc_deadline_timer aes xsave avx f16c rdrand hypervisor lahf_lm abm 3dnowprefetch invpcid_single pti fsgsbase tsc_adjust bmi1 avx2 smep bmi2 erms invpcid mpx avx512f avx512dq rdseed adx smap clflushopt clwb avx512cd avx512bw avx512vl xsaveopt xsavec xgetbv1 xsaves ida arat pku ospke
bugs		: cpu_meltdown spectre_v1 spectre_v2 spec_store_bypass l1tf mds swapgs itlb_multihit
bogomips	: 5999.99
clflush size	: 64
cache_alignment	: 64
address sizes	: 46 bits physical, 48 bits virtual
power management:

MemTotal:       32056748 kB
MemFree:         8237312 kB
MemAvailable:   14909992 kB
Buffers:             120 kB
Cached:         14999872 kB
SwapCached:        45380 kB
Active:         10532936 kB
Inactive:       12479860 kB
Active(anon):    8057724 kB
Inactive(anon):  7991516 kB
Active(file):    2475212 kB
Inactive(file):  4488344 kB
Unevictable:          80 kB
Mlocked:              80 kB
SwapTotal:      67107836 kB
SwapFree:       66733052 kB
Dirty:              1052 kB
Writeback:             0 kB
AnonPages:       7911756 kB
Mapped:          8442364 kB
Shmem:           8036436 kB
KReclaimable:     138772 kB
Slab:             272404 kB
SReclaimable:     138772 kB
SUnreclaim:       133632 kB
KernelStack:       13096 kB
PageTables:       286328 kB
NFS_Unstable:          0 kB
Bounce:                0 kB
WritebackTmp:          0 kB
CommitLimit:    83136208 kB
Committed_AS:   43444144 kB
VmallocTotal:   34359738367 kB
VmallocUsed:       72736 kB
VmallocChunk:          0 kB
Percpu:             5696 kB
HardwareCorrupted:     0 kB
AnonHugePages:   6553600 kB
ShmemHugePages:        0 kB
ShmemPmdMapped:        0 kB
HugePages_Total:       0
HugePages_Free:        0
HugePages_Rsvd:        0
HugePages_Surp:        0
Hugepagesize:       2048 kB
Hugetlb:               0 kB
DirectMap4k:      847780 kB
DirectMap2M:    28729344 kB
DirectMap1G:     4194304 kB
  --- Physical volume ---
  PV Name               /dev/nvme11n1
  VG Name               usr_sap_S4E
  PV Size               200.00 GiB / not usable 4.00 MiB
  Allocatable           yes (but full)
  PE Size               4.00 MiB
  Total PE              51199
  Free PE               0
  Allocated PE          51199
  PV UUID               EDxuvF-KmzA-cecw-ixND-9vUQ-1In4-cHZpwq
   
  --- Physical volume ---
  PV Name               /dev/nvme10n1
  VG Name               home
  PV Size               20.00 GiB / not usable 4.00 MiB
  Allocatable           yes (but full)
  PE Size               4.00 MiB
  Total PE              5119
  Free PE               0
  Allocated PE          5119
  PV UUID               pig3UV-Jedo-yWMq-HoAG-aoTj-dTOU-qua6zR
   
  --- Physical volume ---
  PV Name               /dev/nvme9n1
  VG Name               usr_sap
  PV Size               149.00 GiB / not usable 4.00 MiB
  Allocatable           yes (but full)
  PE Size               4.00 MiB
  Total PE              38143
  Free PE               0
  Allocated PE          38143
  PV UUID               9YXYTD-5b6j-EK86-LmUH-IpvH-gRK9-cnoBsF
   
  --- Physical volume ---
  PV Name               /dev/nvme6n1
  VG Name               var_tmp
  PV Size               20.00 GiB / not usable 4.00 MiB
  Allocatable           yes (but full)
  PE Size               4.00 MiB
  Total PE              5119
  Free PE               0
  Allocated PE          5119
  PV UUID               wAmJXj-FDD4-1hDY-0cXx-ttd6-kjwY-T43elR
   
  --- Physical volume ---
  PV Name               /dev/nvme4n1
  VG Name               var_log
  PV Size               20.00 GiB / not usable 4.00 MiB
  Allocatable           yes (but full)
  PE Size               4.00 MiB
  Total PE              5119
  Free PE               0
  Allocated PE          5119
  PV UUID               9GM9NA-Ws9B-4iub-gE73-3D9W-uEtf-XVvKaM
   
  --- Physical volume ---
  PV Name               /dev/nvme3n1
  VG Name               var_log_audit
  PV Size               20.00 GiB / not usable 4.00 MiB
  Allocatable           yes (but full)
  PE Size               4.00 MiB
  Total PE              5119
  Free PE               0
  Allocated PE          5119
  PV UUID               fFbILu-X1ae-47uY-0y6N-QiKX-tY7n-f12XjZ
   
  --- Physical volume ---
  PV Name               /dev/nvme2n1
  VG Name               var
  PV Size               20.00 GiB / not usable 4.00 MiB
  Allocatable           yes (but full)
  PE Size               4.00 MiB
  Total PE              5119
  Free PE               0
  Allocated PE          5119
  PV UUID               gNIe6Z-JkXz-8Q7i-dIvm-AUSd-B4dI-8ByQdU
   
  "/dev/nvme8n1" is a new physical volume of "150.00 GiB"
  --- NEW Physical volume ---
  PV Name               /dev/nvme8n1
  VG Name               
  PV Size               150.00 GiB
  Allocatable           NO
  PE Size               0   
  Total PE              0
  Free PE               0
  Allocated PE          0
  PV UUID               VJU4gz-c4zY-D2L4-Fod3-V1Hs-NnT9-q0pbWQ
   
  --- Volume group ---
  VG Name               usr_sap_S4E
  System ID             
  Format                lvm2
  Metadata Areas        1
  Metadata Sequence No  2
  VG Access             read/write
  VG Status             resizable
  MAX LV                0
  Cur LV                1
  Open LV               1
  Max PV                0
  Cur PV                1
  Act PV                1
  VG Size               200.00 GiB
  PE Size               4.00 MiB
  Total PE              51199
  Alloc PE / Size       51199 / 200.00 GiB
  Free  PE / Size       0 / 0   
  VG UUID               cPVj2c-d6Jy-YC4Q-ymtj-itu4-GYf3-BdM5aS
   
  --- Volume group ---
  VG Name               home
  System ID             
  Format                lvm2
  Metadata Areas        1
  Metadata Sequence No  2
  VG Access             read/write
  VG Status             resizable
  MAX LV                0
  Cur LV                1
  Open LV               1
  Max PV                0
  Cur PV                1
  Act PV                1
  VG Size               20.00 GiB
  PE Size               4.00 MiB
  Total PE              5119
  Alloc PE / Size       5119 / 20.00 GiB
  Free  PE / Size       0 / 0   
  VG UUID               YTrIbR-cquE-c3Cb-62Y2-UQ2T-0H3V-47rrag
   
  --- Volume group ---
  VG Name               usr_sap
  System ID             
  Format                lvm2
  Metadata Areas        1
  Metadata Sequence No  2
  VG Access             read/write
  VG Status             resizable
  MAX LV                0
  Cur LV                1
  Open LV               1
  Max PV                0
  Cur PV                1
  Act PV                1
  VG Size               149.00 GiB
  PE Size               4.00 MiB
  Total PE              38143
  Alloc PE / Size       38143 / 149.00 GiB
  Free  PE / Size       0 / 0   
  VG UUID               CdBd48-Bn7Q-uMIv-PX0l-suQ6-msMp-6NjMPh
   
  --- Volume group ---
  VG Name               var_tmp
  System ID             
  Format                lvm2
  Metadata Areas        1
  Metadata Sequence No  2
  VG Access             read/write
  VG Status             resizable
  MAX LV                0
  Cur LV                1
  Open LV               1
  Max PV                0
  Cur PV                1
  Act PV                1
  VG Size               20.00 GiB
  PE Size               4.00 MiB
  Total PE              5119
  Alloc PE / Size       5119 / 20.00 GiB
  Free  PE / Size       0 / 0   
  VG UUID               DY1r39-ALrk-5neb-k21V-I3Kv-PWIn-6KgY9v
   
  --- Volume group ---
  VG Name               var_log
  System ID             
  Format                lvm2
  Metadata Areas        1
  Metadata Sequence No  2
  VG Access             read/write
  VG Status             resizable
  MAX LV                0
  Cur LV                1
  Open LV               1
  Max PV                0
  Cur PV                1
  Act PV                1
  VG Size               20.00 GiB
  PE Size               4.00 MiB
  Total PE              5119
  Alloc PE / Size       5119 / 20.00 GiB
  Free  PE / Size       0 / 0   
  VG UUID               uomEf5-zL26-dGAw-E1CP-TW5e-BM02-s3JsQr
   
  --- Volume group ---
  VG Name               var_log_audit
  System ID             
  Format                lvm2
  Metadata Areas        1
  Metadata Sequence No  2
  VG Access             read/write
  VG Status             resizable
  MAX LV                0
  Cur LV                1
  Open LV               1
  Max PV                0
  Cur PV                1
  Act PV                1
  VG Size               20.00 GiB
  PE Size               4.00 MiB
  Total PE              5119
  Alloc PE / Size       5119 / 20.00 GiB
  Free  PE / Size       0 / 0   
  VG UUID               Vi7osb-o8S2-udqT-hxjH-L5O9-qNz5-kU30ic
   
  --- Volume group ---
  VG Name               var
  System ID             
  Format                lvm2
  Metadata Areas        1
  Metadata Sequence No  2
  VG Access             read/write
  VG Status             resizable
  MAX LV                0
  Cur LV                1
  Open LV               1
  Max PV                0
  Cur PV                1
  Act PV                1
  VG Size               20.00 GiB
  PE Size               4.00 MiB
  Total PE              5119
  Alloc PE / Size       5119 / 20.00 GiB
  Free  PE / Size       0 / 0   
  VG UUID               oheBOZ-KcXT-N2rl-wTig-dRG4-gQhB-I102Hn
   
  --- Logical volume ---
  LV Path                /dev/usr_sap_S4E/usr_sap_S4E
  LV Name                usr_sap_S4E
  VG Name                usr_sap_S4E
  LV UUID                53lolX-uuyw-9mDt-3jnp-yUWE-0FJP-wqcLyJ
  LV Write Access        read/write
  LV Creation host, time SAPES4CIPA, 2022-02-14 14:22:19 +0000
  LV Status              available
  # open                 1
  LV Size                200.00 GiB
  Current LE             51199
  Segments               1
  Allocation             inherit
  Read ahead sectors     auto
  - currently set to     1024
  Block device           254:4
   
  --- Logical volume ---
  LV Path                /dev/home/home
  LV Name                home
  VG Name                home
  LV UUID                CR8tUs-pTAr-aoj7-C2eP-7JJN-lROj-LwE2PR
  LV Write Access        read/write
  LV Creation host, time SAPXS4CIPA, 2022-01-31 11:31:59 +0000
  LV Status              available
  # open                 1
  LV Size                20.00 GiB
  Current LE             5119
  Segments               1
  Allocation             inherit
  Read ahead sectors     auto
  - currently set to     1024
  Block device           254:1
   
  --- Logical volume ---
  LV Path                /dev/usr_sap/usr_sap
  LV Name                usr_sap
  VG Name                usr_sap
  LV UUID                ANdd3t-mgeL-vc6E-GFI4-RFJs-6BPn-wS3vpt
  LV Write Access        read/write
  LV Creation host, time SAPES4CIPA, 2022-02-14 15:04:19 +0000
  LV Status              available
  # open                 1
  LV Size                149.00 GiB
  Current LE             38143
  Segments               1
  Allocation             inherit
  Read ahead sectors     auto
  - currently set to     1024
  Block device           254:5
   
  --- Logical volume ---
  LV Path                /dev/var_tmp/var_tmp
  LV Name                var_tmp
  VG Name                var_tmp
  LV UUID                vk8uvW-9KER-wNS6-arqT-59kj-2edF-emqBcg
  LV Write Access        read/write
  LV Creation host, time SAPXS4CIPA, 2022-01-31 11:44:13 +0000
  LV Status              available
  # open                 1
  LV Size                20.00 GiB
  Current LE             5119
  Segments               1
  Allocation             inherit
  Read ahead sectors     auto
  - currently set to     1024
  Block device           254:0
   
  --- Logical volume ---
  LV Path                /dev/var_log/var_log
  LV Name                var_log
  VG Name                var_log
  LV UUID                9LwSrp-M9uM-S2D1-5lpe-uMjF-RONi-Cf2teV
  LV Write Access        read/write
  LV Creation host, time SAPXS4CIPA, 2022-01-31 12:07:15 +0000
  LV Status              available
  # open                 1
  LV Size                20.00 GiB
  Current LE             5119
  Segments               1
  Allocation             inherit
  Read ahead sectors     auto
  - currently set to     1024
  Block device           254:6
   
  --- Logical volume ---
  LV Path                /dev/var_log_audit/var_log_audit
  LV Name                var_log_audit
  VG Name                var_log_audit
  LV UUID                h0eafH-iwFv-ppd0-OvTJ-3hgw-PVVA-RbQpqb
  LV Write Access        read/write
  LV Creation host, time SAPXS4CIPA, 2022-01-31 11:52:55 +0000
  LV Status              available
  # open                 1
  LV Size                20.00 GiB
  Current LE             5119
  Segments               1
  Allocation             inherit
  Read ahead sectors     auto
  - currently set to     1024
  Block device           254:3
   
  --- Logical volume ---
  LV Path                /dev/var/var
  LV Name                var
  VG Name                var
  LV UUID                3rdFak-rvWy-cGLw-oEfa-UiOG-Gf4S-k1VlGO
  LV Write Access        read/write
  LV Creation host, time SAPXS4CIPA, 2022-01-31 13:32:16 +0000
  LV Status              available
  # open                 1
  LV Size                20.00 GiB
  Current LE             5119
  Segments               1
  Allocation             inherit
  Read ahead sectors     auto
  - currently set to     1024
  Block device           254:2
   
              total        used        free      shared  buff/cache   available
Mem:          31305        8477        8043        7848       14783       14560
Swap:         65534         366       65168

[31;43m***** NTPD status *****[0m
● ntpd.service - NTP Server Daemon
   Loaded: loaded (/usr/lib/systemd/system/ntpd.service; disabled; vendor preset: disabled)
  Drop-In: /run/systemd/generator/ntpd.service.d
           └─50-insserv.conf-$time.conf
   Active: inactive (dead)
     Docs: man:ntpd(1)

******************************************
SAPES4CIPA
5.3.18-24.67-default
NAME="SLES"
VERSION="15-SP2"
VERSION_ID="15.2"
PRETTY_NAME="SUSE Linux Enterprise Server 15 SP2"
ID="sles"
ID_LIKE="suse"
ANSI_COLOR="0;32"
CPE_NAME="cpe:/o:suse:sles:15:sp2"
VARIANT_ID="sles-sap"
 12:00:29  up 10 days  3:17,  1 user,  load average: 0.39, 0.20, 0.11
################################################################################
## /etc/ntp.conf
##
## Sample NTP configuration file.
## See package 'ntp-doc' for documentation, Mini-HOWTO and FAQ.
## Copyright (c) 1998 S.u.S.E. GmbH Fuerth, Germany.
##
## Author: Michael Andres,  <ma@suse.de>
##         Michael Skibbe,  <mskibbe@suse.de>
##
################################################################################

##
## Radio and modem clocks by convention have addresses in the 
## form 127.127.t.u, where t is the clock type and u is a unit 
## number in the range 0-3. 
##
## Most of these clocks require support in the form of a 
## serial port or special bus peripheral. The particular  
## device is normally specified by adding a soft link 
## /dev/device-u to the particular hardware device involved, 
## where u correspond to the unit number above. 
## 
## Generic DCF77 clock on serial port (Conrad DCF77)
## Address:     127.127.8.u
## Serial Port: /dev/refclock-u
##  
## (create soft link /dev/refclock-0 to the particular ttyS?)
##
# server 127.127.8.0 mode 5 prefer

##
## Undisciplined Local Clock. This is a fake driver intended for backup
## and when no outside source of synchronized time is available.
##
# server 127.127.1.0		# local clock (LCL)
# fudge  127.127.1.0 stratum 10	# LCL is unsynchronized

##
## Add external Servers using
## # rcntpd addserver <yourserver>
## The servers will only be added to the currently running instance, not
## to /etc/ntp.conf.
##

# Access control configuration; see /usr/share/doc/packages/ntp/html/accopt.html for
# details.  The web page <http://support.ntp.org/bin/view/Support/AccessRestrictions>
# might also be helpful.
#
# Note that "restrict" applies to both servers and clients, so a configuration
# that might be intended to block requests from certain clients could also end
# up blocking replies from your own upstream servers.

# By default, exchange time with everybody, but don't allow configuration.
restrict -4 default notrap nomodify nopeer noquery
restrict -6 default notrap nomodify nopeer noquery

# Local users may interrogate the ntp server more closely.
restrict 127.0.0.1
restrict ::1

# Clients from this (example!) subnet have unlimited access, but only if
# cryptographically authenticated.
#restrict 192.168.123.0 mask 255.255.255.0 notrust

##
## Miscellaneous stuff
##

driftfile /var/lib/ntp/drift/ntp.drift # path for drift file

logfile   /var/log/ntp		# alternate log file
# logconfig =syncstatus + sysevents
# logconfig =all

# statsdir /var/log/ntpstats/		# directory for statistics files
# filegen peerstats  file peerstats  type day enable
# filegen loopstats  file loopstats  type day enable
# filegen clockstats file clockstats type day enable

#
# Authentication stuff
#
keys /etc/ntp.keys		# path for keys file
trustedkey 1 # define trusted keys
requestkey 1			# key (7) for accessing server variables
controlkey 1			# key (6) for accessing server variables

server 172.30.144.243 ibrust
server 172.30.144.244 ibrust
aaa_base-84.87+git20180409.04c9dae-3.52.1.x86_64 Fri Apr 22 13:54:50 2022
python3-pip-20.0.2-6.15.1.noarch              Fri Apr 22 13:54:47 2022
python3-dbm-3.6.15-3.91.4.x86_64              Fri Apr 22 13:54:47 2022
python3-curses-3.6.15-3.91.4.x86_64           Fri Apr 22 13:54:47 2022
python3-3.6.15-3.91.4.x86_64                  Fri Apr 22 13:54:47 2022
python3-base-3.6.15-3.91.3.x86_64             Fri Apr 22 13:54:46 2022
shared-python-startup-0.1-1.5.1.noarch        Fri Apr 22 13:54:45 2022
libpython3_6m1_0-3.6.15-3.91.3.x86_64         Fri Apr 22 13:54:45 2022
libpolkit0-0.116-3.6.1.x86_64                 Fri Apr 22 13:54:42 2022
polkit-0.116-3.6.1.x86_64                     Fri Apr 22 13:54:41 2022
samba-python3-4.11.14+git.319.91d693db37c-4.35.1.x86_64 Fri Apr 22 13:54:38 2022
libsamba-policy0-python3-4.11.14+git.319.91d693db37c-4.35.1.x86_64 Fri Apr 22 13:54:37 2022
samba-client-4.11.14+git.319.91d693db37c-4.35.1.x86_64 Fri Apr 22 13:54:36 2022
samba-4.11.14+git.319.91d693db37c-4.35.1.x86_64 Fri Apr 22 13:54:36 2022
libsmbclient0-4.11.14+git.319.91d693db37c-4.35.1.x86_64 Fri Apr 22 13:54:36 2022
samba-libs-python3-4.11.14+git.319.91d693db37c-4.35.1.x86_64 Fri Apr 22 13:54:35 2022
libsmbldap2-4.11.14+git.319.91d693db37c-4.35.1.x86_64 Fri Apr 22 13:54:35 2022
libnetapi0-4.11.14+git.319.91d693db37c-4.35.1.x86_64 Fri Apr 22 13:54:35 2022
ctdb-4.11.14+git.319.91d693db37c-4.35.1.x86_64 Fri Apr 22 13:54:35 2022
libwbclient0-4.11.14+git.319.91d693db37c-4.35.1.x86_64 Fri Apr 22 13:54:34 2022
libsamdb0-4.11.14+git.319.91d693db37c-4.35.1.x86_64 Fri Apr 22 13:54:34 2022
libsamba-passdb0-4.11.14+git.319.91d693db37c-4.35.1.x86_64 Fri Apr 22 13:54:34 2022
libndr-nbt0-4.11.14+git.319.91d693db37c-4.35.1.x86_64 Fri Apr 22 13:54:34 2022
libndr-krb5pac0-4.11.14+git.319.91d693db37c-4.35.1.x86_64 Fri Apr 22 13:54:34 2022
libdcerpc0-4.11.14+git.319.91d693db37c-4.35.1.x86_64 Fri Apr 22 13:54:34 2022
libdcerpc-binding0-4.11.14+git.319.91d693db37c-4.35.1.x86_64 Fri Apr 22 13:54:34 2022
libsmbconf0-4.11.14+git.319.91d693db37c-4.35.1.x86_64 Fri Apr 22 13:54:33 2022
libsamba-util0-4.11.14+git.319.91d693db37c-4.35.1.x86_64 Fri Apr 22 13:54:33 2022
libsamba-hostconfig0-4.11.14+git.319.91d693db37c-4.35.1.x86_64 Fri Apr 22 13:54:33 2022
libsamba-credentials0-4.11.14+git.319.91d693db37c-4.35.1.x86_64 Fri Apr 22 13:54:33 2022
libndr0-4.11.14+git.319.91d693db37c-4.35.1.x86_64 Fri Apr 22 13:54:33 2022
libndr-standard0-4.11.14+git.319.91d693db37c-4.35.1.x86_64 Fri Apr 22 13:54:33 2022
samba-libs-4.11.14+git.319.91d693db37c-4.35.1.x86_64 Fri Apr 22 13:54:32 2022
libtevent-util0-4.11.14+git.319.91d693db37c-4.35.1.x86_64 Fri Apr 22 13:54:32 2022
bind-9.16.6-150000.12.60.1.x86_64             Fri Apr 22 13:54:28 2022
libhogweed4-3.4.1-4.18.1.x86_64               Fri Apr 22 13:54:25 2022
libnettle6-3.4.1-4.18.1.x86_64                Fri Apr 22 13:54:22 2022
cpio-mt-2.12-3.9.1.x86_64                     Fri Apr 22 13:54:19 2022
cpio-lang-2.12-3.9.1.noarch                   Fri Apr 22 13:54:19 2022
cpio-2.12-3.9.1.x86_64                        Fri Apr 22 13:54:19 2022
dump-rmt-0.4b46-1.31.x86_64                   Fri Apr 22 13:54:18 2022
libcares2-1.17.1+20200724-3.17.1.x86_64       Fri Apr 22 13:54:15 2022
libesmtp-1.0.6-150.4.1.x86_64                 Fri Apr 22 13:54:12 2022
ruby2.5-2.5.9-4.20.1.x86_64                   Fri Apr 22 13:54:09 2022
libsoftokn3-hmac-3.68.3-150000.3.67.1.x86_64  Fri Apr 22 13:54:07 2022
mozilla-nss-3.68.3-150000.3.67.1.x86_64       Fri Apr 22 13:54:06 2022
mozilla-nspr-4.32-3.20.1.x86_64               Fri Apr 22 13:54:06 2022
libsoftokn3-3.68.3-150000.3.67.1.x86_64       Fri Apr 22 13:54:06 2022
libfreebl3-hmac-3.68.3-150000.3.67.1.x86_64   Fri Apr 22 13:54:06 2022
libfreebl3-3.68.3-150000.3.67.1.x86_64        Fri Apr 22 13:54:06 2022
p11-kit-0.23.2-4.13.1.x86_64                  Fri Apr 22 13:54:03 2022
libjson-c3-0.13-3.3.1.x86_64                  Fri Apr 22 13:53:58 2022
libtiff5-4.0.9-45.5.1.x86_64                  Fri Apr 22 13:53:55 2022
python3-Twisted-19.10.0-3.6.1.x86_64          Fri Apr 22 13:53:50 2022
cyrus-sasl-2.1.26-5.10.1.x86_64               Fri Apr 22 13:53:46 2022
zsh-5.6-7.5.1.x86_64                          Fri Apr 22 13:53:43 2022
tcpdump-4.9.2-3.18.1.x86_64                   Fri Apr 22 13:53:40 2022
python3-lxml-4.7.1-3.7.1.x86_64               Fri Apr 22 13:53:37 2022
libQt5Svg5-5.12.7-3.3.1.x86_64                Fri Apr 22 13:53:34 2022
libqt5-qtimageformats-5.12.7-1.50.x86_64      Fri Apr 22 13:53:33 2022
libQt5Widgets5-5.12.7-4.17.1.x86_64           Fri Apr 22 13:53:33 2022
libQt5Network5-5.12.7-4.17.1.x86_64           Fri Apr 22 13:53:33 2022
libQt5Gui5-5.12.7-4.17.1.x86_64               Fri Apr 22 13:53:33 2022
libwebpdemux2-1.0.3-1.62.x86_64               Fri Apr 22 13:53:32 2022
libqt5-qttranslations-5.12.7-1.53.x86_64      Fri Apr 22 13:53:32 2022
libmng2-2.0.3-1.39.x86_64                     Fri Apr 22 13:53:32 2022
liblcms2-2-2.9-3.3.1.x86_64                   Fri Apr 22 13:53:32 2022
libjasper4-2.0.14-3.19.1.x86_64               Fri Apr 22 13:53:32 2022
libQt5DBus5-5.12.7-4.17.1.x86_64              Fri Apr 22 13:53:32 2022
libQt5Core5-5.12.7-4.17.1.x86_64              Fri Apr 22 13:53:32 2022
net-snmp-5.7.3-10.12.1.x86_64                 Fri Apr 22 13:53:27 2022
binutils-2.37-7.26.1.x86_64                   Fri Apr 22 13:53:24 2022
libctf0-2.37-7.26.1.x86_64                    Fri Apr 22 13:53:23 2022
libctf-nobfd0-2.37-7.26.1.x86_64              Fri Apr 22 13:53:23 2022
libz1-1.2.11-150000.3.30.1.x86_64             Fri Apr 22 13:53:20 2022
vim-data-8.0.1568-5.17.1.noarch               Fri Apr 22 13:53:16 2022
vim-8.0.1568-5.17.1.x86_64                    Fri Apr 22 13:53:16 2022
vim-data-common-8.0.1568-5.17.1.noarch        Fri Apr 22 13:53:15 2022
glibc-extra-2.26-13.65.1.x86_64               Fri Apr 22 13:53:10 2022
glibc-2.26-13.65.1.x86_64                     Fri Apr 22 13:53:10 2022
expat-2.2.5-3.19.1.x86_64                     Fri Apr 22 13:53:06 2022
systemd-sysvinit-234-24.108.1.x86_64          Mon Apr 18 12:03:11 2022
udev-234-24.108.1.x86_64                      Mon Apr 18 12:03:10 2022
systemd-234-24.108.1.x86_64                   Mon Apr 18 12:03:09 2022
systemd-bash-completion-234-24.108.1.noarch   Mon Apr 18 12:03:08 2022
grub2-systemd-sleep-plugin-2.04-150200.9.58.3.noarch Mon Apr 18 12:03:08 2022
bash-completion-2.7-4.6.1.noarch              Mon Apr 18 12:03:08 2022
chrony-3.2-9.24.2.x86_64                      Mon Apr 18 12:03:07 2022
sqlite3-3.36.0-3.12.1.x86_64                  Mon Apr 18 11:24:16 2022
libsqlite3-0-3.36.0-3.12.1.x86_64             Mon Apr 18 11:24:16 2022
zypper-1.14.52-150200.30.2.x86_64             Thu Apr 14 18:13:58 2022
libzypp-17.30.0-150200.36.1.x86_64            Thu Apr 14 18:13:58 2022
libsolv-tools-0.7.22-150200.12.1.x86_64       Thu Apr 14 18:13:58 2022
python3-apparmor-2.13.4-3.11.1.x86_64         Thu Apr 14 09:53:21 2022
perl-apparmor-2.13.4-3.11.1.x86_64            Thu Apr 14 09:53:21 2022
apparmor-utils-lang-2.13.4-3.11.1.noarch      Thu Apr 14 09:53:21 2022
apparmor-utils-2.13.4-3.11.1.noarch           Thu Apr 14 09:53:21 2022
libapparmor1-2.13.4-3.11.1.x86_64             Thu Apr 14 09:53:20 2022
