Thu May 12 12:17:12 UTC 2022
[31;43m***** uname -a; Release; date; *****[0m
Linux SAPES4DB01 5.3.18-24.67-default #1 SMP Tue Jun 1 14:07:53 UTC 2021 (f0fe006) x86_64 x86_64 x86_64 GNU/Linux
NAME="SLES"
VERSION="15-SP2"
VERSION_ID="15.2"
PRETTY_NAME="SUSE Linux Enterprise Server 15 SP2"
ID="sles"
ID_LIKE="suse"
ANSI_COLOR="0;32"
CPE_NAME="cpe:/o:suse:sles:15:sp2"
VARIANT_ID="sles-sap"
Thu May 12 12:17:12 UTC 2022

[31;43m***** Network; Route; Netstat; *****[0m

[31;43m***** DF; Fdisk; FSTAB; GRUB; Mount *****[0m
Filesystem                                          Size  Used Avail Use% Mounted on
devtmpfs                                            124G     0  124G   0% /dev
tmpfs                                               188G  464K  188G   1% /dev/shm
tmpfs                                               124G  1.5M  124G   1% /run
tmpfs                                               124G     0  124G   0% /sys/fs/cgroup
/dev/nvme0n1p1                                      100G   16G   85G  16% /
tmpfs                                               124G  172K  124G   1% /tmp
/dev/mapper/var-var                                  20G  642M   20G   4% /var
/dev/mapper/hana_shared_HSD-hana_shared_HSD         500G  332G  169G  67% /hana/shared/HSE
/dev/mapper/usr_sap-usr_sap                          50G   27G   24G  54% /usr/sap
/dev/mapper/home-home                                20G  2.2G   18G  11% /home
/dev/mapper/hana_log_HSE-hana_log_HSE               600G   84G  517G  14% /hana/log/HSE
/dev/mapper/hana_data_HSE-hana_data_HSE             1.2T  303G  897G  26% /hana/data/HSE
/dev/mapper/var_tmp-var_tmp                          20G  1.2G   19G   6% /var/tmp
/dev/mapper/var_log-var_log                          20G  1.8G   19G   9% /var/log
/dev/mapper/sapbackup-sapbackup                     1.2T  929G  271G  78% /SAPBackup
/dev/mapper/var_log_audit-var_log_audit              20G  5.8G   15G  29% /var/log/audit
fs-b36da833.efs.us-east-1.amazonaws.com:/           8.0E   23T  8.0E   1% /SAPMedia
fs-0073b7d45a64c5b94.efs.us-east-1.amazonaws.com:/  8.0E   19G  8.0E   1% /sapmnt/S4E
tmpfs                                                25G     0   25G   0% /run/user/3000
tmpfs                                                25G     0   25G   0% /run/user/473
tmpfs                                                25G     0   25G   0% /run/user/4000
tmpfs                                                25G     0   25G   0% /run/user/1725062210
Disk /dev/nvme3n1: 500 GiB, 536870912000 bytes, 1048576000 sectors
Disk model: Amazon Elastic Block Store              
Units: sectors of 1 * 512 = 512 bytes
Sector size (logical/physical): 512 bytes / 4096 bytes
I/O size (minimum/optimal): 4096 bytes / 4096 bytes


Disk /dev/nvme1n1: 20 GiB, 21474836480 bytes, 41943040 sectors
Disk model: Amazon Elastic Block Store              
Units: sectors of 1 * 512 = 512 bytes
Sector size (logical/physical): 512 bytes / 4096 bytes
I/O size (minimum/optimal): 4096 bytes / 4096 bytes


Disk /dev/nvme0n1: 100 GiB, 107374182400 bytes, 209715200 sectors
Disk model: Amazon Elastic Block Store              
Units: sectors of 1 * 512 = 512 bytes
Sector size (logical/physical): 512 bytes / 4096 bytes
I/O size (minimum/optimal): 4096 bytes / 4096 bytes
Disklabel type: dos
Disk identifier: 0x6c5d29eb

Device         Boot Start       End   Sectors  Size Id Type
/dev/nvme0n1p1       2048 209715166 209713119  100G 83 Linux


Disk /dev/nvme4n1: 20 GiB, 21474836480 bytes, 41943040 sectors
Disk model: Amazon Elastic Block Store              
Units: sectors of 1 * 512 = 512 bytes
Sector size (logical/physical): 512 bytes / 4096 bytes
I/O size (minimum/optimal): 4096 bytes / 4096 bytes


Disk /dev/nvme2n1: 50 GiB, 53687091200 bytes, 104857600 sectors
Disk model: Amazon Elastic Block Store              
Units: sectors of 1 * 512 = 512 bytes
Sector size (logical/physical): 512 bytes / 4096 bytes
I/O size (minimum/optimal): 4096 bytes / 4096 bytes


Disk /dev/nvme5n1: 2 GiB, 2147483648 bytes, 4194304 sectors
Disk model: Amazon Elastic Block Store              
Units: sectors of 1 * 512 = 512 bytes
Sector size (logical/physical): 512 bytes / 4096 bytes
I/O size (minimum/optimal): 4096 bytes / 4096 bytes


Disk /dev/nvme6n1: 600 GiB, 644245094400 bytes, 1258291200 sectors
Disk model: Amazon Elastic Block Store              
Units: sectors of 1 * 512 = 512 bytes
Sector size (logical/physical): 512 bytes / 4096 bytes
I/O size (minimum/optimal): 4096 bytes / 4096 bytes


Disk /dev/nvme7n1: 20 GiB, 21474836480 bytes, 41943040 sectors
Disk model: Amazon Elastic Block Store              
Units: sectors of 1 * 512 = 512 bytes
Sector size (logical/physical): 512 bytes / 4096 bytes
I/O size (minimum/optimal): 4096 bytes / 4096 bytes


Disk /dev/nvme8n1: 100 GiB, 107374182400 bytes, 209715200 sectors
Disk model: Amazon Elastic Block Store              
Units: sectors of 1 * 512 = 512 bytes
Sector size (logical/physical): 512 bytes / 4096 bytes
I/O size (minimum/optimal): 4096 bytes / 4096 bytes


Disk /dev/nvme9n1: 20 GiB, 21474836480 bytes, 41943040 sectors
Disk model: Amazon Elastic Block Store              
Units: sectors of 1 * 512 = 512 bytes
Sector size (logical/physical): 512 bytes / 4096 bytes
I/O size (minimum/optimal): 4096 bytes / 4096 bytes


Disk /dev/nvme10n1: 1.2 TiB, 1288490188800 bytes, 2516582400 sectors
Disk model: Amazon Elastic Block Store              
Units: sectors of 1 * 512 = 512 bytes
Sector size (logical/physical): 512 bytes / 4096 bytes
I/O size (minimum/optimal): 4096 bytes / 4096 bytes


Disk /dev/nvme11n1: 20 GiB, 21474836480 bytes, 41943040 sectors
Disk model: Amazon Elastic Block Store              
Units: sectors of 1 * 512 = 512 bytes
Sector size (logical/physical): 512 bytes / 4096 bytes
I/O size (minimum/optimal): 4096 bytes / 4096 bytes


Disk /dev/nvme12n1: 1.2 TiB, 1288490188800 bytes, 2516582400 sectors
Disk model: Amazon Elastic Block Store              
Units: sectors of 1 * 512 = 512 bytes
Sector size (logical/physical): 512 bytes / 4096 bytes
I/O size (minimum/optimal): 4096 bytes / 4096 bytes


Disk /dev/mapper/var_log-var_log: 20 GiB, 21470642176 bytes, 41934848 sectors
Units: sectors of 1 * 512 = 512 bytes
Sector size (logical/physical): 512 bytes / 4096 bytes
I/O size (minimum/optimal): 4096 bytes / 4096 bytes


Disk /dev/mapper/home-home: 20 GiB, 21470642176 bytes, 41934848 sectors
Units: sectors of 1 * 512 = 512 bytes
Sector size (logical/physical): 512 bytes / 4096 bytes
I/O size (minimum/optimal): 4096 bytes / 4096 bytes


Disk /dev/mapper/hana_shared_HSD-hana_shared_HSD: 500 GiB, 536866717696 bytes, 1048567808 sectors
Units: sectors of 1 * 512 = 512 bytes
Sector size (logical/physical): 512 bytes / 4096 bytes
I/O size (minimum/optimal): 4096 bytes / 4096 bytes


Disk /dev/mapper/hana_log_HSE-hana_log_HSE: 600 GiB, 644240900096 bytes, 1258283008 sectors
Units: sectors of 1 * 512 = 512 bytes
Sector size (logical/physical): 512 bytes / 4096 bytes
I/O size (minimum/optimal): 4096 bytes / 4096 bytes


Disk /dev/mapper/sapbackup-sapbackup: 1.2 TiB, 1288485994496 bytes, 2516574208 sectors
Units: sectors of 1 * 512 = 512 bytes
Sector size (logical/physical): 512 bytes / 4096 bytes
I/O size (minimum/optimal): 4096 bytes / 4096 bytes


Disk /dev/mapper/var-var: 20 GiB, 21470642176 bytes, 41934848 sectors
Units: sectors of 1 * 512 = 512 bytes
Sector size (logical/physical): 512 bytes / 4096 bytes
I/O size (minimum/optimal): 4096 bytes / 4096 bytes


Disk /dev/mapper/hana_data_HSE-hana_data_HSE: 1.2 TiB, 1288485994496 bytes, 2516574208 sectors
Units: sectors of 1 * 512 = 512 bytes
Sector size (logical/physical): 512 bytes / 4096 bytes
I/O size (minimum/optimal): 4096 bytes / 4096 bytes


Disk /dev/mapper/var_log_audit-var_log_audit: 20 GiB, 21470642176 bytes, 41934848 sectors
Units: sectors of 1 * 512 = 512 bytes
Sector size (logical/physical): 512 bytes / 4096 bytes
I/O size (minimum/optimal): 4096 bytes / 4096 bytes


Disk /dev/mapper/var_tmp-var_tmp: 20 GiB, 21470642176 bytes, 41934848 sectors
Units: sectors of 1 * 512 = 512 bytes
Sector size (logical/physical): 512 bytes / 4096 bytes
I/O size (minimum/optimal): 4096 bytes / 4096 bytes


Disk /dev/mapper/usr_sap-usr_sap: 50 GiB, 53682896896 bytes, 104849408 sectors
Units: sectors of 1 * 512 = 512 bytes
Sector size (logical/physical): 512 bytes / 4096 bytes
I/O size (minimum/optimal): 4096 bytes / 4096 bytes
LABEL=ROOT / xfs defaults 0 0
UUID=961fcd21-4381-440b-afd3-1d0585a823e5 swap swap defaults 0 0
fs-b36da833.efs.us-east-1.amazonaws.com:/ /SAPMedia nfs4 nfsvers=4.1,rsize=1048576,wsize=1048576,hard,timeo=60,noresvport,retrans=2,_netdev 0 0
UUID=dcf997dd-cae8-4d08-8de2-ee79e83d4133 /home	xfs nodev,nosuid,noexec 0 0
UUID=9bdbb765-b784-42e8-83ac-51970abd0e67 /var/log/audit xfs nodev,nosuid,noexec 0 0
UUID=536ef96f-f713-47db-b23e-f889b267c791 /var/tmp xfs nodev,nosuid,noexec 0 0
tmpfs /dev/shm tmpfs defaults,nodev,nosuid,noexec 0 0
/dev/mapper/hana_shared_HSD-hana_shared_HSD /hana/shared/HSE xfs rw,relatime,attr2,inode64,logbufs=8,logbsize=32k,sunit=8,swidth=8,noquota 0 0
/dev/mapper/hana_data_HSE-hana_data_HSE /hana/data/HSE xfs rw,relatime,attr2,inode64,logbufs=8,logbsize=32k,sunit=8,swidth=8,noquota 0 0
/dev/mapper/hana_log_HSE-hana_log_HSE /hana/log/HSE xfs rw,relatime,attr2,inode64,logbufs=8,logbsize=32k,sunit=8,swidth=8,noquota 0 0
/dev/mapper/sapbackup-sapbackup /SAPBackup xfs rw,relatime,attr2,inode64,logbufs=8,logbsize=32k,sunit=8,swidth=8,noquota 0 0
/dev/mapper/usr_sap-usr_sap /usr/sap xfs rw,relatime,attr2,inode64,logbufs=8,logbsize=32k,noquota 0 0
fs-0073b7d45a64c5b94.efs.us-east-1.amazonaws.com:/ /sapmnt/S4E nfs4 rw,relatime,vers=4.1,rsize=1048576,wsize=1048576,namlen=255,hard,noresvport,proto=tcp,timeo=600,retrans=2,sec=sys,clientaddr=172.18.196.134,local_lock=none,addr=172.18.196.49 0 0
tmpfs /tmp tmpfs defaults,nodev,nosuid,noexec,nofail 0 0
UUID=8bc905ce-0735-4990-b425-7ba858b609fd /var xfs nodev,nosuid,noexec 0 0
UUID=c5c89a69-fed4-4987-9bde-c19a9b2c63a1 /var/log xfs nodev,nosuid,noexec 0 0
sysfs on /sys type sysfs (rw,nosuid,nodev,noexec,relatime)
proc on /proc type proc (rw,nosuid,nodev,noexec,relatime)
devtmpfs on /dev type devtmpfs (rw,nosuid,size=129885860k,nr_inodes=32471465,mode=755)
securityfs on /sys/kernel/security type securityfs (rw,nosuid,nodev,noexec,relatime)
tmpfs on /dev/shm type tmpfs (rw,nosuid,nodev,noexec,size=196414464k)
devpts on /dev/pts type devpts (rw,nosuid,noexec,relatime,gid=5,mode=620,ptmxmode=000)
tmpfs on /run type tmpfs (rw,nosuid,nodev,mode=755)
tmpfs on /sys/fs/cgroup type tmpfs (ro,nosuid,nodev,noexec,mode=755)
cgroup on /sys/fs/cgroup/unified type cgroup2 (rw,nosuid,nodev,noexec,relatime)
cgroup on /sys/fs/cgroup/systemd type cgroup (rw,nosuid,nodev,noexec,relatime,xattr,name=systemd)
pstore on /sys/fs/pstore type pstore (rw,nosuid,nodev,noexec,relatime)
none on /sys/fs/bpf type bpf (rw,nosuid,nodev,noexec,relatime)
cgroup on /sys/fs/cgroup/perf_event type cgroup (rw,nosuid,nodev,noexec,relatime,perf_event)
cgroup on /sys/fs/cgroup/rdma type cgroup (rw,nosuid,nodev,noexec,relatime,rdma)
cgroup on /sys/fs/cgroup/memory type cgroup (rw,nosuid,nodev,noexec,relatime,memory)
cgroup on /sys/fs/cgroup/net_cls,net_prio type cgroup (rw,nosuid,nodev,noexec,relatime,net_cls,net_prio)
cgroup on /sys/fs/cgroup/devices type cgroup (rw,nosuid,nodev,noexec,relatime,devices)
cgroup on /sys/fs/cgroup/freezer type cgroup (rw,nosuid,nodev,noexec,relatime,freezer)
cgroup on /sys/fs/cgroup/blkio type cgroup (rw,nosuid,nodev,noexec,relatime,blkio)
cgroup on /sys/fs/cgroup/pids type cgroup (rw,nosuid,nodev,noexec,relatime,pids)
cgroup on /sys/fs/cgroup/cpuset type cgroup (rw,nosuid,nodev,noexec,relatime,cpuset)
cgroup on /sys/fs/cgroup/cpu,cpuacct type cgroup (rw,nosuid,nodev,noexec,relatime,cpu,cpuacct)
cgroup on /sys/fs/cgroup/hugetlb type cgroup (rw,nosuid,nodev,noexec,relatime,hugetlb)
/dev/nvme0n1p1 on / type xfs (rw,relatime,attr2,inode64,logbufs=8,logbsize=32k,noquota)
systemd-1 on /proc/sys/fs/binfmt_misc type autofs (rw,relatime,fd=29,pgrp=1,timeout=0,minproto=5,maxproto=5,direct,pipe_ino=40035)
mqueue on /dev/mqueue type mqueue (rw,relatime)
hugetlbfs on /dev/hugepages type hugetlbfs (rw,relatime,pagesize=2M)
debugfs on /sys/kernel/debug type debugfs (rw,relatime)
tmpfs on /tmp type tmpfs (rw,nosuid,nodev,noexec,relatime)
/dev/mapper/var-var on /var type xfs (rw,nosuid,nodev,noexec,relatime,attr2,inode64,logbufs=8,logbsize=32k,noquota)
tmpfs on /var/run type tmpfs (rw,nosuid,nodev,mode=755)
/dev/mapper/hana_shared_HSD-hana_shared_HSD on /hana/shared/HSE type xfs (rw,relatime,attr2,inode64,logbufs=8,logbsize=32k,sunit=8,swidth=8,noquota)
/dev/mapper/usr_sap-usr_sap on /usr/sap type xfs (rw,relatime,attr2,inode64,logbufs=8,logbsize=32k,noquota)
/dev/mapper/home-home on /home type xfs (rw,nosuid,nodev,noexec,relatime,attr2,inode64,logbufs=8,logbsize=32k,sunit=8,swidth=8,noquota)
/dev/mapper/hana_log_HSE-hana_log_HSE on /hana/log/HSE type xfs (rw,relatime,attr2,inode64,logbufs=8,logbsize=32k,sunit=8,swidth=8,noquota)
/dev/mapper/hana_data_HSE-hana_data_HSE on /hana/data/HSE type xfs (rw,relatime,attr2,inode64,logbufs=8,logbsize=32k,sunit=8,swidth=8,noquota)
/dev/mapper/var_tmp-var_tmp on /var/tmp type xfs (rw,nosuid,nodev,noexec,relatime,attr2,inode64,logbufs=8,logbsize=32k,sunit=8,swidth=8,noquota)
/dev/mapper/var_log-var_log on /var/log type xfs (rw,nosuid,nodev,noexec,relatime,attr2,inode64,logbufs=8,logbsize=32k,noquota)
/dev/mapper/sapbackup-sapbackup on /SAPBackup type xfs (rw,relatime,attr2,inode64,logbufs=8,logbsize=32k,sunit=8,swidth=8,noquota)
/dev/mapper/var_log_audit-var_log_audit on /var/log/audit type xfs (rw,nosuid,nodev,noexec,relatime,attr2,inode64,logbufs=8,logbsize=32k,sunit=8,swidth=8,noquota)
binfmt_misc on /proc/sys/fs/binfmt_misc type binfmt_misc (rw,relatime)
fs-b36da833.efs.us-east-1.amazonaws.com:/ on /SAPMedia type nfs4 (rw,relatime,vers=4.1,rsize=1048576,wsize=1048576,namlen=255,hard,noresvport,proto=tcp,timeo=60,retrans=2,sec=sys,clientaddr=172.18.196.134,local_lock=none,addr=172.18.136.231,_netdev)
fs-0073b7d45a64c5b94.efs.us-east-1.amazonaws.com:/ on /sapmnt/S4E type nfs4 (rw,relatime,vers=4.1,rsize=1048576,wsize=1048576,namlen=255,hard,noresvport,proto=tcp,timeo=600,retrans=2,sec=sys,clientaddr=172.18.196.134,local_lock=none,addr=172.18.196.49)
tmpfs on /run/user/3000 type tmpfs (rw,nosuid,nodev,relatime,size=25979048k,mode=700,uid=3000,gid=79)
tmpfs on /var/run/user/3000 type tmpfs (rw,nosuid,nodev,relatime,size=25979048k,mode=700,uid=3000,gid=79)
tmpfs on /run/user/473 type tmpfs (rw,nosuid,nodev,relatime,size=25979048k,mode=700,uid=473,gid=79)
tmpfs on /var/run/user/473 type tmpfs (rw,nosuid,nodev,relatime,size=25979048k,mode=700,uid=473,gid=79)
tmpfs on /run/user/4000 type tmpfs (rw,nosuid,nodev,relatime,size=25979048k,mode=700,uid=4000,gid=79)
tmpfs on /var/run/user/4000 type tmpfs (rw,nosuid,nodev,relatime,size=25979048k,mode=700,uid=4000,gid=79)
tracefs on /sys/kernel/debug/tracing type tracefs (rw,relatime)
tmpfs on /run/user/1725062210 type tmpfs (rw,nosuid,nodev,relatime,size=25979048k,mode=700,uid=1725062210,gid=1725000513)
tmpfs on /var/run/user/1725062210 type tmpfs (rw,nosuid,nodev,relatime,size=25979048k,mode=700,uid=1725062210,gid=1725000513)

[31;43m***** DISK & DM info from FDISK *****[0m
Disk /dev/nvme3n1: 500 GiB, 536870912000 bytes, 1048576000 sectors
Disk model: Amazon Elastic Block Store              
Disk /dev/nvme1n1: 20 GiB, 21474836480 bytes, 41943040 sectors
Disk model: Amazon Elastic Block Store              
Disk /dev/nvme0n1: 100 GiB, 107374182400 bytes, 209715200 sectors
Disk model: Amazon Elastic Block Store              
Disklabel type: dos
Disk identifier: 0x6c5d29eb
Disk /dev/nvme4n1: 20 GiB, 21474836480 bytes, 41943040 sectors
Disk model: Amazon Elastic Block Store              
Disk /dev/nvme2n1: 50 GiB, 53687091200 bytes, 104857600 sectors
Disk model: Amazon Elastic Block Store              
Disk /dev/nvme5n1: 2 GiB, 2147483648 bytes, 4194304 sectors
Disk model: Amazon Elastic Block Store              
Disk /dev/nvme6n1: 600 GiB, 644245094400 bytes, 1258291200 sectors
Disk model: Amazon Elastic Block Store              
Disk /dev/nvme7n1: 20 GiB, 21474836480 bytes, 41943040 sectors
Disk model: Amazon Elastic Block Store              
Disk /dev/nvme8n1: 100 GiB, 107374182400 bytes, 209715200 sectors
Disk model: Amazon Elastic Block Store              
Disk /dev/nvme9n1: 20 GiB, 21474836480 bytes, 41943040 sectors
Disk model: Amazon Elastic Block Store              
Disk /dev/nvme10n1: 1.2 TiB, 1288490188800 bytes, 2516582400 sectors
Disk model: Amazon Elastic Block Store              
Disk /dev/nvme11n1: 20 GiB, 21474836480 bytes, 41943040 sectors
Disk model: Amazon Elastic Block Store              
Disk /dev/nvme12n1: 1.2 TiB, 1288490188800 bytes, 2516582400 sectors
Disk model: Amazon Elastic Block Store              
Disk /dev/mapper/var_log-var_log: 20 GiB, 21470642176 bytes, 41934848 sectors
Disk /dev/mapper/home-home: 20 GiB, 21470642176 bytes, 41934848 sectors
Disk /dev/mapper/hana_shared_HSD-hana_shared_HSD: 500 GiB, 536866717696 bytes, 1048567808 sectors
Disk /dev/mapper/hana_log_HSE-hana_log_HSE: 600 GiB, 644240900096 bytes, 1258283008 sectors
Disk /dev/mapper/sapbackup-sapbackup: 1.2 TiB, 1288485994496 bytes, 2516574208 sectors
Disk /dev/mapper/var-var: 20 GiB, 21470642176 bytes, 41934848 sectors
Disk /dev/mapper/hana_data_HSE-hana_data_HSE: 1.2 TiB, 1288485994496 bytes, 2516574208 sectors
Disk /dev/mapper/var_log_audit-var_log_audit: 20 GiB, 21470642176 bytes, 41934848 sectors
Disk /dev/mapper/var_tmp-var_tmp: 20 GiB, 21470642176 bytes, 41934848 sectors
Disk /dev/mapper/usr_sap-usr_sap: 50 GiB, 53682896896 bytes, 104849408 sectors

[31;43m***** PP process; All Running Procs; PP/Multipath devices Info *****[0m
root      6397  6379  0 12:17 pts/1    00:00:00 grep Powerpath
UID        PID  PPID  C STIME TTY          TIME CMD
root         1     0  0 May02 ?        00:00:47 /usr/lib/systemd/systemd --switched-root --system --deserialize 22
root         2     0  0 May02 ?        00:00:00 [kthreadd]
root         3     2  0 May02 ?        00:00:00 [rcu_gp]
root         4     2  0 May02 ?        00:00:00 [rcu_par_gp]
root         6     2  0 May02 ?        00:00:00 [kworker/0:0H-events_highpri]
root         9     2  0 May02 ?        00:00:00 [mm_percpu_wq]
root        10     2  0 May02 ?        00:00:01 [ksoftirqd/0]
root        11     2  0 May02 ?        00:06:34 [rcu_sched]
root        12     2  0 May02 ?        00:00:01 [migration/0]
root        13     2  0 May02 ?        00:00:00 [idle_inject/0]
root        14     2  0 May02 ?        00:00:00 [cpuhp/0]
root        15     2  0 May02 ?        00:00:00 [cpuhp/1]
root        16     2  0 May02 ?        00:00:00 [idle_inject/1]
root        17     2  0 May02 ?        00:00:01 [migration/1]
root        18     2  0 May02 ?        00:00:00 [ksoftirqd/1]
root        20     2  0 May02 ?        00:00:00 [kworker/1:0H-events_highpri]
root        21     2  0 May02 ?        00:00:00 [cpuhp/2]
root        22     2  0 May02 ?        00:00:00 [idle_inject/2]
root        23     2  0 May02 ?        00:00:01 [migration/2]
root        24     2  0 May02 ?        00:00:00 [ksoftirqd/2]
root        26     2  0 May02 ?        00:00:00 [kworker/2:0H-events_highpri]
root        27     2  0 May02 ?        00:00:00 [cpuhp/3]
root        28     2  0 May02 ?        00:00:00 [idle_inject/3]
root        29     2  0 May02 ?        00:00:01 [migration/3]
root        30     2  0 May02 ?        00:00:02 [ksoftirqd/3]
root        32     2  0 May02 ?        00:00:00 [kworker/3:0H-events_highpri]
root        33     2  0 May02 ?        00:00:00 [cpuhp/4]
root        34     2  0 May02 ?        00:00:00 [idle_inject/4]
root        35     2  0 May02 ?        00:00:01 [migration/4]
root        36     2  0 May02 ?        00:00:00 [ksoftirqd/4]
root        38     2  0 May02 ?        00:00:00 [kworker/4:0H-events_highpri]
root        39     2  0 May02 ?        00:00:00 [cpuhp/5]
root        40     2  0 May02 ?        00:00:00 [idle_inject/5]
root        41     2  0 May02 ?        00:00:01 [migration/5]
root        42     2  0 May02 ?        00:00:00 [ksoftirqd/5]
root        43     2  0 May02 ?        00:00:16 [kworker/5:0-mm_percpu_wq]
root        44     2  0 May02 ?        00:00:00 [kworker/5:0H-events_highpri]
root        45     2  0 May02 ?        00:00:00 [cpuhp/6]
root        46     2  0 May02 ?        00:00:00 [idle_inject/6]
root        47     2  0 May02 ?        00:00:01 [migration/6]
root        48     2  0 May02 ?        00:00:00 [ksoftirqd/6]
root        50     2  0 May02 ?        00:00:00 [kworker/6:0H-events_highpri]
root        51     2  0 May02 ?        00:00:00 [cpuhp/7]
root        52     2  0 May02 ?        00:00:00 [idle_inject/7]
root        53     2  0 May02 ?        00:00:01 [migration/7]
root        54     2  0 May02 ?        00:00:02 [ksoftirqd/7]
root        56     2  0 May02 ?        00:00:00 [kworker/7:0H-events_highpri]
root        57     2  0 May02 ?        00:00:00 [cpuhp/8]
root        58     2  0 May02 ?        00:00:00 [idle_inject/8]
root        59     2  0 May02 ?        00:00:01 [migration/8]
root        60     2  0 May02 ?        00:00:00 [ksoftirqd/8]
root        62     2  0 May02 ?        00:00:00 [kworker/8:0H-events_highpri]
root        63     2  0 May02 ?        00:00:00 [cpuhp/9]
root        64     2  0 May02 ?        00:00:00 [idle_inject/9]
root        65     2  0 May02 ?        00:00:01 [migration/9]
root        66     2  0 May02 ?        00:00:02 [ksoftirqd/9]
root        68     2  0 May02 ?        00:00:00 [kworker/9:0H-events_highpri]
root        69     2  0 May02 ?        00:00:00 [cpuhp/10]
root        70     2  0 May02 ?        00:00:00 [idle_inject/10]
root        71     2  0 May02 ?        00:00:01 [migration/10]
root        72     2  0 May02 ?        00:00:00 [ksoftirqd/10]
root        74     2  0 May02 ?        00:00:00 [kworker/10:0H-events_highpri]
root        75     2  0 May02 ?        00:00:00 [cpuhp/11]
root        76     2  0 May02 ?        00:00:00 [idle_inject/11]
root        77     2  0 May02 ?        00:00:01 [migration/11]
root        78     2  0 May02 ?        00:00:02 [ksoftirqd/11]
root        80     2  0 May02 ?        00:00:00 [kworker/11:0H-events_highpri]
root        81     2  0 May02 ?        00:00:00 [cpuhp/12]
root        82     2  0 May02 ?        00:00:00 [idle_inject/12]
root        83     2  0 May02 ?        00:00:01 [migration/12]
root        84     2  0 May02 ?        00:00:00 [ksoftirqd/12]
root        86     2  0 May02 ?        00:00:00 [kworker/12:0H-events_highpri]
root        87     2  0 May02 ?        00:00:00 [cpuhp/13]
root        88     2  0 May02 ?        00:00:00 [idle_inject/13]
root        89     2  0 May02 ?        00:00:01 [migration/13]
root        90     2  0 May02 ?        00:00:00 [ksoftirqd/13]
root        92     2  0 May02 ?        00:00:00 [kworker/13:0H-events_highpri]
root        93     2  0 May02 ?        00:00:00 [cpuhp/14]
root        94     2  0 May02 ?        00:00:00 [idle_inject/14]
root        95     2  0 May02 ?        00:00:01 [migration/14]
root        96     2  0 May02 ?        00:00:00 [ksoftirqd/14]
root        98     2  0 May02 ?        00:00:00 [kworker/14:0H-events_highpri]
root        99     2  0 May02 ?        00:00:00 [cpuhp/15]
root       100     2  0 May02 ?        00:00:00 [idle_inject/15]
root       101     2  0 May02 ?        00:00:01 [migration/15]
root       102     2  0 May02 ?        00:00:00 [ksoftirqd/15]
root       104     2  0 May02 ?        00:00:00 [kworker/15:0H-events_highpri]
root       105     2  0 May02 ?        00:00:00 [cpuhp/16]
root       106     2  0 May02 ?        00:00:00 [idle_inject/16]
root       107     2  0 May02 ?        00:00:01 [migration/16]
root       108     2  0 May02 ?        00:00:02 [ksoftirqd/16]
root       110     2  0 May02 ?        00:00:00 [kworker/16:0H-events_highpri]
root       111     2  0 May02 ?        00:00:00 [cpuhp/17]
root       112     2  0 May02 ?        00:00:00 [idle_inject/17]
root       113     2  0 May02 ?        00:00:01 [migration/17]
root       114     2  0 May02 ?        00:00:00 [ksoftirqd/17]
root       116     2  0 May02 ?        00:00:00 [kworker/17:0H-events_highpri]
root       117     2  0 May02 ?        00:00:00 [cpuhp/18]
root       118     2  0 May02 ?        00:00:00 [idle_inject/18]
root       119     2  0 May02 ?        00:00:01 [migration/18]
root       120     2  0 May02 ?        00:00:00 [ksoftirqd/18]
root       121     2  0 May02 ?        00:00:24 [kworker/18:0-events_power_efficient]
root       122     2  0 May02 ?        00:00:00 [kworker/18:0H-events_highpri]
root       123     2  0 May02 ?        00:00:00 [cpuhp/19]
root       124     2  0 May02 ?        00:00:00 [idle_inject/19]
root       125     2  0 May02 ?        00:00:01 [migration/19]
root       126     2  0 May02 ?        00:00:00 [ksoftirqd/19]
root       128     2  0 May02 ?        00:00:00 [kworker/19:0H-events_highpri]
root       129     2  0 May02 ?        00:00:00 [cpuhp/20]
root       130     2  0 May02 ?        00:00:00 [idle_inject/20]
root       131     2  0 May02 ?        00:00:01 [migration/20]
root       132     2  0 May02 ?        00:00:00 [ksoftirqd/20]
root       134     2  0 May02 ?        00:00:00 [kworker/20:0H-events_highpri]
root       135     2  0 May02 ?        00:00:00 [cpuhp/21]
root       136     2  0 May02 ?        00:00:00 [idle_inject/21]
root       137     2  0 May02 ?        00:00:01 [migration/21]
root       138     2  0 May02 ?        00:00:02 [ksoftirqd/21]
root       140     2  0 May02 ?        00:00:00 [kworker/21:0H-events_highpri]
root       141     2  0 May02 ?        00:00:00 [cpuhp/22]
root       142     2  0 May02 ?        00:00:00 [idle_inject/22]
root       143     2  0 May02 ?        00:00:01 [migration/22]
root       144     2  0 May02 ?        00:00:00 [ksoftirqd/22]
root       146     2  0 May02 ?        00:00:00 [kworker/22:0H-events_highpri]
root       147     2  0 May02 ?        00:00:00 [cpuhp/23]
root       148     2  0 May02 ?        00:00:00 [idle_inject/23]
root       149     2  0 May02 ?        00:00:01 [migration/23]
root       150     2  0 May02 ?        00:00:00 [ksoftirqd/23]
root       152     2  0 May02 ?        00:00:00 [kworker/23:0H-events_highpri]
root       153     2  0 May02 ?        00:00:00 [cpuhp/24]
root       154     2  0 May02 ?        00:00:00 [idle_inject/24]
root       155     2  0 May02 ?        00:00:01 [migration/24]
root       156     2  0 May02 ?        00:00:00 [ksoftirqd/24]
root       158     2  0 May02 ?        00:00:00 [kworker/24:0H-events_highpri]
root       159     2  0 May02 ?        00:00:00 [cpuhp/25]
root       160     2  0 May02 ?        00:00:00 [idle_inject/25]
root       161     2  0 May02 ?        00:00:01 [migration/25]
root       162     2  0 May02 ?        00:00:00 [ksoftirqd/25]
root       164     2  0 May02 ?        00:00:00 [kworker/25:0H-events_highpri]
root       165     2  0 May02 ?        00:00:00 [cpuhp/26]
root       166     2  0 May02 ?        00:00:00 [idle_inject/26]
root       167     2  0 May02 ?        00:00:01 [migration/26]
root       168     2  0 May02 ?        00:00:02 [ksoftirqd/26]
root       170     2  0 May02 ?        00:00:00 [kworker/26:0H-events_highpri]
root       171     2  0 May02 ?        00:00:00 [cpuhp/27]
root       172     2  0 May02 ?        00:00:00 [idle_inject/27]
root       173     2  0 May02 ?        00:00:01 [migration/27]
root       174     2  0 May02 ?        00:00:00 [ksoftirqd/27]
root       176     2  0 May02 ?        00:00:00 [kworker/27:0H-events_highpri]
root       177     2  0 May02 ?        00:00:00 [cpuhp/28]
root       178     2  0 May02 ?        00:00:00 [idle_inject/28]
root       179     2  0 May02 ?        00:00:01 [migration/28]
root       180     2  0 May02 ?        00:00:02 [ksoftirqd/28]
root       182     2  0 May02 ?        00:00:00 [kworker/28:0H-events_highpri]
root       183     2  0 May02 ?        00:00:00 [cpuhp/29]
root       184     2  0 May02 ?        00:00:00 [idle_inject/29]
root       185     2  0 May02 ?        00:00:01 [migration/29]
root       186     2  0 May02 ?        00:00:00 [ksoftirqd/29]
root       188     2  0 May02 ?        00:00:00 [kworker/29:0H-events_highpri]
root       189     2  0 May02 ?        00:00:00 [cpuhp/30]
root       190     2  0 May02 ?        00:00:00 [idle_inject/30]
root       191     2  0 May02 ?        00:00:01 [migration/30]
root       192     2  0 May02 ?        00:00:00 [ksoftirqd/30]
root       194     2  0 May02 ?        00:00:00 [kworker/30:0H-xfs-log/nvme0n1p1]
root       195     2  0 May02 ?        00:00:00 [cpuhp/31]
root       196     2  0 May02 ?        00:00:00 [idle_inject/31]
root       197     2  0 May02 ?        00:00:01 [migration/31]
root       198     2  0 May02 ?        00:00:00 [ksoftirqd/31]
root       200     2  0 May02 ?        00:00:00 [kworker/31:0H-events_highpri]
root       202     2  0 May02 ?        00:00:00 [kdevtmpfs]
root       203     2  0 May02 ?        00:00:00 [netns]
root       204     2  0 May02 ?        00:00:00 [rcu_tasks_kthre]
root       205     2  0 May02 ?        00:00:00 [kauditd]
root       208     2  0 May02 ?        00:00:02 [kworker/3:1-bmhook_wq]
root       213     2  0 May02 ?        00:00:00 [khungtaskd]
root       214     2  0 May02 ?        00:00:00 [oom_reaper]
root       215     2  0 May02 ?        00:00:00 [writeback]
root       216     2  0 May02 ?        00:00:00 [kcompactd0]
root       217     2  0 May02 ?        00:00:00 [ksmd]
root       271     2  0 May02 ?        00:00:00 [kintegrityd]
root       272     2  0 May02 ?        00:00:00 [kblockd]
root       273     2  0 May02 ?        00:00:00 [blkcg_punt_bio]
root       274     2  0 May02 ?        00:00:00 [tpm_dev_wq]
root       275     2  0 May02 ?        00:00:00 [edac-poller]
root       276     2  0 May02 ?        00:00:00 [devfreq_wq]
root       277     2  0 May02 ?        00:00:00 [watchdogd]
root       282     2  0 May02 ?        00:00:00 [kswapd0]
root       285     2  0 May02 ?        00:00:00 [kthrotld]
root       287     2  0 May02 ?        00:00:00 [ipv6_addrconf]
root       293     2  0 May02 ?        00:00:00 [kstrp]
root       298     2  0 May02 ?        00:00:00 [charger_manager]
root       308     2  0 May02 ?        00:00:04 [kworker/24:1-mm_percpu_wq]
root       355     2  0 12:03 ?        00:00:00 [kworker/30:1-mm_percpu_wq]
root       460     2  0 May02 ?        00:00:00 [ena]
root       472     2  0 May02 ?        00:00:00 [nvme-wq]
root       474     2  0 May02 ?        00:00:00 [nvme-reset-wq]
root       476     2  0 May02 ?        00:00:00 [nvme-delete-wq]
root       517     2  0 May02 ?        00:00:00 [xfsalloc]
root       519     2  0 May02 ?        00:00:00 [xfs_mru_cache]
root       524     2  0 May02 ?        00:00:00 [xfs-buf/nvme0n1]
root       525     2  0 May02 ?        00:00:00 [xfs-conv/nvme0n]
root       526     2  0 May02 ?        00:00:00 [xfs-cil/nvme0n1]
root       528     2  0 May02 ?        00:00:00 [xfs-reclaim/nvm]
root       529     2  0 May02 ?        00:00:00 [xfs-eofblocks/n]
root       530     2  0 May02 ?        00:00:00 [xfs-log/nvme0n1]
root       531     2  0 May02 ?        00:00:50 [xfsaild/nvme0n1]
root       537     2  0 May02 ?        00:00:01 [kworker/30:1H-kblockd]
root       589     2  0 May08 ?        00:00:00 [kworker/19:0-rcu_gp]
root       614     2  0 May02 ?        00:00:00 [kworker/0:1H-kblockd]
root       615     2  0 May02 ?        00:00:00 [kworker/1:1H-kblockd]
root       616     2  0 May02 ?        00:00:00 [kworker/2:1H-kblockd]
root       617     2  0 May02 ?        00:00:01 [kworker/4:1H-kblockd]
root       618     2  0 May02 ?        00:00:00 [kworker/3:1H-kblockd]
root       619     2  0 May02 ?        00:00:01 [kworker/5:1H-xfs-log/dm-7]
root       620     2  0 May02 ?        00:00:00 [kworker/6:1H-xfs-log/dm-6]
root       621     2  0 May02 ?        00:00:00 [kworker/7:1H-kblockd]
root       622     2  0 May02 ?        00:00:00 [kworker/8:1H-kblockd]
root       623     2  0 May02 ?        00:00:00 [kworker/9:1H-kblockd]
root       624     2  0 May02 ?        00:00:00 [kworker/10:1H-kblockd]
root       625     2  0 May02 ?        00:00:00 [kworker/11:1H-kblockd]
root       626     2  0 May02 ?        00:00:01 [kworker/13:1H-xfs-log/dm-7]
root       627     2  0 May02 ?        00:00:00 [kworker/14:1H-kblockd]
root       628     2  0 May02 ?        00:00:00 [kworker/15:1H-kblockd]
root       629     2  0 May02 ?        00:00:01 [kworker/17:1H-xfs-log/dm-3]
root       630     2  0 May02 ?        00:00:00 [kworker/16:1H-kblockd]
root       631     2  0 May02 ?        00:00:00 [kworker/19:1H-kblockd]
root       632     2  0 May02 ?        00:00:00 [kworker/18:1H-kblockd]
root       633     2  0 May02 ?        00:00:02 [kworker/21:1H-xfs-log/dm-2]
root       634     2  0 May02 ?        00:00:00 [kworker/22:1H-kblockd]
root       635     2  0 May02 ?        00:00:00 [kworker/23:1H-kblockd]
root       636     2  0 May02 ?        00:00:01 [kworker/24:1H-xfs-log/dm-4]
root       637     2  0 May02 ?        00:00:00 [kworker/12:1H-kblockd]
root       638     2  0 May02 ?        00:00:00 [kworker/25:1H-kblockd]
root       639     2  0 May02 ?        00:00:00 [kworker/26:1H-kblockd]
root       640     2  0 May02 ?        00:00:00 [kworker/27:1H-kblockd]
root       641     2  0 May02 ?        00:00:00 [kworker/28:1H-kblockd]
root       642     2  0 May02 ?        00:00:01 [kworker/20:1H-kblockd]
root       643     2  0 May02 ?        00:00:02 [kworker/29:1H-xfs-log/dm-2]
root       644     2  0 May02 ?        00:00:00 [kworker/31:1H-kblockd]
root       651     1  0 May02 ?        00:00:08 /usr/lib/systemd/systemd-journald
root       657     1  0 May02 ?        00:04:05 /usr/sbin/haveged -w 1024 -v 0 -F
root       659     1  0 May02 ?        00:00:00 /usr/lib/systemd/systemd-udevd
root       743     2  0 May02 ?        00:00:00 [cryptd]
root       781     2  0 06:45 ?        00:00:00 [kworker/10:1-mm_percpu_wq]
root       811     2  0 May02 ?        00:00:00 [kdmflush]
root       812     2  0 May02 ?        00:00:00 [kdmflush]
root       813     2  0 May02 ?        00:00:00 [kdmflush]
root       814     2  0 May02 ?        00:00:00 [nfit]
root       815     2  0 May02 ?        00:00:00 [kdmflush]
root       816     2  0 May02 ?        00:00:00 [kdmflush]
root       817     2  0 May02 ?        00:00:00 [kdmflush]
root       819     2  0 May02 ?        00:00:00 [kdmflush]
root       820     2  0 May02 ?        00:00:00 [kdmflush]
root       821     2  0 May02 ?        00:00:00 [kdmflush]
root       824     2  0 May02 ?        00:00:00 [kdmflush]
root       855     2  0 May02 ?        00:00:00 [xfs-buf/dm-8]
root       856     2  0 May02 ?        00:00:00 [xfs-conv/dm-8]
root       858     2  0 May02 ?        00:00:00 [xfs-cil/dm-8]
root       859     2  0 May02 ?        00:00:00 [xfs-reclaim/dm-]
root       860     2  0 May02 ?        00:00:00 [xfs-eofblocks/d]
root       861     2  0 May02 ?        00:00:00 [xfs-buf/dm-3]
root       862     2  0 May02 ?        00:00:00 [xfs-conv/dm-3]
root       863     2  0 May02 ?        00:00:00 [xfs-cil/dm-3]
root       864     2  0 May02 ?        00:00:00 [xfs-reclaim/dm-]
root       866     2  0 May02 ?        00:00:00 [xfs-eofblocks/d]
root       867     2  0 May02 ?        00:00:00 [xfs-buf/dm-5]
root       868     2  0 May02 ?        00:00:00 [xfs-conv/dm-5]
root       869     2  0 May02 ?        00:00:00 [xfs-cil/dm-5]
root       871     2  0 May02 ?        00:00:00 [xfs-reclaim/dm-]
root       872     2  0 May02 ?        00:00:00 [xfs-eofblocks/d]
root       873     2  0 May02 ?        00:00:00 [xfs-buf/dm-2]
root       874     2  0 May02 ?        00:00:00 [xfs-conv/dm-2]
root       875     2  0 May02 ?        00:00:00 [xfs-cil/dm-2]
root       876     2  0 May02 ?        00:00:00 [xfs-reclaim/dm-]
root       877     2  0 May02 ?        00:00:00 [xfs-eofblocks/d]
root       878     2  0 May02 ?        00:00:00 [xfs-buf/dm-4]
root       879     2  0 May02 ?        00:00:00 [xfs-conv/dm-4]
root       880     2  0 May02 ?        00:00:00 [xfs-cil/dm-4]
root       882     2  0 May02 ?        00:00:00 [xfs-reclaim/dm-]
root       883     2  0 May02 ?        00:00:00 [xfs-log/dm-8]
root       884     2  0 May02 ?        00:00:00 [xfs-eofblocks/d]
root       885     2  0 May02 ?        00:00:48 [xfsaild/dm-8]
root       886     2  0 May02 ?        00:00:00 [xfs-log/dm-3]
root       887     2  0 May02 ?        00:00:47 [xfsaild/dm-3]
root       888     2  0 May02 ?        00:00:00 [xfs-log/dm-5]
root       889     2  0 May02 ?        00:00:00 [xfsaild/dm-5]
root       890     2  0 May02 ?        00:00:00 [xfs-log/dm-2]
root       891     2  0 May02 ?        00:00:49 [xfsaild/dm-2]
root       892     2  0 May02 ?        00:00:00 [xfs-log/dm-4]
root       893     2  0 May02 ?        00:00:48 [xfsaild/dm-4]
root       896     2  0 May02 ?        00:00:00 [xfs-buf/dm-1]
root       897     2  0 May02 ?        00:00:00 [xfs-conv/dm-1]
root       898     2  0 May02 ?        00:00:00 [xfs-cil/dm-1]
root       899     2  0 May02 ?        00:00:00 [xfs-reclaim/dm-]
root       900     2  0 May02 ?        00:00:00 [xfs-eofblocks/d]
root       901     2  0 May02 ?        00:00:00 [xfs-buf/dm-7]
root       902     2  0 May02 ?        00:00:00 [xfs-conv/dm-7]
root       903     2  0 May02 ?        00:00:00 [xfs-cil/dm-7]
root       904     2  0 May02 ?        00:00:00 [xfs-reclaim/dm-]
root       905     2  0 May02 ?        00:00:00 [xfs-eofblocks/d]
root       906     2  0 May02 ?        00:00:00 [xfs-log/dm-1]
root       907     2  0 May02 ?        00:00:00 [xfsaild/dm-1]
root       908     2  0 May02 ?        00:00:00 [xfs-log/dm-7]
root       909     2  0 May02 ?        00:00:47 [xfsaild/dm-7]
root       913     2  0 May02 ?        00:00:00 [xfs-buf/dm-9]
root       914     2  0 May02 ?        00:00:00 [xfs-conv/dm-9]
root       915     2  0 May02 ?        00:00:00 [xfs-cil/dm-9]
root       916     2  0 May02 ?        00:00:00 [xfs-reclaim/dm-]
root       917     2  0 May02 ?        00:00:00 [xfs-eofblocks/d]
root       923     2  0 May02 ?        00:00:00 [xfs-buf/dm-0]
root       924     2  0 May02 ?        00:00:00 [xfs-conv/dm-0]
root       925     2  0 May02 ?        00:00:00 [xfs-cil/dm-0]
root       926     2  0 May02 ?        00:00:00 [xfs-reclaim/dm-]
root       927     2  0 May02 ?        00:00:00 [xfs-log/dm-9]
root       928     2  0 May02 ?        00:00:00 [xfs-eofblocks/d]
root       929     2  0 May02 ?        00:00:07 [xfsaild/dm-9]
root       932     2  0 May02 ?        00:00:00 [xfs-log/dm-0]
root       933     2  0 May02 ?        00:00:27 [xfsaild/dm-0]
root       943     2  0 May02 ?        00:00:00 [xfs-buf/dm-6]
root       944     2  0 May02 ?        00:00:00 [xfs-conv/dm-6]
root       945     2  0 May02 ?        00:00:00 [xfs-cil/dm-6]
root       946     2  0 May02 ?        00:00:00 [xfs-reclaim/dm-]
root       947     2  0 May02 ?        00:00:00 [xfs-eofblocks/d]
root       948     2  0 May02 ?        00:00:00 [xfs-log/dm-6]
root       949     2  0 May02 ?        00:00:03 [xfsaild/dm-6]
root       958     1  0 May02 ?        00:00:01 /sbin/auditd
root       979     2  0 May02 ?        00:00:00 [audit_prune_tre]
root       998     1  0 May02 ?        00:00:00 /usr/sbin/sssd -i --logger=files
nscd      1000     1  0 May02 ?        00:00:46 /usr/sbin/nscd
root      1004     1  0 May02 ?        00:00:38 /usr/sbin/irqbalance --foreground
message+  1009     1  0 May02 ?        00:00:08 /usr/bin/dbus-daemon --system --address=systemd: --nofork --nopidfile --systemd-activation --syslog-only
root      1098     1  0 May02 ?        00:00:01 /usr/sbin/rsyslogd -n -iNONE
root      1103   998  0 May02 ?        00:00:24 /usr/lib/sssd/sssd_be --domain lambweston.com --uid 0 --gid 0 --logger=files
root      1107   998  0 May02 ?        00:00:09 /usr/lib/sssd/sssd_nss --uid 0 --gid 0 --logger=files
root      1108   998  0 May02 ?        00:00:03 /usr/lib/sssd/sssd_pam --uid 0 --gid 0 --logger=files
root      1109     1  0 May02 ?        00:00:04 /usr/lib/systemd/systemd-logind
root      1150     1  0 May02 ?        00:00:01 /usr/lib/wicked/bin/wickedd-dhcp4 --systemd --foreground
root      1151     1  0 May02 ?        00:00:00 /usr/lib/wicked/bin/wickedd-dhcp6 --systemd --foreground
root      1152     1  0 May02 ?        00:00:00 /usr/lib/wicked/bin/wickedd-auto4 --systemd --foreground
root      1154     1  0 May02 ?        00:00:00 /usr/sbin/wickedd --systemd --foreground
root      1161     1  0 May02 ?        00:00:00 /usr/sbin/wickedd-nanny --systemd --foreground
root      1225     1  0 May02 ?        00:18:26 splunkd -p 8089 start
root      1238  1225  0 May02 ?        00:02:08 [splunkd pid=1225] splunkd -p 8089 start [process-runner]
root      1587     2  0 12:05 ?        00:00:00 [kworker/4:0-events]
root      1633     2  0 May11 ?        00:00:00 [kworker/22:1-mm_percpu_wq]
root      1923     2  0 May09 ?        00:00:00 [kworker/6:2-rcu_par_gp]
root      2098     1  0 May02 ?        00:00:00 /usr/bin/python3 /usr/bin/salt-minion
chrony    2101     1  0 May02 ?        00:00:00 /usr/sbin/chronyd -u chrony
root      2134     1  0 May02 ?        00:00:00 /usr/sbin/cron -n
awsdata   2141     1  0 May02 ?        00:00:00 jsvc.exec -errfile /var/log/aws-dataprovider/jsvcerr.log -jvm server -showversion -pidfile /tmp/aws-dataprovider.pid -cp /usr/local/ec2/aws-dataprovider/lib/installer.jar:/usr/local/ec2/aws-dataprovider/lib/commons-daemon-1.2.4/commons-daemon-1.2.4.jar -Dcom.amazon.aws.aws-dataprovider.proxypath=/usr/local/ec2/aws-dataprovider -Dcom.amazon.aws.aws-dataprovider.access=https://s3.amazonaws.com/aws-sap-data-provider -DisStandaloneVersion=yes com.amazon.aws.dataprovider.AwsDataProvider /usr/local/ec2/aws-dataprovider -vhostmd -LogLevel=INFO
awsdata   2142  2141  0 May02 ?        01:14:00 jsvc.exec -errfile /var/log/aws-dataprovider/jsvcerr.log -jvm server -showversion -pidfile /tmp/aws-dataprovider.pid -cp /usr/local/ec2/aws-dataprovider/lib/installer.jar:/usr/local/ec2/aws-dataprovider/lib/commons-daemon-1.2.4/commons-daemon-1.2.4.jar -Dcom.amazon.aws.aws-dataprovider.proxypath=/usr/local/ec2/aws-dataprovider -Dcom.amazon.aws.aws-dataprovider.access=https://s3.amazonaws.com/aws-sap-data-provider -DisStandaloneVersion=yes com.amazon.aws.dataprovider.AwsDataProvider /usr/local/ec2/aws-dataprovider -vhostmd -LogLevel=INFO
root      2232  2098  0 May02 ?        00:09:31 /usr/bin/python3 /usr/bin/salt-minion
root      2239  2232  0 May02 ?        00:00:00 /usr/bin/python3 /usr/bin/salt-minion
root      2275     1  0 May02 ?        00:01:12 /usr/sbin/amazon-ssm-agent
root      2301     1  0 May02 ?        00:00:00 /usr/sbin/sshd -D
root      2302     2  0 May02 ?        00:00:00 [rpciod]
root      2303     2  0 May02 ?        00:00:00 [xprtiod]
root      2310     2  0 May02 ?        00:00:00 [nfsiod]
root      2328     1  0 May02 ?        00:00:00 /opt/ds_agent/ds_agent -w /var/opt/ds_agent -b -i -e /opt/ds_agent/ext
root      2329  2328  3 May02 ?        08:00:41 /opt/ds_agent/ds_agent -w /var/opt/ds_agent -b -i -e /opt/ds_agent/ext
root      2350     2  0 May02 ?        00:00:00 [NFSv4 callback]
root      2363     1  0 May02 ttyS0    00:00:00 /sbin/agetty -o -p -- \u --keep-baud 115200,38400,9600 ttyS0 vt220
root      2365     1  0 May02 tty1     00:00:00 /sbin/agetty -o -p -- \u --noclear tty1 linux
root      2490     2  0 May10 ?        00:00:00 [kworker/15:1-rcu_gp]
root      2498     2  0 May02 ?        00:01:54 [ds_kproc]
root      2499     2  0 May02 ?        00:00:00 [ds_kmemcg]
root      2512     2  0 May04 ?        00:00:19 [kworker/0:1-mm_percpu_wq]
root      2676     1  0 May02 ?        00:00:16 /usr/sap/hostctrl/exe/saphostexec pf=/usr/sap/hostctrl/exe/host_profile
uuidd     2709     1  0 May02 ?        00:00:01 /usr/sbin/uuidd --socket-activation
sapadm    2768     1  0 May02 ?        00:00:00 /usr/lib/systemd/systemd --user
root      2780  2275  0 May02 ?        00:08:52 /usr/sbin/ssm-agent-worker
sapadm    2786  2768  0 May02 ?        00:00:00 (sd-pam)
hseadm    2809     1  0 May02 ?        00:00:15 /usr/sap/HSE/HDB00/exe/sapstartsrv pf=/usr/sap/HSE/SYS/profile/HSE_HDB00_sapes4db01 -D -u hseadm
sapadm    2821     1  0 May02 ?        00:11:29 /usr/sap/hostctrl/exe/sapstartsrv pf=/usr/sap/hostctrl/exe/host_profile -D
daaadm    2919     1  0 May02 ?        00:00:00 /usr/lib/systemd/systemd --user
root      2937     1  0 May02 ?        00:00:00 /opt/ds_agent/ds_am -g ../diag -v 5 -d /var/opt/ds_agent/am -P 1 -R
daaadm    2959  2919  0 May02 ?        00:00:00 (sd-pam)
root      2980     1  0 May02 ?        00:42:24 /usr/sap/hostctrl/exe/saposcol -l -w60 pf=/usr/sap/hostctrl/exe/host_profile
root      2994     2  0 12:08 ?        00:00:00 [kworker/28:2-mm_percpu_wq]
root      2995     2  0 12:08 ?        00:00:00 [kworker/23:2-mm_percpu_wq]
root      2996     2  0 12:08 ?        00:00:00 [kworker/25:0-mm_percpu_wq]
root      3129     2  0 May02 ?        00:00:03 [kworker/12:2-mm_percpu_wq]
daaadm    3192     1  0 May02 ?        00:00:08 /usr/sap/DAA/SMDA98/exe/sapstartsrv pf=/usr/sap/DAA/SYS/profile/DAA_SMDA98_SAPES4DB01 -D -u daaadm
daaadm    3472     1  0 May02 ?        00:00:00 sapstart pf=/usr/sap/DAA/SYS/profile/DAA_SMDA98_SAPES4DB01
daaadm    3491  3472  0 May02 ?        00:00:01 /usr/sap/DAA/SMDA98/work/jc.sapDAA_SMDA98 pf=/usr/sap/DAA/SYS/profile/DAA_SMDA98_SAPES4DB01
daaadm    3589  3491  0 May02 ?        00:19:47 /usr/sap/DAA/SMDA98/exe/jstart -appTrc -nodeId=0 pf=/usr/sap/DAA/SYS/profile/DAA_SMDA98_SAPES4DB01 -hostvm -nodeName=smdagent -file=/usr/sap/DAA/SMDA98/SMDAgent/smdagent.properties -jvmFile=/usr/sap/DAA/SMDA98/work/jstart.jvm -traceFile=/usr/sap/DAA/SMDA98/work/dev_smdagent -javaOutFile=/usr/sap/DAA/SMDA98/work/jvm_smdagent.out
root      3819     2  0 12:10 ?        00:00:00 [kworker/20:2-mm_percpu_wq]
root      3948     2  0 12:11 ?        00:00:00 [kworker/4:1-mm_percpu_wq]
root      4007  2301  0 12:12 ?        00:00:00 sshd: ASS1060 [priv]
ASS1060   4088     1  0 12:12 ?        00:00:00 /usr/lib/systemd/systemd --user
ASS1060   4089  4088  0 12:12 ?        00:00:00 (sd-pam)
ASS1060   4095  4007  0 12:12 ?        00:00:00 sshd: ASS1060@pts/0
ASS1060   4096  4095  0 12:12 pts/0    00:00:00 -bash
root      4141     2  0 12:12 ?        00:00:00 [kworker/u64:2-xfs-cil/dm-0]
root      4187  4096  0 12:12 pts/0    00:00:00 sudo su -
root      4196  4187  0 12:12 pts/1    00:00:00 sudo su -
root      4197  4196  0 12:12 pts/1    00:00:00 su -
root      4198  4197  0 12:12 pts/1    00:00:00 -bash
root      4511  2937  0 May03 ?        00:36:42 /opt/ds_agent/ds_am -g ../diag -v 5 -d /var/opt/ds_agent/am -P 1 -R
root      4610     2  0 May03 ?        00:00:00 [kworker/26:0-events]
root      4702     2  0 12:12 ?        00:00:00 [kworker/30:0-mm_percpu_wq]
root      4850     2  0 May06 ?        00:00:02 [kworker/9:1-xfs-reclaim/nvme0n1p1]
root      4940     2  0 12:13 ?        00:00:00 [kworker/u64:4-xfs-cil/dm-9]
root      5079     2  0 12:14 ?        00:00:00 [kworker/16:2-xfs-buf/dm-4]
root      5248     2  0 06:56 ?        00:00:00 [kworker/25:2-mm_percpu_wq]
root      5363     2  0 10:55 ?        00:00:00 [kworker/16:0-mm_percpu_wq]
root      5364     2  0 10:55 ?        00:00:00 [kworker/14:0-mm_percpu_wq]
root      5365     2  0 10:55 ?        00:00:00 [kworker/u64:5-xfs-cil/dm-3]
root      5458     2  0 02:54 ?        00:00:00 [kworker/30:2-mm_percpu_wq]
root      5590     2  0 May06 ?        00:00:00 [kworker/13:2]
root      5612     2  0 12:15 ?        00:00:00 [kworker/27:1]
root      6376     2  0 12:16 ?        00:00:00 [kworker/28:1-bmhook_wq]
root      6377     2  0 12:16 ?        00:00:00 [kworker/4:2-mm_percpu_wq]
root      6379  4198  0 12:17 pts/1    00:00:00 -bash
root      6398  6379  0 12:17 pts/1    00:00:00 ps -eaf
root      7286     2  0 May03 ?        00:00:03 [kworker/26:2-events]
root      7852     2  0 09:41 ?        00:00:00 [kworker/10:0-cgroup_destroy]
root      8518     2  0 May08 ?        00:00:01 [kworker/6:0-events_power_efficient]
root      9003     2  0 May06 ?        00:00:12 [kworker/13:0-mm_percpu_wq]
root      9387     2  0 May10 ?        00:00:00 [kworker/19:2-mm_percpu_wq]
root      9549     2  0 01:42 ?        00:00:00 [kworker/15:0-mm_percpu_wq]
root     10070     2  0 May06 ?        00:00:01 [kworker/8:0-mm_percpu_wq]
root     10071     2  0 May06 ?        00:00:00 [kworker/9:0-rcu_gp]
root     10740     2  0 May09 ?        00:00:01 [kworker/3:2-mm_percpu_wq]
root     11590     2  0 May06 ?        00:00:00 [kworker/18:1]
root     15332     2  0 10:00 ?        00:00:00 [kworker/28:0-mm_percpu_wq]
root     15653     2  0 May11 ?        00:00:00 [dio/dm-2]
root     16914     2  0 May11 ?        00:00:00 [kworker/1:1-xfs-reclaim/dm-7]
root     16980     2  0 11:25 ?        00:00:00 [kworker/27:0-mm_percpu_wq]
root     19020     2  0 08:52 ?        00:00:00 [kworker/11:2-xfs-reclaim/dm-8]
root     19991     2  0 10:13 ?        00:00:00 [kworker/23:1-mm_percpu_wq]
root     20101     2  0 04:55 ?        00:00:00 [kworker/u65:0-xprtiod]
root     20412     2  0 07:35 ?        00:00:00 [kworker/u65:1-xprtiod]
root     20866     2  0 May11 ?        00:00:00 [kworker/14:2-bmhook_wq]
root     21483     2  0 00:52 ?        00:00:00 [kworker/7:1-mm_percpu_wq]
root     21749     2  0 May02 ?        00:00:01 [kworker/8:2-rcu_par_gp]
root     21848     2  0 05:00 ?        00:00:00 [kworker/12:1]
root     21917     2  0 May10 ?        00:00:00 [kworker/22:2-rcu_gp]
root     22287     2  0 11:39 ?        00:00:00 [kworker/u64:1-events_unbound]
root     22390     2  0 May06 ?        00:00:00 [kworker/5:1]
root     23014     2  0 May10 ?        00:00:00 [kworker/2:2-mm_percpu_wq]
root     23034     2  0 11:40 ?        00:00:00 [kworker/16:1-xfs-buf/dm-4]
root     23152     2  0 11:41 ?        00:00:00 [kworker/27:2-mm_percpu_wq]
hseadm   23503     1  0 May02 ?        00:00:00 sapstart pf=/usr/sap/HSE/SYS/profile/HSE_HDB00_sapes4db01
hseadm   23510 23503  0 May02 ?        00:01:05 /usr/sap/HSE/HDB00/sapes4db01/trace/hdb.sapHSE_HDB00 -d -nw -f /usr/sap/HSE/HDB00/sapes4db01/daemon.ini pf=/usr/sap/HSE/SYS/profile/HSE_HDB00_sapes4db01
hseadm   23531 23510  1 May02 ?        03:12:50 hdbnameserver
hseadm   23678     1  0 May02 ?        00:00:38 hdbrsutil  --start --port 30001 --volume 1 --volumesuffix mnt00001/hdb00001 --identifier 1651488895
root     23755     2  0 May02 ?        00:00:00 [dio/dm-3]
root     23756     2  0 May02 ?        00:00:00 [dio/dm-7]
root     23782     2  0 May07 ?        00:00:01 [kworker/31:0-mm_percpu_wq]
hseadm   23807 23510  0 May02 ?        00:36:45 hdbcompileserver
hseadm   23810 23510  0 May02 ?        00:59:30 hdbpreprocessor
hseadm   23860 23510  0 May02 ?        02:00:41 hdbdocstore -port 30040
hseadm   23863 23510  0 May02 ?        02:01:28 hdbdpserver -port 30011
hseadm   23866 23510 59 May02 ?        5-22:35:58 hdbindexserver -port 30003
hseadm   23869 23510  0 May02 ?        02:05:52 hdbxsengine -port 30007
root     23947     2  0 May02 ?        00:00:00 bpfilter_umh
hseadm   24667     1  0 May02 ?        00:00:37 hdbrsutil  --start --port 30003 --volume 3 --volumesuffix mnt00001/hdb00003.00003 --identifier 1651488921
root     24739     2  0 03:43 ?        00:00:00 [kworker/17:1-mm_percpu_wq]
hseadm   25890 23510  0 May02 ?        00:36:20 hdbdiserver -port 30025
hseadm   25893 23510  0 May02 ?        00:34:41 hdbwebdispatcher
root     26660     2  0 09:08 ?        00:00:00 [kworker/11:1-mm_percpu_wq]
root     26670     2  0 May11 ?        00:00:00 [kworker/29:1-mm_percpu_wq]
root     26684     2  0 May09 ?        00:00:00 [kworker/0:2]
root     26938     2  0 May05 ?        00:00:04 [kworker/21:1-xfs-conv/dm-2]
root     27116     2  0 May05 ?        00:00:01 [kworker/1:0-rcu_gp]
root     27494     2  0 May11 ?        00:00:00 [dio/dm-5]
root     27875     2  0 May06 ?        00:00:03 [kworker/29:2-xfs-conv/dm-2]
root     28499     2  0 01:08 ?        00:00:00 [kworker/20:1-mm_percpu_wq]
root     29156     2  0 01:09 ?        00:00:00 [kworker/7:0-mm_percpu_wq]
root     30413     2  0 May06 ?        00:00:00 [kworker/24:2]
root     30745     2  0 10:38 ?        00:00:00 [kworker/u64:0-xfs-cil/dm-2]
root     31440     2  0 May04 ?        00:00:00 [kworker/2:0-rcu_gp]
root     31555     2  0 May05 ?        00:00:00 [kworker/31:1-rcu_gp]
root     31856     2  0 12:00 ?        00:00:00 [kworker/17:2-mm_percpu_wq]
root     31966     2  0 12:01 ?        00:00:00 [kworker/u64:3-xfs-cil/dm-2]
root     32356     2  0 May09 ?        00:00:00 [kworker/21:2]
0

[31;43m***** Services; Chkconfig status; CPU/MEM/ *****[0m
amazon-ssm-agent.service               loaded active running amazon-ssm-agent                                                             
apparmor.service                       loaded active exited  Load AppArmor profiles                                                       
auditd.service                         loaded active running Security Auditing Service                                                    
aws-dataprovider.service               loaded active running AWS Data Provider for SAP                                                    
chronyd.service                        loaded active running NTP client/server                                                            
cloud-config.service                   loaded active exited  Apply the settings specified in cloud-config                                 
cloud-final.service                    loaded active exited  Execute cloud user/final scripts                                             
cloud-init-local.service               loaded active exited  Initial cloud-init job (pre-networking)                                      
cloud-init.service                     loaded active exited  Initial cloud-init job (metadata service crawler)                            
cron.service                           loaded active running Command Scheduler                                                            
dbus.service                           loaded active running D-Bus System Message Bus                                                     
detect-part-label-duplicates.service   loaded active exited  Detect if the system suffers from bsc#1089761                                
dracut-shutdown.service                loaded active exited  Restore /run/initramfs on shutdown                                           
ds_agent.service                       loaded active running Trend Micro Deep Security Agent                                              
getty@tty1.service                     loaded active running Getty on tty1                                                                
haveged.service                        loaded active running Entropy Daemon based on the HAVEGE algorithm                                 
irqbalance.service                     loaded active running irqbalance daemon                                                            
iscsi.service                          loaded active exited  Login and scanning of iSCSI devices                                          
jexec.service                          loaded active exited  LSB: Supports the direct execution of binary formats.                        
kbdsettings.service                    loaded active exited  Apply settings from /etc/sysconfig/keyboard                                  
klog.service                           loaded active exited  Early Kernel Boot Messages                                                   
kmod-static-nodes.service              loaded active exited  Create list of required static device nodes for the current kernel           
lvm2-monitor.service                   loaded active exited  Monitoring of LVM2 mirrors, snapshots etc. using dmeventd or progress polling
lvm2-pvscan@259:0.service              loaded active exited  LVM event activation on device 259:0                                         
lvm2-pvscan@259:1.service              loaded active exited  LVM event activation on device 259:1                                         
lvm2-pvscan@259:10.service             loaded active exited  LVM event activation on device 259:10                                        
lvm2-pvscan@259:11.service             loaded active exited  LVM event activation on device 259:11                                        
lvm2-pvscan@259:12.service             loaded active exited  LVM event activation on device 259:12                                        
lvm2-pvscan@259:13.service             loaded active exited  LVM event activation on device 259:13                                        
lvm2-pvscan@259:3.service              loaded active exited  LVM event activation on device 259:3                                         
lvm2-pvscan@259:4.service              loaded active exited  LVM event activation on device 259:4                                         
lvm2-pvscan@259:7.service              loaded active exited  LVM event activation on device 259:7                                         
lvm2-pvscan@259:8.service              loaded active exited  LVM event activation on device 259:8                                         
nscd.service                           loaded active running Name Service Cache Daemon                                                    
rsyslog.service                        loaded active running System Logging Service                                                       
salt-minion.service                    loaded active running The Salt Minion                                                              
sapinit.service                        loaded active running LSB: Start the sapstartsrv                                                   
saptune.service                        loaded active exited  Optimise system for running SAP workloads                                    
serial-getty@ttyS0.service             loaded active running Serial Getty on ttyS0                                                        
splunk.service                         loaded active running SYSV: Splunk indexer service                                                 
sshd.service                           loaded active running OpenSSH Daemon                                                               
sssd.service                           loaded active running System Security Services Daemon                                              
sysstat.service                        loaded active exited  Write information about system start to sysstat log                          
systemd-journal-catalog-update.service loaded active exited  Rebuild Journal Catalog                                                      
systemd-journal-flush.service          loaded active exited  Flush Journal to Persistent Storage                                          
systemd-journald.service               loaded active running Journal Service                                                              
systemd-logind.service                 loaded active running Login Service                                                                
systemd-modules-load.service           loaded active exited  Load Kernel Modules                                                          
systemd-random-seed.service            loaded active exited  Load/Save Random Seed                                                        
systemd-remount-fs.service             loaded active exited  Remount Root and Kernel File Systems                                         
systemd-sysctl.service                 loaded active exited  Apply Kernel Variables                                                       
systemd-tmpfiles-setup-dev.service     loaded active exited  Create Static Device Nodes in /dev                                           
systemd-tmpfiles-setup.service         loaded active exited  Create Volatile Files and Directories                                        
systemd-udev-settle.service            loaded active exited  udev Wait for Complete Device Initialization                                 
systemd-udev-trigger.service           loaded active exited  udev Coldplug all Devices                                                    
systemd-udevd.service                  loaded active running udev Kernel Device Manager                                                   
systemd-update-done.service            loaded active exited  Update is Completed                                                          
systemd-update-utmp.service            loaded active exited  Update UTMP about System Boot/Shutdown                                       
systemd-user-sessions.service          loaded active exited  Permit User Sessions                                                         
systemd-vconsole-setup.service         loaded failed failed  Setup Virtual Console                                                        
user-runtime-dir@1725062210.service    loaded active exited  User Runtime Directory /run/user/1725062210                                  
user-runtime-dir@3000.service          loaded active exited  User Runtime Directory /run/user/3000                                        
user-runtime-dir@4000.service          loaded active exited  User Runtime Directory /run/user/4000                                        
user-runtime-dir@473.service           loaded active exited  User Runtime Directory /run/user/473                                         
user@1725062210.service                loaded active running User Manager for UID 1725062210                                              
user@3000.service                      loaded failed failed  User Manager for UID 3000                                                    
user@4000.service                      loaded active running User Manager for UID 4000                                                    
user@473.service                       loaded active running User Manager for UID 473                                                     
uuidd.service                          loaded active running Daemon for generating UUIDs                                                  
wicked.service                         loaded active exited  wicked managed network interfaces                                            
wickedd-auto4.service                  loaded active running wicked AutoIPv4 supplicant service                                           
wickedd-dhcp4.service                  loaded active running wicked DHCPv4 supplicant service                                             
wickedd-dhcp6.service                  loaded active running wicked DHCPv6 supplicant service                                             
wickedd-nanny.service                  loaded active running wicked network nanny service                                                 
wickedd.service                        loaded active running wicked network management service daemon                                     
jexec                     0:off  1:on   2:on   3:on   4:on   5:on   6:off
sapinit                   0:off  1:off  2:off  3:on   4:off  5:on   6:off
splunk                    0:off  1:off  2:on   3:on   4:off  5:on   6:off
processor	: 0
vendor_id	: GenuineIntel
cpu family	: 6
model		: 106
model name	: Intel(R) Xeon(R) Platinum 8375C CPU @ 2.90GHz
stepping	: 6
microcode	: 0xd000331
cpu MHz		: 3499.980
cache size	: 55296 KB
physical id	: 0
siblings	: 32
core id		: 0
cpu cores	: 16
apicid		: 0
initial apicid	: 0
fpu		: yes
fpu_exception	: yes
cpuid level	: 27
wp		: yes
flags		: fpu vme de pse tsc msr pae mce cx8 apic sep mtrr pge mca cmov pat pse36 clflush mmx fxsr sse sse2 ss ht syscall nx pdpe1gb rdtscp lm constant_tsc rep_good nopl xtopology nonstop_tsc cpuid aperfmperf tsc_known_freq pni pclmulqdq ssse3 fma cx16 pcid sse4_1 sse4_2 x2apic movbe popcnt tsc_deadline_timer aes xsave avx f16c rdrand hypervisor lahf_lm abm 3dnowprefetch invpcid_single ssbd ibrs ibpb stibp ibrs_enhanced fsgsbase tsc_adjust bmi1 avx2 smep bmi2 erms invpcid avx512f avx512dq rdseed adx smap avx512ifma clflushopt clwb avx512cd sha_ni avx512bw avx512vl xsaveopt xsavec xgetbv1 xsaves wbnoinvd ida arat avx512vbmi pku ospke avx512_vbmi2 gfni vaes vpclmulqdq avx512_vnni avx512_bitalg tme avx512_vpopcntdq rdpid md_clear flush_l1d arch_capabilities
bugs		: spectre_v1 spectre_v2 spec_store_bypass swapgs
bogomips	: 5799.96
clflush size	: 64
cache_alignment	: 64
address sizes	: 46 bits physical, 48 bits virtual
power management:

processor	: 1
vendor_id	: GenuineIntel
cpu family	: 6
model		: 106
model name	: Intel(R) Xeon(R) Platinum 8375C CPU @ 2.90GHz
stepping	: 6
microcode	: 0xd000331
cpu MHz		: 3501.699
cache size	: 55296 KB
physical id	: 0
siblings	: 32
core id		: 1
cpu cores	: 16
apicid		: 2
initial apicid	: 2
fpu		: yes
fpu_exception	: yes
cpuid level	: 27
wp		: yes
flags		: fpu vme de pse tsc msr pae mce cx8 apic sep mtrr pge mca cmov pat pse36 clflush mmx fxsr sse sse2 ss ht syscall nx pdpe1gb rdtscp lm constant_tsc rep_good nopl xtopology nonstop_tsc cpuid aperfmperf tsc_known_freq pni pclmulqdq ssse3 fma cx16 pcid sse4_1 sse4_2 x2apic movbe popcnt tsc_deadline_timer aes xsave avx f16c rdrand hypervisor lahf_lm abm 3dnowprefetch invpcid_single ssbd ibrs ibpb stibp ibrs_enhanced fsgsbase tsc_adjust bmi1 avx2 smep bmi2 erms invpcid avx512f avx512dq rdseed adx smap avx512ifma clflushopt clwb avx512cd sha_ni avx512bw avx512vl xsaveopt xsavec xgetbv1 xsaves wbnoinvd ida arat avx512vbmi pku ospke avx512_vbmi2 gfni vaes vpclmulqdq avx512_vnni avx512_bitalg tme avx512_vpopcntdq rdpid md_clear flush_l1d arch_capabilities
bugs		: spectre_v1 spectre_v2 spec_store_bypass swapgs
bogomips	: 5799.96
clflush size	: 64
cache_alignment	: 64
address sizes	: 46 bits physical, 48 bits virtual
power management:

processor	: 2
vendor_id	: GenuineIntel
cpu family	: 6
model		: 106
model name	: Intel(R) Xeon(R) Platinum 8375C CPU @ 2.90GHz
stepping	: 6
microcode	: 0xd000331
cpu MHz		: 3499.207
cache size	: 55296 KB
physical id	: 0
siblings	: 32
core id		: 2
cpu cores	: 16
apicid		: 4
initial apicid	: 4
fpu		: yes
fpu_exception	: yes
cpuid level	: 27
wp		: yes
flags		: fpu vme de pse tsc msr pae mce cx8 apic sep mtrr pge mca cmov pat pse36 clflush mmx fxsr sse sse2 ss ht syscall nx pdpe1gb rdtscp lm constant_tsc rep_good nopl xtopology nonstop_tsc cpuid aperfmperf tsc_known_freq pni pclmulqdq ssse3 fma cx16 pcid sse4_1 sse4_2 x2apic movbe popcnt tsc_deadline_timer aes xsave avx f16c rdrand hypervisor lahf_lm abm 3dnowprefetch invpcid_single ssbd ibrs ibpb stibp ibrs_enhanced fsgsbase tsc_adjust bmi1 avx2 smep bmi2 erms invpcid avx512f avx512dq rdseed adx smap avx512ifma clflushopt clwb avx512cd sha_ni avx512bw avx512vl xsaveopt xsavec xgetbv1 xsaves wbnoinvd ida arat avx512vbmi pku ospke avx512_vbmi2 gfni vaes vpclmulqdq avx512_vnni avx512_bitalg tme avx512_vpopcntdq rdpid md_clear flush_l1d arch_capabilities
bugs		: spectre_v1 spectre_v2 spec_store_bypass swapgs
bogomips	: 5799.96
clflush size	: 64
cache_alignment	: 64
address sizes	: 46 bits physical, 48 bits virtual
power management:

processor	: 3
vendor_id	: GenuineIntel
cpu family	: 6
model		: 106
model name	: Intel(R) Xeon(R) Platinum 8375C CPU @ 2.90GHz
stepping	: 6
microcode	: 0xd000331
cpu MHz		: 3499.472
cache size	: 55296 KB
physical id	: 0
siblings	: 32
core id		: 3
cpu cores	: 16
apicid		: 6
initial apicid	: 6
fpu		: yes
fpu_exception	: yes
cpuid level	: 27
wp		: yes
flags		: fpu vme de pse tsc msr pae mce cx8 apic sep mtrr pge mca cmov pat pse36 clflush mmx fxsr sse sse2 ss ht syscall nx pdpe1gb rdtscp lm constant_tsc rep_good nopl xtopology nonstop_tsc cpuid aperfmperf tsc_known_freq pni pclmulqdq ssse3 fma cx16 pcid sse4_1 sse4_2 x2apic movbe popcnt tsc_deadline_timer aes xsave avx f16c rdrand hypervisor lahf_lm abm 3dnowprefetch invpcid_single ssbd ibrs ibpb stibp ibrs_enhanced fsgsbase tsc_adjust bmi1 avx2 smep bmi2 erms invpcid avx512f avx512dq rdseed adx smap avx512ifma clflushopt clwb avx512cd sha_ni avx512bw avx512vl xsaveopt xsavec xgetbv1 xsaves wbnoinvd ida arat avx512vbmi pku ospke avx512_vbmi2 gfni vaes vpclmulqdq avx512_vnni avx512_bitalg tme avx512_vpopcntdq rdpid md_clear flush_l1d arch_capabilities
bugs		: spectre_v1 spectre_v2 spec_store_bypass swapgs
bogomips	: 5799.96
clflush size	: 64
cache_alignment	: 64
address sizes	: 46 bits physical, 48 bits virtual
power management:

processor	: 4
vendor_id	: GenuineIntel
cpu family	: 6
model		: 106
model name	: Intel(R) Xeon(R) Platinum 8375C CPU @ 2.90GHz
stepping	: 6
microcode	: 0xd000331
cpu MHz		: 3500.339
cache size	: 55296 KB
physical id	: 0
siblings	: 32
core id		: 4
cpu cores	: 16
apicid		: 8
initial apicid	: 8
fpu		: yes
fpu_exception	: yes
cpuid level	: 27
wp		: yes
flags		: fpu vme de pse tsc msr pae mce cx8 apic sep mtrr pge mca cmov pat pse36 clflush mmx fxsr sse sse2 ss ht syscall nx pdpe1gb rdtscp lm constant_tsc rep_good nopl xtopology nonstop_tsc cpuid aperfmperf tsc_known_freq pni pclmulqdq ssse3 fma cx16 pcid sse4_1 sse4_2 x2apic movbe popcnt tsc_deadline_timer aes xsave avx f16c rdrand hypervisor lahf_lm abm 3dnowprefetch invpcid_single ssbd ibrs ibpb stibp ibrs_enhanced fsgsbase tsc_adjust bmi1 avx2 smep bmi2 erms invpcid avx512f avx512dq rdseed adx smap avx512ifma clflushopt clwb avx512cd sha_ni avx512bw avx512vl xsaveopt xsavec xgetbv1 xsaves wbnoinvd ida arat avx512vbmi pku ospke avx512_vbmi2 gfni vaes vpclmulqdq avx512_vnni avx512_bitalg tme avx512_vpopcntdq rdpid md_clear flush_l1d arch_capabilities
bugs		: spectre_v1 spectre_v2 spec_store_bypass swapgs
bogomips	: 5799.96
clflush size	: 64
cache_alignment	: 64
address sizes	: 46 bits physical, 48 bits virtual
power management:

processor	: 5
vendor_id	: GenuineIntel
cpu family	: 6
model		: 106
model name	: Intel(R) Xeon(R) Platinum 8375C CPU @ 2.90GHz
stepping	: 6
microcode	: 0xd000331
cpu MHz		: 3498.569
cache size	: 55296 KB
physical id	: 0
siblings	: 32
core id		: 5
cpu cores	: 16
apicid		: 10
initial apicid	: 10
fpu		: yes
fpu_exception	: yes
cpuid level	: 27
wp		: yes
flags		: fpu vme de pse tsc msr pae mce cx8 apic sep mtrr pge mca cmov pat pse36 clflush mmx fxsr sse sse2 ss ht syscall nx pdpe1gb rdtscp lm constant_tsc rep_good nopl xtopology nonstop_tsc cpuid aperfmperf tsc_known_freq pni pclmulqdq ssse3 fma cx16 pcid sse4_1 sse4_2 x2apic movbe popcnt tsc_deadline_timer aes xsave avx f16c rdrand hypervisor lahf_lm abm 3dnowprefetch invpcid_single ssbd ibrs ibpb stibp ibrs_enhanced fsgsbase tsc_adjust bmi1 avx2 smep bmi2 erms invpcid avx512f avx512dq rdseed adx smap avx512ifma clflushopt clwb avx512cd sha_ni avx512bw avx512vl xsaveopt xsavec xgetbv1 xsaves wbnoinvd ida arat avx512vbmi pku ospke avx512_vbmi2 gfni vaes vpclmulqdq avx512_vnni avx512_bitalg tme avx512_vpopcntdq rdpid md_clear flush_l1d arch_capabilities
bugs		: spectre_v1 spectre_v2 spec_store_bypass swapgs
bogomips	: 5799.96
clflush size	: 64
cache_alignment	: 64
address sizes	: 46 bits physical, 48 bits virtual
power management:

processor	: 6
vendor_id	: GenuineIntel
cpu family	: 6
model		: 106
model name	: Intel(R) Xeon(R) Platinum 8375C CPU @ 2.90GHz
stepping	: 6
microcode	: 0xd000331
cpu MHz		: 3499.070
cache size	: 55296 KB
physical id	: 0
siblings	: 32
core id		: 6
cpu cores	: 16
apicid		: 12
initial apicid	: 12
fpu		: yes
fpu_exception	: yes
cpuid level	: 27
wp		: yes
flags		: fpu vme de pse tsc msr pae mce cx8 apic sep mtrr pge mca cmov pat pse36 clflush mmx fxsr sse sse2 ss ht syscall nx pdpe1gb rdtscp lm constant_tsc rep_good nopl xtopology nonstop_tsc cpuid aperfmperf tsc_known_freq pni pclmulqdq ssse3 fma cx16 pcid sse4_1 sse4_2 x2apic movbe popcnt tsc_deadline_timer aes xsave avx f16c rdrand hypervisor lahf_lm abm 3dnowprefetch invpcid_single ssbd ibrs ibpb stibp ibrs_enhanced fsgsbase tsc_adjust bmi1 avx2 smep bmi2 erms invpcid avx512f avx512dq rdseed adx smap avx512ifma clflushopt clwb avx512cd sha_ni avx512bw avx512vl xsaveopt xsavec xgetbv1 xsaves wbnoinvd ida arat avx512vbmi pku ospke avx512_vbmi2 gfni vaes vpclmulqdq avx512_vnni avx512_bitalg tme avx512_vpopcntdq rdpid md_clear flush_l1d arch_capabilities
bugs		: spectre_v1 spectre_v2 spec_store_bypass swapgs
bogomips	: 5799.96
clflush size	: 64
cache_alignment	: 64
address sizes	: 46 bits physical, 48 bits virtual
power management:

processor	: 7
vendor_id	: GenuineIntel
cpu family	: 6
model		: 106
model name	: Intel(R) Xeon(R) Platinum 8375C CPU @ 2.90GHz
stepping	: 6
microcode	: 0xd000331
cpu MHz		: 3498.044
cache size	: 55296 KB
physical id	: 0
siblings	: 32
core id		: 7
cpu cores	: 16
apicid		: 14
initial apicid	: 14
fpu		: yes
fpu_exception	: yes
cpuid level	: 27
wp		: yes
flags		: fpu vme de pse tsc msr pae mce cx8 apic sep mtrr pge mca cmov pat pse36 clflush mmx fxsr sse sse2 ss ht syscall nx pdpe1gb rdtscp lm constant_tsc rep_good nopl xtopology nonstop_tsc cpuid aperfmperf tsc_known_freq pni pclmulqdq ssse3 fma cx16 pcid sse4_1 sse4_2 x2apic movbe popcnt tsc_deadline_timer aes xsave avx f16c rdrand hypervisor lahf_lm abm 3dnowprefetch invpcid_single ssbd ibrs ibpb stibp ibrs_enhanced fsgsbase tsc_adjust bmi1 avx2 smep bmi2 erms invpcid avx512f avx512dq rdseed adx smap avx512ifma clflushopt clwb avx512cd sha_ni avx512bw avx512vl xsaveopt xsavec xgetbv1 xsaves wbnoinvd ida arat avx512vbmi pku ospke avx512_vbmi2 gfni vaes vpclmulqdq avx512_vnni avx512_bitalg tme avx512_vpopcntdq rdpid md_clear flush_l1d arch_capabilities
bugs		: spectre_v1 spectre_v2 spec_store_bypass swapgs
bogomips	: 5799.96
clflush size	: 64
cache_alignment	: 64
address sizes	: 46 bits physical, 48 bits virtual
power management:

processor	: 8
vendor_id	: GenuineIntel
cpu family	: 6
model		: 106
model name	: Intel(R) Xeon(R) Platinum 8375C CPU @ 2.90GHz
stepping	: 6
microcode	: 0xd000331
cpu MHz		: 3499.583
cache size	: 55296 KB
physical id	: 0
siblings	: 32
core id		: 8
cpu cores	: 16
apicid		: 16
initial apicid	: 16
fpu		: yes
fpu_exception	: yes
cpuid level	: 27
wp		: yes
flags		: fpu vme de pse tsc msr pae mce cx8 apic sep mtrr pge mca cmov pat pse36 clflush mmx fxsr sse sse2 ss ht syscall nx pdpe1gb rdtscp lm constant_tsc rep_good nopl xtopology nonstop_tsc cpuid aperfmperf tsc_known_freq pni pclmulqdq ssse3 fma cx16 pcid sse4_1 sse4_2 x2apic movbe popcnt tsc_deadline_timer aes xsave avx f16c rdrand hypervisor lahf_lm abm 3dnowprefetch invpcid_single ssbd ibrs ibpb stibp ibrs_enhanced fsgsbase tsc_adjust bmi1 avx2 smep bmi2 erms invpcid avx512f avx512dq rdseed adx smap avx512ifma clflushopt clwb avx512cd sha_ni avx512bw avx512vl xsaveopt xsavec xgetbv1 xsaves wbnoinvd ida arat avx512vbmi pku ospke avx512_vbmi2 gfni vaes vpclmulqdq avx512_vnni avx512_bitalg tme avx512_vpopcntdq rdpid md_clear flush_l1d arch_capabilities
bugs		: spectre_v1 spectre_v2 spec_store_bypass swapgs
bogomips	: 5799.96
clflush size	: 64
cache_alignment	: 64
address sizes	: 46 bits physical, 48 bits virtual
power management:

processor	: 9
vendor_id	: GenuineIntel
cpu family	: 6
model		: 106
model name	: Intel(R) Xeon(R) Platinum 8375C CPU @ 2.90GHz
stepping	: 6
microcode	: 0xd000331
cpu MHz		: 3502.197
cache size	: 55296 KB
physical id	: 0
siblings	: 32
core id		: 9
cpu cores	: 16
apicid		: 18
initial apicid	: 18
fpu		: yes
fpu_exception	: yes
cpuid level	: 27
wp		: yes
flags		: fpu vme de pse tsc msr pae mce cx8 apic sep mtrr pge mca cmov pat pse36 clflush mmx fxsr sse sse2 ss ht syscall nx pdpe1gb rdtscp lm constant_tsc rep_good nopl xtopology nonstop_tsc cpuid aperfmperf tsc_known_freq pni pclmulqdq ssse3 fma cx16 pcid sse4_1 sse4_2 x2apic movbe popcnt tsc_deadline_timer aes xsave avx f16c rdrand hypervisor lahf_lm abm 3dnowprefetch invpcid_single ssbd ibrs ibpb stibp ibrs_enhanced fsgsbase tsc_adjust bmi1 avx2 smep bmi2 erms invpcid avx512f avx512dq rdseed adx smap avx512ifma clflushopt clwb avx512cd sha_ni avx512bw avx512vl xsaveopt xsavec xgetbv1 xsaves wbnoinvd ida arat avx512vbmi pku ospke avx512_vbmi2 gfni vaes vpclmulqdq avx512_vnni avx512_bitalg tme avx512_vpopcntdq rdpid md_clear flush_l1d arch_capabilities
bugs		: spectre_v1 spectre_v2 spec_store_bypass swapgs
bogomips	: 5799.96
clflush size	: 64
cache_alignment	: 64
address sizes	: 46 bits physical, 48 bits virtual
power management:

processor	: 10
vendor_id	: GenuineIntel
cpu family	: 6
model		: 106
model name	: Intel(R) Xeon(R) Platinum 8375C CPU @ 2.90GHz
stepping	: 6
microcode	: 0xd000331
cpu MHz		: 3499.475
cache size	: 55296 KB
physical id	: 0
siblings	: 32
core id		: 10
cpu cores	: 16
apicid		: 20
initial apicid	: 20
fpu		: yes
fpu_exception	: yes
cpuid level	: 27
wp		: yes
flags		: fpu vme de pse tsc msr pae mce cx8 apic sep mtrr pge mca cmov pat pse36 clflush mmx fxsr sse sse2 ss ht syscall nx pdpe1gb rdtscp lm constant_tsc rep_good nopl xtopology nonstop_tsc cpuid aperfmperf tsc_known_freq pni pclmulqdq ssse3 fma cx16 pcid sse4_1 sse4_2 x2apic movbe popcnt tsc_deadline_timer aes xsave avx f16c rdrand hypervisor lahf_lm abm 3dnowprefetch invpcid_single ssbd ibrs ibpb stibp ibrs_enhanced fsgsbase tsc_adjust bmi1 avx2 smep bmi2 erms invpcid avx512f avx512dq rdseed adx smap avx512ifma clflushopt clwb avx512cd sha_ni avx512bw avx512vl xsaveopt xsavec xgetbv1 xsaves wbnoinvd ida arat avx512vbmi pku ospke avx512_vbmi2 gfni vaes vpclmulqdq avx512_vnni avx512_bitalg tme avx512_vpopcntdq rdpid md_clear flush_l1d arch_capabilities
bugs		: spectre_v1 spectre_v2 spec_store_bypass swapgs
bogomips	: 5799.96
clflush size	: 64
cache_alignment	: 64
address sizes	: 46 bits physical, 48 bits virtual
power management:

processor	: 11
vendor_id	: GenuineIntel
cpu family	: 6
model		: 106
model name	: Intel(R) Xeon(R) Platinum 8375C CPU @ 2.90GHz
stepping	: 6
microcode	: 0xd000331
cpu MHz		: 3501.344
cache size	: 55296 KB
physical id	: 0
siblings	: 32
core id		: 11
cpu cores	: 16
apicid		: 22
initial apicid	: 22
fpu		: yes
fpu_exception	: yes
cpuid level	: 27
wp		: yes
flags		: fpu vme de pse tsc msr pae mce cx8 apic sep mtrr pge mca cmov pat pse36 clflush mmx fxsr sse sse2 ss ht syscall nx pdpe1gb rdtscp lm constant_tsc rep_good nopl xtopology nonstop_tsc cpuid aperfmperf tsc_known_freq pni pclmulqdq ssse3 fma cx16 pcid sse4_1 sse4_2 x2apic movbe popcnt tsc_deadline_timer aes xsave avx f16c rdrand hypervisor lahf_lm abm 3dnowprefetch invpcid_single ssbd ibrs ibpb stibp ibrs_enhanced fsgsbase tsc_adjust bmi1 avx2 smep bmi2 erms invpcid avx512f avx512dq rdseed adx smap avx512ifma clflushopt clwb avx512cd sha_ni avx512bw avx512vl xsaveopt xsavec xgetbv1 xsaves wbnoinvd ida arat avx512vbmi pku ospke avx512_vbmi2 gfni vaes vpclmulqdq avx512_vnni avx512_bitalg tme avx512_vpopcntdq rdpid md_clear flush_l1d arch_capabilities
bugs		: spectre_v1 spectre_v2 spec_store_bypass swapgs
bogomips	: 5799.96
clflush size	: 64
cache_alignment	: 64
address sizes	: 46 bits physical, 48 bits virtual
power management:

processor	: 12
vendor_id	: GenuineIntel
cpu family	: 6
model		: 106
model name	: Intel(R) Xeon(R) Platinum 8375C CPU @ 2.90GHz
stepping	: 6
microcode	: 0xd000331
cpu MHz		: 3501.278
cache size	: 55296 KB
physical id	: 0
siblings	: 32
core id		: 12
cpu cores	: 16
apicid		: 24
initial apicid	: 24
fpu		: yes
fpu_exception	: yes
cpuid level	: 27
wp		: yes
flags		: fpu vme de pse tsc msr pae mce cx8 apic sep mtrr pge mca cmov pat pse36 clflush mmx fxsr sse sse2 ss ht syscall nx pdpe1gb rdtscp lm constant_tsc rep_good nopl xtopology nonstop_tsc cpuid aperfmperf tsc_known_freq pni pclmulqdq ssse3 fma cx16 pcid sse4_1 sse4_2 x2apic movbe popcnt tsc_deadline_timer aes xsave avx f16c rdrand hypervisor lahf_lm abm 3dnowprefetch invpcid_single ssbd ibrs ibpb stibp ibrs_enhanced fsgsbase tsc_adjust bmi1 avx2 smep bmi2 erms invpcid avx512f avx512dq rdseed adx smap avx512ifma clflushopt clwb avx512cd sha_ni avx512bw avx512vl xsaveopt xsavec xgetbv1 xsaves wbnoinvd ida arat avx512vbmi pku ospke avx512_vbmi2 gfni vaes vpclmulqdq avx512_vnni avx512_bitalg tme avx512_vpopcntdq rdpid md_clear flush_l1d arch_capabilities
bugs		: spectre_v1 spectre_v2 spec_store_bypass swapgs
bogomips	: 5799.96
clflush size	: 64
cache_alignment	: 64
address sizes	: 46 bits physical, 48 bits virtual
power management:

processor	: 13
vendor_id	: GenuineIntel
cpu family	: 6
model		: 106
model name	: Intel(R) Xeon(R) Platinum 8375C CPU @ 2.90GHz
stepping	: 6
microcode	: 0xd000331
cpu MHz		: 3502.062
cache size	: 55296 KB
physical id	: 0
siblings	: 32
core id		: 13
cpu cores	: 16
apicid		: 26
initial apicid	: 26
fpu		: yes
fpu_exception	: yes
cpuid level	: 27
wp		: yes
flags		: fpu vme de pse tsc msr pae mce cx8 apic sep mtrr pge mca cmov pat pse36 clflush mmx fxsr sse sse2 ss ht syscall nx pdpe1gb rdtscp lm constant_tsc rep_good nopl xtopology nonstop_tsc cpuid aperfmperf tsc_known_freq pni pclmulqdq ssse3 fma cx16 pcid sse4_1 sse4_2 x2apic movbe popcnt tsc_deadline_timer aes xsave avx f16c rdrand hypervisor lahf_lm abm 3dnowprefetch invpcid_single ssbd ibrs ibpb stibp ibrs_enhanced fsgsbase tsc_adjust bmi1 avx2 smep bmi2 erms invpcid avx512f avx512dq rdseed adx smap avx512ifma clflushopt clwb avx512cd sha_ni avx512bw avx512vl xsaveopt xsavec xgetbv1 xsaves wbnoinvd ida arat avx512vbmi pku ospke avx512_vbmi2 gfni vaes vpclmulqdq avx512_vnni avx512_bitalg tme avx512_vpopcntdq rdpid md_clear flush_l1d arch_capabilities
bugs		: spectre_v1 spectre_v2 spec_store_bypass swapgs
bogomips	: 5799.96
clflush size	: 64
cache_alignment	: 64
address sizes	: 46 bits physical, 48 bits virtual
power management:

processor	: 14
vendor_id	: GenuineIntel
cpu family	: 6
model		: 106
model name	: Intel(R) Xeon(R) Platinum 8375C CPU @ 2.90GHz
stepping	: 6
microcode	: 0xd000331
cpu MHz		: 3503.046
cache size	: 55296 KB
physical id	: 0
siblings	: 32
core id		: 14
cpu cores	: 16
apicid		: 28
initial apicid	: 28
fpu		: yes
fpu_exception	: yes
cpuid level	: 27
wp		: yes
flags		: fpu vme de pse tsc msr pae mce cx8 apic sep mtrr pge mca cmov pat pse36 clflush mmx fxsr sse sse2 ss ht syscall nx pdpe1gb rdtscp lm constant_tsc rep_good nopl xtopology nonstop_tsc cpuid aperfmperf tsc_known_freq pni pclmulqdq ssse3 fma cx16 pcid sse4_1 sse4_2 x2apic movbe popcnt tsc_deadline_timer aes xsave avx f16c rdrand hypervisor lahf_lm abm 3dnowprefetch invpcid_single ssbd ibrs ibpb stibp ibrs_enhanced fsgsbase tsc_adjust bmi1 avx2 smep bmi2 erms invpcid avx512f avx512dq rdseed adx smap avx512ifma clflushopt clwb avx512cd sha_ni avx512bw avx512vl xsaveopt xsavec xgetbv1 xsaves wbnoinvd ida arat avx512vbmi pku ospke avx512_vbmi2 gfni vaes vpclmulqdq avx512_vnni avx512_bitalg tme avx512_vpopcntdq rdpid md_clear flush_l1d arch_capabilities
bugs		: spectre_v1 spectre_v2 spec_store_bypass swapgs
bogomips	: 5799.96
clflush size	: 64
cache_alignment	: 64
address sizes	: 46 bits physical, 48 bits virtual
power management:

processor	: 15
vendor_id	: GenuineIntel
cpu family	: 6
model		: 106
model name	: Intel(R) Xeon(R) Platinum 8375C CPU @ 2.90GHz
stepping	: 6
microcode	: 0xd000331
cpu MHz		: 3500.650
cache size	: 55296 KB
physical id	: 0
siblings	: 32
core id		: 15
cpu cores	: 16
apicid		: 30
initial apicid	: 30
fpu		: yes
fpu_exception	: yes
cpuid level	: 27
wp		: yes
flags		: fpu vme de pse tsc msr pae mce cx8 apic sep mtrr pge mca cmov pat pse36 clflush mmx fxsr sse sse2 ss ht syscall nx pdpe1gb rdtscp lm constant_tsc rep_good nopl xtopology nonstop_tsc cpuid aperfmperf tsc_known_freq pni pclmulqdq ssse3 fma cx16 pcid sse4_1 sse4_2 x2apic movbe popcnt tsc_deadline_timer aes xsave avx f16c rdrand hypervisor lahf_lm abm 3dnowprefetch invpcid_single ssbd ibrs ibpb stibp ibrs_enhanced fsgsbase tsc_adjust bmi1 avx2 smep bmi2 erms invpcid avx512f avx512dq rdseed adx smap avx512ifma clflushopt clwb avx512cd sha_ni avx512bw avx512vl xsaveopt xsavec xgetbv1 xsaves wbnoinvd ida arat avx512vbmi pku ospke avx512_vbmi2 gfni vaes vpclmulqdq avx512_vnni avx512_bitalg tme avx512_vpopcntdq rdpid md_clear flush_l1d arch_capabilities
bugs		: spectre_v1 spectre_v2 spec_store_bypass swapgs
bogomips	: 5799.96
clflush size	: 64
cache_alignment	: 64
address sizes	: 46 bits physical, 48 bits virtual
power management:

processor	: 16
vendor_id	: GenuineIntel
cpu family	: 6
model		: 106
model name	: Intel(R) Xeon(R) Platinum 8375C CPU @ 2.90GHz
stepping	: 6
microcode	: 0xd000331
cpu MHz		: 3502.722
cache size	: 55296 KB
physical id	: 0
siblings	: 32
core id		: 0
cpu cores	: 16
apicid		: 1
initial apicid	: 1
fpu		: yes
fpu_exception	: yes
cpuid level	: 27
wp		: yes
flags		: fpu vme de pse tsc msr pae mce cx8 apic sep mtrr pge mca cmov pat pse36 clflush mmx fxsr sse sse2 ss ht syscall nx pdpe1gb rdtscp lm constant_tsc rep_good nopl xtopology nonstop_tsc cpuid aperfmperf tsc_known_freq pni pclmulqdq ssse3 fma cx16 pcid sse4_1 sse4_2 x2apic movbe popcnt tsc_deadline_timer aes xsave avx f16c rdrand hypervisor lahf_lm abm 3dnowprefetch invpcid_single ssbd ibrs ibpb stibp ibrs_enhanced fsgsbase tsc_adjust bmi1 avx2 smep bmi2 erms invpcid avx512f avx512dq rdseed adx smap avx512ifma clflushopt clwb avx512cd sha_ni avx512bw avx512vl xsaveopt xsavec xgetbv1 xsaves wbnoinvd ida arat avx512vbmi pku ospke avx512_vbmi2 gfni vaes vpclmulqdq avx512_vnni avx512_bitalg tme avx512_vpopcntdq rdpid md_clear flush_l1d arch_capabilities
bugs		: spectre_v1 spectre_v2 spec_store_bypass swapgs
bogomips	: 5799.96
clflush size	: 64
cache_alignment	: 64
address sizes	: 46 bits physical, 48 bits virtual
power management:

processor	: 17
vendor_id	: GenuineIntel
cpu family	: 6
model		: 106
model name	: Intel(R) Xeon(R) Platinum 8375C CPU @ 2.90GHz
stepping	: 6
microcode	: 0xd000331
cpu MHz		: 3499.299
cache size	: 55296 KB
physical id	: 0
siblings	: 32
core id		: 1
cpu cores	: 16
apicid		: 3
initial apicid	: 3
fpu		: yes
fpu_exception	: yes
cpuid level	: 27
wp		: yes
flags		: fpu vme de pse tsc msr pae mce cx8 apic sep mtrr pge mca cmov pat pse36 clflush mmx fxsr sse sse2 ss ht syscall nx pdpe1gb rdtscp lm constant_tsc rep_good nopl xtopology nonstop_tsc cpuid aperfmperf tsc_known_freq pni pclmulqdq ssse3 fma cx16 pcid sse4_1 sse4_2 x2apic movbe popcnt tsc_deadline_timer aes xsave avx f16c rdrand hypervisor lahf_lm abm 3dnowprefetch invpcid_single ssbd ibrs ibpb stibp ibrs_enhanced fsgsbase tsc_adjust bmi1 avx2 smep bmi2 erms invpcid avx512f avx512dq rdseed adx smap avx512ifma clflushopt clwb avx512cd sha_ni avx512bw avx512vl xsaveopt xsavec xgetbv1 xsaves wbnoinvd ida arat avx512vbmi pku ospke avx512_vbmi2 gfni vaes vpclmulqdq avx512_vnni avx512_bitalg tme avx512_vpopcntdq rdpid md_clear flush_l1d arch_capabilities
bugs		: spectre_v1 spectre_v2 spec_store_bypass swapgs
bogomips	: 5799.96
clflush size	: 64
cache_alignment	: 64
address sizes	: 46 bits physical, 48 bits virtual
power management:

processor	: 18
vendor_id	: GenuineIntel
cpu family	: 6
model		: 106
model name	: Intel(R) Xeon(R) Platinum 8375C CPU @ 2.90GHz
stepping	: 6
microcode	: 0xd000331
cpu MHz		: 3504.223
cache size	: 55296 KB
physical id	: 0
siblings	: 32
core id		: 2
cpu cores	: 16
apicid		: 5
initial apicid	: 5
fpu		: yes
fpu_exception	: yes
cpuid level	: 27
wp		: yes
flags		: fpu vme de pse tsc msr pae mce cx8 apic sep mtrr pge mca cmov pat pse36 clflush mmx fxsr sse sse2 ss ht syscall nx pdpe1gb rdtscp lm constant_tsc rep_good nopl xtopology nonstop_tsc cpuid aperfmperf tsc_known_freq pni pclmulqdq ssse3 fma cx16 pcid sse4_1 sse4_2 x2apic movbe popcnt tsc_deadline_timer aes xsave avx f16c rdrand hypervisor lahf_lm abm 3dnowprefetch invpcid_single ssbd ibrs ibpb stibp ibrs_enhanced fsgsbase tsc_adjust bmi1 avx2 smep bmi2 erms invpcid avx512f avx512dq rdseed adx smap avx512ifma clflushopt clwb avx512cd sha_ni avx512bw avx512vl xsaveopt xsavec xgetbv1 xsaves wbnoinvd ida arat avx512vbmi pku ospke avx512_vbmi2 gfni vaes vpclmulqdq avx512_vnni avx512_bitalg tme avx512_vpopcntdq rdpid md_clear flush_l1d arch_capabilities
bugs		: spectre_v1 spectre_v2 spec_store_bypass swapgs
bogomips	: 5799.96
clflush size	: 64
cache_alignment	: 64
address sizes	: 46 bits physical, 48 bits virtual
power management:

processor	: 19
vendor_id	: GenuineIntel
cpu family	: 6
model		: 106
model name	: Intel(R) Xeon(R) Platinum 8375C CPU @ 2.90GHz
stepping	: 6
microcode	: 0xd000331
cpu MHz		: 3499.267
cache size	: 55296 KB
physical id	: 0
siblings	: 32
core id		: 3
cpu cores	: 16
apicid		: 7
initial apicid	: 7
fpu		: yes
fpu_exception	: yes
cpuid level	: 27
wp		: yes
flags		: fpu vme de pse tsc msr pae mce cx8 apic sep mtrr pge mca cmov pat pse36 clflush mmx fxsr sse sse2 ss ht syscall nx pdpe1gb rdtscp lm constant_tsc rep_good nopl xtopology nonstop_tsc cpuid aperfmperf tsc_known_freq pni pclmulqdq ssse3 fma cx16 pcid sse4_1 sse4_2 x2apic movbe popcnt tsc_deadline_timer aes xsave avx f16c rdrand hypervisor lahf_lm abm 3dnowprefetch invpcid_single ssbd ibrs ibpb stibp ibrs_enhanced fsgsbase tsc_adjust bmi1 avx2 smep bmi2 erms invpcid avx512f avx512dq rdseed adx smap avx512ifma clflushopt clwb avx512cd sha_ni avx512bw avx512vl xsaveopt xsavec xgetbv1 xsaves wbnoinvd ida arat avx512vbmi pku ospke avx512_vbmi2 gfni vaes vpclmulqdq avx512_vnni avx512_bitalg tme avx512_vpopcntdq rdpid md_clear flush_l1d arch_capabilities
bugs		: spectre_v1 spectre_v2 spec_store_bypass swapgs
bogomips	: 5799.96
clflush size	: 64
cache_alignment	: 64
address sizes	: 46 bits physical, 48 bits virtual
power management:

processor	: 20
vendor_id	: GenuineIntel
cpu family	: 6
model		: 106
model name	: Intel(R) Xeon(R) Platinum 8375C CPU @ 2.90GHz
stepping	: 6
microcode	: 0xd000331
cpu MHz		: 3499.980
cache size	: 55296 KB
physical id	: 0
siblings	: 32
core id		: 4
cpu cores	: 16
apicid		: 9
initial apicid	: 9
fpu		: yes
fpu_exception	: yes
cpuid level	: 27
wp		: yes
flags		: fpu vme de pse tsc msr pae mce cx8 apic sep mtrr pge mca cmov pat pse36 clflush mmx fxsr sse sse2 ss ht syscall nx pdpe1gb rdtscp lm constant_tsc rep_good nopl xtopology nonstop_tsc cpuid aperfmperf tsc_known_freq pni pclmulqdq ssse3 fma cx16 pcid sse4_1 sse4_2 x2apic movbe popcnt tsc_deadline_timer aes xsave avx f16c rdrand hypervisor lahf_lm abm 3dnowprefetch invpcid_single ssbd ibrs ibpb stibp ibrs_enhanced fsgsbase tsc_adjust bmi1 avx2 smep bmi2 erms invpcid avx512f avx512dq rdseed adx smap avx512ifma clflushopt clwb avx512cd sha_ni avx512bw avx512vl xsaveopt xsavec xgetbv1 xsaves wbnoinvd ida arat avx512vbmi pku ospke avx512_vbmi2 gfni vaes vpclmulqdq avx512_vnni avx512_bitalg tme avx512_vpopcntdq rdpid md_clear flush_l1d arch_capabilities
bugs		: spectre_v1 spectre_v2 spec_store_bypass swapgs
bogomips	: 5799.96
clflush size	: 64
cache_alignment	: 64
address sizes	: 46 bits physical, 48 bits virtual
power management:

processor	: 21
vendor_id	: GenuineIntel
cpu family	: 6
model		: 106
model name	: Intel(R) Xeon(R) Platinum 8375C CPU @ 2.90GHz
stepping	: 6
microcode	: 0xd000331
cpu MHz		: 3497.960
cache size	: 55296 KB
physical id	: 0
siblings	: 32
core id		: 5
cpu cores	: 16
apicid		: 11
initial apicid	: 11
fpu		: yes
fpu_exception	: yes
cpuid level	: 27
wp		: yes
flags		: fpu vme de pse tsc msr pae mce cx8 apic sep mtrr pge mca cmov pat pse36 clflush mmx fxsr sse sse2 ss ht syscall nx pdpe1gb rdtscp lm constant_tsc rep_good nopl xtopology nonstop_tsc cpuid aperfmperf tsc_known_freq pni pclmulqdq ssse3 fma cx16 pcid sse4_1 sse4_2 x2apic movbe popcnt tsc_deadline_timer aes xsave avx f16c rdrand hypervisor lahf_lm abm 3dnowprefetch invpcid_single ssbd ibrs ibpb stibp ibrs_enhanced fsgsbase tsc_adjust bmi1 avx2 smep bmi2 erms invpcid avx512f avx512dq rdseed adx smap avx512ifma clflushopt clwb avx512cd sha_ni avx512bw avx512vl xsaveopt xsavec xgetbv1 xsaves wbnoinvd ida arat avx512vbmi pku ospke avx512_vbmi2 gfni vaes vpclmulqdq avx512_vnni avx512_bitalg tme avx512_vpopcntdq rdpid md_clear flush_l1d arch_capabilities
bugs		: spectre_v1 spectre_v2 spec_store_bypass swapgs
bogomips	: 5799.96
clflush size	: 64
cache_alignment	: 64
address sizes	: 46 bits physical, 48 bits virtual
power management:

processor	: 22
vendor_id	: GenuineIntel
cpu family	: 6
model		: 106
model name	: Intel(R) Xeon(R) Platinum 8375C CPU @ 2.90GHz
stepping	: 6
microcode	: 0xd000331
cpu MHz		: 3502.380
cache size	: 55296 KB
physical id	: 0
siblings	: 32
core id		: 6
cpu cores	: 16
apicid		: 13
initial apicid	: 13
fpu		: yes
fpu_exception	: yes
cpuid level	: 27
wp		: yes
flags		: fpu vme de pse tsc msr pae mce cx8 apic sep mtrr pge mca cmov pat pse36 clflush mmx fxsr sse sse2 ss ht syscall nx pdpe1gb rdtscp lm constant_tsc rep_good nopl xtopology nonstop_tsc cpuid aperfmperf tsc_known_freq pni pclmulqdq ssse3 fma cx16 pcid sse4_1 sse4_2 x2apic movbe popcnt tsc_deadline_timer aes xsave avx f16c rdrand hypervisor lahf_lm abm 3dnowprefetch invpcid_single ssbd ibrs ibpb stibp ibrs_enhanced fsgsbase tsc_adjust bmi1 avx2 smep bmi2 erms invpcid avx512f avx512dq rdseed adx smap avx512ifma clflushopt clwb avx512cd sha_ni avx512bw avx512vl xsaveopt xsavec xgetbv1 xsaves wbnoinvd ida arat avx512vbmi pku ospke avx512_vbmi2 gfni vaes vpclmulqdq avx512_vnni avx512_bitalg tme avx512_vpopcntdq rdpid md_clear flush_l1d arch_capabilities
bugs		: spectre_v1 spectre_v2 spec_store_bypass swapgs
bogomips	: 5799.96
clflush size	: 64
cache_alignment	: 64
address sizes	: 46 bits physical, 48 bits virtual
power management:

processor	: 23
vendor_id	: GenuineIntel
cpu family	: 6
model		: 106
model name	: Intel(R) Xeon(R) Platinum 8375C CPU @ 2.90GHz
stepping	: 6
microcode	: 0xd000331
cpu MHz		: 3500.237
cache size	: 55296 KB
physical id	: 0
siblings	: 32
core id		: 7
cpu cores	: 16
apicid		: 15
initial apicid	: 15
fpu		: yes
fpu_exception	: yes
cpuid level	: 27
wp		: yes
flags		: fpu vme de pse tsc msr pae mce cx8 apic sep mtrr pge mca cmov pat pse36 clflush mmx fxsr sse sse2 ss ht syscall nx pdpe1gb rdtscp lm constant_tsc rep_good nopl xtopology nonstop_tsc cpuid aperfmperf tsc_known_freq pni pclmulqdq ssse3 fma cx16 pcid sse4_1 sse4_2 x2apic movbe popcnt tsc_deadline_timer aes xsave avx f16c rdrand hypervisor lahf_lm abm 3dnowprefetch invpcid_single ssbd ibrs ibpb stibp ibrs_enhanced fsgsbase tsc_adjust bmi1 avx2 smep bmi2 erms invpcid avx512f avx512dq rdseed adx smap avx512ifma clflushopt clwb avx512cd sha_ni avx512bw avx512vl xsaveopt xsavec xgetbv1 xsaves wbnoinvd ida arat avx512vbmi pku ospke avx512_vbmi2 gfni vaes vpclmulqdq avx512_vnni avx512_bitalg tme avx512_vpopcntdq rdpid md_clear flush_l1d arch_capabilities
bugs		: spectre_v1 spectre_v2 spec_store_bypass swapgs
bogomips	: 5799.96
clflush size	: 64
cache_alignment	: 64
address sizes	: 46 bits physical, 48 bits virtual
power management:

processor	: 24
vendor_id	: GenuineIntel
cpu family	: 6
model		: 106
model name	: Intel(R) Xeon(R) Platinum 8375C CPU @ 2.90GHz
stepping	: 6
microcode	: 0xd000331
cpu MHz		: 3499.374
cache size	: 55296 KB
physical id	: 0
siblings	: 32
core id		: 8
cpu cores	: 16
apicid		: 17
initial apicid	: 17
fpu		: yes
fpu_exception	: yes
cpuid level	: 27
wp		: yes
flags		: fpu vme de pse tsc msr pae mce cx8 apic sep mtrr pge mca cmov pat pse36 clflush mmx fxsr sse sse2 ss ht syscall nx pdpe1gb rdtscp lm constant_tsc rep_good nopl xtopology nonstop_tsc cpuid aperfmperf tsc_known_freq pni pclmulqdq ssse3 fma cx16 pcid sse4_1 sse4_2 x2apic movbe popcnt tsc_deadline_timer aes xsave avx f16c rdrand hypervisor lahf_lm abm 3dnowprefetch invpcid_single ssbd ibrs ibpb stibp ibrs_enhanced fsgsbase tsc_adjust bmi1 avx2 smep bmi2 erms invpcid avx512f avx512dq rdseed adx smap avx512ifma clflushopt clwb avx512cd sha_ni avx512bw avx512vl xsaveopt xsavec xgetbv1 xsaves wbnoinvd ida arat avx512vbmi pku ospke avx512_vbmi2 gfni vaes vpclmulqdq avx512_vnni avx512_bitalg tme avx512_vpopcntdq rdpid md_clear flush_l1d arch_capabilities
bugs		: spectre_v1 spectre_v2 spec_store_bypass swapgs
bogomips	: 5799.96
clflush size	: 64
cache_alignment	: 64
address sizes	: 46 bits physical, 48 bits virtual
power management:

processor	: 25
vendor_id	: GenuineIntel
cpu family	: 6
model		: 106
model name	: Intel(R) Xeon(R) Platinum 8375C CPU @ 2.90GHz
stepping	: 6
microcode	: 0xd000331
cpu MHz		: 3504.323
cache size	: 55296 KB
physical id	: 0
siblings	: 32
core id		: 9
cpu cores	: 16
apicid		: 19
initial apicid	: 19
fpu		: yes
fpu_exception	: yes
cpuid level	: 27
wp		: yes
flags		: fpu vme de pse tsc msr pae mce cx8 apic sep mtrr pge mca cmov pat pse36 clflush mmx fxsr sse sse2 ss ht syscall nx pdpe1gb rdtscp lm constant_tsc rep_good nopl xtopology nonstop_tsc cpuid aperfmperf tsc_known_freq pni pclmulqdq ssse3 fma cx16 pcid sse4_1 sse4_2 x2apic movbe popcnt tsc_deadline_timer aes xsave avx f16c rdrand hypervisor lahf_lm abm 3dnowprefetch invpcid_single ssbd ibrs ibpb stibp ibrs_enhanced fsgsbase tsc_adjust bmi1 avx2 smep bmi2 erms invpcid avx512f avx512dq rdseed adx smap avx512ifma clflushopt clwb avx512cd sha_ni avx512bw avx512vl xsaveopt xsavec xgetbv1 xsaves wbnoinvd ida arat avx512vbmi pku ospke avx512_vbmi2 gfni vaes vpclmulqdq avx512_vnni avx512_bitalg tme avx512_vpopcntdq rdpid md_clear flush_l1d arch_capabilities
bugs		: spectre_v1 spectre_v2 spec_store_bypass swapgs
bogomips	: 5799.96
clflush size	: 64
cache_alignment	: 64
address sizes	: 46 bits physical, 48 bits virtual
power management:

processor	: 26
vendor_id	: GenuineIntel
cpu family	: 6
model		: 106
model name	: Intel(R) Xeon(R) Platinum 8375C CPU @ 2.90GHz
stepping	: 6
microcode	: 0xd000331
cpu MHz		: 3506.587
cache size	: 55296 KB
physical id	: 0
siblings	: 32
core id		: 10
cpu cores	: 16
apicid		: 21
initial apicid	: 21
fpu		: yes
fpu_exception	: yes
cpuid level	: 27
wp		: yes
flags		: fpu vme de pse tsc msr pae mce cx8 apic sep mtrr pge mca cmov pat pse36 clflush mmx fxsr sse sse2 ss ht syscall nx pdpe1gb rdtscp lm constant_tsc rep_good nopl xtopology nonstop_tsc cpuid aperfmperf tsc_known_freq pni pclmulqdq ssse3 fma cx16 pcid sse4_1 sse4_2 x2apic movbe popcnt tsc_deadline_timer aes xsave avx f16c rdrand hypervisor lahf_lm abm 3dnowprefetch invpcid_single ssbd ibrs ibpb stibp ibrs_enhanced fsgsbase tsc_adjust bmi1 avx2 smep bmi2 erms invpcid avx512f avx512dq rdseed adx smap avx512ifma clflushopt clwb avx512cd sha_ni avx512bw avx512vl xsaveopt xsavec xgetbv1 xsaves wbnoinvd ida arat avx512vbmi pku ospke avx512_vbmi2 gfni vaes vpclmulqdq avx512_vnni avx512_bitalg tme avx512_vpopcntdq rdpid md_clear flush_l1d arch_capabilities
bugs		: spectre_v1 spectre_v2 spec_store_bypass swapgs
bogomips	: 5799.96
clflush size	: 64
cache_alignment	: 64
address sizes	: 46 bits physical, 48 bits virtual
power management:

processor	: 27
vendor_id	: GenuineIntel
cpu family	: 6
model		: 106
model name	: Intel(R) Xeon(R) Platinum 8375C CPU @ 2.90GHz
stepping	: 6
microcode	: 0xd000331
cpu MHz		: 3499.980
cache size	: 55296 KB
physical id	: 0
siblings	: 32
core id		: 11
cpu cores	: 16
apicid		: 23
initial apicid	: 23
fpu		: yes
fpu_exception	: yes
cpuid level	: 27
wp		: yes
flags		: fpu vme de pse tsc msr pae mce cx8 apic sep mtrr pge mca cmov pat pse36 clflush mmx fxsr sse sse2 ss ht syscall nx pdpe1gb rdtscp lm constant_tsc rep_good nopl xtopology nonstop_tsc cpuid aperfmperf tsc_known_freq pni pclmulqdq ssse3 fma cx16 pcid sse4_1 sse4_2 x2apic movbe popcnt tsc_deadline_timer aes xsave avx f16c rdrand hypervisor lahf_lm abm 3dnowprefetch invpcid_single ssbd ibrs ibpb stibp ibrs_enhanced fsgsbase tsc_adjust bmi1 avx2 smep bmi2 erms invpcid avx512f avx512dq rdseed adx smap avx512ifma clflushopt clwb avx512cd sha_ni avx512bw avx512vl xsaveopt xsavec xgetbv1 xsaves wbnoinvd ida arat avx512vbmi pku ospke avx512_vbmi2 gfni vaes vpclmulqdq avx512_vnni avx512_bitalg tme avx512_vpopcntdq rdpid md_clear flush_l1d arch_capabilities
bugs		: spectre_v1 spectre_v2 spec_store_bypass swapgs
bogomips	: 5799.96
clflush size	: 64
cache_alignment	: 64
address sizes	: 46 bits physical, 48 bits virtual
power management:

processor	: 28
vendor_id	: GenuineIntel
cpu family	: 6
model		: 106
model name	: Intel(R) Xeon(R) Platinum 8375C CPU @ 2.90GHz
stepping	: 6
microcode	: 0xd000331
cpu MHz		: 3505.850
cache size	: 55296 KB
physical id	: 0
siblings	: 32
core id		: 12
