Wed May 11 20:17:05 UTC 2022
[31;43m***** uname -a; Release; date; *****[0m
Linux SAPXCRCIPA 5.3.18-24.67-default #1 SMP Tue Jun 1 14:07:53 UTC 2021 (f0fe006) x86_64 x86_64 x86_64 GNU/Linux
NAME="SLES"
VERSION="15-SP2"
VERSION_ID="15.2"
PRETTY_NAME="SUSE Linux Enterprise Server 15 SP2"
ID="sles"
ID_LIKE="suse"
ANSI_COLOR="0;32"
CPE_NAME="cpe:/o:suse:sles:15:sp2"
VARIANT_ID="sles-sap"
Wed May 11 20:17:05 UTC 2022

[31;43m***** Network; Route; Netstat; *****[0m

[31;43m***** DF; Fdisk; FSTAB; GRUB; Mount *****[0m
Filesystem                                          Size  Used Avail Use% Mounted on
devtmpfs                                            7.7G     0  7.7G   0% /dev
tmpfs                                                36G  3.4M   36G   1% /dev/shm
tmpfs                                               7.7G  1.1M  7.7G   1% /run
tmpfs                                               7.7G     0  7.7G   0% /sys/fs/cgroup
/dev/nvme0n1p1                                      100G   18G   83G  18% /
tmpfs                                               7.7G  136K  7.7G   1% /tmp
/dev/mapper/usr_sap-lvusr_sap                       299G  154G  146G  52% /usr/sap
/dev/mapper/home-home                                20G  2.3G   18G  12% /home
/dev/mapper/var-var                                  20G  598M   20G   3% /var
/dev/mapper/var_log-var_log                          20G  2.2G   18G  11% /var/log
/dev/mapper/var_log_audit-var_log_audit              20G  3.5G   17G  18% /var/log/audit
/dev/mapper/var_tmp-var_tmp                          20G  165M   20G   1% /var/tmp
fs-0393bf9d48f5a4f88.efs.us-east-1.amazonaws.com:/  8.0E  109G  8.0E   1% /sapmnt/CRX
tmpfs                                               1.6G     0  1.6G   0% /run/user/4001
tmpfs                                               1.6G     0  1.6G   0% /run/user/4002
tmpfs                                               1.6G     0  1.6G   0% /run/user/4003
tmpfs                                               1.6G     0  1.6G   0% /run/user/1725064823
Disk /dev/nvme0n1: 100 GiB, 107374182400 bytes, 209715200 sectors
Disk model: Amazon Elastic Block Store              
Units: sectors of 1 * 512 = 512 bytes
Sector size (logical/physical): 512 bytes / 4096 bytes
I/O size (minimum/optimal): 4096 bytes / 4096 bytes
Disklabel type: dos
Disk identifier: 0x6c5d29eb

Device         Boot Start       End   Sectors  Size Id Type
/dev/nvme0n1p1       2048 209715166 209713119  100G 83 Linux


Disk /dev/nvme3n1: 32 GiB, 34359738368 bytes, 67108864 sectors
Disk model: Amazon Elastic Block Store              
Units: sectors of 1 * 512 = 512 bytes
Sector size (logical/physical): 512 bytes / 4096 bytes
I/O size (minimum/optimal): 4096 bytes / 4096 bytes


Disk /dev/nvme1n1: 20 GiB, 21474836480 bytes, 41943040 sectors
Disk model: Amazon Elastic Block Store              
Units: sectors of 1 * 512 = 512 bytes
Sector size (logical/physical): 512 bytes / 4096 bytes
I/O size (minimum/optimal): 4096 bytes / 4096 bytes


Disk /dev/nvme4n1: 20 GiB, 21474836480 bytes, 41943040 sectors
Disk model: Amazon Elastic Block Store              
Units: sectors of 1 * 512 = 512 bytes
Sector size (logical/physical): 512 bytes / 4096 bytes
I/O size (minimum/optimal): 4096 bytes / 4096 bytes


Disk /dev/nvme2n1: 20 GiB, 21474836480 bytes, 41943040 sectors
Disk model: Amazon Elastic Block Store              
Units: sectors of 1 * 512 = 512 bytes
Sector size (logical/physical): 512 bytes / 4096 bytes
I/O size (minimum/optimal): 4096 bytes / 4096 bytes


Disk /dev/nvme6n1: 20 GiB, 21474836480 bytes, 41943040 sectors
Disk model: Amazon Elastic Block Store              
Units: sectors of 1 * 512 = 512 bytes
Sector size (logical/physical): 512 bytes / 4096 bytes
I/O size (minimum/optimal): 4096 bytes / 4096 bytes


Disk /dev/nvme5n1: 300 GiB, 322122547200 bytes, 629145600 sectors
Disk model: Amazon Elastic Block Store              
Units: sectors of 1 * 512 = 512 bytes
Sector size (logical/physical): 512 bytes / 4096 bytes
I/O size (minimum/optimal): 4096 bytes / 4096 bytes


Disk /dev/nvme7n1: 20 GiB, 21474836480 bytes, 41943040 sectors
Disk model: Amazon Elastic Block Store              
Units: sectors of 1 * 512 = 512 bytes
Sector size (logical/physical): 512 bytes / 4096 bytes
I/O size (minimum/optimal): 4096 bytes / 4096 bytes


Disk /dev/mapper/var_tmp-var_tmp: 20 GiB, 21470642176 bytes, 41934848 sectors
Units: sectors of 1 * 512 = 512 bytes
Sector size (logical/physical): 512 bytes / 4096 bytes
I/O size (minimum/optimal): 4096 bytes / 4096 bytes


Disk /dev/mapper/var_log_audit-var_log_audit: 20 GiB, 21470642176 bytes, 41934848 sectors
Units: sectors of 1 * 512 = 512 bytes
Sector size (logical/physical): 512 bytes / 4096 bytes
I/O size (minimum/optimal): 4096 bytes / 4096 bytes


Disk /dev/mapper/var_log-var_log: 20 GiB, 21470642176 bytes, 41934848 sectors
Units: sectors of 1 * 512 = 512 bytes
Sector size (logical/physical): 512 bytes / 4096 bytes
I/O size (minimum/optimal): 4096 bytes / 4096 bytes


Disk /dev/mapper/var-var: 20 GiB, 21470642176 bytes, 41934848 sectors
Units: sectors of 1 * 512 = 512 bytes
Sector size (logical/physical): 512 bytes / 4096 bytes
I/O size (minimum/optimal): 4096 bytes / 4096 bytes


Disk /dev/mapper/usr_sap-lvusr_sap: 299 GiB, 321048805376 bytes, 627048448 sectors
Units: sectors of 1 * 512 = 512 bytes
Sector size (logical/physical): 512 bytes / 4096 bytes
I/O size (minimum/optimal): 4096 bytes / 4096 bytes


Disk /dev/mapper/home-home: 20 GiB, 21470642176 bytes, 41934848 sectors
Units: sectors of 1 * 512 = 512 bytes
Sector size (logical/physical): 512 bytes / 4096 bytes
I/O size (minimum/optimal): 4096 bytes / 4096 bytes
LABEL=ROOT / xfs defaults 0 0
UUID=ab2b0f4b-2706-4af8-8b20-e1baa2b43805 swap swap defaults 0 0
UUID=b0f332e8-3590-4d14-b87e-cf55681d49e5 /home	xfs nodev,nosuid,noexec 0 0
UUID=f490763d-9bc1-4243-a16a-9e68cf9d7998 /var/log/audit xfs nodev,nosuid,noexec 0 0
UUID=42d2e66b-a0b7-4dd6-938c-9744da29800d /var/tmp xfs nodev,nosuid,noexec 0 0
fs-0393bf9d48f5a4f88.efs.us-east-1.amazonaws.com:/ /sapmnt/CRX nfs4 rw,relatime,vers=4.1,rsize=1048576,wsize=1048576,namlen=255,hard,noresvport,proto=tcp,timeo=600,retrans=2,sec=sys,clientaddr=172.18.159.61,local_lock=none,addr=172.18.159.24 0 0
/dev/mapper/usr_sap-lvusr_sap /usr/sap/ xfs rw,relatime,attr2,inode64,logbufs=8,logbsize=32k,noquota 0 0
tmpfs /dev/shm tmpfs defaults,nodev,nosuid,noexec 0 0
tmpfs /tmp tmpfs defaults,nodev,nosuid,noexec,nofail 0 0
UUID=1f6c6aff-c68a-4718-9f10-2c3bf0685d21 /var xfs nodev,nosuid,noexec 0 0
UUID=f44b4e65-2b68-4516-8ac5-c2539551d1d9 /var/log xfs nodev,nosuid,noexec 0 0
sysfs on /sys type sysfs (rw,nosuid,nodev,noexec,relatime)
proc on /proc type proc (rw,nosuid,nodev,noexec,relatime)
devtmpfs on /dev type devtmpfs (rw,nosuid,size=8035752k,nr_inodes=2008938,mode=755)
securityfs on /sys/kernel/security type securityfs (rw,nosuid,nodev,noexec,relatime)
tmpfs on /dev/shm type tmpfs (rw,nosuid,nodev,noexec,size=37251072k)
devpts on /dev/pts type devpts (rw,nosuid,noexec,relatime,gid=5,mode=620,ptmxmode=000)
tmpfs on /run type tmpfs (rw,nosuid,nodev,mode=755)
tmpfs on /sys/fs/cgroup type tmpfs (ro,nosuid,nodev,noexec,mode=755)
cgroup on /sys/fs/cgroup/unified type cgroup2 (rw,nosuid,nodev,noexec,relatime)
cgroup on /sys/fs/cgroup/systemd type cgroup (rw,nosuid,nodev,noexec,relatime,xattr,name=systemd)
pstore on /sys/fs/pstore type pstore (rw,nosuid,nodev,noexec,relatime)
none on /sys/fs/bpf type bpf (rw,nosuid,nodev,noexec,relatime)
cgroup on /sys/fs/cgroup/freezer type cgroup (rw,nosuid,nodev,noexec,relatime,freezer)
cgroup on /sys/fs/cgroup/pids type cgroup (rw,nosuid,nodev,noexec,relatime,pids)
cgroup on /sys/fs/cgroup/perf_event type cgroup (rw,nosuid,nodev,noexec,relatime,perf_event)
cgroup on /sys/fs/cgroup/cpu,cpuacct type cgroup (rw,nosuid,nodev,noexec,relatime,cpu,cpuacct)
cgroup on /sys/fs/cgroup/hugetlb type cgroup (rw,nosuid,nodev,noexec,relatime,hugetlb)
cgroup on /sys/fs/cgroup/net_cls,net_prio type cgroup (rw,nosuid,nodev,noexec,relatime,net_cls,net_prio)
cgroup on /sys/fs/cgroup/memory type cgroup (rw,nosuid,nodev,noexec,relatime,memory)
cgroup on /sys/fs/cgroup/devices type cgroup (rw,nosuid,nodev,noexec,relatime,devices)
cgroup on /sys/fs/cgroup/cpuset type cgroup (rw,nosuid,nodev,noexec,relatime,cpuset)
cgroup on /sys/fs/cgroup/rdma type cgroup (rw,nosuid,nodev,noexec,relatime,rdma)
cgroup on /sys/fs/cgroup/blkio type cgroup (rw,nosuid,nodev,noexec,relatime,blkio)
/dev/nvme0n1p1 on / type xfs (rw,relatime,attr2,inode64,logbufs=8,logbsize=32k,noquota)
rpc_pipefs on /var/lib/nfs/rpc_pipefs type rpc_pipefs (rw,relatime)
mqueue on /dev/mqueue type mqueue (rw,relatime)
debugfs on /sys/kernel/debug type debugfs (rw,relatime)
hugetlbfs on /dev/hugepages type hugetlbfs (rw,relatime,pagesize=2M)
systemd-1 on /proc/sys/fs/binfmt_misc type autofs (rw,relatime,fd=36,pgrp=1,timeout=0,minproto=5,maxproto=5,direct,pipe_ino=20744)
tmpfs on /tmp type tmpfs (rw,nosuid,nodev,noexec,relatime)
/dev/mapper/usr_sap-lvusr_sap on /usr/sap type xfs (rw,relatime,attr2,inode64,logbufs=8,logbsize=32k,noquota)
/dev/mapper/home-home on /home type xfs (rw,nosuid,nodev,noexec,relatime,attr2,inode64,logbufs=8,logbsize=32k,sunit=8,swidth=8,noquota)
/dev/mapper/var-var on /var type xfs (rw,nosuid,nodev,noexec,relatime,attr2,inode64,logbufs=8,logbsize=32k,noquota)
tmpfs on /var/run type tmpfs (rw,nosuid,nodev,mode=755)
/dev/mapper/var_log-var_log on /var/log type xfs (rw,nosuid,nodev,noexec,relatime,attr2,inode64,logbufs=8,logbsize=32k,noquota)
/dev/mapper/var_log_audit-var_log_audit on /var/log/audit type xfs (rw,nosuid,nodev,noexec,relatime,attr2,inode64,logbufs=8,logbsize=32k,sunit=8,swidth=8,noquota)
/dev/mapper/var_tmp-var_tmp on /var/tmp type xfs (rw,nosuid,nodev,noexec,relatime,attr2,inode64,logbufs=8,logbsize=32k,sunit=8,swidth=8,noquota)
fs-0393bf9d48f5a4f88.efs.us-east-1.amazonaws.com:/ on /sapmnt/CRX type nfs4 (rw,relatime,vers=4.1,rsize=1048576,wsize=1048576,namlen=255,hard,noresvport,proto=tcp,timeo=600,retrans=2,sec=sys,clientaddr=172.18.159.61,local_lock=none,addr=172.18.159.24)
tmpfs on /run/user/4001 type tmpfs (rw,nosuid,nodev,relatime,size=1611372k,mode=700,uid=4001,gid=79)
tmpfs on /var/run/user/4001 type tmpfs (rw,nosuid,nodev,relatime,size=1611372k,mode=700,uid=4001,gid=79)
tmpfs on /run/user/4002 type tmpfs (rw,nosuid,nodev,relatime,size=1611372k,mode=700,uid=4002,gid=79)
tmpfs on /var/run/user/4002 type tmpfs (rw,nosuid,nodev,relatime,size=1611372k,mode=700,uid=4002,gid=79)
binfmt_misc on /proc/sys/fs/binfmt_misc type binfmt_misc (rw,relatime)
tmpfs on /run/user/4003 type tmpfs (rw,nosuid,nodev,relatime,size=1611372k,mode=700,uid=4003,gid=79)
tmpfs on /var/run/user/4003 type tmpfs (rw,nosuid,nodev,relatime,size=1611372k,mode=700,uid=4003,gid=79)
tracefs on /sys/kernel/debug/tracing type tracefs (rw,relatime)
tmpfs on /run/user/1725064823 type tmpfs (rw,nosuid,nodev,relatime,size=1611372k,mode=700,uid=1725064823,gid=1725000513)
tmpfs on /var/run/user/1725064823 type tmpfs (rw,nosuid,nodev,relatime,size=1611372k,mode=700,uid=1725064823,gid=1725000513)

[31;43m***** DISK & DM info from FDISK *****[0m
Disk /dev/nvme0n1: 100 GiB, 107374182400 bytes, 209715200 sectors
Disk model: Amazon Elastic Block Store              
Disklabel type: dos
Disk identifier: 0x6c5d29eb
Disk /dev/nvme3n1: 32 GiB, 34359738368 bytes, 67108864 sectors
Disk model: Amazon Elastic Block Store              
Disk /dev/nvme1n1: 20 GiB, 21474836480 bytes, 41943040 sectors
Disk model: Amazon Elastic Block Store              
Disk /dev/nvme4n1: 20 GiB, 21474836480 bytes, 41943040 sectors
Disk model: Amazon Elastic Block Store              
Disk /dev/nvme2n1: 20 GiB, 21474836480 bytes, 41943040 sectors
Disk model: Amazon Elastic Block Store              
Disk /dev/nvme6n1: 20 GiB, 21474836480 bytes, 41943040 sectors
Disk model: Amazon Elastic Block Store              
Disk /dev/nvme5n1: 300 GiB, 322122547200 bytes, 629145600 sectors
Disk model: Amazon Elastic Block Store              
Disk /dev/nvme7n1: 20 GiB, 21474836480 bytes, 41943040 sectors
Disk model: Amazon Elastic Block Store              
Disk /dev/mapper/var_tmp-var_tmp: 20 GiB, 21470642176 bytes, 41934848 sectors
Disk /dev/mapper/var_log_audit-var_log_audit: 20 GiB, 21470642176 bytes, 41934848 sectors
Disk /dev/mapper/var_log-var_log: 20 GiB, 21470642176 bytes, 41934848 sectors
Disk /dev/mapper/var-var: 20 GiB, 21470642176 bytes, 41934848 sectors
Disk /dev/mapper/usr_sap-lvusr_sap: 299 GiB, 321048805376 bytes, 627048448 sectors
Disk /dev/mapper/home-home: 20 GiB, 21470642176 bytes, 41934848 sectors

[31;43m***** PP process; All Running Procs; PP/Multipath devices Info *****[0m
root     20691 20673  0 20:17 pts/1    00:00:00 grep Powerpath
UID        PID  PPID  C STIME TTY          TIME CMD
root         1     0  0 May02 ?        00:01:54 /usr/lib/systemd/systemd --switched-root --system --deserialize 22
root         2     0  0 May02 ?        00:00:00 [kthreadd]
root         3     2  0 May02 ?        00:00:00 [rcu_gp]
root         4     2  0 May02 ?        00:00:00 [rcu_par_gp]
root         6     2  0 May02 ?        00:00:00 [kworker/0:0H-events_highpri]
root         9     2  0 May02 ?        00:00:00 [mm_percpu_wq]
root        10     2  0 May02 ?        00:00:07 [ksoftirqd/0]
root        11     2  0 May02 ?        00:01:14 [rcu_sched]
root        12     2  0 May02 ?        00:00:02 [migration/0]
root        13     2  0 May02 ?        00:00:00 [idle_inject/0]
root        14     2  0 May02 ?        00:00:00 [cpuhp/0]
root        15     2  0 May02 ?        00:00:00 [cpuhp/1]
root        16     2  0 May02 ?        00:00:00 [idle_inject/1]
root        17     2  0 May02 ?        00:00:02 [migration/1]
root        18     2  0 May02 ?        00:00:07 [ksoftirqd/1]
root        20     2  0 May02 ?        00:00:00 [kworker/1:0H-events_highpri]
root        21     2  0 May02 ?        00:00:00 [cpuhp/2]
root        22     2  0 May02 ?        00:00:00 [idle_inject/2]
root        23     2  0 May02 ?        00:00:02 [migration/2]
root        24     2  0 May02 ?        00:00:07 [ksoftirqd/2]
root        26     2  0 May02 ?        00:00:00 [kworker/2:0H-events_highpri]
root        27     2  0 May02 ?        00:00:00 [cpuhp/3]
root        28     2  0 May02 ?        00:00:00 [idle_inject/3]
root        29     2  0 May02 ?        00:00:02 [migration/3]
root        30     2  0 May02 ?        00:00:07 [ksoftirqd/3]
root        32     2  0 May02 ?        00:00:00 [kworker/3:0H-xfs-log/nvme0n1p1]
root        34     2  0 May02 ?        00:00:00 [kdevtmpfs]
root        35     2  0 May02 ?        00:00:00 [netns]
root        36     2  0 May02 ?        00:00:00 [rcu_tasks_kthre]
root        37     2  0 May02 ?        00:00:06 [kauditd]
root        39     2  0 May02 ?        00:00:00 [khungtaskd]
root        40     2  0 May02 ?        00:00:00 [oom_reaper]
root        41     2  0 May02 ?        00:00:00 [writeback]
root        42     2  0 May02 ?        00:00:00 [kcompactd0]
root        43     2  0 May02 ?        00:00:00 [ksmd]
root        44     2  0 May02 ?        00:00:02 [khugepaged]
root        99     2  0 May02 ?        00:00:00 [kintegrityd]
root       100     2  0 May02 ?        00:00:00 [kblockd]
root       101     2  0 May02 ?        00:00:00 [blkcg_punt_bio]
root       102     2  0 May02 ?        00:00:00 [tpm_dev_wq]
root       103     2  0 May02 ?        00:00:00 [edac-poller]
root       104     2  0 May02 ?        00:00:00 [devfreq_wq]
root       105     2  0 May02 ?        00:00:00 [watchdogd]
root       108     2  0 May02 ?        00:00:00 [kswapd0]
root       111     2  0 May02 ?        00:00:00 [kthrotld]
root       112     2  0 May02 ?        00:00:00 [ipv6_addrconf]
root       117     2  0 May02 ?        00:00:00 [kstrp]
root       122     2  0 May02 ?        00:00:00 [charger_manager]
root       186     2  0 May02 ?        00:00:00 [iscsi_eh]
root       268     2  0 May02 ?        00:00:00 [cnic_wq]
root       269     2  0 May02 ?        00:00:00 [bnx2i_thread/0]
root       270     2  0 May02 ?        00:00:00 [bnx2i_thread/1]
root       271     2  0 May02 ?        00:00:00 [bnx2i_thread/2]
root       272     2  0 May02 ?        00:00:00 [bnx2i_thread/3]
root       336     2  0 May02 ?        00:00:00 [rpciod]
root       337     2  0 May02 ?        00:00:00 [xprtiod]
root       433     2  0 May02 ?        00:00:00 [ena]
root       434     2  0 May02 ?        00:00:00 [nvme-wq]
root       437     2  0 May02 ?        00:00:00 [nvme-reset-wq]
root       438     2  0 May02 ?        00:00:00 [nvme-delete-wq]
root       439     2  0 May02 ?        00:00:00 [cryptd]
root       578     2  0 15:22 ?        00:00:00 [kworker/0:0-xfs-sync/dm-5]
root       637     2  0 May02 ?        00:00:00 [xfsalloc]
root       638     2  0 May02 ?        00:00:00 [xfs_mru_cache]
root       642     2  0 May02 ?        00:00:00 [xfs-buf/nvme0n1]
root       643     2  0 May02 ?        00:00:00 [xfs-conv/nvme0n]
root       645     2  0 May02 ?        00:00:00 [xfs-cil/nvme0n1]
root       646     2  0 May02 ?        00:00:00 [xfs-reclaim/nvm]
root       647     2  0 May02 ?        00:00:00 [xfs-eofblocks/n]
root       649     2  0 May02 ?        00:00:00 [xfs-log/nvme0n1]
root       650     2  0 May02 ?        00:01:05 [xfsaild/nvme0n1]
root       651     2  0 May02 ?        00:00:03 [kworker/3:1H-xfs-log/dm-4]
root       744     2  0 May02 ?        00:00:02 [kworker/0:1H-xfs-log/dm-5]
root       745     2  0 May02 ?        00:00:01 [kworker/2:1H-kblockd]
root       746     2  0 May02 ?        00:00:01 [kworker/1:1H-kblockd]
root       749     1  0 May02 ?        00:00:35 /usr/lib/systemd/systemd-journald
root       758     1  0 May02 ?        00:00:16 /usr/sbin/haveged -w 1024 -v 0 -F
root       761     1  0 May02 ?        00:00:00 /usr/lib/systemd/systemd-udevd
root       787     2  0 May02 ?        00:00:00 [nfit]
root       800     2  0 May02 ?        00:00:00 [kdmflush]
root       803     2  0 May02 ?        00:00:00 [kdmflush]
root       804     2  0 May02 ?        00:00:00 [kdmflush]
root       805     2  0 May02 ?        00:00:00 [kdmflush]
root       806     2  0 May02 ?        00:00:00 [kdmflush]
root       807     2  0 May02 ?        00:00:00 [kdmflush]
root       827     2  0 May02 ?        00:00:00 [xfs-buf/dm-1]
root       828     2  0 May02 ?        00:00:00 [xfs-conv/dm-1]
root       829     2  0 May02 ?        00:00:00 [xfs-cil/dm-1]
root       830     2  0 May02 ?        00:00:00 [xfs-reclaim/dm-]
root       831     2  0 May02 ?        00:00:00 [xfs-eofblocks/d]
root       833     2  0 May02 ?        00:00:00 [xfs-buf/dm-5]
root       834     2  0 May02 ?        00:00:00 [xfs-conv/dm-5]
root       835     2  0 May02 ?        00:00:00 [xfs-cil/dm-5]
root       836     2  0 May02 ?        00:00:00 [xfs-reclaim/dm-]
root       837     2  0 May02 ?        00:00:00 [xfs-eofblocks/d]
root       838     2  0 May02 ?        00:00:00 [xfs-log/dm-1]
root       839     2  0 May02 ?        00:00:00 [xfs-log/dm-5]
root       840     2  0 May02 ?        00:00:00 [xfsaild/dm-5]
root       841     2  0 May02 ?        00:01:05 [xfsaild/dm-1]
root       842     2  0 May02 ?        00:00:00 [xfs-buf/dm-4]
root       843     2  0 May02 ?        00:00:00 [xfs-conv/dm-4]
root       844     2  0 May02 ?        00:00:00 [xfs-cil/dm-4]
root       845     2  0 May02 ?        00:00:00 [xfs-reclaim/dm-]
root       846     2  0 May02 ?        00:00:00 [xfs-eofblocks/d]
root       847     2  0 May02 ?        00:00:00 [xfs-log/dm-4]
root       848     2  0 May02 ?        00:01:05 [xfsaild/dm-4]
root       851     2  0 May02 ?        00:00:00 [xfs-buf/dm-0]
root       852     2  0 May02 ?        00:00:00 [xfs-conv/dm-0]
root       853     2  0 May02 ?        00:00:00 [xfs-cil/dm-0]
root       855     2  0 May02 ?        00:00:00 [xfs-reclaim/dm-]
root       856     2  0 May02 ?        00:00:00 [xfs-eofblocks/d]
root       857     2  0 May02 ?        00:00:00 [xfs-log/dm-0]
root       858     2  0 May02 ?        00:00:00 [xfsaild/dm-0]
root       861     2  0 May02 ?        00:00:00 [xfs-buf/dm-2]
root       862     2  0 May02 ?        00:00:00 [xfs-conv/dm-2]
root       863     2  0 May02 ?        00:00:00 [xfs-cil/dm-2]
root       865     2  0 May02 ?        00:00:00 [xfs-reclaim/dm-]
root       866     2  0 May02 ?        00:00:00 [xfs-eofblocks/d]
root       869     2  0 May02 ?        00:00:00 [xfs-log/dm-2]
root       870     2  0 May02 ?        00:00:47 [xfsaild/dm-2]
root       896     2  0 May02 ?        00:00:00 [xfs-buf/dm-3]
root       897     2  0 May02 ?        00:00:00 [xfs-conv/dm-3]
root       898     2  0 May02 ?        00:00:00 [xfs-cil/dm-3]
root       899     2  0 May02 ?        00:00:00 [xfs-reclaim/dm-]
root       900     2  0 May02 ?        00:00:00 [xfs-eofblocks/d]
root       901     2  0 May02 ?        00:00:00 [xfs-log/dm-3]
root       902     2  0 May02 ?        00:00:31 [xfsaild/dm-3]
root       916     1  0 May02 ?        00:00:29 /sbin/auditd
root       937     2  0 May02 ?        00:00:00 [audit_prune_tre]
root       943     1  0 May02 ?        00:00:00 /usr/sbin/sssd -i --logger=files
nscd       948     1  0 May02 ?        00:00:30 /usr/sbin/nscd
message+   955     1  0 May02 ?        00:00:17 /usr/bin/dbus-daemon --system --address=systemd: --nofork --nopidfile --systemd-activation --syslog-only
root       967     1  0 May02 ?        00:00:14 /usr/sbin/irqbalance --foreground
root       969     1  0 May02 ?        00:00:07 /usr/sbin/rsyslogd -n -iNONE
root      1042   943  0 May02 ?        00:00:24 /usr/lib/sssd/sssd_be --domain lambweston.com --uid 0 --gid 0 --logger=files
root      1043   943  0 May02 ?        00:00:11 /usr/lib/sssd/sssd_nss --uid 0 --gid 0 --logger=files
root      1044   943  0 May02 ?        00:00:04 /usr/lib/sssd/sssd_pam --uid 0 --gid 0 --logger=files
root      1045     1  0 May02 ?        00:00:08 /usr/lib/systemd/systemd-logind
root      1086     1  0 May02 ?        00:00:00 /usr/lib/wicked/bin/wickedd-dhcp6 --systemd --foreground
root      1087     1  0 May02 ?        00:00:00 /usr/lib/wicked/bin/wickedd-dhcp4 --systemd --foreground
root      1088     1  0 May02 ?        00:00:00 /usr/lib/wicked/bin/wickedd-auto4 --systemd --foreground
root      1089     1  0 May02 ?        00:00:00 /usr/sbin/wickedd --systemd --foreground
root      1096     1  0 May02 ?        00:00:00 /usr/sbin/wickedd-nanny --systemd --foreground
root      1231     2  0 19:28 ?        00:00:00 [kworker/u8:3-events_unbound]
root      2032     1  0 May02 ?        00:00:00 /usr/bin/python3 /usr/bin/salt-minion
root      2076     1  0 May02 ?        00:00:00 /usr/sbin/cron -n
root      2099  2032  0 May02 ?        00:09:06 /usr/bin/python3 /usr/bin/salt-minion
root      2126  2099  0 May02 ?        00:00:00 /usr/bin/python3 /usr/bin/salt-minion
root      2180     1  0 May02 ?        00:00:00 /usr/sbin/sshd -D
root      2185     2  0 May02 ?        00:00:00 [nfsiod]
root      2204     1  0 May02 ?        00:00:00 /opt/ds_agent/ds_agent -w /var/opt/ds_agent -b -i -e /opt/ds_agent/ext
root      2207  2204  3 May02 ?        07:13:30 /opt/ds_agent/ds_agent -w /var/opt/ds_agent -b -i -e /opt/ds_agent/ext
root      2220     2  0 May02 ?        00:00:03 [kworker/u9:1-xprtiod]
root      2224     2  0 May02 ?        00:00:00 [NFSv4 callback]
root      2232     1  0 May02 ttyS0    00:00:00 /sbin/agetty -o -p -- \u --keep-baud 115200,38400,9600 ttyS0 vt220
root      2236     1  0 May02 tty1     00:00:00 /sbin/agetty -o -p -- \u --noclear tty1 linux
root      2358     2  0 May02 ?        00:01:28 [ds_kproc]
root      2359     2  0 May02 ?        00:00:00 [ds_kmemcg]
root      2404     1  0 May02 ?        00:00:16 /usr/sap/hostctrl/exe/saphostexec pf=/usr/sap/hostctrl/exe/host_profile
sapadm    2443     1  0 May02 ?        00:00:00 /usr/lib/systemd/systemd --user
sapadm    2447  2443  0 May02 ?        00:00:00 (sd-pam)
uuidd     2451     1  0 May02 ?        00:00:21 /usr/sbin/uuidd --socket-activation
crxadm    2512     1  0 May02 ?        00:00:00 /usr/lib/systemd/systemd --user
sapadm    2514     1  0 May02 ?        00:07:18 /usr/sap/hostctrl/exe/sapstartsrv pf=/usr/sap/hostctrl/exe/host_profile -D
crxadm    2518  2512  0 May02 ?        00:00:00 (sd-pam)
crxadm    2757     1  0 May02 ?        00:01:39 /usr/sap/CRX/ASCS01/exe/sapstartsrv pf=/usr/sap/CRX/SYS/profile/CRX_ASCS01_SAPXCRCIPA -D -u crxadm
root      2846     1  0 May02 ?        00:05:40 /usr/sap/hostctrl/exe/saposcol -l -w60 pf=/usr/sap/hostctrl/exe/host_profile
root      3070     1  0 May02 ?        00:00:00 /opt/ds_agent/ds_am -g ../diag -v 5 -d /var/opt/ds_agent/am -P 1 -R
root      3111  3070  0 May02 ?        00:39:34 /opt/ds_agent/ds_am -g ../diag -v 5 -d /var/opt/ds_agent/am -P 1 -R
crxadm    3291     1  0 May02 ?        00:01:15 /usr/sap/CRX/D00/exe/sapstartsrv pf=/usr/sap/CRX/SYS/profile/CRX_D00_SAPXCRCIPA -D -u crxadm
daaadm    3368     1  0 May02 ?        00:00:00 /usr/lib/systemd/systemd --user
daaadm    3369  3368  0 May02 ?        00:00:00 (sd-pam)
daaadm    3539     1  0 May02 ?        00:00:11 /usr/sap/DAA/SMDA98/exe/sapstartsrv pf=/usr/sap/DAA/SYS/profile/DAA_SMDA98_SAPXCRCIPA -D -u daaadm
daaadm    4182     1  0 May02 ?        00:00:00 sapstart pf=/usr/sap/DAA/SYS/profile/DAA_SMDA98_SAPXCRCIPA
daaadm    4191  4182  0 May02 ?        00:00:01 /usr/sap/DAA/SMDA98/work/jc.sapDAA_SMDA98 pf=/usr/sap/DAA/SYS/profile/DAA_SMDA98_SAPXCRCIPA
daaadm    4192  4191  0 May02 ?        00:13:19 /usr/sap/DAA/SMDA98/exe/jstart -appTrc -nodeId=0 pf=/usr/sap/DAA/SYS/profile/DAA_SMDA98_SAPXCRCIPA -hostvm -nodeName=smdagent -file=/usr/sap/DAA/SMDA98/SMDAgent/smdagent.properties -jvmFile=/usr/sap/DAA/SMDA98/work/jstart.jvm -traceFile=/usr/sap/DAA/SMDA98/work/dev_smdagent -javaOutFile=/usr/sap/DAA/SMDA98/work/jvm_smdagent.out
root      5476     2  0 19:38 ?        00:00:00 [kworker/u8:4-events_unbound]
root      7413     2  0 18:22 ?        00:00:00 [kworker/2:1-xfs-buf/nvme0n1p1]
root      7537     2  0 May04 ?        00:00:03 [kworker/u9:0-xprtiod]
root      7598     2  0 18:23 ?        00:00:00 [kworker/3:2-xfs-conv/nvme0n1p1]
crxadm   10121     1  0 May02 ?        00:00:00 sapstart pf=/usr/sap/CRX/SYS/profile/CRX_ASCS01_SAPXCRCIPA
crxadm   10132 10121  0 May02 ?        00:00:18 ms.sapCRX_ASCS01 pf=/usr/sap/CRX/SYS/profile/CRX_ASCS01_SAPXCRCIPA
crxadm   10133 10121  0 May02 ?        00:01:12 en.sapCRX_ASCS01 pf=/usr/sap/CRX/SYS/profile/CRX_ASCS01_SAPXCRCIPA
crxadm   10336     1  0 May02 ?        00:00:00 sapstart pf=/usr/sap/CRX/SYS/profile/CRX_D00_SAPXCRCIPA
crxadm   10349 10336  0 May02 ?        00:01:55 dw.sapCRX_D00 pf=/usr/sap/CRX/SYS/profile/CRX_D00_SAPXCRCIPA
crxadm   10350 10336  0 May02 ?        00:00:00 ig.sapCRX_D00 -mode=profile pf=/usr/sap/CRX/SYS/profile/CRX_D00_SAPXCRCIPA
crxadm   10351 10350  0 May02 ?        00:02:23 /usr/sap/CRX/D00/exe/igsmux_mt -mode=profile -restartcount=0 -wdpid=10350 pf=/usr/sap/CRX/SYS/profile/CRX_D00_SAPXCRCIPA
crxadm   10352 10350  0 May02 ?        00:01:38 /usr/sap/CRX/D00/exe/igspw_mt -mode=profile -no=0 -restartcount=0 -wdpid=10350 pf=/usr/sap/CRX/SYS/profile/CRX_D00_SAPXCRCIPA
crxadm   10353 10350  0 May02 ?        00:01:38 /usr/sap/CRX/D00/exe/igspw_mt -mode=profile -no=1 -restartcount=0 -wdpid=10350 pf=/usr/sap/CRX/SYS/profile/CRX_D00_SAPXCRCIPA
crxadm   10368 10349  0 May02 ?        00:00:05 gwrd -dp pf=/usr/sap/CRX/SYS/profile/CRX_D00_SAPXCRCIPA
crxadm   10369 10349  0 May02 ?        00:00:48 icman -attach pf=/usr/sap/CRX/SYS/profile/CRX_D00_SAPXCRCIPA
crxadm   10370 10349  0 May02 ?        00:01:15 dw.sapCRX_D00 pf=/usr/sap/CRX/SYS/profile/CRX_D00_SAPXCRCIPA
crxadm   10371 10349  0 May02 ?        00:01:08 dw.sapCRX_D00 pf=/usr/sap/CRX/SYS/profile/CRX_D00_SAPXCRCIPA
crxadm   10372 10349  0 May02 ?        00:01:11 dw.sapCRX_D00 pf=/usr/sap/CRX/SYS/profile/CRX_D00_SAPXCRCIPA
crxadm   10373 10349  0 May02 ?        00:01:55 dw.sapCRX_D00 pf=/usr/sap/CRX/SYS/profile/CRX_D00_SAPXCRCIPA
crxadm   10374 10349  0 May02 ?        00:02:29 dw.sapCRX_D00 pf=/usr/sap/CRX/SYS/profile/CRX_D00_SAPXCRCIPA
crxadm   10375 10349  0 May02 ?        00:02:55 dw.sapCRX_D00 pf=/usr/sap/CRX/SYS/profile/CRX_D00_SAPXCRCIPA
crxadm   10376 10349  0 May02 ?        00:02:52 dw.sapCRX_D00 pf=/usr/sap/CRX/SYS/profile/CRX_D00_SAPXCRCIPA
crxadm   10377 10349  0 May02 ?        00:03:07 dw.sapCRX_D00 pf=/usr/sap/CRX/SYS/profile/CRX_D00_SAPXCRCIPA
crxadm   10378 10349  0 May02 ?        00:03:21 dw.sapCRX_D00 pf=/usr/sap/CRX/SYS/profile/CRX_D00_SAPXCRCIPA
crxadm   10379 10349  0 May02 ?        00:03:53 dw.sapCRX_D00 pf=/usr/sap/CRX/SYS/profile/CRX_D00_SAPXCRCIPA
crxadm   10380 10349  0 May02 ?        00:00:03 dw.sapCRX_D00 pf=/usr/sap/CRX/SYS/profile/CRX_D00_SAPXCRCIPA
crxadm   10381 10349  0 May02 ?        00:00:54 dw.sapCRX_D00 pf=/usr/sap/CRX/SYS/profile/CRX_D00_SAPXCRCIPA
crxadm   10382 10349  0 May02 ?        00:00:55 dw.sapCRX_D00 pf=/usr/sap/CRX/SYS/profile/CRX_D00_SAPXCRCIPA
crxadm   10383 10349  0 May02 ?        00:00:58 dw.sapCRX_D00 pf=/usr/sap/CRX/SYS/profile/CRX_D00_SAPXCRCIPA
crxadm   10384 10349  0 May02 ?        00:01:17 dw.sapCRX_D00 pf=/usr/sap/CRX/SYS/profile/CRX_D00_SAPXCRCIPA
crxadm   10385 10349  0 May02 ?        00:01:23 dw.sapCRX_D00 pf=/usr/sap/CRX/SYS/profile/CRX_D00_SAPXCRCIPA
crxadm   10386 10349  0 May02 ?        00:01:34 dw.sapCRX_D00 pf=/usr/sap/CRX/SYS/profile/CRX_D00_SAPXCRCIPA
crxadm   10387 10349  0 May02 ?        00:00:25 dw.sapCRX_D00 pf=/usr/sap/CRX/SYS/profile/CRX_D00_SAPXCRCIPA
crxadm   10388 10349  0 May02 ?        00:00:02 dw.sapCRX_D00 pf=/usr/sap/CRX/SYS/profile/CRX_D00_SAPXCRCIPA
root     11998     2  0 19:56 ?        00:00:00 [kworker/1:0-xfs-sync/dm-4]
root     15077     2  0 20:03 ?        00:00:00 [kworker/1:2-xfs-sync/dm-3]
root     15991     2  0 20:05 ?        00:00:00 [kworker/1:4-xfs-sync/nvme0n1p1]
root     17187     2  0 18:47 ?        00:00:00 [kworker/1:1-bmhook_wq]
root     18199     2  0 20:10 ?        00:00:00 [kworker/0:1-bmhook_wq]
root     18200     2  0 20:10 ?        00:00:00 [kworker/1:3-mm_percpu_wq]
root     18870     2  0 20:12 ?        00:00:00 [kworker/1:5-xfs-sync/dm-1]
root     18871     2  0 20:12 ?        00:00:00 [kworker/u8:0-xfs-cil/dm-1]
root     19768  2180  0 20:15 ?        00:00:00 sshd: AVJ1007 [priv]
AVJ1007  19780 19768  0 20:15 ?        00:00:00 sshd: AVJ1007@pts/0
AVJ1007  19781 19780  0 20:15 pts/0    00:00:00 -bash
root     19824 19781  0 20:15 pts/0    00:00:00 sudo su -
root     19825 19824  0 20:15 pts/1    00:00:00 sudo su -
root     19826 19825  0 20:15 pts/1    00:00:00 su -
root     19827 19826  0 20:15 pts/1    00:00:00 -bash
ntp      20020     1  0 20:15 ?        00:00:00 /usr/sbin/ntpd -p /var/run/ntp/ntpd.pid -g -u ntp:ntp -c /etc/ntp.conf
ntp      20021 20020  0 20:15 ?        00:00:00 ntpd: asynchronous dns resolver
root     20548     2  0 20:16 ?        00:00:00 [kworker/0:2-xfs-sync/dm-2]
root     20673 19827  0 20:17 pts/1    00:00:00 -bash
root     20692 20673  0 20:17 pts/1    00:00:00 ps -eaf
root     28524     2  0 19:16 ?        00:00:00 [kworker/u8:1-xfs-cil/dm-5]
root     29112     2  0 19:17 ?        00:00:00 [kworker/2:2-xfs-conv/dm-4]
root     29258     2  0 May05 ?        00:00:00 bpfilter_umh
root     30495     2  0 19:20 ?        00:00:00 [kworker/3:0-events]
AVJ1007  30769     1  0 May05 ?        00:00:00 /usr/lib/systemd/systemd --user
AVJ1007  30770 30769  0 May05 ?        00:00:00 (sd-pam)
root     32093     1  0 May05 ?        00:11:59 splunkd -p 8089 restart
root     32094 32093  0 May05 ?        00:02:04 [splunkd pid=32093] splunkd -p 8089 restart [process-runner]
0

[31;43m***** Services; Chkconfig status; CPU/MEM/ *****[0m
apparmor.service                     loaded failed     failed       Load AppArmor profiles                                                       
auditd.service                       loaded active     running      Security Auditing Service                                                    
aws-dataprovider.service             loaded activating auto-restart AWS Data Provider for SAP                                                    
cloud-config.service                 loaded active     exited       Apply the settings specified in cloud-config                                 
cloud-final.service                  loaded active     exited       Execute cloud user/final scripts                                             
cloud-init-local.service             loaded active     exited       Initial cloud-init job (pre-networking)                                      
cloud-init.service                   loaded active     exited       Initial cloud-init job (metadata service crawler)                            
cron.service                         loaded active     running      Command Scheduler                                                            
dbus.service                         loaded active     running      D-Bus System Message Bus                                                     
detect-part-label-duplicates.service loaded active     exited       Detect if the system suffers from bsc#1089761                                
dracut-shutdown.service              loaded active     exited       Restore /run/initramfs on shutdown                                           
ds_agent.service                     loaded active     running      Trend Micro Deep Security Agent                                              
getty@tty1.service                   loaded active     running      Getty on tty1                                                                
haveged.service                      loaded active     running      Entropy Daemon based on the HAVEGE algorithm                                 
irqbalance.service                   loaded active     running      irqbalance daemon                                                            
iscsi.service                        loaded active     exited       Login and scanning of iSCSI devices                                          
kbdsettings.service                  loaded active     exited       Apply settings from /etc/sysconfig/keyboard                                  
klog.service                         loaded active     exited       Early Kernel Boot Messages                                                   
kmod-static-nodes.service            loaded active     exited       Create list of required static device nodes for the current kernel           
lvm2-monitor.service                 loaded active     exited       Monitoring of LVM2 mirrors, snapshots etc. using dmeventd or progress polling
lvm2-pvscan@259:2.service            loaded active     exited       LVM event activation on device 259:2                                         
lvm2-pvscan@259:4.service            loaded active     exited       LVM event activation on device 259:4                                         
lvm2-pvscan@259:5.service            loaded active     exited       LVM event activation on device 259:5                                         
lvm2-pvscan@259:6.service            loaded active     exited       LVM event activation on device 259:6                                         
lvm2-pvscan@259:7.service            loaded active     exited       LVM event activation on device 259:7                                         
lvm2-pvscan@259:8.service            loaded active     exited       LVM event activation on device 259:8                                         
nscd.service                         loaded active     running      Name Service Cache Daemon                                                    
ntpd.service                         loaded active     running      NTP Server Daemon                                                            
rsyslog.service                      loaded active     running      System Logging Service                                                       
salt-minion.service                  loaded active     running      The Salt Minion                                                              
sapinit.service                      loaded active     running      LSB: Start the sapstartsrv                                                   
saptune.service                      loaded active     exited       Optimise system for running SAP workloads                                    
serial-getty@ttyS0.service           loaded active     running      Serial Getty on ttyS0                                                        
splunk.service                       loaded active     exited       SYSV: Splunk indexer service                                                 
sshd.service                         loaded active     running      OpenSSH Daemon                                                               
sssd.service                         loaded active     running      System Security Services Daemon                                              
sysstat.service                      loaded active     exited       Write information about system start to sysstat log                          
systemd-journal-flush.service        loaded active     exited       Flush Journal to Persistent Storage                                          
systemd-journald.service             loaded active     running      Journal Service                                                              
systemd-logind.service               loaded active     running      Login Service                                                                
systemd-modules-load.service         loaded active     exited       Load Kernel Modules                                                          
systemd-random-seed.service          loaded active     exited       Load/Save Random Seed                                                        
systemd-remount-fs.service           loaded active     exited       Remount Root and Kernel File Systems                                         
systemd-sysctl.service               loaded active     exited       Apply Kernel Variables                                                       
systemd-timedated.service            loaded failed     failed       Time & Date Service                                                          
systemd-tmpfiles-setup-dev.service   loaded active     exited       Create Static Device Nodes in /dev                                           
systemd-tmpfiles-setup.service       loaded active     exited       Create Volatile Files and Directories                                        
systemd-udev-settle.service          loaded active     exited       udev Wait for Complete Device Initialization                                 
systemd-udev-trigger.service         loaded active     exited       udev Coldplug all Devices                                                    
systemd-udevd.service                loaded active     running      udev Kernel Device Manager                                                   
systemd-update-utmp.service          loaded active     exited       Update UTMP about System Boot/Shutdown                                       
systemd-user-sessions.service        loaded active     exited       Permit User Sessions                                                         
user-runtime-dir@1725064823.service  loaded active     exited       User Runtime Directory /run/user/1725064823                                  
user-runtime-dir@4001.service        loaded active     exited       User Runtime Directory /run/user/4001                                        
user-runtime-dir@4002.service        loaded active     exited       User Runtime Directory /run/user/4002                                        
user-runtime-dir@4003.service        loaded active     exited       User Runtime Directory /run/user/4003                                        
user@1725064823.service              loaded active     running      User Manager for UID 1725064823                                              
user@4001.service                    loaded active     running      User Manager for UID 4001                                                    
user@4002.service                    loaded active     running      User Manager for UID 4002                                                    
user@4003.service                    loaded active     running      User Manager for UID 4003                                                    
uuidd.service                        loaded active     running      Daemon for generating UUIDs                                                  
wicked.service                       loaded active     exited       wicked managed network interfaces                                            
wickedd-auto4.service                loaded active     running      wicked AutoIPv4 supplicant service                                           
wickedd-dhcp4.service                loaded active     running      wicked DHCPv4 supplicant service                                             
wickedd-dhcp6.service                loaded active     running      wicked DHCPv6 supplicant service                                             
wickedd-nanny.service                loaded active     running      wicked network nanny service                                                 
wickedd.service                      loaded active     running      wicked network management service daemon                                     
sapinit                   0:off  1:off  2:off  3:on   4:off  5:on   6:off
splunk                    0:off  1:off  2:on   3:on   4:off  5:on   6:off
processor	: 0
vendor_id	: GenuineIntel
cpu family	: 6
model		: 106
model name	: Intel(R) Xeon(R) Platinum 8375C CPU @ 2.90GHz
stepping	: 6
microcode	: 0xd000331
cpu MHz		: 3500.843
cache size	: 55296 KB
physical id	: 0
siblings	: 4
core id		: 0
cpu cores	: 2
apicid		: 0
initial apicid	: 0
fpu		: yes
fpu_exception	: yes
cpuid level	: 27
wp		: yes
flags		: fpu vme de pse tsc msr pae mce cx8 apic sep mtrr pge mca cmov pat pse36 clflush mmx fxsr sse sse2 ss ht syscall nx pdpe1gb rdtscp lm constant_tsc rep_good nopl xtopology nonstop_tsc cpuid aperfmperf tsc_known_freq pni pclmulqdq ssse3 fma cx16 pcid sse4_1 sse4_2 x2apic movbe popcnt tsc_deadline_timer aes xsave avx f16c rdrand hypervisor lahf_lm abm 3dnowprefetch invpcid_single ssbd ibrs ibpb stibp ibrs_enhanced fsgsbase tsc_adjust bmi1 avx2 smep bmi2 erms invpcid avx512f avx512dq rdseed adx smap avx512ifma clflushopt clwb avx512cd sha_ni avx512bw avx512vl xsaveopt xsavec xgetbv1 xsaves wbnoinvd ida arat avx512vbmi pku ospke avx512_vbmi2 gfni vaes vpclmulqdq avx512_vnni avx512_bitalg tme avx512_vpopcntdq rdpid md_clear flush_l1d arch_capabilities
bugs		: spectre_v1 spectre_v2 spec_store_bypass swapgs
bogomips	: 5800.02
clflush size	: 64
cache_alignment	: 64
address sizes	: 46 bits physical, 48 bits virtual
power management:

processor	: 1
vendor_id	: GenuineIntel
cpu family	: 6
model		: 106
model name	: Intel(R) Xeon(R) Platinum 8375C CPU @ 2.90GHz
stepping	: 6
microcode	: 0xd000331
cpu MHz		: 3499.723
cache size	: 55296 KB
physical id	: 0
siblings	: 4
core id		: 1
cpu cores	: 2
apicid		: 2
initial apicid	: 2
fpu		: yes
fpu_exception	: yes
cpuid level	: 27
wp		: yes
flags		: fpu vme de pse tsc msr pae mce cx8 apic sep mtrr pge mca cmov pat pse36 clflush mmx fxsr sse sse2 ss ht syscall nx pdpe1gb rdtscp lm constant_tsc rep_good nopl xtopology nonstop_tsc cpuid aperfmperf tsc_known_freq pni pclmulqdq ssse3 fma cx16 pcid sse4_1 sse4_2 x2apic movbe popcnt tsc_deadline_timer aes xsave avx f16c rdrand hypervisor lahf_lm abm 3dnowprefetch invpcid_single ssbd ibrs ibpb stibp ibrs_enhanced fsgsbase tsc_adjust bmi1 avx2 smep bmi2 erms invpcid avx512f avx512dq rdseed adx smap avx512ifma clflushopt clwb avx512cd sha_ni avx512bw avx512vl xsaveopt xsavec xgetbv1 xsaves wbnoinvd ida arat avx512vbmi pku ospke avx512_vbmi2 gfni vaes vpclmulqdq avx512_vnni avx512_bitalg tme avx512_vpopcntdq rdpid md_clear flush_l1d arch_capabilities
bugs		: spectre_v1 spectre_v2 spec_store_bypass swapgs
bogomips	: 5800.02
clflush size	: 64
cache_alignment	: 64
address sizes	: 46 bits physical, 48 bits virtual
power management:

processor	: 2
vendor_id	: GenuineIntel
cpu family	: 6
model		: 106
model name	: Intel(R) Xeon(R) Platinum 8375C CPU @ 2.90GHz
stepping	: 6
microcode	: 0xd000331
cpu MHz		: 3500.480
cache size	: 55296 KB
physical id	: 0
siblings	: 4
core id		: 0
cpu cores	: 2
apicid		: 1
initial apicid	: 1
fpu		: yes
fpu_exception	: yes
cpuid level	: 27
wp		: yes
flags		: fpu vme de pse tsc msr pae mce cx8 apic sep mtrr pge mca cmov pat pse36 clflush mmx fxsr sse sse2 ss ht syscall nx pdpe1gb rdtscp lm constant_tsc rep_good nopl xtopology nonstop_tsc cpuid aperfmperf tsc_known_freq pni pclmulqdq ssse3 fma cx16 pcid sse4_1 sse4_2 x2apic movbe popcnt tsc_deadline_timer aes xsave avx f16c rdrand hypervisor lahf_lm abm 3dnowprefetch invpcid_single ssbd ibrs ibpb stibp ibrs_enhanced fsgsbase tsc_adjust bmi1 avx2 smep bmi2 erms invpcid avx512f avx512dq rdseed adx smap avx512ifma clflushopt clwb avx512cd sha_ni avx512bw avx512vl xsaveopt xsavec xgetbv1 xsaves wbnoinvd ida arat avx512vbmi pku ospke avx512_vbmi2 gfni vaes vpclmulqdq avx512_vnni avx512_bitalg tme avx512_vpopcntdq rdpid md_clear flush_l1d arch_capabilities
bugs		: spectre_v1 spectre_v2 spec_store_bypass swapgs
bogomips	: 5800.02
clflush size	: 64
cache_alignment	: 64
address sizes	: 46 bits physical, 48 bits virtual
power management:

processor	: 3
vendor_id	: GenuineIntel
cpu family	: 6
model		: 106
model name	: Intel(R) Xeon(R) Platinum 8375C CPU @ 2.90GHz
stepping	: 6
microcode	: 0xd000331
cpu MHz		: 3500.165
cache size	: 55296 KB
physical id	: 0
siblings	: 4
core id		: 1
cpu cores	: 2
apicid		: 3
initial apicid	: 3
fpu		: yes
fpu_exception	: yes
cpuid level	: 27
wp		: yes
flags		: fpu vme de pse tsc msr pae mce cx8 apic sep mtrr pge mca cmov pat pse36 clflush mmx fxsr sse sse2 ss ht syscall nx pdpe1gb rdtscp lm constant_tsc rep_good nopl xtopology nonstop_tsc cpuid aperfmperf tsc_known_freq pni pclmulqdq ssse3 fma cx16 pcid sse4_1 sse4_2 x2apic movbe popcnt tsc_deadline_timer aes xsave avx f16c rdrand hypervisor lahf_lm abm 3dnowprefetch invpcid_single ssbd ibrs ibpb stibp ibrs_enhanced fsgsbase tsc_adjust bmi1 avx2 smep bmi2 erms invpcid avx512f avx512dq rdseed adx smap avx512ifma clflushopt clwb avx512cd sha_ni avx512bw avx512vl xsaveopt xsavec xgetbv1 xsaves wbnoinvd ida arat avx512vbmi pku ospke avx512_vbmi2 gfni vaes vpclmulqdq avx512_vnni avx512_bitalg tme avx512_vpopcntdq rdpid md_clear flush_l1d arch_capabilities
bugs		: spectre_v1 spectre_v2 spec_store_bypass swapgs
bogomips	: 5800.02
clflush size	: 64
cache_alignment	: 64
address sizes	: 46 bits physical, 48 bits virtual
power management:

MemTotal:       16113732 kB
MemFree:         2723372 kB
MemAvailable:    8496232 kB
Buffers:            2208 kB
Cached:          8367260 kB
SwapCached:            0 kB
Active:          7708220 kB
Inactive:        4922548 kB
Active(anon):    4268480 kB
Inactive(anon):  2596348 kB
Active(file):    3439740 kB
Inactive(file):  2326200 kB
Unevictable:          80 kB
Mlocked:              80 kB
SwapTotal:      33554428 kB
SwapFree:       33554428 kB
Dirty:               400 kB
Writeback:             0 kB
AnonPages:       4093560 kB
Mapped:          3137372 kB
Shmem:           2603528 kB
KReclaimable:     343908 kB
Slab:             456764 kB
SReclaimable:     343908 kB
SUnreclaim:       112856 kB
KernelStack:        8248 kB
PageTables:        85324 kB
NFS_Unstable:          0 kB
Bounce:                0 kB
WritebackTmp:          0 kB
CommitLimit:    41611292 kB
Committed_AS:   23715980 kB
VmallocTotal:   34359738367 kB
VmallocUsed:       59420 kB
VmallocChunk:          0 kB
Percpu:             1328 kB
HardwareCorrupted:     0 kB
AnonHugePages:   3270656 kB
ShmemHugePages:        0 kB
ShmemPmdMapped:        0 kB
HugePages_Total:       0
HugePages_Free:        0
HugePages_Rsvd:        0
HugePages_Surp:        0
Hugepagesize:       2048 kB
Hugetlb:               0 kB
DirectMap4k:      380836 kB
DirectMap2M:    15069184 kB
DirectMap1G:     1048576 kB
  --- Physical volume ---
  PV Name               /dev/nvme7n1
  VG Name               home
  PV Size               20.00 GiB / not usable 4.00 MiB
  Allocatable           yes (but full)
  PE Size               4.00 MiB
  Total PE              5119
  Free PE               0
  Allocated PE          5119
  PV UUID               pig3UV-Jedo-yWMq-HoAG-aoTj-dTOU-qua6zR
   
  --- Physical volume ---
  PV Name               /dev/nvme5n1
  VG Name               usr_sap
  PV Size               300.00 GiB / not usable 4.00 MiB
  Allocatable           yes 
  PE Size               4.00 MiB
  Total PE              76799
  Free PE               255
  Allocated PE          76544
  PV UUID               0boaDa-mmXC-3sPm-oSa9-2mXU-zl65-Lp8NcT
   
  --- Physical volume ---
  PV Name               /dev/nvme6n1
  VG Name               var_tmp
  PV Size               20.00 GiB / not usable 4.00 MiB
  Allocatable           yes (but full)
  PE Size               4.00 MiB
  Total PE              5119
  Free PE               0
  Allocated PE          5119
  PV UUID               wAmJXj-FDD4-1hDY-0cXx-ttd6-kjwY-T43elR
   
  --- Physical volume ---
  PV Name               /dev/nvme4n1
  VG Name               var_log_audit
  PV Size               20.00 GiB / not usable 4.00 MiB
  Allocatable           yes (but full)
  PE Size               4.00 MiB
  Total PE              5119
  Free PE               0
  Allocated PE          5119
  PV UUID               fFbILu-X1ae-47uY-0y6N-QiKX-tY7n-f12XjZ
   
  --- Physical volume ---
  PV Name               /dev/nvme1n1
  VG Name               var_log
  PV Size               20.00 GiB / not usable 4.00 MiB
  Allocatable           yes (but full)
  PE Size               4.00 MiB
  Total PE              5119
  Free PE               0
  Allocated PE          5119
  PV UUID               XyzJ9U-I5LO-PqDn-ucfJ-wAui-dsIU-c9vWkP
   
  --- Physical volume ---
  PV Name               /dev/nvme2n1
  VG Name               var
  PV Size               20.00 GiB / not usable 4.00 MiB
  Allocatable           yes (but full)
  PE Size               4.00 MiB
  Total PE              5119
  Free PE               0
  Allocated PE          5119
  PV UUID               ohB2BN-bJSt-GYWh-llmK-Vx0M-7AzG-KzdhED
   
  --- Volume group ---
  VG Name               home
  System ID             
  Format                lvm2
  Metadata Areas        1
  Metadata Sequence No  2
  VG Access             read/write
  VG Status             resizable
  MAX LV                0
  Cur LV                1
  Open LV               1
  Max PV                0
  Cur PV                1
  Act PV                1
  VG Size               20.00 GiB
  PE Size               4.00 MiB
  Total PE              5119
  Alloc PE / Size       5119 / 20.00 GiB
  Free  PE / Size       0 / 0   
  VG UUID               YTrIbR-cquE-c3Cb-62Y2-UQ2T-0H3V-47rrag
   
  --- Volume group ---
  VG Name               usr_sap
  System ID             
  Format                lvm2
  Metadata Areas        1
  Metadata Sequence No  2
  VG Access             read/write
  VG Status             resizable
  MAX LV                0
  Cur LV                1
  Open LV               1
  Max PV                0
  Cur PV                1
  Act PV                1
  VG Size               300.00 GiB
  PE Size               4.00 MiB
  Total PE              76799
  Alloc PE / Size       76544 / 299.00 GiB
  Free  PE / Size       255 / 1020.00 MiB
  VG UUID               0nR0kG-EOxK-enuj-ewFn-ZjWB-W3xl-42Fil8
   
  --- Volume group ---
  VG Name               var_tmp
  System ID             
  Format                lvm2
  Metadata Areas        1
  Metadata Sequence No  2
  VG Access             read/write
  VG Status             resizable
  MAX LV                0
  Cur LV                1
  Open LV               1
  Max PV                0
  Cur PV                1
  Act PV                1
  VG Size               20.00 GiB
  PE Size               4.00 MiB
  Total PE              5119
  Alloc PE / Size       5119 / 20.00 GiB
  Free  PE / Size       0 / 0   
  VG UUID               DY1r39-ALrk-5neb-k21V-I3Kv-PWIn-6KgY9v
   
  --- Volume group ---
  VG Name               var_log_audit
  System ID             
  Format                lvm2
  Metadata Areas        1
  Metadata Sequence No  2
  VG Access             read/write
  VG Status             resizable
  MAX LV                0
  Cur LV                1
  Open LV               1
  Max PV                0
  Cur PV                1
  Act PV                1
  VG Size               20.00 GiB
  PE Size               4.00 MiB
  Total PE              5119
  Alloc PE / Size       5119 / 20.00 GiB
  Free  PE / Size       0 / 0   
  VG UUID               Vi7osb-o8S2-udqT-hxjH-L5O9-qNz5-kU30ic
   
  --- Volume group ---
  VG Name               var_log
  System ID             
  Format                lvm2
  Metadata Areas        1
  Metadata Sequence No  2
  VG Access             read/write
  VG Status             resizable
  MAX LV                0
  Cur LV                1
  Open LV               1
  Max PV                0
  Cur PV                1
  Act PV                1
  VG Size               20.00 GiB
  PE Size               4.00 MiB
  Total PE              5119
  Alloc PE / Size       5119 / 20.00 GiB
  Free  PE / Size       0 / 0   
  VG UUID               AjlSPj-FTkb-i7W9-eOgh-YMJD-pcwP-G83MPQ
   
  --- Volume group ---
  VG Name               var
  System ID             
  Format                lvm2
  Metadata Areas        1
  Metadata Sequence No  2
  VG Access             read/write
  VG Status             resizable
  MAX LV                0
  Cur LV                1
  Open LV               1
  Max PV                0
  Cur PV                1
  Act PV                1
  VG Size               20.00 GiB
  PE Size               4.00 MiB
  Total PE              5119
  Alloc PE / Size       5119 / 20.00 GiB
  Free  PE / Size       0 / 0   
  VG UUID               OqtH25-Hchg-iDda-UcDN-UKFn-5q0g-UAGXhi
   
  --- Logical volume ---
  LV Path                /dev/home/home
  LV Name                home
  VG Name                home
  LV UUID                CR8tUs-pTAr-aoj7-C2eP-7JJN-lROj-LwE2PR
  LV Write Access        read/write
  LV Creation host, time SAPXS4CIPA, 2022-01-31 11:31:59 +0000
  LV Status              available
  # open                 1
  LV Size                20.00 GiB
  Current LE             5119
  Segments               1
  Allocation             inherit
  Read ahead sectors     auto
  - currently set to     1024
  Block device           254:5
   
  --- Logical volume ---
  LV Path                /dev/usr_sap/lvusr_sap
  LV Name                lvusr_sap
  VG Name                usr_sap
  LV UUID                yMcQrR-YloE-Igm4-kKp8-ddAp-AyM3-7NluiL
  LV Write Access        read/write
  LV Creation host, time SAPXCRCIPA, 2022-03-16 16:14:32 +0000
  LV Status              available
  # open                 1
  LV Size                299.00 GiB
  Current LE             76544
  Segments               1
  Allocation             inherit
  Read ahead sectors     auto
  - currently set to     1024
  Block device           254:1
   
  --- Logical volume ---
  LV Path                /dev/var_tmp/var_tmp
  LV Name                var_tmp
  VG Name                var_tmp
  LV UUID                vk8uvW-9KER-wNS6-arqT-59kj-2edF-emqBcg
  LV Write Access        read/write
  LV Creation host, time SAPXS4CIPA, 2022-01-31 11:44:13 +0000
  LV Status              available
  # open                 1
  LV Size                20.00 GiB
  Current LE             5119
  Segments               1
  Allocation             inherit
  Read ahead sectors     auto
  - currently set to     1024
  Block device           254:0
   
  --- Logical volume ---
  LV Path                /dev/var_log_audit/var_log_audit
  LV Name                var_log_audit
  VG Name                var_log_audit
  LV UUID                h0eafH-iwFv-ppd0-OvTJ-3hgw-PVVA-RbQpqb
  LV Write Access        read/write
  LV Creation host, time SAPXS4CIPA, 2022-01-31 11:52:55 +0000
  LV Status              available
  # open                 1
  LV Size                20.00 GiB
  Current LE             5119
  Segments               1
  Allocation             inherit
  Read ahead sectors     auto
  - currently set to     1024
  Block device           254:3
   
  --- Logical volume ---
  LV Path                /dev/var_log/var_log
  LV Name                var_log
  VG Name                var_log
  LV UUID                3WBllj-UITA-kDmV-J1fj-ieMf-UVIe-O1Cjxo
  LV Write Access        read/write
  LV Creation host, time SAPXCRCIPA, 2022-05-02 12:41:43 +0000
  LV Status              available
  # open                 1
  LV Size                20.00 GiB
  Current LE             5119
  Segments               1
  Allocation             inherit
  Read ahead sectors     auto
  - currently set to     1024
  Block device           254:2
   
  --- Logical volume ---
  LV Path                /dev/var/var
  LV Name                var
  VG Name                var
  LV UUID                uWMDWy-HtyZ-cWrC-a51i-2coG-wBjZ-H1mX3N
  LV Write Access        read/write
  LV Creation host, time SAPXCRCIPA, 2022-05-02 12:37:39 +0000
  LV Status              available
  # open                 1
  LV Size                20.00 GiB
  Current LE             5119
  Segments               1
  Allocation             inherit
  Read ahead sectors     auto
  - currently set to     1024
  Block device           254:4
   
              total        used        free      shared  buff/cache   available
Mem:          15736        4569        2657        2542        8509        8295
Swap:         32767           0       32767

[31;43m***** NTPD status *****[0m
● ntpd.service - NTP Server Daemon
   Loaded: loaded (/usr/lib/systemd/system/ntpd.service; disabled; vendor preset: disabled)
  Drop-In: /run/systemd/generator/ntpd.service.d
           └─50-insserv.conf-$time.conf
   Active: active (running) since Wed 2022-05-11 20:15:47 UTC; 1min 18s ago
     Docs: man:ntpd(1)
  Process: 20011 ExecStart=/usr/sbin/start-ntpd start (code=exited, status=0/SUCCESS)
 Main PID: 20020 (ntpd)
    Tasks: 2
   CGroup: /system.slice/ntpd.service
           ├─20020 /usr/sbin/ntpd -p /var/run/ntp/ntpd.pid -g -u ntp:ntp -c /etc/ntp.conf
           └─20021 ntpd: asynchronous dns resolver

May 11 20:15:47 SAPXCRCIPA ntpd[20020]: proto: precision = 0.044 usec (-24)
May 11 20:15:47 SAPXCRCIPA ntpd[20020]: line 89 column 22 syntax error, unexpected T_String, expecting T_EOC
May 11 20:15:47 SAPXCRCIPA ntpd[20020]: syntax error in /etc/ntp.conf line 89, column 22
May 11 20:15:47 SAPXCRCIPA ntpd[20020]: line 90 column 22 syntax error, unexpected T_String, expecting T_EOC
May 11 20:15:47 SAPXCRCIPA ntpd[20020]: syntax error in /etc/ntp.conf line 90, column 22
May 11 20:15:47 SAPXCRCIPA ntpd[20020]: basedate set to 2021-06-03
May 11 20:15:47 SAPXCRCIPA ntpd[20020]: gps base set to 2021-06-06 (week 2161)
May 11 20:15:47 SAPXCRCIPA ntpd[20020]: switching logging to file /var/log/ntp
May 11 20:15:47 SAPXCRCIPA start-ntpd[20011]: Starting network time protocol daemon (NTPD)
May 11 20:15:47 SAPXCRCIPA systemd[1]: Started NTP Server Daemon.
     remote           refid      st t when poll reach   delay   offset  jitter
==============================================================================
 ip-172-30-144-2 17.253.26.125    2 u   12   64    3   77.403   +0.979   0.027
 ip-172-30-144-2 17.253.4.253     2 u   11   64    3   77.057   +0.722   0.139

******************************************
SAPXCRCIPA
5.3.18-24.67-default
NAME="SLES"
VERSION="15-SP2"
VERSION_ID="15.2"
PRETTY_NAME="SUSE Linux Enterprise Server 15 SP2"
ID="sles"
ID_LIKE="suse"
ANSI_COLOR="0;32"
CPE_NAME="cpe:/o:suse:sles:15:sp2"
VARIANT_ID="sles-sap"
 20:17:05  up 9 days  5:12,  1 user,  load average: 0.16, 0.06, 0.01
################################################################################
## /etc/ntp.conf
##
## Sample NTP configuration file.
## See package 'ntp-doc' for documentation, Mini-HOWTO and FAQ.
## Copyright (c) 1998 S.u.S.E. GmbH Fuerth, Germany.
##
## Author: Michael Andres,  <ma@suse.de>
##         Michael Skibbe,  <mskibbe@suse.de>
##
################################################################################

##
## Radio and modem clocks by convention have addresses in the 
## form 127.127.t.u, where t is the clock type and u is a unit 
## number in the range 0-3. 
##
## Most of these clocks require support in the form of a 
## serial port or special bus peripheral. The particular  
## device is normally specified by adding a soft link 
## /dev/device-u to the particular hardware device involved, 
## where u correspond to the unit number above. 
## 
## Generic DCF77 clock on serial port (Conrad DCF77)
## Address:     127.127.8.u
## Serial Port: /dev/refclock-u
##  
## (create soft link /dev/refclock-0 to the particular ttyS?)
##
# server 127.127.8.0 mode 5 prefer

##
## Undisciplined Local Clock. This is a fake driver intended for backup
## and when no outside source of synchronized time is available.
##
# server 127.127.1.0		# local clock (LCL)
# fudge  127.127.1.0 stratum 10	# LCL is unsynchronized

##
## Add external Servers using
## # rcntpd addserver <yourserver>
## The servers will only be added to the currently running instance, not
## to /etc/ntp.conf.
##

# Access control configuration; see /usr/share/doc/packages/ntp/html/accopt.html for
# details.  The web page <http://support.ntp.org/bin/view/Support/AccessRestrictions>
# might also be helpful.
#
# Note that "restrict" applies to both servers and clients, so a configuration
# that might be intended to block requests from certain clients could also end
# up blocking replies from your own upstream servers.

# By default, exchange time with everybody, but don't allow configuration.
restrict -4 default notrap nomodify nopeer noquery
restrict -6 default notrap nomodify nopeer noquery

# Local users may interrogate the ntp server more closely.
restrict 127.0.0.1
restrict ::1

# Clients from this (example!) subnet have unlimited access, but only if
# cryptographically authenticated.
#restrict 192.168.123.0 mask 255.255.255.0 notrust

##
## Miscellaneous stuff
##

driftfile /var/lib/ntp/drift/ntp.drift # path for drift file

logfile   /var/log/ntp		# alternate log file
# logconfig =syncstatus + sysevents
# logconfig =all

# statsdir /var/log/ntpstats/		# directory for statistics files
# filegen peerstats  file peerstats  type day enable
# filegen loopstats  file loopstats  type day enable
# filegen clockstats file clockstats type day enable

#
# Authentication stuff
#
keys /etc/ntp.keys		# path for keys file
trustedkey 1 # define trusted keys
requestkey 1			# key (7) for accessing server variables
controlkey 1			# key (6) for accessing server variables

server 172.30.144.243 ibrust
server 172.30.144.244 ibrust
     remote           refid      st t when poll reach   delay   offset  jitter
==============================================================================
 ip-172-30-144-2 17.253.26.125    2 u   12   64    3   77.403   +0.979   0.027
 ip-172-30-144-2 17.253.4.253     2 u   11   64    3   77.057   +0.722   0.139
aaa_base-extras-84.87+git20180409.04c9dae-3.52.1.x86_64 Mon May  2 14:38:25 2022
python3-bind-9.16.6-150000.12.60.1.noarch     Mon May  2 14:35:30 2022
libdns1605-9.16.6-150000.12.60.1.x86_64       Mon May  2 14:35:27 2022
libirs1601-9.16.6-150000.12.60.1.x86_64       Mon May  2 14:35:23 2022
bind-utils-9.16.6-150000.12.60.1.x86_64       Mon May  2 14:35:20 2022
libns1604-9.16.6-150000.12.60.1.x86_64        Mon May  2 14:35:16 2022
libisccc1600-9.16.6-150000.12.60.1.x86_64     Mon May  2 14:35:13 2022
libisccfg1600-9.16.6-150000.12.60.1.x86_64    Mon May  2 14:35:09 2022
libisc1606-9.16.6-150000.12.60.1.x86_64       Mon May  2 14:35:05 2022
libbind9-1600-9.16.6-150000.12.60.1.x86_64    Mon May  2 14:35:02 2022
bind-chrootenv-9.16.6-150000.12.60.1.x86_64   Mon May  2 14:34:58 2022
ruby2.5-stdlib-2.5.9-4.20.1.x86_64            Mon May  2 14:34:51 2022
ruby2.5-2.5.9-4.20.1.x86_64                   Mon May  2 14:34:51 2022
libruby2_5-2_5-2.5.9-4.20.1.x86_64            Mon May  2 14:34:51 2022
mozilla-nss-tools-3.68.3-150000.3.67.1.x86_64 Mon May  2 14:34:47 2022
mozilla-nss-3.68.3-150000.3.67.1.x86_64       Mon May  2 14:34:47 2022
libsoftokn3-hmac-3.68.3-150000.3.67.1.x86_64  Mon May  2 14:34:47 2022
libsoftokn3-3.68.3-150000.3.67.1.x86_64       Mon May  2 14:34:47 2022
libfreebl3-hmac-3.68.3-150000.3.67.1.x86_64   Mon May  2 14:34:47 2022
libfreebl3-3.68.3-150000.3.67.1.x86_64        Mon May  2 14:34:47 2022
mozilla-nspr-4.32-3.20.1.x86_64               Mon May  2 14:34:46 2022
libsasl2-3-32bit-2.1.26-5.10.1.x86_64         Mon May  2 14:34:26 2022
cyrus-sasl-saslauthd-2.1.26-5.10.1.x86_64     Mon May  2 14:34:22 2022
cyrus-sasl-gssapi-2.1.26-5.10.1.x86_64        Mon May  2 14:34:18 2022
cyrus-sasl-plain-2.1.26-5.10.1.x86_64         Mon May  2 14:34:15 2022
cyrus-sasl-digestmd5-2.1.26-5.10.1.x86_64     Mon May  2 14:34:11 2022
libsasl2-3-2.1.26-5.10.1.x86_64               Mon May  2 14:34:07 2022
snmp-mibs-5.7.3-10.12.1.x86_64                Mon May  2 14:34:04 2022
perl-SNMP-5.7.3-10.12.1.x86_64                Mon May  2 14:34:00 2022
libsnmp30-5.7.3-10.12.1.x86_64                Mon May  2 14:33:57 2022
zypper-log-1.14.52-150200.30.2.noarch         Mon May  2 14:33:53 2022
zypper-1.14.52-150200.30.2.x86_64             Mon May  2 14:33:50 2022
python3-solv-0.7.22-150200.12.1.x86_64        Mon May  2 14:33:38 2022
ruby-solv-0.7.22-150200.12.1.x86_64           Mon May  2 14:33:31 2022
libzypp-17.30.0-150200.36.1.x86_64            Mon May  2 14:33:08 2022
libsolv-tools-0.7.22-150200.12.1.x86_64       Mon May  2 14:33:07 2022
aide-0.16-20.15.1.x86_64                      Mon May  2 11:49:44 2022
openssh-8.1p1-5.21.1.x86_64                   Mon Apr 18 15:49:56 2022
aws-sap-dataprovider-standalone-4.1-0.amzn2.x86_64 Tue Mar 29 10:57:01 2022
unrar_wrapper-1.0.0-3.4.noarch                Wed Mar  9 19:55:26 2022
unar-1.10.1-4.3.1.x86_64                      Wed Mar  9 19:55:25 2022
libgnustep-base1_25-1.25.1-1.27.x86_64        Wed Mar  9 19:55:23 2022
libicu60_2-60.2-3.6.1.x86_64                  Wed Mar  9 19:55:21 2022
libwavpack1-5.1.0-4.6.1.x86_64                Wed Mar  9 19:54:45 2022
libicu60_2-ledata-60.2-3.6.1.noarch           Wed Mar  9 19:54:41 2022
xdg-utils-20170508-3.2.noarch                 Sun Jan 16 13:05:12 2022
hwdata-0.353-3.36.1.noarch                    Sun Jan 16 13:05:11 2022
SUSEConnect-0.3.32-3.40.1.x86_64              Sun Jan 16 12:12:56 2022
zypper-search-packages-plugin-0.7-5.35.noarch Wed Jan 12 14:34:09 2022
zypper-needs-restarting-1.14.50-21.1.noarch   Wed Jan 12 14:34:09 2022
zypper-lifecycle-plugin-0.6.1490613702.a925823-2.43.noarch Wed Jan 12 14:34:09 2022
lifecycle-data-sle-module-server-applications-1-5.4.1.x86_64 Wed Jan 12 14:34:09 2022
lifecycle-data-sle-module-development-tools-1-3.10.1.noarch Wed Jan 12 14:34:09 2022
lifecycle-data-sle-module-desktop-applications-1-5.4.1.x86_64 Wed Jan 12 14:34:09 2022
lifecycle-data-sle-module-basesystem-2-8.4.1.x86_64 Wed Jan 12 14:34:08 2022
libprotobuf-lite20-3.9.2-4.9.1.x86_64         Wed Jan 12 14:34:08 2022
salt-minion-3002.2-52.1.x86_64                Wed Jan 12 14:33:35 2022
salt-3002.2-52.1.x86_64                       Wed Jan 12 14:33:35 2022
python3-salt-3002.2-52.1.x86_64               Wed Jan 12 14:33:35 2022
python3-tornado-4.5.3-3.3.1.x86_64            Wed Jan 12 14:33:33 2022
python3-pyzmq-17.1.2-3.3.1.x86_64             Wed Jan 12 14:33:33 2022
python3-Twisted-19.10.0-3.2.6.x86_64          Wed Jan 12 14:33:33 2022
supportutils-plugin-salt-1.1.5-3.3.1.noarch   Wed Jan 12 14:33:32 2022
python3-zope.interface-4.4.2-3.2.1.x86_64     Wed Jan 12 14:33:32 2022
python3-service_identity-18.1.0-3.2.1.noarch  Wed Jan 12 14:33:32 2022
python3-pyinotify-0.9.6-4.5.1.noarch          Wed Jan 12 14:33:32 2022
python3-pyOpenSSL-17.5.0-8.3.1.noarch         Wed Jan 12 14:33:32 2022
python3-numpy-1.17.3-4.11.1.x86_64            Wed Jan 12 14:33:32 2022
python3-incremental-17.5.0-3.2.1.noarch       Wed Jan 12 14:33:32 2022
python3-hyperlink-17.2.1-3.2.1.noarch         Wed Jan 12 14:33:32 2022
python3-hyperframe-5.2.0-3.2.1.noarch         Wed Jan 12 14:33:32 2022
python3-hpack-3.0.0-3.2.1.noarch              Wed Jan 12 14:33:32 2022
python3-h2-3.2.0-3.2.2.noarch                 Wed Jan 12 14:33:32 2022
python3-gevent-1.2.2-3.26.x86_64              Wed Jan 12 14:33:32 2022
python3-distro-1.5.0-3.5.1.noarch             Wed Jan 12 14:33:32 2022
python3-constantly-15.1.0-3.2.1.noarch        Wed Jan 12 14:33:32 2022
python3-attrs-19.3.0-3.2.1.noarch             Wed Jan 12 14:33:32 2022
python3-PyHamcrest-1.9.0-3.2.2.noarch         Wed Jan 12 14:33:32 2022
python3-Automat-0.6.0-3.2.1.noarch            Wed Jan 12 14:33:32 2022
libzmq5-4.2.3-3.15.4.x86_64                   Wed Jan 12 14:33:32 2022
libunwind-1.5.0-4.5.1.x86_64                  Wed Jan 12 14:33:32 2022
python3-pyasn1-modules-0.2.1-3.4.12.noarch    Wed Jan 12 14:33:31 2022
python3-psutil-5.4.8-4.24.x86_64              Wed Jan 12 14:33:31 2022
python3-netaddr-0.7.19-1.17.noarch            Wed Jan 12 14:33:31 2022
python3-msgpack-0.5.6-1.19.x86_64             Wed Jan 12 14:33:31 2022
python3-greenlet-0.4.13-2.25.x86_64           Wed Jan 12 14:33:31 2022
libpgm-5_2-0-5.2.122-5.3.1.x86_64             Wed Jan 12 14:33:31 2022
libopenblas_pthreads0-0.3.7-2.17.x86_64       Wed Jan 12 14:33:30 2022
ds_agent-20.0.0-2971.SuSE_15.x86_64           Wed Jan  5 16:36:27 2022
psmisc-lang-23.0-6.16.1.noarch                Sat Dec 18 14:00:12 2021
psmisc-23.0-6.16.1.x86_64                     Sat Dec 18 14:00:12 2021
x11perf-1.6.0-1.20.x86_64                     Fri Dec 17 12:40:06 2021
x11-tools-0.1-2.18.noarch                     Fri Dec 17 12:40:06 2021
x11-japanese-bitmap-fonts-20020904-1.22.noarch Fri Dec 17 12:40:06 2021
gcc7-fortran-32bit-7.5.0+r278197-4.30.1.x86_64 Fri Dec 17 12:38:04 2021
gcc7-c++-32bit-7.5.0+r278197-4.30.1.x86_64    Fri Dec 17 12:38:04 2021
gcc-objc-7-3.9.1.x86_64                       Fri Dec 17 12:38:04 2021
gcc-fortran-32bit-7-3.9.1.x86_64              Fri Dec 17 12:38:04 2021
gcc-c++-32bit-7-3.9.1.x86_64                  Fri Dec 17 12:38:04 2021
gcc-ada-7-3.9.1.x86_64                        Fri Dec 17 12:38:04 2021
gcc-PIE-7-3.9.1.x86_64                        Fri Dec 17 12:38:04 2021
gcc-32bit-7-3.9.1.x86_64                      Fri Dec 17 12:38:04 2021
gcc7-c++-7.5.0+r278197-4.30.1.x86_64          Fri Dec 17 12:38:03 2021
gcc-fortran-7-3.9.1.x86_64                    Fri Dec 17 12:38:03 2021
gcc-c++-7-3.9.1.x86_64                        Fri Dec 17 12:38:03 2021
gcc-7-3.9.1.x86_64                            Fri Dec 17 12:38:03 2021
gcc7-fortran-7.5.0+r278197-4.30.1.x86_64      Fri Dec 17 12:38:02 2021
gcc7-32bit-7.5.0+r278197-4.30.1.x86_64        Fri Dec 17 12:38:01 2021
gcc-locale-7-3.9.1.x86_64                     Fri Dec 17 12:38:01 2021
gcc7-ada-7.5.0+r278197-4.30.1.x86_64          Fri Dec 17 12:38:00 2021
gcc7-objc-7.5.0+r278197-4.30.1.x86_64         Fri Dec 17 12:37:58 2021
gcc9-ada-32bit-9.3.1+git1296-1.6.1.x86_64     Fri Dec 17 12:37:57 2021
gcc7-locale-7.5.0+r278197-4.30.1.x86_64       Fri Dec 17 12:37:57 2021
gcc9-go-32bit-9.3.1+git1296-1.6.1.x86_64      Fri Dec 17 12:37:56 2021
gcc9-c++-32bit-9.3.1+git1296-1.6.1.x86_64     Fri Dec 17 12:37:56 2021
gcc9-32bit-9.3.1+git1296-1.6.1.x86_64         Fri Dec 17 12:37:54 2021
gcc9-ada-9.3.1+git1296-1.6.1.x86_64           Fri Dec 17 12:37:53 2021
gcc9-c++-9.3.1+git1296-1.6.1.x86_64           Fri Dec 17 12:37:50 2021
gcc9-fortran-9.3.1+git1296-1.6.1.x86_64       Fri Dec 17 12:37:49 2021
gcc9-go-9.3.1+git1296-1.6.1.x86_64            Fri Dec 17 12:37:47 2021
gcc9-locale-9.3.1+git1296-1.6.1.x86_64        Fri Dec 17 12:37:45 2021
gcc9-9.3.1+git1296-1.6.1.x86_64               Fri Dec 17 12:37:44 2021
libstdc++6-devel-gcc9-32bit-9.3.1+git1296-1.6.1.x86_64 Fri Dec 17 12:37:41 2021
gcc7-7.5.0+r278197-4.30.1.x86_64              Fri Dec 17 12:37:40 2021
libstdc++6-devel-gcc9-9.3.1+git1296-1.6.1.x86_64 Fri Dec 17 12:37:38 2021
libasan5-9.3.1+git1296-1.6.1.x86_64           Fri Dec 17 12:37:38 2021
libasan5-32bit-9.3.1+git1296-1.6.1.x86_64     Fri Dec 17 12:37:38 2021
libgo14-32bit-9.3.1+git1296-1.6.1.x86_64      Fri Dec 17 12:37:37 2021
libada9-32bit-9.3.1+git1296-1.6.1.x86_64      Fri Dec 17 12:37:37 2021
libgo14-9.3.1+git1296-1.6.1.x86_64            Fri Dec 17 12:37:36 2021
libada9-9.3.1+git1296-1.6.1.x86_64            Fri Dec 17 12:37:36 2021
gcc11-obj-c++-32bit-11.2.1+git610-1.3.9.x86_64 Fri Dec 17 12:37:36 2021
gcc11-ada-32bit-11.2.1+git610-1.3.9.x86_64    Fri Dec 17 12:37:36 2021
gcc11-d-32bit-11.2.1+git610-1.3.9.x86_64      Fri Dec 17 12:37:34 2021
gcc11-c++-32bit-11.2.1+git610-1.3.9.x86_64    Fri Dec 17 12:37:34 2021
gcc11-go-32bit-11.2.1+git610-1.3.9.x86_64     Fri Dec 17 12:37:33 2021
gcc11-fortran-32bit-11.2.1+git610-1.3.9.x86_64 Fri Dec 17 12:37:33 2021
gcc11-objc-32bit-11.2.1+git610-1.3.9.x86_64   Fri Dec 17 12:37:31 2021
gcc11-obj-c++-11.2.1+git610-1.3.9.x86_64      Fri Dec 17 12:37:31 2021
gcc10-ada-32bit-10.3.0+git1587-1.6.4.x86_64   Fri Dec 17 12:37:30 2021
gcc10-go-32bit-10.3.0+git1587-1.6.4.x86_64    Fri Dec 17 12:37:29 2021
gcc10-fortran-32bit-10.3.0+git1587-1.6.4.x86_64 Fri Dec 17 12:37:29 2021
gcc10-c++-32bit-10.3.0+git1587-1.6.4.x86_64   Fri Dec 17 12:37:29 2021
gcc11-32bit-11.2.1+git610-1.3.9.x86_64        Fri Dec 17 12:37:27 2021
gcc11-ada-11.2.1+git610-1.3.9.x86_64          Fri Dec 17 12:37:26 2021
gcc11-d-11.2.1+git610-1.3.9.x86_64            Fri Dec 17 12:37:23 2021
gcc11-c++-11.2.1+git610-1.3.9.x86_64          Fri Dec 17 12:37:23 2021
gcc11-fortran-11.2.1+git610-1.3.9.x86_64      Fri Dec 17 12:37:20 2021
gcc11-go-11.2.1+git610-1.3.9.x86_64           Fri Dec 17 12:37:19 2021
gcc11-objc-11.2.1+git610-1.3.9.x86_64         Fri Dec 17 12:37:16 2021
gcc10-32bit-10.3.0+git1587-1.6.4.x86_64       Fri Dec 17 12:37:15 2021
gcc10-ada-10.3.0+git1587-1.6.4.x86_64         Fri Dec 17 12:37:14 2021
gcc10-c++-10.3.0+git1587-1.6.4.x86_64         Fri Dec 17 12:37:12 2021
gcc10-fortran-10.3.0+git1587-1.6.4.x86_64     Fri Dec 17 12:37:11 2021
gcc10-go-10.3.0+git1587-1.6.4.x86_64          Fri Dec 17 12:37:10 2021
gcc11-locale-11.2.1+git610-1.3.9.x86_64       Fri Dec 17 12:37:07 2021
gcc10-locale-10.3.0+git1587-1.6.4.x86_64      Fri Dec 17 12:37:07 2021
libstdc++6-devel-gcc10-32bit-10.3.0+git1587-1.6.4.x86_64 Fri Dec 17 12:37:06 2021
libstdc++6-devel-gcc11-32bit-11.2.1+git610-1.3.9.x86_64 Fri Dec 17 12:37:05 2021
libstdc++6-devel-gcc7-32bit-7.5.0+r278197-4.30.1.x86_64 Fri Dec 17 12:37:04 2021
gcc11-11.2.1+git610-1.3.9.x86_64              Fri Dec 17 12:37:03 2021
gcc-info-7-3.9.1.x86_64                       Fri Dec 17 12:37:03 2021
gcc10-10.3.0+git1587-1.6.4.x86_64             Fri Dec 17 12:37:00 2021
libasan4-32bit-7.5.0+r278197-4.30.1.x86_64    Fri Dec 17 12:36:58 2021
libubsan0-32bit-7.5.0+r278197-4.30.1.x86_64   Fri Dec 17 12:36:57 2021
libcilkrts5-32bit-7.5.0+r278197-4.30.1.x86_64 Fri Dec 17 12:36:57 2021
libada7-7.5.0+r278197-4.30.1.x86_64           Fri Dec 17 12:36:57 2021
glibc-devel-32bit-2.26-13.62.1.x86_64         Fri Dec 17 12:36:57 2021
gcc7-info-7.5.0+r278197-4.30.1.noarch         Fri Dec 17 12:36:57 2021
gcc11-testresults-11.2.1+git610-1.3.9.x86_64  Fri Dec 17 12:36:56 2021
gcc11-info-11.2.1+git610-1.3.9.noarch         Fri Dec 17 12:36:51 2021
gcc10-info-10.3.0+git1587-1.6.4.noarch        Fri Dec 17 12:36:51 2021
cpp11-11.2.1+git610-1.3.9.x86_64              Fri Dec 17 12:36:50 2021
cpp10-10.3.0+git1587-1.6.4.x86_64             Fri Dec 17 12:36:50 2021
libmpxwrappers2-32bit-8.2.1+r264010-1.3.7.x86_64 Fri Dec 17 12:36:49 2021
libmpx2-32bit-8.2.1+r264010-1.3.7.x86_64      Fri Dec 17 12:36:49 2021
gcc9-info-9.3.1+git1296-1.6.1.noarch          Fri Dec 17 12:36:48 2021
cpp9-9.3.1+git1296-1.6.1.x86_64               Fri Dec 17 12:36:48 2021
libubsan1-32bit-11.2.1+git610-1.3.9.x86_64    Fri Dec 17 12:36:46 2021
libasan6-32bit-11.2.1+git610-1.3.9.x86_64     Fri Dec 17 12:36:46 2021
libasan4-7.5.0+r278197-4.30.1.x86_64          Fri Dec 17 12:36:46 2021
libcilkrts5-7.5.0+r278197-4.30.1.x86_64       Fri Dec 17 12:36:45 2021
libasan6-11.2.1+git610-1.3.9.x86_64           Fri Dec 17 12:36:45 2021
liblsan0-11.2.1+git610-1.3.9.x86_64           Fri Dec 17 12:36:44 2021
libstdc++6-devel-gcc10-10.3.0+git1587-1.6.4.x86_64 Fri Dec 17 12:36:43 2021
libstdc++6-devel-gcc11-11.2.1+git610-1.3.9.x86_64 Fri Dec 17 12:36:42 2021
libstdc++6-devel-gcc7-7.5.0+r278197-4.30.1.x86_64 Fri Dec 17 12:36:41 2021
libubsan1-11.2.1+git610-1.3.9.x86_64          Fri Dec 17 12:36:40 2021
libubsan0-7.5.0+r278197-4.30.1.x86_64         Fri Dec 17 12:36:40 2021
libtsan0-11.2.1+git610-1.3.9.x86_64           Fri Dec 17 12:36:40 2021
libgfortran4-32bit-7.5.0+r278197-4.30.1.x86_64 Fri Dec 17 12:36:40 2021
libgo16-32bit-10.3.0+git1587-1.6.4.x86_64     Fri Dec 17 12:36:39 2021
libgfortran5-32bit-11.2.1+git610-1.3.9.x86_64 Fri Dec 17 12:36:39 2021
libgfortran5-11.2.1+git610-1.3.9.x86_64       Fri Dec 17 12:36:39 2021
libgfortran4-7.5.0+r278197-4.30.1.x86_64      Fri Dec 17 12:36:39 2021
libgdruntime2-32bit-11.2.1+git610-1.3.9.x86_64 Fri Dec 17 12:36:39 2021
libada11-32bit-11.2.1+git610-1.3.9.x86_64     Fri Dec 17 12:36:39 2021
libada10-32bit-10.3.0+git1587-1.6.4.x86_64    Fri Dec 17 12:36:39 2021
libgphobos2-32bit-11.2.1+git610-1.3.9.x86_64  Fri Dec 17 12:36:38 2021
libgo19-32bit-11.2.1+git610-1.3.9.x86_64      Fri Dec 17 12:36:38 2021
libstdc++6-32bit-11.2.1+git610-1.3.9.x86_64   Fri Dec 17 12:36:37 2021
libobjc4-32bit-11.2.1+git610-1.3.9.x86_64     Fri Dec 17 12:36:37 2021
libgo16-10.3.0+git1587-1.6.4.x86_64           Fri Dec 17 12:36:37 2021
libgdruntime2-11.2.1+git610-1.3.9.x86_64      Fri Dec 17 12:36:37 2021
libada11-11.2.1+git610-1.3.9.x86_64           Fri Dec 17 12:36:37 2021
libada10-10.3.0+git1587-1.6.4.x86_64          Fri Dec 17 12:36:37 2021
libstdc++6-11.2.1+git610-1.3.9.x86_64         Fri Dec 17 12:36:36 2021
libobjc4-11.2.1+git610-1.3.9.x86_64           Fri Dec 17 12:36:36 2021
libgphobos2-11.2.1+git610-1.3.9.x86_64        Fri Dec 17 12:36:36 2021
libgo19-11.2.1+git610-1.3.9.x86_64            Fri Dec 17 12:36:36 2021
libquadmath0-32bit-11.2.1+git610-1.3.9.x86_64 Fri Dec 17 12:36:35 2021
libquadmath0-11.2.1+git610-1.3.9.x86_64       Fri Dec 17 12:36:35 2021
libitm1-32bit-11.2.1+git610-1.3.9.x86_64      Fri Dec 17 12:36:35 2021
libitm1-11.2.1+git610-1.3.9.x86_64            Fri Dec 17 12:36:35 2021
libgomp1-32bit-11.2.1+git610-1.3.9.x86_64     Fri Dec 17 12:36:35 2021
libgomp1-11.2.1+git610-1.3.9.x86_64           Fri Dec 17 12:36:35 2021
libgcc_s1-32bit-11.2.1+git610-1.3.9.x86_64    Fri Dec 17 12:36:35 2021
libgcc_s1-11.2.1+git610-1.3.9.x86_64          Fri Dec 17 12:36:35 2021
libatomic1-32bit-11.2.1+git610-1.3.9.x86_64   Fri Dec 17 12:36:35 2021
libatomic1-11.2.1+git610-1.3.9.x86_64         Fri Dec 17 12:36:35 2021
glibc-devel-2.26-13.62.1.x86_64               Fri Dec 17 12:36:35 2021
cpp7-7.5.0+r278197-4.30.1.x86_64              Fri Dec 17 12:36:35 2021
linux-glibc-devel-5.3-1.75.x86_64             Fri Dec 17 12:36:34 2021
libmpxwrappers2-8.2.1+r264010-1.3.7.x86_64    Fri Dec 17 12:36:34 2021
libmpx2-8.2.1+r264010-1.3.7.x86_64            Fri Dec 17 12:36:34 2021
gccmakedep-1.0.3-1.22.noarch                  Fri Dec 17 12:36:34 2021
ntp-4.2.8p15-4.19.1.x86_64                    Fri Dec 17 09:26:09 2021
libdns_sd-0.7-3.9.1.x86_64                    Fri Dec 17 09:26:00 2021
saptune-3.0.1-8.19.1.x86_64                   Thu Dec 16 18:53:02 2021
mokutil-0.4.0-4.3.1.x86_64                    Thu Dec 16 18:53:01 2021
systemd-32bit-234-24.99.1.x86_64              Sun Dec 12 15:36:30 2021
sssd-32bit-1.16.1-15.32.x86_64                Sun Dec 12 15:36:30 2021
pam_ldap-32bit-186-1.21.x86_64                Sun Dec 12 15:36:30 2021
pam-32bit-1.3.0-6.50.1.x86_64                 Sun Dec 12 15:36:30 2021
libudev1-32bit-234-24.99.1.x86_64             Sun Dec 12 15:36:30 2021
libtirpc3-32bit-1.0.2-3.8.1.x86_64            Sun Dec 12 15:36:30 2021
libnsl2-32bit-1.2.0-2.44.x86_64               Sun Dec 12 15:36:30 2021
libdevmapper1_03-32bit-1.02.163-8.36.1.x86_64 Sun Dec 12 15:36:30 2021
libcryptsetup12-32bit-2.0.6-4.3.1.x86_64      Sun Dec 12 15:36:30 2021
libz1-32bit-1.2.11-3.21.1.x86_64              Sun Dec 12 15:36:29 2021
libverto1-32bit-0.2.6-3.20.x86_64             Sun Dec 12 15:36:29 2021
libuuid1-32bit-2.33.2-4.16.1.x86_64           Sun Dec 12 15:36:29 2021
libselinux1-32bit-3.0-1.31.x86_64             Sun Dec 12 15:36:29 2021
libseccomp2-32bit-2.4.1-3.3.1.x86_64          Sun Dec 12 15:36:29 2021
libpcre1-32bit-8.45-20.10.1.x86_64            Sun Dec 12 15:36:29 2021
libopenssl1_1-32bit-1.1.1d-11.30.1.x86_64     Sun Dec 12 15:36:29 2021
libmount1-32bit-2.33.2-4.16.1.x86_64          Sun Dec 12 15:36:29 2021
liblzma5-32bit-5.2.3-4.3.1.x86_64             Sun Dec 12 15:36:29 2021
liblz4-1-32bit-1.8.0-3.8.1.x86_64             Sun Dec 12 15:36:29 2021
libldap-2_4-2-32bit-2.4.46-9.58.1.x86_64      Sun Dec 12 15:36:29 2021
libkeyutils1-32bit-1.6.3-5.6.1.x86_64         Sun Dec 12 15:36:29 2021
libjson-c3-32bit-0.13-1.19.x86_64             Sun Dec 12 15:36:29 2021
libgpg-error0-32bit-1.29-1.8.x86_64           Sun Dec 12 15:36:29 2021
libgcrypt20-32bit-1.8.2-8.39.1.x86_64         Sun Dec 12 15:36:29 2021
libcrack2-32bit-2.9.7-11.6.1.x86_64           Sun Dec 12 15:36:29 2021
libcom_err2-32bit-1.43.8-4.26.1.x86_64        Sun Dec 12 15:36:29 2021
libcap2-32bit-2.26-4.6.1.x86_64               Sun Dec 12 15:36:29 2021
libblkid1-32bit-2.33.2-4.16.1.x86_64          Sun Dec 12 15:36:29 2021
libaudit1-32bit-2.8.1-12.3.1.x86_64           Sun Dec 12 15:36:29 2021
libattr1-32bit-2.4.47-2.19.x86_64             Sun Dec 12 15:36:29 2021
libargon2-1-32bit-0.0+git20171227.670229c-2.14.x86_64 Sun Dec 12 15:36:29 2021
libacl1-32bit-2.2.52-4.3.1.x86_64             Sun Dec 12 15:36:29 2021
krb5-32bit-1.16.3-3.24.1.x86_64               Sun Dec 12 15:36:29 2021
glibc-32bit-2.26-13.62.1.x86_64               Sun Dec 12 15:36:28 2021
pam_ldap-186-1.21.x86_64                      Sun Dec 12 15:35:40 2021
bind-9.16.6-12.57.1.x86_64                    Sun Dec 12 15:15:30 2021
libmariadb3-3.1.13-3.30.1.x86_64              Sun Dec 12 15:15:29 2021
samba-python3-4.11.14+git.308.666c63d4eea-4.28.1.x86_64 Sun Dec 12 15:12:25 2021
samba-4.11.14+git.308.666c63d4eea-4.28.1.x86_64 Sun Dec 12 15:12:24 2021
python3-tevent-0.10.0-1.38.x86_64             Sun Dec 12 15:12:24 2021
python3-tdb-1.4.2-1.39.x86_64                 Sun Dec 12 15:12:24 2021
python3-ldb-2.0.12-3.6.1.x86_64               Sun Dec 12 15:12:24 2021
libsamba-policy0-python3-4.11.14+git.308.666c63d4eea-4.28.1.x86_64 Sun Dec 12 15:12:24 2021
samba-client-4.11.14+git.308.666c63d4eea-4.28.1.x86_64 Sun Dec 12 15:12:05 2021
libsmbclient0-4.11.14+git.308.666c63d4eea-4.28.1.x86_64 Sun Dec 12 15:12:05 2021
samba-libs-python3-4.11.14+git.308.666c63d4eea-4.28.1.x86_64 Sun Dec 12 15:12:04 2021
libwbclient0-4.11.14+git.308.666c63d4eea-4.28.1.x86_64 Sun Dec 12 15:12:04 2021
libsmbldap2-4.11.14+git.308.666c63d4eea-4.28.1.x86_64 Sun Dec 12 15:12:04 2021
libsmbconf0-4.11.14+git.308.666c63d4eea-4.28.1.x86_64 Sun Dec 12 15:12:04 2021
libsamdb0-4.11.14+git.308.666c63d4eea-4.28.1.x86_64 Sun Dec 12 15:12:04 2021
libsamba-passdb0-4.11.14+git.308.666c63d4eea-4.28.1.x86_64 Sun Dec 12 15:12:04 2021
libsamba-credentials0-4.11.14+git.308.666c63d4eea-4.28.1.x86_64 Sun Dec 12 15:12:04 2021
libnetapi0-4.11.14+git.308.666c63d4eea-4.28.1.x86_64 Sun Dec 12 15:12:04 2021
libndr-standard0-4.11.14+git.308.666c63d4eea-4.28.1.x86_64 Sun Dec 12 15:12:04 2021
libndr-nbt0-4.11.14+git.308.666c63d4eea-4.28.1.x86_64 Sun Dec 12 15:12:04 2021
libndr-krb5pac0-4.11.14+git.308.666c63d4eea-4.28.1.x86_64 Sun Dec 12 15:12:04 2021
libdcerpc0-4.11.14+git.308.666c63d4eea-4.28.1.x86_64 Sun Dec 12 15:12:04 2021
ctdb-4.11.14+git.308.666c63d4eea-4.28.1.x86_64 Sun Dec 12 15:12:04 2021
samba-libs-4.11.14+git.308.666c63d4eea-4.28.1.x86_64 Sun Dec 12 15:12:03 2021
libtevent-util0-4.11.14+git.308.666c63d4eea-4.28.1.x86_64 Sun Dec 12 15:12:03 2021
libsamba-util0-4.11.14+git.308.666c63d4eea-4.28.1.x86_64 Sun Dec 12 15:12:03 2021
libsamba-hostconfig0-4.11.14+git.308.666c63d4eea-4.28.1.x86_64 Sun Dec 12 15:12:03 2021
libndr0-4.11.14+git.308.666c63d4eea-4.28.1.x86_64 Sun Dec 12 15:12:03 2021
libdcerpc-binding0-4.11.14+git.308.666c63d4eea-4.28.1.x86_64 Sun Dec 12 15:12:03 2021
libarchive13-3.4.2-2.24.x86_64                Sun Dec 12 15:12:03 2021
sssd-ldap-1.16.1-17.14.1.x86_64               Sun Dec 12 04:54:11 2021
sssd-krb5-common-1.16.1-17.14.1.x86_64        Sun Dec 12 04:54:10 2021
sssd-1.16.1-17.14.1.x86_64                    Sun Dec 12 04:53:25 2021
sssd-common-1.16.1-17.14.1.x86_64             Sun Dec 12 04:53:24 2021
libsss_nss_idmap0-1.16.1-17.14.1.x86_64       Sun Dec 12 04:53:24 2021
libsss_idmap0-1.16.1-17.14.1.x86_64           Sun Dec 12 04:53:24 2021
libsss_certmap0-1.16.1-17.14.1.x86_64         Sun Dec 12 04:53:24 2021
libref_array1-0.1.5-3.3.1.x86_64              Sun Dec 12 04:53:24 2021
libpath_utils1-0.2.1-3.3.1.x86_64             Sun Dec 12 04:53:24 2021
libini_config5-1.3.1-3.3.1.x86_64             Sun Dec 12 04:53:24 2021
libdhash1-0.5.0-3.3.1.x86_64                  Sun Dec 12 04:53:24 2021
libcollection4-0.7.0-3.3.1.x86_64             Sun Dec 12 04:53:24 2021
libbasicobjects0-0.1.1-3.3.1.x86_64           Sun Dec 12 04:53:24 2021
gpg-pubkey-50a3dd1c-50f35137                  Mon Jun 14 10:33:37 2021
gpg-pubkey-39db7c82-5f68629b                  Mon Jun 14 10:33:37 2021
gpg-pubkey-307e3d54-5aaa90a5                  Mon Jun 14 10:33:37 2021
yast2-update-4.2.21-3.7.1.x86_64              Mon Jun 14 10:33:21 2021
yast2-registration-4.2.46-3.9.2.noarch        Mon Jun 14 10:33:21 2021
yast2-add-on-4.2.17-3.3.2.noarch              Mon Jun 14 10:33:21 2021
autoyast2-installation-4.2.50-3.13.1.noarch   Mon Jun 14 10:33:21 2021
yast2-users-4.2.11-1.10.x86_64                Mon Jun 14 10:33:20 2021
yast2-sudo-4.2.3-1.72.noarch                  Mon Jun 14 10:33:20 2021
yast2-samba-server-4.2.4-1.60.noarch          Mon Jun 14 10:33:20 2021
yast2-mail-4.2.3-3.3.1.noarch                 Mon Jun 14 10:33:20 2021
yast2-ldap-4.1.0-1.28.x86_64                  Mon Jun 14 10:33:20 2021
yast2-installation-4.2.51-3.24.1.noarch       Mon Jun 14 10:33:20 2021
yast2-ftp-server-4.2.5-1.2.noarch             Mon Jun 14 10:33:20 2021
yast2-dns-server-4.2.4-1.163.noarch           Mon Jun 14 10:33:20 2021
yast2-dhcp-server-4.2.3-1.32.noarch           Mon Jun 14 10:33:20 2021
patterns-ha-ha_sles-15.1.0-11.1.x86_64        Mon Jun 14 10:33:20 2021
ha-cluster-bootstrap-0.5-11.23.noarch         Mon Jun 14 10:33:20 2021
yast2-sap-ha-1.0.8-3.6.1.noarch               Mon Jun 14 10:33:19 2021
yast2-nis-server-4.2.2-1.64.noarch            Mon Jun 14 10:33:19 2021
yast2-http-server-4.2.7-1.64.noarch           Mon Jun 14 10:33:19 2021
hawk2-2.6.4+git.1618478653.7272e6b6-3.30.2.x86_64 Mon Jun 14 10:33:19 2021
yast2-services-manager-4.2.7-3.3.1.noarch     Mon Jun 14 10:33:17 2021
yast2-samba-client-4.2.4-3.3.1.noarch         Mon Jun 14 10:33:17 2021
yast2-ntp-client-4.2.12-3.3.1.noarch          Mon Jun 14 10:33:17 2021
yast2-nis-client-4.2.4-3.3.1.x86_64           Mon Jun 14 10:33:17 2021
yast2-network-4.2.99-3.58.1.noarch            Mon Jun 14 10:33:17 2021
sap-suse-cluster-connector-3.1.2-7.6.1.noarch Mon Jun 14 10:33:17 2021
hawk-apiserver-0.0.4+git.1604696958.cd5cdf1-5.6.1.x86_64 Mon Jun 14 10:33:17 2021
SAPHanaSR-0.154.1-4.14.1.noarch               Mon Jun 14 10:33:17 2021
yast2-tftp-server-4.2.0-1.152.noarch          Mon Jun 14 10:33:16 2021
yast2-saptune-1.3-3.3.1.noarch                Mon Jun 14 10:33:16 2021
yast2-online-update-frontend-4.2.2-1.176.noarch Mon Jun 14 10:33:16 2021
yast2-online-update-4.2.2-1.176.noarch        Mon Jun 14 10:33:16 2021
yast2-nfs-client-4.2.8-1.13.noarch            Mon Jun 14 10:33:16 2021
yast2-kdump-4.2.9-1.79.x86_64                 Mon Jun 14 10:33:16 2021
yast2-iplb-4.2.0-1.152.noarch                 Mon Jun 14 10:33:16 2021
yast2-drbd-4.2.2-1.111.noarch                 Mon Jun 14 10:33:16 2021
yast2-control-center-qt-4.2.3-1.67.x86_64     Mon Jun 14 10:33:16 2021
yast2-control-center-4.2.3-1.67.x86_64        Mon Jun 14 10:33:16 2021
yast2-audit-laf-4.2.0-1.152.noarch            Mon Jun 14 10:33:16 2021
yast2-sysconfig-4.2.1-1.141.noarch            Mon Jun 14 10:33:15 2021
yast2-support-4.2.3-1.94.noarch               Mon Jun 14 10:33:15 2021
yast2-squid-4.2.1-1.153.x86_64                Mon Jun 14 10:33:15 2021
yast2-slp-4.1.1-1.143.x86_64                  Mon Jun 14 10:33:15 2021
yast2-sap-scp-prodlist-1.0.4-1.49.x86_64      Mon Jun 14 10:33:15 2021
yast2-sap-scp-1.0.4-1.62.x86_64               Mon Jun 14 10:33:15 2021
yast2-proxy-4.2.2-1.143.noarch                Mon Jun 14 10:33:15 2021
yast2-printer-4.2.0-1.152.x86_64              Mon Jun 14 10:33:15 2021
yast2-nfs-server-4.2.4-1.68.noarch            Mon Jun 14 10:33:15 2021
yast2-journal-4.2.2-1.143.noarch              Mon Jun 14 10:33:15 2021
yast2-iscsi-lio-server-4.2.5-1.19.noarch      Mon Jun 14 10:33:15 2021
ruby2.5-rubygem-sass-rails-5.0.7-1.21.x86_64  Mon Jun 14 10:33:15 2021
ruby2.5-rubygem-rails-5_1-5.1.4-1.26.x86_64   Mon Jun 14 10:33:15 2021
ruby2.5-rubygem-js-routes-1.4.1-1.26.x86_64   Mon Jun 14 10:33:15 2021
ruby2.5-rubygem-gettext_i18n_rails_js-1.3.0-1.28.x86_64 Mon Jun 14 10:33:15 2021
ruby2.5-rubygem-actionmailer-5_1-5.1.4-1.26.x86_64 Mon Jun 14 10:33:15 2021
ruby2.5-rubygem-actioncable-5_1-5.1.4-1.26.x86_64 Mon Jun 14 10:33:15 2021
yast2-tune-4.2.5-3.5.1.x86_64                 Mon Jun 14 10:33:14 2021
yast2-storage-ng-4.2.115-3.17.2.x86_64        Mon Jun 14 10:33:14 2021
yast2-security-4.2.25-3.27.1.noarch           Mon Jun 14 10:33:14 2021
yast2-iscsi-client-4.2.7-3.3.1.noarch         Mon Jun 14 10:33:14 2021
yast2-country-4.2.20-3.3.2.x86_64             Mon Jun 14 10:33:14 2021
yast2-bootloader-4.2.28-3.9.1.x86_64          Mon Jun 14 10:33:14 2021
ruby2.5-rubygem-sprockets-rails-3.2.1-1.26.x86_64 Mon Jun 14 10:33:14 2021
crmsh-4.3.0+20210507.bf02d791-5.50.1.noarch   Mon Jun 14 10:33:14 2021
yast2-pam-4.2.5-3.3.2.noarch                  Mon Jun 14 10:33:13 2021
yast2-packager-4.2.69-3.15.1.x86_64           Mon Jun 14 10:33:13 2021
yast2-hana-firewall-2.0.4-3.3.1.x86_64        Mon Jun 14 10:33:13 2021
yast2-firewall-4.2.6-3.6.1.noarch             Mon Jun 14 10:33:13 2021
yast2-cluster-4.2.11-3.12.1.noarch            Mon Jun 14 10:33:13 2021
yast2-4.2.93-3.27.1.x86_64                    Mon Jun 14 10:33:13 2021
pacemaker-2.0.4+20200616.2deceaa3a-3.6.1.x86_64 Mon Jun 14 10:33:13 2021
lvm2-lockd-2.03.05-8.30.1.x86_64              Mon Jun 14 10:33:13 2021
supportutils-plugin-suse-public-cloud-1.0.5-3.6.1.noarch Mon Jun 14 10:33:12 2021
supportutils-plugin-ha-sap-0.0.1+git.1586941845.6e2fc42-1.3.1.noarch Mon Jun 14 10:33:12 2021
ruby2.5-rubygem-railties-5_1-5.1.4-3.3.1.x86_64 Mon Jun 14 10:33:12 2021
ruby2.5-rubygem-activejob-5_1-5.1.4-3.3.1.x86_64 Mon Jun 14 10:33:12 2021
ruby2.5-rubygem-actionview-5_1-5.1.4-3.3.1.x86_64 Mon Jun 14 10:33:12 2021
ruby2.5-rubygem-actionpack-5_1-5.1.4-3.9.1.x86_64 Mon Jun 14 10:33:12 2021
patterns-server-enterprise-sap_server-20171206-12.3.1.x86_64 Mon Jun 14 10:33:12 2021
ocfs2-tools-1.8.5-12.6.2.x86_64               Mon Jun 14 10:33:12 2021
libdlm-4.0.9-6.6.1.x86_64                     Mon Jun 14 10:33:12 2021
docker-20.10.6_ce-6.49.3.x86_64               Mon Jun 14 10:33:12 2021
yast2-transfer-4.1.0-1.28.x86_64              Mon Jun 14 10:33:07 2021
yast2-hardware-detection-4.1.1-1.68.x86_64    Mon Jun 14 10:33:07 2021
supportutils-3.1.15-5.31.2.noarch             Mon Jun 14 10:33:07 2021
ruby2.5-rubygem-rails-html-sanitizer-1.0.4-2.11.x86_64 Mon Jun 14 10:33:07 2021
ruby2.5-rubygem-rails-dom-testing-2.0.3-1.28.x86_64 Mon Jun 14 10:33:07 2021
ruby2.5-rubygem-globalid-0.4.1-1.24.x86_64    Mon Jun 14 10:33:07 2021
ruby2.5-rubygem-activerecord-5_1-5.1.4-3.21.x86_64 Mon Jun 14 10:33:07 2021
ruby2.5-rubygem-activemodel-5_1-5.1.4-1.26.x86_64 Mon Jun 14 10:33:07 2021
patterns-base-minimal_base-20200124-2.7.x86_64 Mon Jun 14 10:33:07 2021
patterns-base-basesystem-20200124-2.7.x86_64  Mon Jun 14 10:33:07 2021
patterns-base-base-20200124-2.7.x86_64        Mon Jun 14 10:33:07 2021
cluster-md-kmp-default-5.3.18-24.67.3.x86_64  Mon Jun 14 10:33:06 2021
HANA-Firewall-2.0.1-1.28.x86_64               Mon Jun 14 10:33:06 2021
gfs2-kmp-default-5.3.18-24.67.3.x86_64        Mon Jun 14 10:33:05 2021
ocfs2-kmp-default-5.3.18-24.67.3.x86_64       Mon Jun 14 10:33:04 2021
libstorage-ng-ruby-4.2.76-3.7.1.x86_64        Mon Jun 14 10:33:04 2021
dlm-kmp-default-5.3.18-24.67.3.x86_64         Mon Jun 14 10:33:03 2021
drbd-kmp-default-9.0.22~1+git.fe2b5983_k5.3.18_24.61-3.10.2.x86_64 Mon Jun 14 10:33:02 2021
libstorage-ng1-4.2.76-3.7.1.x86_64            Mon Jun 14 10:33:01 2021
kernel-default-5.3.18-24.67.3.x86_64          Mon Jun 14 10:33:01 2021
kdump-0.9.0-11.3.1.x86_64                     Mon Jun 14 10:33:01 2021
yast2-ruby-bindings-4.2.9-3.3.1.x86_64        Mon Jun 14 10:32:54 2021
yast2-country-data-4.2.20-3.3.2.x86_64        Mon Jun 14 10:32:54 2021
ruby2.5-rubygem-cheetah-0.5.2-1.33.x86_64     Mon Jun 14 10:32:54 2021
ruby2.5-rubygem-cfa_grub2-2.0.0-1.55.x86_64   Mon Jun 14 10:32:54 2021
rsyslog-8.39.0-4.10.1.x86_64                  Mon Jun 14 10:32:54 2021
release-notes-sles-for-sap-15.2.20200729-3.3.2.noarch Mon Jun 14 10:32:54 2021
release-notes-ha-15.2.20200729-3.3.2.noarch   Mon Jun 14 10:32:54 2021
lvm2-2.03.05-8.30.1.x86_64                    Mon Jun 14 10:32:54 2021
kexec-tools-2.0.20-5.6.1.x86_64               Mon Jun 14 10:32:54 2021
dracut-049.1+suse.188.gbf445638-3.30.1.x86_64 Mon Jun 14 10:32:54 2021
xorg-x11-Xvnc-1.9.0-19.9.1.x86_64             Mon Jun 14 10:32:53 2021
ruby2.5-rubygem-cfa-1.0.2-1.33.x86_64         Mon Jun 14 10:32:53 2021
fence-agents-4.7.0+git.1607346448.17bd8552-7.24.6.x86_64 Mon Jun 14 10:32:53 2021
cloud-init-20.2-8.45.1.x86_64                 Mon Jun 14 10:32:53 2021
zypper-migration-plugin-0.12.1590748670.86b0749-6.7.1.noarch Mon Jun 14 10:32:52 2021
ruby2.5-rubygem-loofah-2.2.2-4.3.1.x86_64     Mon Jun 14 10:32:52 2021
ruby2.5-rubygem-activesupport-5_1-5.1.4-3.3.1.x86_64 Mon Jun 14 10:32:52 2021
dhcp-client-4.3.6.P1-6.11.1.x86_64            Mon Jun 14 10:32:52 2021
cloud-regionsrv-client-plugin-ec2-1.0.1-6.43.1.noarch Mon Jun 14 10:32:52 2021
cloud-regionsrv-client-9.1.5-6.43.1.noarch    Mon Jun 14 10:32:52 2021
ruby2.5-rubygem-sprockets-3.7.2-3.3.1.x86_64  Mon Jun 14 10:32:51 2021
ruby2.5-rubygem-puma-4.3.5-3.3.1.x86_64       Mon Jun 14 10:32:51 2021
ruby2.5-rubygem-nokogiri-1.8.5-3.6.1.x86_64   Mon Jun 14 10:32:51 2021
ruby2.5-rubygem-mail-2.7.1-3.3.1.x86_64       Mon Jun 14 10:32:51 2021
regionServiceClientConfigEC2-3.0.0-3.14.1.noarch Mon Jun 14 10:32:51 2021
firewalld-0.5.5-4.24.9.noarch                 Mon Jun 14 10:32:51 2021
dhcp-4.3.6.P1-6.11.1.x86_64                   Mon Jun 14 10:32:51 2021
cloud-netconfig-ec2-1.5-5.19.2.noarch         Mon Jun 14 10:32:51 2021
sapconf-5.0.2-7.15.1.noarch                   Mon Jun 14 10:32:50 2021
ruby2.5-rubygem-virtus-1.0.5-1.28.x86_64      Mon Jun 14 10:32:50 2021
ruby2.5-rubygem-sass-listen-4.0.0-1.26.x86_64 Mon Jun 14 10:32:50 2021
ruby2.5-rubygem-sass-3.5.3-1.19.x86_64        Mon Jun 14 10:32:50 2021
ruby2.5-rubygem-coercible-1.0.0-1.28.x86_64   Mon Jun 14 10:32:50 2021
ruby2.5-rubygem-axiom-types-0.1.1-1.28.x86_64 Mon Jun 14 10:32:50 2021
python3-oauthlib-2.0.6-3.4.1.noarch           Mon Jun 14 10:32:50 2021
net-snmp-5.7.3-8.24.x86_64                    Mon Jun 14 10:32:50 2021
kmod-compat-25-6.7.1.x86_64                   Mon Jun 14 10:32:50 2021
haveged-1.9.2-6.1.x86_64                      Mon Jun 14 10:32:50 2021
autofs-5.1.3-7.6.1.x86_64                     Mon Jun 14 10:32:50 2021
syslog-service-2.0-2.23.noarch                Mon Jun 14 10:32:49 2021
ruby2.5-rubygem-websocket-driver-0_6-0.6.5-1.25.x86_64 Mon Jun 14 10:32:49 2021
ruby2.5-rubygem-tzinfo-1.2.4-1.23.x86_64      Mon Jun 14 10:32:49 2021
ruby2.5-rubygem-rb-inotify-0.9.10-1.26.x86_64 Mon Jun 14 10:32:49 2021
ruby2.5-rubygem-i18n-0.9.1-1.21.x86_64        Mon Jun 14 10:32:49 2021
ruby2.5-rubygem-gettext_i18n_rails-1.8.0-1.28.x86_64 Mon Jun 14 10:32:49 2021
ruby2.5-rubygem-gettext-3.2.5-1.17.x86_64     Mon Jun 14 10:32:49 2021
ruby2.5-rubygem-descendants_tracker-0.0.4-1.28.x86_64 Mon Jun 14 10:32:49 2021
dejavu-fonts-2.37-1.21.noarch                 Mon Jun 14 10:32:49 2021
telnet-1.2-1.30.x86_64                        Mon Jun 14 10:32:48 2021
ruby2.5-rubygem-rack-test-0_6-0.6.3-1.28.x86_64 Mon Jun 14 10:32:48 2021
ruby2.5-rubygem-fast_gettext-1.6.0-1.18.x86_64 Mon Jun 14 10:32:48 2021
ruby2.5-rubygem-erubi-1.7.0-1.19.x86_64       Mon Jun 14 10:32:48 2021
ruby2.5-rubygem-equalizer-0.0.11-1.28.x86_64  Mon Jun 14 10:32:48 2021
ruby2.5-rubygem-crass-1.0.3-1.19.x86_64       Mon Jun 14 10:32:48 2021
ruby2.5-rubygem-concurrent-ruby-1.0.5-1.28.x86_64 Mon Jun 14 10:32:48 2021
ruby2.5-rubygem-builder-3.2.3-1.29.x86_64     Mon Jun 14 10:32:48 2021
ruby2.5-rubygem-arel-8.0.0-1.26.x86_64        Mon Jun 14 10:32:48 2021
ruby2.5-rubygem-abstract_method-1.2.1-1.28.x86_64 Mon Jun 14 10:32:48 2021
ruby-2.5-1.21.x86_64                          Mon Jun 14 10:32:48 2021
google-opensans-fonts-1.0-1.21.noarch         Mon Jun 14 10:32:48 2021
at-3.1.20-2.38.x86_64                         Mon Jun 14 10:32:48 2021
ruby2.5-rubygem-ruby-dbus-0.14.0-1.27.x86_64  Mon Jun 14 10:32:47 2021
ruby2.5-rubygem-ruby-augeas-0.5.0-1.31.x86_64 Mon Jun 14 10:32:47 2021
ruby2.5-rubygem-rb-fsevent-0.10.2-1.26.x86_64 Mon Jun 14 10:32:47 2021
ruby2.5-rubygem-po_to_json-1.0.1-1.28.x86_64  Mon Jun 14 10:32:47 2021
ruby2.5-rubygem-nio4r-2.1.0-1.28.x86_64       Mon Jun 14 10:32:47 2021
ruby2.5-rubygem-mini_portile2-2.3.0-1.27.x86_64 Mon Jun 14 10:32:47 2021
ruby2.5-rubygem-mini_mime-1.0.0-1.17.x86_64   Mon Jun 14 10:32:47 2021
ruby2.5-rubygem-method_source-0.9.0-1.26.x86_64 Mon Jun 14 10:32:47 2021
ruby2.5-rubygem-locale-2.1.2-1.28.x86_64      Mon Jun 14 10:32:47 2021
ruby2.5-rubygem-kramdown-1.15.0-1.28.x86_64   Mon Jun 14 10:32:47 2021
ruby2.5-rubygem-ice_nine-0.11.2-1.29.x86_64   Mon Jun 14 10:32:47 2021
ruby2.5-rubygem-ffi-1.9.18-1.31.x86_64        Mon Jun 14 10:32:47 2021
sysconfig-netconfig-0.85.6-6.1.x86_64         Mon Jun 14 10:32:46 2021
sysconfig-0.85.6-6.1.x86_64                   Mon Jun 14 10:32:46 2021
ruby2.5-rubygem-websocket-extensions-0.1.3-1.18.x86_64 Mon Jun 14 10:32:46 2021
ruby2.5-rubygem-tilt-2.0.8-1.27.x86_64        Mon Jun 14 10:32:46 2021
ruby2.5-rubygem-thread_safe-0.3.6-1.28.x86_64 Mon Jun 14 10:32:46 2021
ruby2.5-rubygem-thor-0.20.0-1.27.x86_64       Mon Jun 14 10:32:46 2021
ruby2.5-rubygem-text-1.3.1-1.28.x86_64        Mon Jun 14 10:32:46 2021
ruby2.5-rubygem-simpleidn-0.0.9-1.17.x86_64   Mon Jun 14 10:32:46 2021
resource-agents-4.4.0+git57.70549516-3.23.1.x86_64 Mon Jun 14 10:32:46 2021
pacemaker-cli-2.0.4+20200616.2deceaa3a-3.6.1.x86_64 Mon Jun 14 10:32:46 2021
ldirectord-4.4.0+git57.70549516-3.23.1.x86_64 Mon Jun 14 10:32:46 2021
xorg-x11-fonts-core-7.6-13.3.1.noarch         Mon Jun 14 10:32:45 2021
wicked-service-0.6.64-3.3.4.x86_64            Mon Jun 14 10:32:45 2021
wicked-0.6.64-3.3.4.x86_64                    Mon Jun 14 10:32:45 2021
sbd-1.4.1+20200807.883c2f8-3.3.2.x86_64       Mon Jun 14 10:32:45 2021
python3-parallax-1.0.6-4.3.1.noarch           Mon Jun 14 10:32:45 2021
libpacemaker3-2.0.4+20200616.2deceaa3a-3.6.1.x86_64 Mon Jun 14 10:32:44 2021
ipmitool-1.8.18+git20200204.7ccea28-3.3.1.x86_64 Mon Jun 14 10:32:44 2021
ebtables-2.0.10.4-13.5.1.x86_64               Mon Jun 14 10:32:44 2021
corosync-2.4.5-6.3.2.x86_64                   Mon Jun 14 10:32:44 2021
audit-2.8.1-12.3.1.x86_64                     Mon Jun 14 10:32:44 2021
