Wed May 11 21:01:27 UTC 2022
[31;43m***** uname -a; Release; date; *****[0m
Linux SAPXSLDB01 5.3.18-24.67-default #1 SMP Tue Jun 1 14:07:53 UTC 2021 (f0fe006) x86_64 x86_64 x86_64 GNU/Linux
NAME="SLES"
VERSION="15-SP2"
VERSION_ID="15.2"
PRETTY_NAME="SUSE Linux Enterprise Server 15 SP2"
ID="sles"
ID_LIKE="suse"
ANSI_COLOR="0;32"
CPE_NAME="cpe:/o:suse:sles:15:sp2"
VARIANT_ID="sles-sap"
Wed May 11 21:01:27 UTC 2022

[31;43m***** Network; Route; Netstat; *****[0m

[31;43m***** DF; Fdisk; FSTAB; GRUB; Mount *****[0m
Filesystem                                   Size  Used Avail Use% Mounted on
devtmpfs                                      62G     0   62G   0% /dev
tmpfs                                         95G  264K   95G   1% /dev/shm
tmpfs                                         62G  1.3M   62G   1% /run
tmpfs                                         62G     0   62G   0% /sys/fs/cgroup
/dev/nvme0n1p1                               100G   17G   84G  17% /
tmpfs                                         62G  132K   62G   1% /tmp
/dev/mapper/hana_data-hana_data              600G   30G  571G   5% /hana/data
/dev/mapper/hana_log-hana_log                700G  8.9G  691G   2% /hana/log
/dev/mapper/var-var                           20G  618M   20G   4% /var
/dev/mapper/usr_sap-usr_sap                  100G  1.4G   99G   2% /usr/sap
/dev/mapper/hana_shared-hana_shared          300G   90G  211G  30% /hana/shared
/dev/mapper/var_tmp-var_tmp                   20G  1.1G   19G   6% /var/tmp
/dev/mapper/var_log-var_log                   20G  929M   20G   5% /var/log
/dev/mapper/var_log_audit-var_log_audit       20G  7.7G   13G  39% /var/log/audit
/dev/mapper/usr_sap_install-usr_sap_install  100G   11G   90G  11% /usr/sap/install
/dev/mapper/home-home                         20G  128M   20G   1% /home
172.18.159.83:/                              8.0E  2.3G  8.0E   1% /sapmnt/SLX
tmpfs                                         13G     0   13G   0% /run/user/1001
tmpfs                                         13G     0   13G   0% /run/user/473
tmpfs                                         13G     0   13G   0% /run/user/1002
tmpfs                                         13G     0   13G   0% /run/user/1725029451
tmpfs                                         13G     0   13G   0% /run/user/1725064823
Disk /dev/nvme1n1: 20 GiB, 21474836480 bytes, 41943040 sectors
Disk model: Amazon Elastic Block Store              
Units: sectors of 1 * 512 = 512 bytes
Sector size (logical/physical): 512 bytes / 4096 bytes
I/O size (minimum/optimal): 4096 bytes / 4096 bytes


Disk /dev/nvme0n1: 100 GiB, 107374182400 bytes, 209715200 sectors
Disk model: Amazon Elastic Block Store              
Units: sectors of 1 * 512 = 512 bytes
Sector size (logical/physical): 512 bytes / 4096 bytes
I/O size (minimum/optimal): 4096 bytes / 4096 bytes
Disklabel type: dos
Disk identifier: 0x6c5d29eb

Device         Boot Start       End   Sectors  Size Id Type
/dev/nvme0n1p1       2048 209715166 209713119  100G 83 Linux


Disk /dev/nvme2n1: 20 GiB, 21474836480 bytes, 41943040 sectors
Disk model: Amazon Elastic Block Store              
Units: sectors of 1 * 512 = 512 bytes
Sector size (logical/physical): 512 bytes / 4096 bytes
I/O size (minimum/optimal): 4096 bytes / 4096 bytes


Disk /dev/nvme3n1: 100 GiB, 107374182400 bytes, 209715200 sectors
Disk model: Amazon Elastic Block Store              
Units: sectors of 1 * 512 = 512 bytes
Sector size (logical/physical): 512 bytes / 4096 bytes
I/O size (minimum/optimal): 4096 bytes / 4096 bytes


Disk /dev/nvme4n1: 100 GiB, 107374182400 bytes, 209715200 sectors
Disk model: Amazon Elastic Block Store              
Units: sectors of 1 * 512 = 512 bytes
Sector size (logical/physical): 512 bytes / 4096 bytes
I/O size (minimum/optimal): 4096 bytes / 4096 bytes


Disk /dev/nvme6n1: 600 GiB, 644245094400 bytes, 1258291200 sectors
Disk model: Amazon Elastic Block Store              
Units: sectors of 1 * 512 = 512 bytes
Sector size (logical/physical): 512 bytes / 4096 bytes
I/O size (minimum/optimal): 4096 bytes / 4096 bytes


Disk /dev/nvme8n1: 20 GiB, 21474836480 bytes, 41943040 sectors
Disk model: Amazon Elastic Block Store              
Units: sectors of 1 * 512 = 512 bytes
Sector size (logical/physical): 512 bytes / 4096 bytes
I/O size (minimum/optimal): 4096 bytes / 4096 bytes


Disk /dev/nvme5n1: 300 GiB, 322122547200 bytes, 629145600 sectors
Disk model: Amazon Elastic Block Store              
Units: sectors of 1 * 512 = 512 bytes
Sector size (logical/physical): 512 bytes / 4096 bytes
I/O size (minimum/optimal): 4096 bytes / 4096 bytes


Disk /dev/nvme7n1: 700 GiB, 751619276800 bytes, 1468006400 sectors
Disk model: Amazon Elastic Block Store              
Units: sectors of 1 * 512 = 512 bytes
Sector size (logical/physical): 512 bytes / 4096 bytes
I/O size (minimum/optimal): 4096 bytes / 4096 bytes


Disk /dev/nvme10n1: 20 GiB, 21474836480 bytes, 41943040 sectors
Disk model: Amazon Elastic Block Store              
Units: sectors of 1 * 512 = 512 bytes
Sector size (logical/physical): 512 bytes / 4096 bytes
I/O size (minimum/optimal): 4096 bytes / 4096 bytes


Disk /dev/nvme9n1: 20 GiB, 21474836480 bytes, 41943040 sectors
Disk model: Amazon Elastic Block Store              
Units: sectors of 1 * 512 = 512 bytes
Sector size (logical/physical): 512 bytes / 4096 bytes
I/O size (minimum/optimal): 4096 bytes / 4096 bytes


Disk /dev/nvme11n1: 2 GiB, 2147483648 bytes, 4194304 sectors
Disk model: Amazon Elastic Block Store              
Units: sectors of 1 * 512 = 512 bytes
Sector size (logical/physical): 512 bytes / 4096 bytes
I/O size (minimum/optimal): 4096 bytes / 4096 bytes


Disk /dev/mapper/var-var: 20 GiB, 21470642176 bytes, 41934848 sectors
Units: sectors of 1 * 512 = 512 bytes
Sector size (logical/physical): 512 bytes / 4096 bytes
I/O size (minimum/optimal): 4096 bytes / 4096 bytes


Disk /dev/mapper/usr_sap_install-usr_sap_install: 100 GiB, 107369988096 bytes, 209707008 sectors
Units: sectors of 1 * 512 = 512 bytes
Sector size (logical/physical): 512 bytes / 4096 bytes
I/O size (minimum/optimal): 4096 bytes / 4096 bytes


Disk /dev/mapper/hana_shared-hana_shared: 300 GiB, 322118352896 bytes, 629137408 sectors
Units: sectors of 1 * 512 = 512 bytes
Sector size (logical/physical): 512 bytes / 4096 bytes
I/O size (minimum/optimal): 4096 bytes / 4096 bytes


Disk /dev/mapper/hana_data-hana_data: 600 GiB, 644240900096 bytes, 1258283008 sectors
Units: sectors of 1 * 512 = 512 bytes
Sector size (logical/physical): 512 bytes / 4096 bytes
I/O size (minimum/optimal): 4096 bytes / 4096 bytes


Disk /dev/mapper/usr_sap-usr_sap: 100 GiB, 107369988096 bytes, 209707008 sectors
Units: sectors of 1 * 512 = 512 bytes
Sector size (logical/physical): 512 bytes / 4096 bytes
I/O size (minimum/optimal): 4096 bytes / 4096 bytes


Disk /dev/mapper/var_log_audit-var_log_audit: 20 GiB, 21470642176 bytes, 41934848 sectors
Units: sectors of 1 * 512 = 512 bytes
Sector size (logical/physical): 512 bytes / 4096 bytes
I/O size (minimum/optimal): 4096 bytes / 4096 bytes


Disk /dev/mapper/hana_log-hana_log: 700 GiB, 751615082496 bytes, 1467998208 sectors
Units: sectors of 1 * 512 = 512 bytes
Sector size (logical/physical): 512 bytes / 4096 bytes
I/O size (minimum/optimal): 4096 bytes / 4096 bytes


Disk /dev/mapper/var_log-var_log: 20 GiB, 21470642176 bytes, 41934848 sectors
Units: sectors of 1 * 512 = 512 bytes
Sector size (logical/physical): 512 bytes / 4096 bytes
I/O size (minimum/optimal): 4096 bytes / 4096 bytes


Disk /dev/mapper/home-home: 20 GiB, 21470642176 bytes, 41934848 sectors
Units: sectors of 1 * 512 = 512 bytes
Sector size (logical/physical): 512 bytes / 4096 bytes
I/O size (minimum/optimal): 4096 bytes / 4096 bytes


Disk /dev/mapper/var_tmp-var_tmp: 20 GiB, 21470642176 bytes, 41934848 sectors
Units: sectors of 1 * 512 = 512 bytes
Sector size (logical/physical): 512 bytes / 4096 bytes
I/O size (minimum/optimal): 4096 bytes / 4096 bytes
LABEL=ROOT / xfs defaults 0 0
UUID=961fcd21-4381-440b-afd3-1d0585a823e5 swap swap defaults 0 0
UUID=dcf997dd-cae8-4d08-8de2-ee79e83d4133 /home	xfs nodev,nosuid,noexec 0 0
UUID=9bdbb765-b784-42e8-83ac-51970abd0e67 /var/log/audit xfs nodev,nosuid,noexec 0 0
UUID=536ef96f-f713-47db-b23e-f889b267c791 /var/tmp xfs nodev,nosuid,noexec 0 0
/dev/mapper/hana_log-hana_log /hana/log xfs rw,relatime,attr2,inode64,logbufs=8,logbsize=32k,noquota 0 0
/dev/mapper/hana_data-hana_data /hana/data xfs rw,relatime,attr2,inode64,logbufs=8,logbsize=32k,noquota 0 0
/dev/mapper/hana_shared-hana_shared /hana/shared xfs rw,relatime,attr2,inode64,logbufs=8,logbsize=32k,noquota 0 0
/dev/mapper/usr_sap-usr_sap /usr/sap xfs rw,relatime,attr2,inode64,logbufs=8,logbsize=32k,noquota 0 0
/dev/mapper/usr_sap_install-usr_sap_install /usr/sap/install xfs rw,relatime,attr2,inode64,logbufs=8,logbsize=32k,noquota 0 0
172.18.159.83:/ /sapmnt/SLX nfs4 rw,relatime,vers=4.1,rsize=1048576,wsize=1048576,namlen=255,hard,noresvport,proto=tcp,timeo=600,retrans=2,sec=sys,clientaddr=172.18.159.9,local_lock=none,addr=172.18.159.83 0 0
tmpfs /dev/shm tmpfs defaults,nodev,nosuid,noexec 0 0
tmpfs /tmp tmpfs defaults,nodev,nosuid,noexec,nofail 0 0
UUID=9872db0b-ceb4-4331-85bb-b1c40cd187cc /var xfs nodev,nosuid,noexec 0 0
UUID=bfe1f2bb-08c9-4826-85a4-7c08fa20bff6 /var/log xfs nodev,nosuid,noexec 0 0
sysfs on /sys type sysfs (rw,nosuid,nodev,noexec,relatime)
proc on /proc type proc (rw,nosuid,nodev,noexec,relatime)
devtmpfs on /dev type devtmpfs (rw,nosuid,size=64897064k,nr_inodes=16224266,mode=755)
securityfs on /sys/kernel/security type securityfs (rw,nosuid,nodev,noexec,relatime)
tmpfs on /dev/shm type tmpfs (rw,nosuid,nodev,noexec,size=98949120k)
devpts on /dev/pts type devpts (rw,nosuid,noexec,relatime,gid=5,mode=620,ptmxmode=000)
tmpfs on /run type tmpfs (rw,nosuid,nodev,mode=755)
tmpfs on /sys/fs/cgroup type tmpfs (ro,nosuid,nodev,noexec,mode=755)
cgroup on /sys/fs/cgroup/unified type cgroup2 (rw,nosuid,nodev,noexec,relatime)
cgroup on /sys/fs/cgroup/systemd type cgroup (rw,nosuid,nodev,noexec,relatime,xattr,name=systemd)
pstore on /sys/fs/pstore type pstore (rw,nosuid,nodev,noexec,relatime)
none on /sys/fs/bpf type bpf (rw,nosuid,nodev,noexec,relatime)
cgroup on /sys/fs/cgroup/cpuset type cgroup (rw,nosuid,nodev,noexec,relatime,cpuset)
cgroup on /sys/fs/cgroup/cpu,cpuacct type cgroup (rw,nosuid,nodev,noexec,relatime,cpu,cpuacct)
cgroup on /sys/fs/cgroup/hugetlb type cgroup (rw,nosuid,nodev,noexec,relatime,hugetlb)
cgroup on /sys/fs/cgroup/net_cls,net_prio type cgroup (rw,nosuid,nodev,noexec,relatime,net_cls,net_prio)
cgroup on /sys/fs/cgroup/perf_event type cgroup (rw,nosuid,nodev,noexec,relatime,perf_event)
cgroup on /sys/fs/cgroup/rdma type cgroup (rw,nosuid,nodev,noexec,relatime,rdma)
cgroup on /sys/fs/cgroup/devices type cgroup (rw,nosuid,nodev,noexec,relatime,devices)
cgroup on /sys/fs/cgroup/blkio type cgroup (rw,nosuid,nodev,noexec,relatime,blkio)
cgroup on /sys/fs/cgroup/freezer type cgroup (rw,nosuid,nodev,noexec,relatime,freezer)
cgroup on /sys/fs/cgroup/memory type cgroup (rw,nosuid,nodev,noexec,relatime,memory)
cgroup on /sys/fs/cgroup/pids type cgroup (rw,nosuid,nodev,noexec,relatime,pids)
/dev/nvme0n1p1 on / type xfs (rw,relatime,attr2,inode64,logbufs=8,logbsize=32k,noquota)
rpc_pipefs on /var/lib/nfs/rpc_pipefs type rpc_pipefs (rw,relatime)
debugfs on /sys/kernel/debug type debugfs (rw,relatime)
mqueue on /dev/mqueue type mqueue (rw,relatime)
hugetlbfs on /dev/hugepages type hugetlbfs (rw,relatime,pagesize=2M)
systemd-1 on /proc/sys/fs/binfmt_misc type autofs (rw,relatime,fd=35,pgrp=1,timeout=0,minproto=5,maxproto=5,direct,pipe_ino=26804)
tmpfs on /tmp type tmpfs (rw,nosuid,nodev,noexec,relatime)
/dev/mapper/hana_data-hana_data on /hana/data type xfs (rw,relatime,attr2,inode64,logbufs=8,logbsize=32k,noquota)
/dev/mapper/hana_log-hana_log on /hana/log type xfs (rw,relatime,attr2,inode64,logbufs=8,logbsize=32k,noquota)
/dev/mapper/var-var on /var type xfs (rw,nosuid,nodev,noexec,relatime,attr2,inode64,logbufs=8,logbsize=32k,noquota)
/dev/mapper/usr_sap-usr_sap on /usr/sap type xfs (rw,relatime,attr2,inode64,logbufs=8,logbsize=32k,noquota)
/dev/mapper/hana_shared-hana_shared on /hana/shared type xfs (rw,relatime,attr2,inode64,logbufs=8,logbsize=32k,noquota)
tmpfs on /var/run type tmpfs (rw,nosuid,nodev,mode=755)
/dev/mapper/var_tmp-var_tmp on /var/tmp type xfs (rw,nosuid,nodev,noexec,relatime,attr2,inode64,logbufs=8,logbsize=32k,sunit=8,swidth=8,noquota)
/dev/mapper/var_log-var_log on /var/log type xfs (rw,nosuid,nodev,noexec,relatime,attr2,inode64,logbufs=8,logbsize=32k,noquota)
/dev/mapper/var_log_audit-var_log_audit on /var/log/audit type xfs (rw,nosuid,nodev,noexec,relatime,attr2,inode64,logbufs=8,logbsize=32k,sunit=8,swidth=8,noquota)
/dev/mapper/usr_sap_install-usr_sap_install on /usr/sap/install type xfs (rw,relatime,attr2,inode64,logbufs=8,logbsize=32k,noquota)
/dev/mapper/home-home on /home type xfs (rw,nosuid,nodev,noexec,relatime,attr2,inode64,logbufs=8,logbsize=32k,sunit=8,swidth=8,noquota)
172.18.159.83:/ on /sapmnt/SLX type nfs4 (rw,relatime,vers=4.1,rsize=1048576,wsize=1048576,namlen=255,hard,noresvport,proto=tcp,timeo=600,retrans=2,sec=sys,clientaddr=172.18.159.9,local_lock=none,addr=172.18.159.83)
tmpfs on /run/user/1001 type tmpfs (rw,nosuid,nodev,relatime,size=12983632k,mode=700,uid=1001,gid=79)
tmpfs on /var/run/user/1001 type tmpfs (rw,nosuid,nodev,relatime,size=12983632k,mode=700,uid=1001,gid=79)
tmpfs on /run/user/473 type tmpfs (rw,nosuid,nodev,relatime,size=12983632k,mode=700,uid=473,gid=79)
tmpfs on /var/run/user/473 type tmpfs (rw,nosuid,nodev,relatime,size=12983632k,mode=700,uid=473,gid=79)
binfmt_misc on /proc/sys/fs/binfmt_misc type binfmt_misc (rw,relatime)
tmpfs on /run/user/1002 type tmpfs (rw,nosuid,nodev,relatime,size=12983632k,mode=700,uid=1002,gid=79)
tmpfs on /var/run/user/1002 type tmpfs (rw,nosuid,nodev,relatime,size=12983632k,mode=700,uid=1002,gid=79)
tracefs on /sys/kernel/debug/tracing type tracefs (rw,relatime)
tmpfs on /run/user/1725029451 type tmpfs (rw,nosuid,nodev,relatime,size=12983632k,mode=700,uid=1725029451,gid=1725000513)
tmpfs on /var/run/user/1725029451 type tmpfs (rw,nosuid,nodev,relatime,size=12983632k,mode=700,uid=1725029451,gid=1725000513)
tmpfs on /run/user/1725064823 type tmpfs (rw,nosuid,nodev,relatime,size=12983632k,mode=700,uid=1725064823,gid=1725000513)
tmpfs on /var/run/user/1725064823 type tmpfs (rw,nosuid,nodev,relatime,size=12983632k,mode=700,uid=1725064823,gid=1725000513)

[31;43m***** DISK & DM info from FDISK *****[0m
Disk /dev/nvme1n1: 20 GiB, 21474836480 bytes, 41943040 sectors
Disk model: Amazon Elastic Block Store              
Disk /dev/nvme0n1: 100 GiB, 107374182400 bytes, 209715200 sectors
Disk model: Amazon Elastic Block Store              
Disklabel type: dos
Disk identifier: 0x6c5d29eb
Disk /dev/nvme2n1: 20 GiB, 21474836480 bytes, 41943040 sectors
Disk model: Amazon Elastic Block Store              
Disk /dev/nvme3n1: 100 GiB, 107374182400 bytes, 209715200 sectors
Disk model: Amazon Elastic Block Store              
Disk /dev/nvme4n1: 100 GiB, 107374182400 bytes, 209715200 sectors
Disk model: Amazon Elastic Block Store              
Disk /dev/nvme6n1: 600 GiB, 644245094400 bytes, 1258291200 sectors
Disk model: Amazon Elastic Block Store              
Disk /dev/nvme8n1: 20 GiB, 21474836480 bytes, 41943040 sectors
Disk model: Amazon Elastic Block Store              
Disk /dev/nvme5n1: 300 GiB, 322122547200 bytes, 629145600 sectors
Disk model: Amazon Elastic Block Store              
Disk /dev/nvme7n1: 700 GiB, 751619276800 bytes, 1468006400 sectors
Disk model: Amazon Elastic Block Store              
Disk /dev/nvme10n1: 20 GiB, 21474836480 bytes, 41943040 sectors
Disk model: Amazon Elastic Block Store              
Disk /dev/nvme9n1: 20 GiB, 21474836480 bytes, 41943040 sectors
Disk model: Amazon Elastic Block Store              
Disk /dev/nvme11n1: 2 GiB, 2147483648 bytes, 4194304 sectors
Disk model: Amazon Elastic Block Store              
Disk /dev/mapper/var-var: 20 GiB, 21470642176 bytes, 41934848 sectors
Disk /dev/mapper/usr_sap_install-usr_sap_install: 100 GiB, 107369988096 bytes, 209707008 sectors
Disk /dev/mapper/hana_shared-hana_shared: 300 GiB, 322118352896 bytes, 629137408 sectors
Disk /dev/mapper/hana_data-hana_data: 600 GiB, 644240900096 bytes, 1258283008 sectors
Disk /dev/mapper/usr_sap-usr_sap: 100 GiB, 107369988096 bytes, 209707008 sectors
Disk /dev/mapper/var_log_audit-var_log_audit: 20 GiB, 21470642176 bytes, 41934848 sectors
Disk /dev/mapper/hana_log-hana_log: 700 GiB, 751615082496 bytes, 1467998208 sectors
Disk /dev/mapper/var_log-var_log: 20 GiB, 21470642176 bytes, 41934848 sectors
Disk /dev/mapper/home-home: 20 GiB, 21470642176 bytes, 41934848 sectors
Disk /dev/mapper/var_tmp-var_tmp: 20 GiB, 21470642176 bytes, 41934848 sectors

[31;43m***** PP process; All Running Procs; PP/Multipath devices Info *****[0m
root     13175 13157  0 21:01 pts/1    00:00:00 grep Powerpath
UID        PID  PPID  C STIME TTY          TIME CMD
root         1     0  0 May02 ?        00:00:59 /usr/lib/systemd/systemd --switched-root --system --deserialize 22
root         2     0  0 May02 ?        00:00:00 [kthreadd]
root         3     2  0 May02 ?        00:00:00 [rcu_gp]
root         4     2  0 May02 ?        00:00:00 [rcu_par_gp]
root         6     2  0 May02 ?        00:00:00 [kworker/0:0H-events_highpri]
root         9     2  0 May02 ?        00:00:00 [mm_percpu_wq]
root        10     2  0 May02 ?        00:00:01 [ksoftirqd/0]
root        11     2  0 May02 ?        00:03:38 [rcu_sched]
root        12     2  0 May02 ?        00:00:01 [migration/0]
root        13     2  0 May02 ?        00:00:00 [idle_inject/0]
root        14     2  0 May02 ?        00:00:00 [cpuhp/0]
root        15     2  0 May02 ?        00:00:00 [cpuhp/1]
root        16     2  0 May02 ?        00:00:00 [idle_inject/1]
root        17     2  0 May02 ?        00:00:01 [migration/1]
root        18     2  0 May02 ?        00:00:01 [ksoftirqd/1]
root        20     2  0 May02 ?        00:00:00 [kworker/1:0H-events_highpri]
root        21     2  0 May02 ?        00:00:00 [cpuhp/2]
root        22     2  0 May02 ?        00:00:00 [idle_inject/2]
root        23     2  0 May02 ?        00:00:01 [migration/2]
root        24     2  0 May02 ?        00:00:01 [ksoftirqd/2]
root        26     2  0 May02 ?        00:00:00 [kworker/2:0H-events_highpri]
root        27     2  0 May02 ?        00:00:00 [cpuhp/3]
root        28     2  0 May02 ?        00:00:00 [idle_inject/3]
root        29     2  0 May02 ?        00:00:01 [migration/3]
root        30     2  0 May02 ?        00:00:01 [ksoftirqd/3]
root        32     2  0 May02 ?        00:00:00 [kworker/3:0H-events_highpri]
root        33     2  0 May02 ?        00:00:00 [cpuhp/4]
root        34     2  0 May02 ?        00:00:00 [idle_inject/4]
root        35     2  0 May02 ?        00:00:01 [migration/4]
root        36     2  0 May02 ?        00:00:01 [ksoftirqd/4]
root        38     2  0 May02 ?        00:00:00 [kworker/4:0H-events_highpri]
root        39     2  0 May02 ?        00:00:00 [cpuhp/5]
root        40     2  0 May02 ?        00:00:00 [idle_inject/5]
root        41     2  0 May02 ?        00:00:01 [migration/5]
root        42     2  0 May02 ?        00:00:01 [ksoftirqd/5]
root        44     2  0 May02 ?        00:00:00 [kworker/5:0H-events_highpri]
root        45     2  0 May02 ?        00:00:00 [cpuhp/6]
root        46     2  0 May02 ?        00:00:00 [idle_inject/6]
root        47     2  0 May02 ?        00:00:01 [migration/6]
root        48     2  0 May02 ?        00:00:01 [ksoftirqd/6]
root        50     2  0 May02 ?        00:00:00 [kworker/6:0H-events_highpri]
root        51     2  0 May02 ?        00:00:00 [cpuhp/7]
root        52     2  0 May02 ?        00:00:00 [idle_inject/7]
root        53     2  0 May02 ?        00:00:01 [migration/7]
root        54     2  0 May02 ?        00:00:01 [ksoftirqd/7]
root        56     2  0 May02 ?        00:00:00 [kworker/7:0H-events_highpri]
root        57     2  0 May02 ?        00:00:00 [cpuhp/8]
root        58     2  0 May02 ?        00:00:00 [idle_inject/8]
root        59     2  0 May02 ?        00:00:01 [migration/8]
root        60     2  0 May02 ?        00:00:01 [ksoftirqd/8]
root        62     2  0 May02 ?        00:00:00 [kworker/8:0H-events_highpri]
root        63     2  0 May02 ?        00:00:00 [cpuhp/9]
root        64     2  0 May02 ?        00:00:00 [idle_inject/9]
root        65     2  0 May02 ?        00:00:01 [migration/9]
root        66     2  0 May02 ?        00:00:01 [ksoftirqd/9]
root        68     2  0 May02 ?        00:00:00 [kworker/9:0H-events_highpri]
root        69     2  0 May02 ?        00:00:00 [cpuhp/10]
root        70     2  0 May02 ?        00:00:00 [idle_inject/10]
root        71     2  0 May02 ?        00:00:01 [migration/10]
root        72     2  0 May02 ?        00:00:01 [ksoftirqd/10]
root        74     2  0 May02 ?        00:00:00 [kworker/10:0H-events_highpri]
root        75     2  0 May02 ?        00:00:00 [cpuhp/11]
root        76     2  0 May02 ?        00:00:00 [idle_inject/11]
root        77     2  0 May02 ?        00:00:01 [migration/11]
root        78     2  0 May02 ?        00:00:01 [ksoftirqd/11]
root        80     2  0 May02 ?        00:00:00 [kworker/11:0H-events_highpri]
root        81     2  0 May02 ?        00:00:00 [cpuhp/12]
root        82     2  0 May02 ?        00:00:00 [idle_inject/12]
root        83     2  0 May02 ?        00:00:01 [migration/12]
root        84     2  0 May02 ?        00:00:01 [ksoftirqd/12]
root        86     2  0 May02 ?        00:00:00 [kworker/12:0H-events_highpri]
root        87     2  0 May02 ?        00:00:00 [cpuhp/13]
root        88     2  0 May02 ?        00:00:00 [idle_inject/13]
root        89     2  0 May02 ?        00:00:01 [migration/13]
root        90     2  0 May02 ?        00:00:01 [ksoftirqd/13]
root        92     2  0 May02 ?        00:00:00 [kworker/13:0H-events_highpri]
root        93     2  0 May02 ?        00:00:00 [cpuhp/14]
root        94     2  0 May02 ?        00:00:00 [idle_inject/14]
root        95     2  0 May02 ?        00:00:01 [migration/14]
root        96     2  0 May02 ?        00:00:01 [ksoftirqd/14]
root        98     2  0 May02 ?        00:00:00 [kworker/14:0H-xfs-log/nvme0n1p1]
root        99     2  0 May02 ?        00:00:00 [cpuhp/15]
root       100     2  0 May02 ?        00:00:00 [idle_inject/15]
root       101     2  0 May02 ?        00:00:01 [migration/15]
root       102     2  0 May02 ?        00:00:01 [ksoftirqd/15]
root       104     2  0 May02 ?        00:00:00 [kworker/15:0H-events_highpri]
root       106     2  0 May02 ?        00:00:00 [kdevtmpfs]
root       107     2  0 May02 ?        00:00:00 [netns]
root       108     2  0 May02 ?        00:00:00 [rcu_tasks_kthre]
root       109     2  0 May02 ?        00:00:09 [kauditd]
root       110     2  0 May02 ?        00:00:00 [khungtaskd]
root       111     2  0 May02 ?        00:00:00 [oom_reaper]
root       112     2  0 May02 ?        00:00:00 [writeback]
root       113     2  0 May02 ?        00:00:00 [kcompactd0]
root       114     2  0 May02 ?        00:00:00 [ksmd]
root       170     2  0 May02 ?        00:00:00 [kintegrityd]
root       171     2  0 May02 ?        00:00:00 [kblockd]
root       172     2  0 May02 ?        00:00:00 [blkcg_punt_bio]
root       173     2  0 May02 ?        00:00:08 [kworker/2:1-mm_percpu_wq]
root       174     2  0 May02 ?        00:00:00 [tpm_dev_wq]
root       175     2  0 May02 ?        00:00:00 [edac-poller]
root       176     2  0 May02 ?        00:00:00 [devfreq_wq]
root       177     2  0 May02 ?        00:00:00 [watchdogd]
root       179     2  0 May02 ?        00:00:08 [kworker/5:1-xfs-buf/dm-3]
root       180     2  0 May02 ?        00:00:11 [kworker/4:1-events]
root       188     2  0 May02 ?        00:00:00 [kswapd0]
root       191     2  0 May02 ?        00:00:00 [kthrotld]
root       193     2  0 May02 ?        00:00:00 [ipv6_addrconf]
root       199     2  0 May02 ?        00:00:00 [kstrp]
root       204     2  0 May02 ?        00:00:00 [charger_manager]
root       215     2  0 May02 ?        00:00:03 [kworker/8:1-mm_percpu_wq]
root       263     2  0 May02 ?        00:00:00 [iscsi_eh]
root       350     2  0 May02 ?        00:00:00 [cnic_wq]
root       351     2  0 May02 ?        00:00:00 [bnx2i_thread/0]
root       352     2  0 May02 ?        00:00:00 [bnx2i_thread/1]
root       353     2  0 May02 ?        00:00:00 [bnx2i_thread/2]
root       354     2  0 May02 ?        00:00:00 [bnx2i_thread/3]
root       355     2  0 May02 ?        00:00:00 [bnx2i_thread/4]
root       356     2  0 May02 ?        00:00:00 [bnx2i_thread/5]
root       357     2  0 May02 ?        00:00:00 [bnx2i_thread/6]
root       358     2  0 May02 ?        00:00:00 [bnx2i_thread/7]
root       359     2  0 May02 ?        00:00:00 [bnx2i_thread/8]
root       360     2  0 May02 ?        00:00:00 [bnx2i_thread/9]
root       361     2  0 May02 ?        00:00:00 [bnx2i_thread/10]
root       362     2  0 May02 ?        00:00:00 [bnx2i_thread/11]
root       363     2  0 May02 ?        00:00:00 [bnx2i_thread/12]
root       364     2  0 May02 ?        00:00:00 [bnx2i_thread/13]
root       365     2  0 May02 ?        00:00:00 [bnx2i_thread/14]
root       366     2  0 May02 ?        00:00:00 [bnx2i_thread/15]
root       430     2  0 May02 ?        00:00:00 [rpciod]
root       431     2  0 May02 ?        00:00:00 [xprtiod]
root       515     2  0 May02 ?        00:00:00 [nvme-wq]
root       521     2  0 May02 ?        00:00:00 [ena]
root       534     2  0 May02 ?        00:00:00 [nvme-reset-wq]
root       535     2  0 May02 ?        00:00:00 [nvme-delete-wq]
root       537     2  0 May02 ?        00:00:00 [cryptd]
root       815     2  0 May02 ?        00:00:00 [xfsalloc]
root       816     2  0 May02 ?        00:00:00 [xfs_mru_cache]
root       821     2  0 May02 ?        00:00:00 [xfs-buf/nvme0n1]
root       822     2  0 May02 ?        00:00:00 [xfs-conv/nvme0n]
root       823     2  0 May02 ?        00:00:00 [xfs-cil/nvme0n1]
root       825     2  0 May02 ?        00:00:00 [xfs-reclaim/nvm]
root       826     2  0 May02 ?        00:00:00 [xfs-eofblocks/n]
root       827     2  0 May02 ?        00:00:00 [xfs-log/nvme0n1]
root       828     2  0 May02 ?        00:00:48 [xfsaild/nvme0n1]
root       829     2  0 May02 ?        00:00:00 [kworker/14:1H-kblockd]
root       918     2  0 May02 ?        00:00:00 [kworker/0:1H-kblockd]
root       919     2  0 May02 ?        00:00:01 [kworker/1:1H-kblockd]
root       920     2  0 May02 ?        00:00:00 [kworker/2:1H-kblockd]
root       921     2  0 May02 ?        00:00:00 [kworker/3:1H-kblockd]
root       922     2  0 May02 ?        00:00:00 [kworker/4:1H-kblockd]
root       923     2  0 May02 ?        00:00:01 [kworker/5:1H-kblockd]
root       924     2  0 May02 ?        00:00:02 [kworker/6:1H-xfs-log/dm-2]
root       925     2  0 May02 ?        00:00:00 [kworker/7:1H-kblockd]
root       926     2  0 May02 ?        00:00:00 [kworker/8:1H-kblockd]
root       927     2  0 May02 ?        00:00:00 [kworker/11:1H-kblockd]
root       928     2  0 May02 ?        00:00:00 [kworker/9:1H-xfs-log/dm-6]
root       929     2  0 May02 ?        00:00:00 [kworker/12:1H-kblockd]
root       930     2  0 May02 ?        00:00:00 [kworker/10:1H-kblockd]
root       931     2  0 May02 ?        00:00:01 [kworker/15:1H-kblockd]
root       932     2  0 May02 ?        00:00:00 [kworker/13:1H-kblockd]
root       942     1  0 May02 ?        00:00:08 /usr/lib/systemd/systemd-journald
root       946     1  0 May02 ?        00:00:26 /usr/sbin/haveged -w 1024 -v 0 -F
root       949     1  0 May02 ?        00:00:00 /usr/lib/systemd/systemd-udevd
root      1000     2  0 May02 ?        00:00:00 [nfit]
root      1020     2  0 May02 ?        00:00:00 [kdmflush]
root      1024     2  0 May02 ?        00:00:00 [kdmflush]
root      1026     2  0 May02 ?        00:00:00 [kdmflush]
root      1028     2  0 May02 ?        00:00:00 [kdmflush]
root      1029     2  0 May02 ?        00:00:00 [kdmflush]
root      1030     2  0 May02 ?        00:00:00 [kdmflush]
root      1031     2  0 May02 ?        00:00:00 [kdmflush]
root      1032     2  0 May02 ?        00:00:00 [kdmflush]
root      1033     2  0 May02 ?        00:00:00 [kdmflush]
root      1034     2  0 May02 ?        00:00:00 [kdmflush]
root      1066     2  0 May02 ?        00:00:00 [xfs-buf/dm-5]
root      1067     2  0 May02 ?        00:00:00 [xfs-conv/dm-5]
root      1068     2  0 May02 ?        00:00:00 [xfs-cil/dm-5]
root      1069     2  0 May02 ?        00:00:00 [xfs-reclaim/dm-]
root      1070     2  0 May02 ?        00:00:00 [xfs-eofblocks/d]
root      1072     2  0 May02 ?        00:00:00 [xfs-buf/dm-2]
root      1073     2  0 May02 ?        00:00:00 [xfs-conv/dm-2]
root      1074     2  0 May02 ?        00:00:00 [xfs-cil/dm-2]
root      1076     2  0 May02 ?        00:00:00 [xfs-reclaim/dm-]
root      1077     2  0 May02 ?        00:00:00 [xfs-eofblocks/d]
root      1078     2  0 May02 ?        00:00:00 [xfs-buf/dm-0]
root      1079     2  0 May02 ?        00:00:00 [xfs-conv/dm-0]
root      1080     2  0 May02 ?        00:00:00 [xfs-cil/dm-0]
root      1081     2  0 May02 ?        00:00:00 [xfs-reclaim/dm-]
root      1082     2  0 May02 ?        00:00:00 [xfs-eofblocks/d]
root      1084     2  0 May02 ?        00:00:00 [xfs-buf/dm-6]
root      1085     2  0 May02 ?        00:00:00 [xfs-conv/dm-6]
root      1086     2  0 May02 ?        00:00:00 [xfs-cil/dm-6]
root      1087     2  0 May02 ?        00:00:00 [xfs-reclaim/dm-]
root      1088     2  0 May02 ?        00:00:00 [xfs-eofblocks/d]
root      1089     2  0 May02 ?        00:00:00 [xfs-buf/dm-8]
root      1090     2  0 May02 ?        00:00:00 [xfs-log/dm-5]
root      1091     2  0 May02 ?        00:00:00 [xfs-conv/dm-8]
root      1092     2  0 May02 ?        00:00:47 [xfsaild/dm-5]
root      1093     2  0 May02 ?        00:00:00 [xfs-cil/dm-8]
root      1094     2  0 May02 ?        00:00:00 [xfs-reclaim/dm-]
root      1095     2  0 May02 ?        00:00:00 [xfs-eofblocks/d]
root      1096     2  0 May02 ?        00:00:00 [xfs-log/dm-2]
root      1097     2  0 May02 ?        00:00:48 [xfsaild/dm-2]
root      1099     2  0 May02 ?        00:00:00 [xfs-log/dm-8]
root      1100     2  0 May02 ?        00:00:47 [xfsaild/dm-8]
root      1101     2  0 May02 ?        00:00:00 [xfs-log/dm-6]
root      1102     2  0 May02 ?        00:00:00 [xfsaild/dm-6]
root      1103     2  0 May02 ?        00:00:00 [xfs-buf/dm-3]
root      1104     2  0 May02 ?        00:00:00 [xfs-conv/dm-3]
root      1105     2  0 May02 ?        00:00:00 [xfs-cil/dm-3]
root      1106     2  0 May02 ?        00:00:00 [xfs-reclaim/dm-]
root      1107     2  0 May02 ?        00:00:00 [xfs-eofblocks/d]
root      1108     2  0 May02 ?        00:00:00 [xfs-log/dm-0]
root      1109     2  0 May02 ?        00:00:47 [xfsaild/dm-0]
root      1110     2  0 May02 ?        00:00:00 [xfs-log/dm-3]
root      1111     2  0 May02 ?        00:00:47 [xfsaild/dm-3]
root      1114     2  0 May02 ?        00:00:00 [xfs-buf/dm-4]
root      1115     2  0 May02 ?        00:00:00 [xfs-conv/dm-4]
root      1116     2  0 May02 ?        00:00:00 [xfs-cil/dm-4]
root      1117     2  0 May02 ?        00:00:00 [xfs-reclaim/dm-]
root      1118     2  0 May02 ?        00:00:00 [xfs-eofblocks/d]
root      1121     2  0 May02 ?        00:00:00 [xfs-log/dm-4]
root      1122     2  0 May02 ?        00:00:03 [xfsaild/dm-4]
root      1127     2  0 May02 ?        00:00:00 [xfs-buf/dm-9]
root      1128     2  0 May02 ?        00:00:00 [xfs-conv/dm-9]
root      1129     2  0 May02 ?        00:00:00 [xfs-cil/dm-9]
root      1130     2  0 May02 ?        00:00:00 [xfs-reclaim/dm-]
root      1131     2  0 May02 ?        00:00:00 [xfs-eofblocks/d]
root      1132     2  0 May02 ?        00:00:00 [xfs-log/dm-9]
root      1133     2  0 May02 ?        00:00:23 [xfsaild/dm-9]
root      1137     2  0 May02 ?        00:00:00 [xfs-buf/dm-1]
root      1138     2  0 May02 ?        00:00:00 [xfs-conv/dm-1]
root      1139     2  0 May02 ?        00:00:00 [xfs-cil/dm-1]
root      1140     2  0 May02 ?        00:00:00 [xfs-reclaim/dm-]
root      1142     2  0 May02 ?        00:00:00 [xfs-eofblocks/d]
root      1144     2  0 May02 ?        00:00:00 [xfs-log/dm-1]
root      1145     2  0 May02 ?        00:00:00 [xfsaild/dm-1]
root      1167     2  0 May02 ?        00:00:00 [xfs-buf/dm-7]
root      1168     2  0 May02 ?        00:00:00 [xfs-conv/dm-7]
root      1169     2  0 May02 ?        00:00:00 [xfs-cil/dm-7]
root      1170     2  0 May02 ?        00:00:00 [xfs-reclaim/dm-]
root      1171     2  0 May02 ?        00:00:00 [xfs-eofblocks/d]
root      1172     2  0 May02 ?        00:00:00 [xfs-log/dm-7]
root      1173     2  0 May02 ?        00:00:15 [xfsaild/dm-7]
root      1187     1  0 May02 ?        00:00:29 /sbin/auditd
root      1208     2  0 May02 ?        00:00:00 [audit_prune_tre]
nscd      1224     1  0 May02 ?        00:00:25 /usr/sbin/nscd
message+  1225     1  0 May02 ?        00:00:06 /usr/bin/dbus-daemon --system --address=systemd: --nofork --nopidfile --systemd-activation --syslog-only
root      1238     1  0 May02 ?        00:00:24 /usr/sbin/irqbalance --foreground
root      1239     1  0 May02 ?        00:00:00 /usr/sbin/sssd -i --logger=files
root      1244     1  0 May02 ?        00:00:01 /usr/sbin/rsyslogd -n -iNONE
root      1313  1239  0 May02 ?        00:00:22 /usr/lib/sssd/sssd_be --domain lambweston.com --uid 0 --gid 0 --logger=files
root      1314  1239  0 May02 ?        00:00:09 /usr/lib/sssd/sssd_nss --uid 0 --gid 0 --logger=files
root      1315  1239  0 May02 ?        00:00:03 /usr/lib/sssd/sssd_pam --uid 0 --gid 0 --logger=files
root      1316     1  0 May02 ?        00:00:03 /usr/lib/systemd/systemd-logind
root      1358     1  0 May02 ?        00:00:00 /usr/lib/wicked/bin/wickedd-auto4 --systemd --foreground
root      1359     1  0 May02 ?        00:00:00 /usr/lib/wicked/bin/wickedd-dhcp6 --systemd --foreground
root      1360     1  0 May02 ?        00:00:00 /usr/lib/wicked/bin/wickedd-dhcp4 --systemd --foreground
root      1362     1  0 May02 ?        00:00:00 /usr/sbin/wickedd --systemd --foreground
root      1369     1  0 May02 ?        00:00:00 /usr/sbin/wickedd-nanny --systemd --foreground
root      2301     1  0 May02 ?        00:00:00 /usr/bin/python3 /usr/bin/salt-minion
root      2336     1  0 May02 ?        00:00:00 /usr/sbin/cron -n
root      2386  2301  0 May02 ?        00:09:20 /usr/bin/python3 /usr/bin/salt-minion
root      2416  2386  0 May02 ?        00:00:00 /usr/bin/python3 /usr/bin/salt-minion
root      2417     2  0 May02 ?        00:00:00 [nfsiod]
root      2423     1  0 May02 ?        00:00:00 /usr/sbin/sshd -D
root      2431     1  0 May02 ?        00:00:00 /opt/ds_agent/ds_agent -w /var/opt/ds_agent -b -i -e /opt/ds_agent/ext
root      2432  2431  3 May02 ?        06:43:39 /opt/ds_agent/ds_agent -w /var/opt/ds_agent -b -i -e /opt/ds_agent/ext
root      2436     2  0 20:36 ?        00:00:00 [kworker/10:1-events_power_efficient]
root      2452     2  0 May02 ?        00:00:00 [NFSv4 callback]
root      2465     1  0 May02 ttyS0    00:00:00 /sbin/agetty -o -p -- \u --keep-baud 115200,38400,9600 ttyS0 vt220
root      2469     1  0 May02 tty1     00:00:00 /sbin/agetty -o -p -- \u --noclear tty1 linux
root      2532     2  0 May02 ?        00:01:35 [ds_kproc]
root      2533     2  0 May02 ?        00:00:00 [ds_kmemcg]
root      2536     2  0 May02 ?        00:00:00 [kworker/5:2-mm_percpu_wq]
root      2734     1  0 May02 ?        00:00:15 /usr/sap/hostctrl/exe/saphostexec pf=/usr/sap/hostctrl/exe/host_profile
uuidd     2762     1  0 May02 ?        00:00:01 /usr/sbin/uuidd --socket-activation
sapadm    2769     1  0 May02 ?        00:00:00 /usr/lib/systemd/systemd --user
hlxadm    2770     1  0 May02 ?        00:00:00 /usr/lib/systemd/systemd --user
sapadm    2774  2769  0 May02 ?        00:00:00 (sd-pam)
hlxadm    2779  2770  0 May02 ?        00:00:00 (sd-pam)
sapadm    2855     1  0 May02 ?        00:06:48 /usr/sap/hostctrl/exe/sapstartsrv pf=/usr/sap/hostctrl/exe/host_profile -D
hlxadm    2869     1  0 May02 ?        00:00:11 /usr/sap/HLX/HDB00/exe/sapstartsrv pf=/usr/sap/HLX/SYS/profile/HLX_HDB00_sapxsldb01 -D -u hlxadm
root      2961     1  0 May02 ?        00:06:29 /usr/sap/hostctrl/exe/saposcol -l -w60 pf=/usr/sap/hostctrl/exe/host_profile
root      2983     1  0 May02 ?        00:00:00 /opt/ds_agent/ds_am -g ../diag -v 5 -d /var/opt/ds_agent/am -P 1 -R
daaadm    3081     1  0 May02 ?        00:00:00 /usr/lib/systemd/systemd --user
daaadm    3094  3081  0 May02 ?        00:00:00 (sd-pam)
root      3205     2  0 20:37 ?        00:00:00 [kworker/u32:5-events_unbound]
daaadm    3271     1  0 May02 ?        00:00:07 /usr/sap/DAA/SMDA98/exe/sapstartsrv pf=/usr/sap/DAA/SYS/profile/DAA_SMDA98_SAPXSLDB01 -D -u daaadm
root      3286     2  0 16:33 ?        00:00:00 [kworker/13:2-mm_percpu_wq]
root      3429     2  0 20:38 ?        00:00:00 [kworker/9:1-mm_percpu_wq]
daaadm    3653     1  0 May02 ?        00:00:00 sapstart pf=/usr/sap/DAA/SYS/profile/DAA_SMDA98_SAPXSLDB01
daaadm    3667  3653  0 May02 ?        00:00:01 /usr/sap/DAA/SMDA98/work/jc.sapDAA_SMDA98 pf=/usr/sap/DAA/SYS/profile/DAA_SMDA98_SAPXSLDB01
daaadm    3838  3667  0 May02 ?        00:13:22 /usr/sap/DAA/SMDA98/exe/jstart -appTrc -nodeId=0 pf=/usr/sap/DAA/SYS/profile/DAA_SMDA98_SAPXSLDB01 -hostvm -nodeName=smdagent -file=/usr/sap/DAA/SMDA98/SMDAgent/smdagent.properties -jvmFile=/usr/sap/DAA/SMDA98/work/jstart.jvm -traceFile=/usr/sap/DAA/SMDA98/work/dev_smdagent -javaOutFile=/usr/sap/DAA/SMDA98/work/jvm_smdagent.out
root      4239     2  0 20:40 ?        00:00:00 [kworker/11:2-events]
root      4829     2  0 17:58 ?        00:00:00 [kworker/u32:1-xfs-cil/dm-4]
root      5017  2983  0 03:02 ?        00:02:22 /opt/ds_agent/ds_am -g ../diag -v 5 -d /var/opt/ds_agent/am -P 1 -R
root      5090     2  0 20:42 ?        00:00:00 [kworker/u32:4-xfs-cil/nvme0n1p1]
root      5117     2  0 03:02 ?        00:00:00 [kworker/0:2-events]
root      5390     2  0 May05 ?        00:00:00 [kworker/4:2-bmhook_wq]
root      6302     2  0 20:44 ?        00:00:00 [kworker/14:2-xfs-reclaim/dm-4]
root      6356     2  0 May10 ?        00:00:00 [kworker/7:0-bmhook_wq]
root      7099     2  0 May10 ?        00:00:00 [kworker/u33:0-xprtiod]
root      7134     2  0 19:26 ?        00:00:00 [kworker/15:2-xfs-reclaim/dm-2]
root      7178     2  0 20:48 ?        00:00:00 [kworker/u32:0-xfs-cil/dm-7]
root      8575     2  0 20:51 ?        00:00:00 [kworker/13:1-mm_percpu_wq]
root      8814     2  0 20:52 ?        00:00:00 [kworker/12:1-xfs-sync/dm-1]
root      9343     2  0 20:53 ?        00:00:00 [kworker/15:1-xfs-reclaim/dm-2]
root      9398     2  0 20:53 ?        00:00:00 [kworker/6:1-events]
root     10838     2  0 20:57 ?        00:00:00 [kworker/12:2-bmhook_wq]
root     10839     2  0 20:57 ?        00:00:00 [kworker/9:2-mm_percpu_wq]
root     10990     2  0 20:57 ?        00:00:00 [kworker/10:0-mm_percpu_wq]
root     11036     2  0 May10 ?        00:00:00 [kworker/1:0-bmhook_wq]
root     11074     2  0 May10 ?        00:00:00 [kworker/8:2]
root     11118     2  0 20:58 ?        00:00:00 [kworker/14:1-mm_percpu_wq]
root     11173     2  0 20:58 ?        00:00:00 [kworker/15:0-events_power_efficient]
root     11598     2  0 May10 ?        00:00:00 [kworker/7:1-mm_percpu_wq]
hlxadm   11602     1  0 May02 ?        00:00:00 sapstart pf=/usr/sap/HLX/SYS/profile/HLX_HDB00_sapxsldb01
hlxadm   11609 11602  0 May02 ?        00:00:54 /usr/sap/HLX/HDB00/sapxsldb01/trace/hdb.sapHLX_HDB00 -d -nw -f /usr/sap/HLX/HDB00/sapxsldb01/daemon.ini pf=/usr/sap/HLX/SYS/profile/HLX_HDB00_sapxsldb01
hlxadm   11631 11609  0 May02 ?        02:04:20 hdbnameserver
hlxadm   11775     1  0 May02 ?        00:00:35 hdbrsutil  --start --port 30001 --volume 1 --volumesuffix mnt00001/hdb00001 --identifier 1651505242
root     11776  2423  0 20:59 ?        00:00:00 sshd: AVJ1007 [priv]
AVJ1007  11792     1  0 20:59 ?        00:00:00 /usr/lib/systemd/systemd --user
root     11807     2  0 May02 ?        00:00:00 [dio/dm-8]
root     11808     2  0 May02 ?        00:00:00 [dio/dm-3]
AVJ1007  11831 11792  0 20:59 ?        00:00:00 (sd-pam)
hlxadm   11872 11609  0 May02 ?        00:32:46 hdbcompileserver
AVJ1007  11873 11776  0 20:59 ?        00:00:00 sshd: AVJ1007@pts/0
hlxadm   11875 11609  0 May02 ?        00:32:46 hdbpreprocessor
AVJ1007  11876 11873  0 20:59 pts/0    00:00:00 -bash
hlxadm   11924 11609  5 May02 ?        11:39:06 hdbindexserver -port 30003
hlxadm   11927 11609  0 May02 ?        01:30:31 hdbxsengine -port 30007
root     12103 11876  0 20:59 pts/0    00:00:00 sudo su -
root     12104 12103  0 20:59 pts/1    00:00:00 sudo su -
root     12105 12104  0 20:59 pts/1    00:00:00 su -
root     12106 12105  0 20:59 pts/1    00:00:00 -bash
hlxadm   12237     1  0 May02 ?        00:00:35 hdbrsutil  --start --port 30003 --volume 3 --volumesuffix mnt00001/hdb00003.00003 --identifier 1651505258
ntp      12295     1  0 20:59 ?        00:00:00 /usr/sbin/ntpd -p /var/run/ntp/ntpd.pid -g -u ntp:ntp -c /etc/ntp.conf
ntp      12296 12295  0 20:59 ?        00:00:00 ntpd: asynchronous dns resolver
root     12297     2  0 20:59 ?        00:00:00 [kworker/u32:6-xfs-cil/dm-3]
hlxadm   12586 11609  0 May02 ?        00:34:32 hdbdiserver -port 30025
hlxadm   12589 11609  0 May02 ?        00:33:00 hdbwebdispatcher
root     13157 12106  0 21:01 pts/1    00:00:00 -bash
root     13176 13157  0 21:01 pts/1    00:00:00 ps -eaf
root     13414     2  0 16:58 ?        00:00:00 [kworker/6:2-mm_percpu_wq]
root     16976     2  0 19:49 ?        00:00:00 [kworker/3:1-events]
root     17554     2  0 03:32 ?        00:00:00 [kworker/3:2-mm_percpu_wq]
root     17628     2  0 18:29 ?        00:00:00 [kworker/9:0-xfs-reclaim/nvme0n1p1]
root     20757     2  0 19:59 ?        00:00:00 [kworker/14:0-xfs-reclaim/dm-4]
root     22608     2  0 May10 ?        00:00:00 [kworker/2:0]
root     24290     2  0 May05 ?        00:00:00 bpfilter_umh
root     25011     2  0 May06 ?        00:00:03 [kworker/1:2-xfs-eofblocks/dm-2]
root     26186     2  0 20:13 ?        00:00:00 [kworker/u32:2-xfs-cil/dm-3]
root     26241     2  0 20:13 ?        00:00:00 [kworker/12:0-xfs-sync/dm-1]
root     28468     2  0 20:19 ?        00:00:00 [kworker/10:2-events_power_efficient]
root     29290     2  0 20:21 ?        00:00:00 [kworker/11:0-bmhook_wq]
root     29941     2  0 May10 ?        00:00:02 [kworker/0:0-bmhook_wq]
ASP1033  30390     1  0 May10 ?        00:00:00 /usr/lib/systemd/systemd --user
ASP1033  30414 30390  0 May10 ?        00:00:00 (sd-pam)
root     31441     1  0 May10 ?        00:02:12 splunkd -p 8089 restart
root     31442 31441  0 May10 ?        00:00:19 [splunkd pid=31441] splunkd -p 8089 restart [process-runner]
root     31811     2  0 20:28 ?        00:00:00 [kworker/u32:3-xfs-cil/dm-4]
root     31943     2  0 May10 ?        00:00:00 [kworker/u33:2-xprtiod]
0

[31;43m***** Services; Chkconfig status; CPU/MEM/ *****[0m
apparmor.service                     loaded failed failed  Load AppArmor profiles                                                       
auditd.service                       loaded active running Security Auditing Service                                                    
cloud-config.service                 loaded active exited  Apply the settings specified in cloud-config                                 
cloud-final.service                  loaded active exited  Execute cloud user/final scripts                                             
cloud-init-local.service             loaded active exited  Initial cloud-init job (pre-networking)                                      
cloud-init.service                   loaded active exited  Initial cloud-init job (metadata service crawler)                            
cron.service                         loaded active running Command Scheduler                                                            
dbus.service                         loaded active running D-Bus System Message Bus                                                     
detect-part-label-duplicates.service loaded active exited  Detect if the system suffers from bsc#1089761                                
dracut-shutdown.service              loaded active exited  Restore /run/initramfs on shutdown                                           
ds_agent.service                     loaded active running Trend Micro Deep Security Agent                                              
getty@tty1.service                   loaded active running Getty on tty1                                                                
haveged.service                      loaded active running Entropy Daemon based on the HAVEGE algorithm                                 
irqbalance.service                   loaded active running irqbalance daemon                                                            
iscsi.service                        loaded active exited  Login and scanning of iSCSI devices                                          
kbdsettings.service                  loaded active exited  Apply settings from /etc/sysconfig/keyboard                                  
klog.service                         loaded active exited  Early Kernel Boot Messages                                                   
kmod-static-nodes.service            loaded active exited  Create list of required static device nodes for the current kernel           
lvm2-monitor.service                 loaded active exited  Monitoring of LVM2 mirrors, snapshots etc. using dmeventd or progress polling
lvm2-pvscan@259:1.service            loaded active exited  LVM event activation on device 259:1                                         
lvm2-pvscan@259:10.service           loaded active exited  LVM event activation on device 259:10                                        
lvm2-pvscan@259:11.service           loaded active exited  LVM event activation on device 259:11                                        
lvm2-pvscan@259:3.service            loaded active exited  LVM event activation on device 259:3                                         
lvm2-pvscan@259:4.service            loaded active exited  LVM event activation on device 259:4                                         
lvm2-pvscan@259:5.service            loaded active exited  LVM event activation on device 259:5                                         
lvm2-pvscan@259:6.service            loaded active exited  LVM event activation on device 259:6                                         
lvm2-pvscan@259:7.service            loaded active exited  LVM event activation on device 259:7                                         
lvm2-pvscan@259:8.service            loaded active exited  LVM event activation on device 259:8                                         
lvm2-pvscan@259:9.service            loaded active exited  LVM event activation on device 259:9                                         
nscd.service                         loaded active running Name Service Cache Daemon                                                    
ntpd.service                         loaded active running NTP Server Daemon                                                            
rsyslog.service                      loaded active running System Logging Service                                                       
salt-minion.service                  loaded active running The Salt Minion                                                              
sapinit.service                      loaded active running LSB: Start the sapstartsrv                                                   
saptune.service                      loaded active exited  Optimise system for running SAP workloads                                    
serial-getty@ttyS0.service           loaded active running Serial Getty on ttyS0                                                        
splunk.service                       loaded active exited  SYSV: Splunk indexer service                                                 
sshd.service                         loaded active running OpenSSH Daemon                                                               
sssd.service                         loaded active running System Security Services Daemon                                              
sysstat.service                      loaded active exited  Write information about system start to sysstat log                          
systemd-journal-flush.service        loaded active exited  Flush Journal to Persistent Storage                                          
systemd-journald.service             loaded active running Journal Service                                                              
systemd-logind.service               loaded active running Login Service                                                                
systemd-modules-load.service         loaded active exited  Load Kernel Modules                                                          
systemd-random-seed.service          loaded active exited  Load/Save Random Seed                                                        
systemd-remount-fs.service           loaded active exited  Remount Root and Kernel File Systems                                         
systemd-sysctl.service               loaded active exited  Apply Kernel Variables                                                       
systemd-timedated.service            loaded failed failed  Time & Date Service                                                          
systemd-tmpfiles-setup-dev.service   loaded active exited  Create Static Device Nodes in /dev                                           
systemd-tmpfiles-setup.service       loaded active exited  Create Volatile Files and Directories                                        
systemd-udev-settle.service          loaded active exited  udev Wait for Complete Device Initialization                                 
systemd-udev-trigger.service         loaded active exited  udev Coldplug all Devices                                                    
systemd-udevd.service                loaded active running udev Kernel Device Manager                                                   
systemd-update-utmp.service          loaded active exited  Update UTMP about System Boot/Shutdown                                       
systemd-user-sessions.service        loaded active exited  Permit User Sessions                                                         
user-runtime-dir@1001.service        loaded active exited  User Runtime Directory /run/user/1001                                        
user-runtime-dir@1002.service        loaded active exited  User Runtime Directory /run/user/1002                                        
user-runtime-dir@1725029451.service  loaded active exited  User Runtime Directory /run/user/1725029451                                  
user-runtime-dir@1725064823.service  loaded active exited  User Runtime Directory /run/user/1725064823                                  
user-runtime-dir@473.service         loaded active exited  User Runtime Directory /run/user/473                                         
user@1001.service                    loaded active running User Manager for UID 1001                                                    
user@1002.service                    loaded active running User Manager for UID 1002                                                    
user@1725029451.service              loaded active running User Manager for UID 1725029451                                              
user@1725064823.service              loaded active running User Manager for UID 1725064823                                              
user@473.service                     loaded active running User Manager for UID 473                                                     
uuidd.service                        loaded active running Daemon for generating UUIDs                                                  
wicked.service                       loaded active exited  wicked managed network interfaces                                            
wickedd-auto4.service                loaded active running wicked AutoIPv4 supplicant service                                           
wickedd-dhcp4.service                loaded active running wicked DHCPv4 supplicant service                                             
wickedd-dhcp6.service                loaded active running wicked DHCPv6 supplicant service                                             
wickedd-nanny.service                loaded active running wicked network nanny service                                                 
wickedd.service                      loaded active running wicked network management service daemon                                     
sapinit                   0:off  1:off  2:off  3:on   4:off  5:on   6:off
splunk                    0:off  1:off  2:on   3:on   4:off  5:on   6:off
processor	: 0
vendor_id	: GenuineIntel
cpu family	: 6
model		: 106
model name	: Intel(R) Xeon(R) Platinum 8375C CPU @ 2.90GHz
stepping	: 6
microcode	: 0xd000331
cpu MHz		: 3497.384
cache size	: 55296 KB
physical id	: 0
siblings	: 16
core id		: 0
cpu cores	: 8
apicid		: 0
initial apicid	: 0
fpu		: yes
fpu_exception	: yes
cpuid level	: 27
wp		: yes
flags		: fpu vme de pse tsc msr pae mce cx8 apic sep mtrr pge mca cmov pat pse36 clflush mmx fxsr sse sse2 ss ht syscall nx pdpe1gb rdtscp lm constant_tsc rep_good nopl xtopology nonstop_tsc cpuid aperfmperf tsc_known_freq pni pclmulqdq ssse3 fma cx16 pcid sse4_1 sse4_2 x2apic movbe popcnt tsc_deadline_timer aes xsave avx f16c rdrand hypervisor lahf_lm abm 3dnowprefetch invpcid_single ssbd ibrs ibpb stibp ibrs_enhanced fsgsbase tsc_adjust bmi1 avx2 smep bmi2 erms invpcid avx512f avx512dq rdseed adx smap avx512ifma clflushopt clwb avx512cd sha_ni avx512bw avx512vl xsaveopt xsavec xgetbv1 xsaves wbnoinvd ida arat avx512vbmi pku ospke avx512_vbmi2 gfni vaes vpclmulqdq avx512_vnni avx512_bitalg tme avx512_vpopcntdq rdpid md_clear flush_l1d arch_capabilities
bugs		: spectre_v1 spectre_v2 spec_store_bypass swapgs
bogomips	: 5799.89
clflush size	: 64
cache_alignment	: 64
address sizes	: 46 bits physical, 48 bits virtual
power management:

processor	: 1
vendor_id	: GenuineIntel
cpu family	: 6
model		: 106
model name	: Intel(R) Xeon(R) Platinum 8375C CPU @ 2.90GHz
stepping	: 6
microcode	: 0xd000331
cpu MHz		: 3501.805
cache size	: 55296 KB
physical id	: 0
siblings	: 16
core id		: 1
cpu cores	: 8
apicid		: 2
initial apicid	: 2
fpu		: yes
fpu_exception	: yes
cpuid level	: 27
wp		: yes
flags		: fpu vme de pse tsc msr pae mce cx8 apic sep mtrr pge mca cmov pat pse36 clflush mmx fxsr sse sse2 ss ht syscall nx pdpe1gb rdtscp lm constant_tsc rep_good nopl xtopology nonstop_tsc cpuid aperfmperf tsc_known_freq pni pclmulqdq ssse3 fma cx16 pcid sse4_1 sse4_2 x2apic movbe popcnt tsc_deadline_timer aes xsave avx f16c rdrand hypervisor lahf_lm abm 3dnowprefetch invpcid_single ssbd ibrs ibpb stibp ibrs_enhanced fsgsbase tsc_adjust bmi1 avx2 smep bmi2 erms invpcid avx512f avx512dq rdseed adx smap avx512ifma clflushopt clwb avx512cd sha_ni avx512bw avx512vl xsaveopt xsavec xgetbv1 xsaves wbnoinvd ida arat avx512vbmi pku ospke avx512_vbmi2 gfni vaes vpclmulqdq avx512_vnni avx512_bitalg tme avx512_vpopcntdq rdpid md_clear flush_l1d arch_capabilities
bugs		: spectre_v1 spectre_v2 spec_store_bypass swapgs
bogomips	: 5799.89
clflush size	: 64
cache_alignment	: 64
address sizes	: 46 bits physical, 48 bits virtual
power management:

processor	: 2
vendor_id	: GenuineIntel
cpu family	: 6
model		: 106
model name	: Intel(R) Xeon(R) Platinum 8375C CPU @ 2.90GHz
stepping	: 6
microcode	: 0xd000331
cpu MHz		: 3501.607
cache size	: 55296 KB
physical id	: 0
siblings	: 16
core id		: 2
cpu cores	: 8
apicid		: 4
initial apicid	: 4
fpu		: yes
fpu_exception	: yes
cpuid level	: 27
wp		: yes
flags		: fpu vme de pse tsc msr pae mce cx8 apic sep mtrr pge mca cmov pat pse36 clflush mmx fxsr sse sse2 ss ht syscall nx pdpe1gb rdtscp lm constant_tsc rep_good nopl xtopology nonstop_tsc cpuid aperfmperf tsc_known_freq pni pclmulqdq ssse3 fma cx16 pcid sse4_1 sse4_2 x2apic movbe popcnt tsc_deadline_timer aes xsave avx f16c rdrand hypervisor lahf_lm abm 3dnowprefetch invpcid_single ssbd ibrs ibpb stibp ibrs_enhanced fsgsbase tsc_adjust bmi1 avx2 smep bmi2 erms invpcid avx512f avx512dq rdseed adx smap avx512ifma clflushopt clwb avx512cd sha_ni avx512bw avx512vl xsaveopt xsavec xgetbv1 xsaves wbnoinvd ida arat avx512vbmi pku ospke avx512_vbmi2 gfni vaes vpclmulqdq avx512_vnni avx512_bitalg tme avx512_vpopcntdq rdpid md_clear flush_l1d arch_capabilities
bugs		: spectre_v1 spectre_v2 spec_store_bypass swapgs
bogomips	: 5799.89
clflush size	: 64
cache_alignment	: 64
address sizes	: 46 bits physical, 48 bits virtual
power management:

processor	: 3
vendor_id	: GenuineIntel
cpu family	: 6
model		: 106
model name	: Intel(R) Xeon(R) Platinum 8375C CPU @ 2.90GHz
stepping	: 6
microcode	: 0xd000331
cpu MHz		: 3500.017
cache size	: 55296 KB
physical id	: 0
siblings	: 16
core id		: 3
cpu cores	: 8
apicid		: 6
initial apicid	: 6
fpu		: yes
fpu_exception	: yes
cpuid level	: 27
wp		: yes
flags		: fpu vme de pse tsc msr pae mce cx8 apic sep mtrr pge mca cmov pat pse36 clflush mmx fxsr sse sse2 ss ht syscall nx pdpe1gb rdtscp lm constant_tsc rep_good nopl xtopology nonstop_tsc cpuid aperfmperf tsc_known_freq pni pclmulqdq ssse3 fma cx16 pcid sse4_1 sse4_2 x2apic movbe popcnt tsc_deadline_timer aes xsave avx f16c rdrand hypervisor lahf_lm abm 3dnowprefetch invpcid_single ssbd ibrs ibpb stibp ibrs_enhanced fsgsbase tsc_adjust bmi1 avx2 smep bmi2 erms invpcid avx512f avx512dq rdseed adx smap avx512ifma clflushopt clwb avx512cd sha_ni avx512bw avx512vl xsaveopt xsavec xgetbv1 xsaves wbnoinvd ida arat avx512vbmi pku ospke avx512_vbmi2 gfni vaes vpclmulqdq avx512_vnni avx512_bitalg tme avx512_vpopcntdq rdpid md_clear flush_l1d arch_capabilities
bugs		: spectre_v1 spectre_v2 spec_store_bypass swapgs
bogomips	: 5799.89
clflush size	: 64
cache_alignment	: 64
address sizes	: 46 bits physical, 48 bits virtual
power management:

processor	: 4
vendor_id	: GenuineIntel
cpu family	: 6
model		: 106
model name	: Intel(R) Xeon(R) Platinum 8375C CPU @ 2.90GHz
stepping	: 6
microcode	: 0xd000331
cpu MHz		: 3500.267
cache size	: 55296 KB
physical id	: 0
siblings	: 16
core id		: 4
cpu cores	: 8
apicid		: 8
initial apicid	: 8
fpu		: yes
fpu_exception	: yes
cpuid level	: 27
wp		: yes
flags		: fpu vme de pse tsc msr pae mce cx8 apic sep mtrr pge mca cmov pat pse36 clflush mmx fxsr sse sse2 ss ht syscall nx pdpe1gb rdtscp lm constant_tsc rep_good nopl xtopology nonstop_tsc cpuid aperfmperf tsc_known_freq pni pclmulqdq ssse3 fma cx16 pcid sse4_1 sse4_2 x2apic movbe popcnt tsc_deadline_timer aes xsave avx f16c rdrand hypervisor lahf_lm abm 3dnowprefetch invpcid_single ssbd ibrs ibpb stibp ibrs_enhanced fsgsbase tsc_adjust bmi1 avx2 smep bmi2 erms invpcid avx512f avx512dq rdseed adx smap avx512ifma clflushopt clwb avx512cd sha_ni avx512bw avx512vl xsaveopt xsavec xgetbv1 xsaves wbnoinvd ida arat avx512vbmi pku ospke avx512_vbmi2 gfni vaes vpclmulqdq avx512_vnni avx512_bitalg tme avx512_vpopcntdq rdpid md_clear flush_l1d arch_capabilities
bugs		: spectre_v1 spectre_v2 spec_store_bypass swapgs
bogomips	: 5799.89
clflush size	: 64
cache_alignment	: 64
address sizes	: 46 bits physical, 48 bits virtual
power management:

processor	: 5
vendor_id	: GenuineIntel
cpu family	: 6
model		: 106
model name	: Intel(R) Xeon(R) Platinum 8375C CPU @ 2.90GHz
stepping	: 6
microcode	: 0xd000331
cpu MHz		: 3498.193
cache size	: 55296 KB
physical id	: 0
siblings	: 16
core id		: 5
cpu cores	: 8
apicid		: 10
initial apicid	: 10
fpu		: yes
fpu_exception	: yes
cpuid level	: 27
wp		: yes
flags		: fpu vme de pse tsc msr pae mce cx8 apic sep mtrr pge mca cmov pat pse36 clflush mmx fxsr sse sse2 ss ht syscall nx pdpe1gb rdtscp lm constant_tsc rep_good nopl xtopology nonstop_tsc cpuid aperfmperf tsc_known_freq pni pclmulqdq ssse3 fma cx16 pcid sse4_1 sse4_2 x2apic movbe popcnt tsc_deadline_timer aes xsave avx f16c rdrand hypervisor lahf_lm abm 3dnowprefetch invpcid_single ssbd ibrs ibpb stibp ibrs_enhanced fsgsbase tsc_adjust bmi1 avx2 smep bmi2 erms invpcid avx512f avx512dq rdseed adx smap avx512ifma clflushopt clwb avx512cd sha_ni avx512bw avx512vl xsaveopt xsavec xgetbv1 xsaves wbnoinvd ida arat avx512vbmi pku ospke avx512_vbmi2 gfni vaes vpclmulqdq avx512_vnni avx512_bitalg tme avx512_vpopcntdq rdpid md_clear flush_l1d arch_capabilities
bugs		: spectre_v1 spectre_v2 spec_store_bypass swapgs
bogomips	: 5799.89
clflush size	: 64
cache_alignment	: 64
address sizes	: 46 bits physical, 48 bits virtual
power management:

processor	: 6
vendor_id	: GenuineIntel
cpu family	: 6
model		: 106
model name	: Intel(R) Xeon(R) Platinum 8375C CPU @ 2.90GHz
stepping	: 6
microcode	: 0xd000331
cpu MHz		: 3499.241
cache size	: 55296 KB
physical id	: 0
siblings	: 16
core id		: 6
cpu cores	: 8
apicid		: 12
initial apicid	: 12
fpu		: yes
fpu_exception	: yes
cpuid level	: 27
wp		: yes
flags		: fpu vme de pse tsc msr pae mce cx8 apic sep mtrr pge mca cmov pat pse36 clflush mmx fxsr sse sse2 ss ht syscall nx pdpe1gb rdtscp lm constant_tsc rep_good nopl xtopology nonstop_tsc cpuid aperfmperf tsc_known_freq pni pclmulqdq ssse3 fma cx16 pcid sse4_1 sse4_2 x2apic movbe popcnt tsc_deadline_timer aes xsave avx f16c rdrand hypervisor lahf_lm abm 3dnowprefetch invpcid_single ssbd ibrs ibpb stibp ibrs_enhanced fsgsbase tsc_adjust bmi1 avx2 smep bmi2 erms invpcid avx512f avx512dq rdseed adx smap avx512ifma clflushopt clwb avx512cd sha_ni avx512bw avx512vl xsaveopt xsavec xgetbv1 xsaves wbnoinvd ida arat avx512vbmi pku ospke avx512_vbmi2 gfni vaes vpclmulqdq avx512_vnni avx512_bitalg tme avx512_vpopcntdq rdpid md_clear flush_l1d arch_capabilities
bugs		: spectre_v1 spectre_v2 spec_store_bypass swapgs
bogomips	: 5799.89
clflush size	: 64
cache_alignment	: 64
address sizes	: 46 bits physical, 48 bits virtual
power management:

processor	: 7
vendor_id	: GenuineIntel
cpu family	: 6
model		: 106
model name	: Intel(R) Xeon(R) Platinum 8375C CPU @ 2.90GHz
stepping	: 6
microcode	: 0xd000331
cpu MHz		: 3499.934
cache size	: 55296 KB
physical id	: 0
siblings	: 16
core id		: 7
cpu cores	: 8
apicid		: 14
initial apicid	: 14
fpu		: yes
fpu_exception	: yes
cpuid level	: 27
wp		: yes
flags		: fpu vme de pse tsc msr pae mce cx8 apic sep mtrr pge mca cmov pat pse36 clflush mmx fxsr sse sse2 ss ht syscall nx pdpe1gb rdtscp lm constant_tsc rep_good nopl xtopology nonstop_tsc cpuid aperfmperf tsc_known_freq pni pclmulqdq ssse3 fma cx16 pcid sse4_1 sse4_2 x2apic movbe popcnt tsc_deadline_timer aes xsave avx f16c rdrand hypervisor lahf_lm abm 3dnowprefetch invpcid_single ssbd ibrs ibpb stibp ibrs_enhanced fsgsbase tsc_adjust bmi1 avx2 smep bmi2 erms invpcid avx512f avx512dq rdseed adx smap avx512ifma clflushopt clwb avx512cd sha_ni avx512bw avx512vl xsaveopt xsavec xgetbv1 xsaves wbnoinvd ida arat avx512vbmi pku ospke avx512_vbmi2 gfni vaes vpclmulqdq avx512_vnni avx512_bitalg tme avx512_vpopcntdq rdpid md_clear flush_l1d arch_capabilities
bugs		: spectre_v1 spectre_v2 spec_store_bypass swapgs
bogomips	: 5799.89
clflush size	: 64
cache_alignment	: 64
address sizes	: 46 bits physical, 48 bits virtual
power management:

processor	: 8
vendor_id	: GenuineIntel
cpu family	: 6
model		: 106
model name	: Intel(R) Xeon(R) Platinum 8375C CPU @ 2.90GHz
stepping	: 6
microcode	: 0xd000331
cpu MHz		: 3499.934
cache size	: 55296 KB
physical id	: 0
siblings	: 16
core id		: 0
cpu cores	: 8
apicid		: 1
initial apicid	: 1
fpu		: yes
fpu_exception	: yes
cpuid level	: 27
wp		: yes
flags		: fpu vme de pse tsc msr pae mce cx8 apic sep mtrr pge mca cmov pat pse36 clflush mmx fxsr sse sse2 ss ht syscall nx pdpe1gb rdtscp lm constant_tsc rep_good nopl xtopology nonstop_tsc cpuid aperfmperf tsc_known_freq pni pclmulqdq ssse3 fma cx16 pcid sse4_1 sse4_2 x2apic movbe popcnt tsc_deadline_timer aes xsave avx f16c rdrand hypervisor lahf_lm abm 3dnowprefetch invpcid_single ssbd ibrs ibpb stibp ibrs_enhanced fsgsbase tsc_adjust bmi1 avx2 smep bmi2 erms invpcid avx512f avx512dq rdseed adx smap avx512ifma clflushopt clwb avx512cd sha_ni avx512bw avx512vl xsaveopt xsavec xgetbv1 xsaves wbnoinvd ida arat avx512vbmi pku ospke avx512_vbmi2 gfni vaes vpclmulqdq avx512_vnni avx512_bitalg tme avx512_vpopcntdq rdpid md_clear flush_l1d arch_capabilities
bugs		: spectre_v1 spectre_v2 spec_store_bypass swapgs
bogomips	: 5799.89
clflush size	: 64
cache_alignment	: 64
address sizes	: 46 bits physical, 48 bits virtual
power management:

processor	: 9
vendor_id	: GenuineIntel
cpu family	: 6
model		: 106
model name	: Intel(R) Xeon(R) Platinum 8375C CPU @ 2.90GHz
stepping	: 6
microcode	: 0xd000331
cpu MHz		: 3500.044
cache size	: 55296 KB
physical id	: 0
siblings	: 16
core id		: 1
cpu cores	: 8
apicid		: 3
initial apicid	: 3
fpu		: yes
fpu_exception	: yes
cpuid level	: 27
wp		: yes
flags		: fpu vme de pse tsc msr pae mce cx8 apic sep mtrr pge mca cmov pat pse36 clflush mmx fxsr sse sse2 ss ht syscall nx pdpe1gb rdtscp lm constant_tsc rep_good nopl xtopology nonstop_tsc cpuid aperfmperf tsc_known_freq pni pclmulqdq ssse3 fma cx16 pcid sse4_1 sse4_2 x2apic movbe popcnt tsc_deadline_timer aes xsave avx f16c rdrand hypervisor lahf_lm abm 3dnowprefetch invpcid_single ssbd ibrs ibpb stibp ibrs_enhanced fsgsbase tsc_adjust bmi1 avx2 smep bmi2 erms invpcid avx512f avx512dq rdseed adx smap avx512ifma clflushopt clwb avx512cd sha_ni avx512bw avx512vl xsaveopt xsavec xgetbv1 xsaves wbnoinvd ida arat avx512vbmi pku ospke avx512_vbmi2 gfni vaes vpclmulqdq avx512_vnni avx512_bitalg tme avx512_vpopcntdq rdpid md_clear flush_l1d arch_capabilities
bugs		: spectre_v1 spectre_v2 spec_store_bypass swapgs
bogomips	: 5799.89
clflush size	: 64
cache_alignment	: 64
address sizes	: 46 bits physical, 48 bits virtual
power management:

processor	: 10
vendor_id	: GenuineIntel
cpu family	: 6
model		: 106
model name	: Intel(R) Xeon(R) Platinum 8375C CPU @ 2.90GHz
stepping	: 6
microcode	: 0xd000331
cpu MHz		: 3500.084
cache size	: 55296 KB
physical id	: 0
siblings	: 16
core id		: 2
cpu cores	: 8
apicid		: 5
initial apicid	: 5
fpu		: yes
fpu_exception	: yes
cpuid level	: 27
wp		: yes
flags		: fpu vme de pse tsc msr pae mce cx8 apic sep mtrr pge mca cmov pat pse36 clflush mmx fxsr sse sse2 ss ht syscall nx pdpe1gb rdtscp lm constant_tsc rep_good nopl xtopology nonstop_tsc cpuid aperfmperf tsc_known_freq pni pclmulqdq ssse3 fma cx16 pcid sse4_1 sse4_2 x2apic movbe popcnt tsc_deadline_timer aes xsave avx f16c rdrand hypervisor lahf_lm abm 3dnowprefetch invpcid_single ssbd ibrs ibpb stibp ibrs_enhanced fsgsbase tsc_adjust bmi1 avx2 smep bmi2 erms invpcid avx512f avx512dq rdseed adx smap avx512ifma clflushopt clwb avx512cd sha_ni avx512bw avx512vl xsaveopt xsavec xgetbv1 xsaves wbnoinvd ida arat avx512vbmi pku ospke avx512_vbmi2 gfni vaes vpclmulqdq avx512_vnni avx512_bitalg tme avx512_vpopcntdq rdpid md_clear flush_l1d arch_capabilities
bugs		: spectre_v1 spectre_v2 spec_store_bypass swapgs
bogomips	: 5799.89
clflush size	: 64
cache_alignment	: 64
address sizes	: 46 bits physical, 48 bits virtual
power management:

processor	: 11
vendor_id	: GenuineIntel
cpu family	: 6
model		: 106
model name	: Intel(R) Xeon(R) Platinum 8375C CPU @ 2.90GHz
stepping	: 6
microcode	: 0xd000331
cpu MHz		: 3505.951
cache size	: 55296 KB
physical id	: 0
siblings	: 16
core id		: 3
cpu cores	: 8
apicid		: 7
initial apicid	: 7
fpu		: yes
fpu_exception	: yes
cpuid level	: 27
wp		: yes
flags		: fpu vme de pse tsc msr pae mce cx8 apic sep mtrr pge mca cmov pat pse36 clflush mmx fxsr sse sse2 ss ht syscall nx pdpe1gb rdtscp lm constant_tsc rep_good nopl xtopology nonstop_tsc cpuid aperfmperf tsc_known_freq pni pclmulqdq ssse3 fma cx16 pcid sse4_1 sse4_2 x2apic movbe popcnt tsc_deadline_timer aes xsave avx f16c rdrand hypervisor lahf_lm abm 3dnowprefetch invpcid_single ssbd ibrs ibpb stibp ibrs_enhanced fsgsbase tsc_adjust bmi1 avx2 smep bmi2 erms invpcid avx512f avx512dq rdseed adx smap avx512ifma clflushopt clwb avx512cd sha_ni avx512bw avx512vl xsaveopt xsavec xgetbv1 xsaves wbnoinvd ida arat avx512vbmi pku ospke avx512_vbmi2 gfni vaes vpclmulqdq avx512_vnni avx512_bitalg tme avx512_vpopcntdq rdpid md_clear flush_l1d arch_capabilities
bugs		: spectre_v1 spectre_v2 spec_store_bypass swapgs
bogomips	: 5799.89
clflush size	: 64
cache_alignment	: 64
address sizes	: 46 bits physical, 48 bits virtual
power management:

processor	: 12
vendor_id	: GenuineIntel
cpu family	: 6
model		: 106
model name	: Intel(R) Xeon(R) Platinum 8375C CPU @ 2.90GHz
stepping	: 6
microcode	: 0xd000331
cpu MHz		: 3499.934
cache size	: 55296 KB
physical id	: 0
siblings	: 16
core id		: 4
cpu cores	: 8
apicid		: 9
initial apicid	: 9
fpu		: yes
fpu_exception	: yes
cpuid level	: 27
wp		: yes
flags		: fpu vme de pse tsc msr pae mce cx8 apic sep mtrr pge mca cmov pat pse36 clflush mmx fxsr sse sse2 ss ht syscall nx pdpe1gb rdtscp lm constant_tsc rep_good nopl xtopology nonstop_tsc cpuid aperfmperf tsc_known_freq pni pclmulqdq ssse3 fma cx16 pcid sse4_1 sse4_2 x2apic movbe popcnt tsc_deadline_timer aes xsave avx f16c rdrand hypervisor lahf_lm abm 3dnowprefetch invpcid_single ssbd ibrs ibpb stibp ibrs_enhanced fsgsbase tsc_adjust bmi1 avx2 smep bmi2 erms invpcid avx512f avx512dq rdseed adx smap avx512ifma clflushopt clwb avx512cd sha_ni avx512bw avx512vl xsaveopt xsavec xgetbv1 xsaves wbnoinvd ida arat avx512vbmi pku ospke avx512_vbmi2 gfni vaes vpclmulqdq avx512_vnni avx512_bitalg tme avx512_vpopcntdq rdpid md_clear flush_l1d arch_capabilities
bugs		: spectre_v1 spectre_v2 spec_store_bypass swapgs
bogomips	: 5799.89
clflush size	: 64
cache_alignment	: 64
address sizes	: 46 bits physical, 48 bits virtual
power management:

processor	: 13
vendor_id	: GenuineIntel
cpu family	: 6
model		: 106
model name	: Intel(R) Xeon(R) Platinum 8375C CPU @ 2.90GHz
stepping	: 6
microcode	: 0xd000331
cpu MHz		: 3498.187
cache size	: 55296 KB
physical id	: 0
siblings	: 16
core id		: 5
cpu cores	: 8
apicid		: 11
initial apicid	: 11
fpu		: yes
fpu_exception	: yes
cpuid level	: 27
wp		: yes
flags		: fpu vme de pse tsc msr pae mce cx8 apic sep mtrr pge mca cmov pat pse36 clflush mmx fxsr sse sse2 ss ht syscall nx pdpe1gb rdtscp lm constant_tsc rep_good nopl xtopology nonstop_tsc cpuid aperfmperf tsc_known_freq pni pclmulqdq ssse3 fma cx16 pcid sse4_1 sse4_2 x2apic movbe popcnt tsc_deadline_timer aes xsave avx f16c rdrand hypervisor lahf_lm abm 3dnowprefetch invpcid_single ssbd ibrs ibpb stibp ibrs_enhanced fsgsbase tsc_adjust bmi1 avx2 smep bmi2 erms invpcid avx512f avx512dq rdseed adx smap avx512ifma clflushopt clwb avx512cd sha_ni avx512bw avx512vl xsaveopt xsavec xgetbv1 xsaves wbnoinvd ida arat avx512vbmi pku ospke avx512_vbmi2 gfni vaes vpclmulqdq avx512_vnni avx512_bitalg tme avx512_vpopcntdq rdpid md_clear flush_l1d arch_capabilities
bugs		: spectre_v1 spectre_v2 spec_store_bypass swapgs
bogomips	: 5799.89
clflush size	: 64
cache_alignment	: 64
address sizes	: 46 bits physical, 48 bits virtual
power management:

processor	: 14
vendor_id	: GenuineIntel
cpu family	: 6
model		: 106
model name	: Intel(R) Xeon(R) Platinum 8375C CPU @ 2.90GHz
stepping	: 6
microcode	: 0xd000331
cpu MHz		: 3500.543
cache size	: 55296 KB
physical id	: 0
siblings	: 16
core id		: 6
cpu cores	: 8
apicid		: 13
initial apicid	: 13
fpu		: yes
fpu_exception	: yes
cpuid level	: 27
wp		: yes
flags		: fpu vme de pse tsc msr pae mce cx8 apic sep mtrr pge mca cmov pat pse36 clflush mmx fxsr sse sse2 ss ht syscall nx pdpe1gb rdtscp lm constant_tsc rep_good nopl xtopology nonstop_tsc cpuid aperfmperf tsc_known_freq pni pclmulqdq ssse3 fma cx16 pcid sse4_1 sse4_2 x2apic movbe popcnt tsc_deadline_timer aes xsave avx f16c rdrand hypervisor lahf_lm abm 3dnowprefetch invpcid_single ssbd ibrs ibpb stibp ibrs_enhanced fsgsbase tsc_adjust bmi1 avx2 smep bmi2 erms invpcid avx512f avx512dq rdseed adx smap avx512ifma clflushopt clwb avx512cd sha_ni avx512bw avx512vl xsaveopt xsavec xgetbv1 xsaves wbnoinvd ida arat avx512vbmi pku ospke avx512_vbmi2 gfni vaes vpclmulqdq avx512_vnni avx512_bitalg tme avx512_vpopcntdq rdpid md_clear flush_l1d arch_capabilities
bugs		: spectre_v1 spectre_v2 spec_store_bypass swapgs
bogomips	: 5799.89
clflush size	: 64
cache_alignment	: 64
address sizes	: 46 bits physical, 48 bits virtual
power management:

processor	: 15
vendor_id	: GenuineIntel
cpu family	: 6
model		: 106
model name	: Intel(R) Xeon(R) Platinum 8375C CPU @ 2.90GHz
stepping	: 6
microcode	: 0xd000331
cpu MHz		: 3500.512
cache size	: 55296 KB
physical id	: 0
siblings	: 16
core id		: 7
cpu cores	: 8
apicid		: 15
initial apicid	: 15
fpu		: yes
fpu_exception	: yes
cpuid level	: 27
wp		: yes
flags		: fpu vme de pse tsc msr pae mce cx8 apic sep mtrr pge mca cmov pat pse36 clflush mmx fxsr sse sse2 ss ht syscall nx pdpe1gb rdtscp lm constant_tsc rep_good nopl xtopology nonstop_tsc cpuid aperfmperf tsc_known_freq pni pclmulqdq ssse3 fma cx16 pcid sse4_1 sse4_2 x2apic movbe popcnt tsc_deadline_timer aes xsave avx f16c rdrand hypervisor lahf_lm abm 3dnowprefetch invpcid_single ssbd ibrs ibpb stibp ibrs_enhanced fsgsbase tsc_adjust bmi1 avx2 smep bmi2 erms invpcid avx512f avx512dq rdseed adx smap avx512ifma clflushopt clwb avx512cd sha_ni avx512bw avx512vl xsaveopt xsavec xgetbv1 xsaves wbnoinvd ida arat avx512vbmi pku ospke avx512_vbmi2 gfni vaes vpclmulqdq avx512_vnni avx512_bitalg tme avx512_vpopcntdq rdpid md_clear flush_l1d arch_capabilities
bugs		: spectre_v1 spectre_v2 spec_store_bypass swapgs
bogomips	: 5799.89
clflush size	: 64
cache_alignment	: 64
address sizes	: 46 bits physical, 48 bits virtual
power management:

MemTotal:       129836356 kB
MemFree:        91224444 kB
MemAvailable:   98370468 kB
Buffers:            2272 kB
Cached:          9232340 kB
SwapCached:            0 kB
Active:         32148564 kB
Inactive:        5602112 kB
Active(anon):   28517920 kB
Inactive(anon):  1219584 kB
Active(file):    3630644 kB
Inactive(file):  4382528 kB
Unevictable:          80 kB
Mlocked:              80 kB
SwapTotal:       2097148 kB
SwapFree:        2097148 kB
Dirty:               424 kB
Writeback:             0 kB
AnonPages:      28514668 kB
Mapped:          2457764 kB
Shmem:           1221440 kB
KReclaimable:     336716 kB
Slab:             496672 kB
SReclaimable:     336716 kB
SUnreclaim:       159956 kB
KernelStack:       19616 kB
PageTables:        86784 kB
NFS_Unstable:          0 kB
Bounce:                0 kB
WritebackTmp:          0 kB
CommitLimit:    67015324 kB
Committed_AS:   46099552 kB
VmallocTotal:   34359738367 kB
VmallocUsed:       65196 kB
VmallocChunk:          0 kB
Percpu:             5888 kB
HardwareCorrupted:     0 kB
AnonHugePages:     24576 kB
ShmemHugePages:        0 kB
ShmemPmdMapped:        0 kB
HugePages_Total:       0
HugePages_Free:        0
HugePages_Rsvd:        0
HugePages_Surp:        0
Hugepagesize:       2048 kB
Hugetlb:               0 kB
DirectMap4k:      438180 kB
DirectMap2M:    34148352 kB
DirectMap1G:    97517568 kB
  --- Physical volume ---
  PV Name               /dev/nvme9n1
  VG Name               home
  PV Size               20.00 GiB / not usable 4.00 MiB
  Allocatable           yes (but full)
  PE Size               4.00 MiB
  Total PE              5119
  Free PE               0
  Allocated PE          5119
  PV UUID               ABzf9h-MOA1-AFuA-kWIy-dCqc-B6eu-aQcHIn
   
  --- Physical volume ---
  PV Name               /dev/nvme10n1
  VG Name               var_tmp
  PV Size               20.00 GiB / not usable 4.00 MiB
  Allocatable           yes (but full)
  PE Size               4.00 MiB
  Total PE              5119
  Free PE               0
  Allocated PE          5119
  PV UUID               rsN116-GIst-ZhsQ-ZOiT-iCt2-TzVS-CJ7DBl
   
  --- Physical volume ---
  PV Name               /dev/nvme7n1
  VG Name               hana_log
  PV Size               700.00 GiB / not usable 4.00 MiB
  Allocatable           yes (but full)
  PE Size               4.00 MiB
  Total PE              179199
  Free PE               0
  Allocated PE          179199
  PV UUID               tWGLem-vU3H-kzF3-rIcz-d2Fi-DbYJ-2GU0uS
   
  --- Physical volume ---
  PV Name               /dev/nvme5n1
  VG Name               hana_shared
  PV Size               300.00 GiB / not usable 4.00 MiB
  Allocatable           yes (but full)
  PE Size               4.00 MiB
  Total PE              76799
  Free PE               0
  Allocated PE          76799
  PV UUID               H9gIXU-W7gj-QQ9i-dPOJ-TQMP-KKjB-qRkEhs
   
  --- Physical volume ---
  PV Name               /dev/nvme8n1
  VG Name               var_log_audit
  PV Size               20.00 GiB / not usable 4.00 MiB
  Allocatable           yes (but full)
  PE Size               4.00 MiB
  Total PE              5119
  Free PE               0
  Allocated PE          5119
  PV UUID               6mYYaS-XVOH-bwwi-Cz3k-nz0r-8M1p-dj1Wz3
   
  --- Physical volume ---
  PV Name               /dev/nvme6n1
  VG Name               hana_data
  PV Size               600.00 GiB / not usable 4.00 MiB
  Allocatable           yes (but full)
  PE Size               4.00 MiB
  Total PE              153599
  Free PE               0
  Allocated PE          153599
  PV UUID               MXhWQ0-gExD-0sju-Uu0S-h4vJ-hDjX-Nyrhmf
   
  --- Physical volume ---
  PV Name               /dev/nvme4n1
  VG Name               usr_sap
  PV Size               100.00 GiB / not usable 4.00 MiB
  Allocatable           yes (but full)
  PE Size               4.00 MiB
  Total PE              25599
  Free PE               0
  Allocated PE          25599
  PV UUID               qze9ec-UQ1u-DV7c-DfCW-PisA-mZ7Z-3I5JCI
   
  --- Physical volume ---
  PV Name               /dev/nvme3n1
  VG Name               usr_sap_install
  PV Size               100.00 GiB / not usable 4.00 MiB
  Allocatable           yes (but full)
  PE Size               4.00 MiB
  Total PE              25599
  Free PE               0
  Allocated PE          25599
  PV UUID               ExfdrN-gvVr-vMEK-JnjD-1V30-qw79-NHIZhe
   
  --- Physical volume ---
  PV Name               /dev/nvme2n1
  VG Name               var
  PV Size               20.00 GiB / not usable 4.00 MiB
  Allocatable           yes (but full)
  PE Size               4.00 MiB
  Total PE              5119
  Free PE               0
  Allocated PE          5119
  PV UUID               oACURm-NpvA-ROOy-A2q2-fnMc-PI7F-VLkoKf
   
  --- Physical volume ---
  PV Name               /dev/nvme1n1
  VG Name               var_log
  PV Size               20.00 GiB / not usable 4.00 MiB
  Allocatable           yes (but full)
  PE Size               4.00 MiB
  Total PE              5119
  Free PE               0
  Allocated PE          5119
  PV UUID               PnfpC1-zvrT-PE5i-Ooua-f06f-2sdW-ehOZ7W
   
  --- Volume group ---
  VG Name               home
  System ID             
  Format                lvm2
  Metadata Areas        1
  Metadata Sequence No  2
  VG Access             read/write
  VG Status             resizable
  MAX LV                0
  Cur LV                1
  Open LV               1
  Max PV                0
  Cur PV                1
  Act PV                1
  VG Size               20.00 GiB
  PE Size               4.00 MiB
  Total PE              5119
  Alloc PE / Size       5119 / 20.00 GiB
  Free  PE / Size       0 / 0   
  VG UUID               YXk4g5-XeiZ-L8dK-Hi85-qYnY-m55d-ctTE0V
   
  --- Volume group ---
  VG Name               var_tmp
  System ID             
  Format                lvm2
  Metadata Areas        1
  Metadata Sequence No  2
  VG Access             read/write
  VG Status             resizable
  MAX LV                0
  Cur LV                1
  Open LV               1
  Max PV                0
  Cur PV                1
  Act PV                1
  VG Size               20.00 GiB
  PE Size               4.00 MiB
  Total PE              5119
  Alloc PE / Size       5119 / 20.00 GiB
  Free  PE / Size       0 / 0   
  VG UUID               4N1i7C-JvPJ-1vg6-M03c-sAhl-sXk4-ec5Gug
   
  --- Volume group ---
  VG Name               hana_log
  System ID             
  Format                lvm2
  Metadata Areas        1
  Metadata Sequence No  2
  VG Access             read/write
  VG Status             resizable
  MAX LV                0
  Cur LV                1
  Open LV               1
  Max PV                0
  Cur PV                1
  Act PV                1
  VG Size               700.00 GiB
  PE Size               4.00 MiB
  Total PE              179199
  Alloc PE / Size       179199 / 700.00 GiB
  Free  PE / Size       0 / 0   
  VG UUID               XVc2oq-z60L-11xK-j87k-0x7u-qm7i-bNgLkw
   
  --- Volume group ---
  VG Name               hana_shared
  System ID             
  Format                lvm2
  Metadata Areas        1
  Metadata Sequence No  2
  VG Access             read/write
  VG Status             resizable
  MAX LV                0
  Cur LV                1
  Open LV               1
  Max PV                0
  Cur PV                1
  Act PV                1
  VG Size               300.00 GiB
  PE Size               4.00 MiB
  Total PE              76799
  Alloc PE / Size       76799 / 300.00 GiB
  Free  PE / Size       0 / 0   
  VG UUID               wtxbZK-iM1R-0UnU-15Gj-F4jM-ue3o-IpellO
   
  --- Volume group ---
  VG Name               var_log_audit
  System ID             
  Format                lvm2
  Metadata Areas        1
  Metadata Sequence No  2
  VG Access             read/write
  VG Status             resizable
  MAX LV                0
  Cur LV                1
  Open LV               1
  Max PV                0
  Cur PV                1
  Act PV                1
  VG Size               20.00 GiB
  PE Size               4.00 MiB
  Total PE              5119
  Alloc PE / Size       5119 / 20.00 GiB
  Free  PE / Size       0 / 0   
  VG UUID               4XA1eO-CQYZ-7l0o-FPDe-DvKH-6dbi-dKwFLl
   
  --- Volume group ---
  VG Name               hana_data
  System ID             
  Format                lvm2
  Metadata Areas        1
  Metadata Sequence No  2
  VG Access             read/write
  VG Status             resizable
  MAX LV                0
  Cur LV                1
  Open LV               1
  Max PV                0
  Cur PV                1
  Act PV                1
  VG Size               600.00 GiB
  PE Size               4.00 MiB
  Total PE              153599
  Alloc PE / Size       153599 / 600.00 GiB
  Free  PE / Size       0 / 0   
  VG UUID               GOBLsS-XPXl-Kg7W-redY-gdN2-rLju-7Vafk5
   
  --- Volume group ---
  VG Name               usr_sap
  System ID             
  Format                lvm2
  Metadata Areas        1
  Metadata Sequence No  2
  VG Access             read/write
  VG Status             resizable
  MAX LV                0
  Cur LV                1
  Open LV               1
  Max PV                0
  Cur PV                1
  Act PV                1
  VG Size               100.00 GiB
  PE Size               4.00 MiB
  Total PE              25599
  Alloc PE / Size       25599 / 100.00 GiB
  Free  PE / Size       0 / 0   
  VG UUID               9ll9A0-wGZm-HIpK-Rczx-SckP-wZKC-q6q8cP
   
  --- Volume group ---
  VG Name               usr_sap_install
  System ID             
  Format                lvm2
  Metadata Areas        1
  Metadata Sequence No  2
  VG Access             read/write
  VG Status             resizable
  MAX LV                0
  Cur LV                1
  Open LV               1
  Max PV                0
  Cur PV                1
  Act PV                1
  VG Size               100.00 GiB
  PE Size               4.00 MiB
  Total PE              25599
  Alloc PE / Size       25599 / 100.00 GiB
  Free  PE / Size       0 / 0   
  VG UUID               AYbOnu-vgpz-cvYm-FHez-nBq3-3Sq4-X6RjRw
   
  --- Volume group ---
  VG Name               var
  System ID             
  Format                lvm2
  Metadata Areas        1
  Metadata Sequence No  2
  VG Access             read/write
  VG Status             resizable
  MAX LV                0
  Cur LV                1
  Open LV               1
  Max PV                0
  Cur PV                1
  Act PV                1
  VG Size               20.00 GiB
  PE Size               4.00 MiB
  Total PE              5119
  Alloc PE / Size       5119 / 20.00 GiB
  Free  PE / Size       0 / 0   
  VG UUID               Exuqyv-N4w0-addS-PIv3-Llsf-cOMr-AnQkc0
   
  --- Volume group ---
  VG Name               var_log
  System ID             
  Format                lvm2
  Metadata Areas        1
  Metadata Sequence No  2
  VG Access             read/write
  VG Status             resizable
  MAX LV                0
  Cur LV                1
  Open LV               1
  Max PV                0
  Cur PV                1
  Act PV                1
  VG Size               20.00 GiB
  PE Size               4.00 MiB
  Total PE              5119
  Alloc PE / Size       5119 / 20.00 GiB
  Free  PE / Size       0 / 0   
  VG UUID               eH81Ac-Ze3E-nwSW-2adu-8GIE-23VU-2k7g0J
   
  --- Logical volume ---
  LV Path                /dev/home/home
  LV Name                home
  VG Name                home
  LV UUID                KGk32P-NsfU-8Pd2-3Kvx-agFF-mGId-3t28yO
  LV Write Access        read/write
  LV Creation host, time SAPXS4DB03, 2022-01-31 12:13:52 +0000
  LV Status              available
  # open                 1
  LV Size                20.00 GiB
  Current LE             5119
  Segments               1
  Allocation             inherit
  Read ahead sectors     auto
  - currently set to     1024
  Block device           254:6
   
  --- Logical volume ---
  LV Path                /dev/var_tmp/var_tmp
  LV Name                var_tmp
  VG Name                var_tmp
  LV UUID                2Ff4jI-Egjb-EKNS-7oh6-n2II-uPma-jVTW3G
  LV Write Access        read/write
  LV Creation host, time SAPXS4DB03, 2022-01-31 12:16:58 +0000
  LV Status              available
  # open                 1
  LV Size                20.00 GiB
  Current LE             5119
  Segments               1
  Allocation             inherit
  Read ahead sectors     auto
  - currently set to     1024
  Block device           254:4
   
  --- Logical volume ---
  LV Path                /dev/hana_log/hana_log
  LV Name                hana_log
  VG Name                hana_log
  LV UUID                Oa8aGT-xqWL-cNZ2-OxzI-Zn5Q-zYrh-u1cEIt
  LV Write Access        read/write
  LV Creation host, time SAPXSLDB01, 2022-03-21 14:46:47 +0000
  LV Status              available
  # open                 1
  LV Size                700.00 GiB
  Current LE             179199
  Segments               1
  Allocation             inherit
  Read ahead sectors     auto
  - currently set to     1024
  Block device           254:8
   
  --- Logical volume ---
  LV Path                /dev/hana_shared/hana_shared
  LV Name                hana_shared
  VG Name                hana_shared
  LV UUID                n5BUyX-Orwv-uTha-uJ2R-nXwP-RnkL-AMXctn
  LV Write Access        read/write
  LV Creation host, time SAPXSLDB01, 2022-03-21 14:50:26 +0000
  LV Status              available
  # open                 1
  LV Size                300.00 GiB
  Current LE             76799
  Segments               1
  Allocation             inherit
  Read ahead sectors     auto
  - currently set to     1024
  Block device           254:2
   
  --- Logical volume ---
  LV Path                /dev/var_log_audit/var_log_audit
  LV Name                var_log_audit
  VG Name                var_log_audit
  LV UUID                2C0Y7A-b93b-hJYc-GQA0-wo8F-LpRr-YxNJ5u
  LV Write Access        read/write
  LV Creation host, time SAPXS4DB03, 2022-01-31 12:22:07 +0000
  LV Status              available
  # open                 1
  LV Size                20.00 GiB
  Current LE             5119
  Segments               1
  Allocation             inherit
  Read ahead sectors     auto
  - currently set to     1024
  Block device           254:7
   
  --- Logical volume ---
  LV Path                /dev/hana_data/hana_data
  LV Name                hana_data
  VG Name                hana_data
  LV UUID                dduMaf-fWOB-Jfb4-7lAS-ymJV-cdVN-5gI3Kg
  LV Write Access        read/write
  LV Creation host, time SAPXSLDB01, 2022-03-21 14:49:10 +0000
  LV Status              available
  # open                 1
  LV Size                600.00 GiB
  Current LE             153599
  Segments               1
  Allocation             inherit
  Read ahead sectors     auto
  - currently set to     1024
  Block device           254:3
   
  --- Logical volume ---
  LV Path                /dev/usr_sap/usr_sap
  LV Name                usr_sap
  VG Name                usr_sap
  LV UUID                ERxfN7-otfo-1vSP-pyd7-Zx9N-a3Ul-qEGAYt
  LV Write Access        read/write
  LV Creation host, time SAPXSLDB01, 2022-03-21 14:39:59 +0000
  LV Status              available
  # open                 1
  LV Size                100.00 GiB
  Current LE             25599
  Segments               1
  Allocation             inherit
  Read ahead sectors     auto
  - currently set to     1024
  Block device           254:5
   
  --- Logical volume ---
  LV Path                /dev/usr_sap_install/usr_sap_install
  LV Name                usr_sap_install
  VG Name                usr_sap_install
  LV UUID                ijekTD-LhN6-BpiM-jvqF-aIbI-m9fB-209ri3
  LV Write Access        read/write
  LV Creation host, time SAPXSLDB01, 2022-03-21 14:44:16 +0000
  LV Status              available
  # open                 1
  LV Size                100.00 GiB
  Current LE             25599
  Segments               1
  Allocation             inherit
  Read ahead sectors     auto
  - currently set to     1024
  Block device           254:1
   
  --- Logical volume ---
  LV Path                /dev/var/var
  LV Name                var
  VG Name                var
  LV UUID                GfDbSZ-M8JZ-pT0U-cATi-yh7H-2VZz-yfngE9
  LV Write Access        read/write
  LV Creation host, time SAPXSLDB01, 2022-05-02 12:56:44 +0000
  LV Status              available
  # open                 1
  LV Size                20.00 GiB
  Current LE             5119
  Segments               1
  Allocation             inherit
  Read ahead sectors     auto
  - currently set to     1024
  Block device           254:0
   
  --- Logical volume ---
  LV Path                /dev/var_log/var_log
  LV Name                var_log
  VG Name                var_log
  LV UUID                MGK2ah-qsvr-e5Ud-owPv-Mkjx-GwVy-vyCTzb
  LV Write Access        read/write
  LV Creation host, time SAPXSLDB01, 2022-05-02 12:58:59 +0000
  LV Status              available
  # open                 1
  LV Size                20.00 GiB
  Current LE             5119
  Segments               1
  Allocation             inherit
  Read ahead sectors     auto
  - currently set to     1024
  Block device           254:9
   
              total        used        free      shared  buff/cache   available
Mem:         126793       28360       89086        1192        9347       96064
Swap:          2047           0        2047

[31;43m***** NTPD status *****[0m
● ntpd.service - NTP Server Daemon
   Loaded: loaded (/usr/lib/systemd/system/ntpd.service; disabled; vendor preset: disabled)
  Drop-In: /run/systemd/generator/ntpd.service.d
           └─50-insserv.conf-$time.conf
   Active: active (running) since Wed 2022-05-11 20:59:47 UTC; 1min 40s ago
     Docs: man:ntpd(1)
  Process: 12286 ExecStart=/usr/sbin/start-ntpd start (code=exited, status=0/SUCCESS)
 Main PID: 12295 (ntpd)
    Tasks: 2
   CGroup: /system.slice/ntpd.service
           ├─12295 /usr/sbin/ntpd -p /var/run/ntp/ntpd.pid -g -u ntp:ntp -c /etc/ntp.conf
           └─12296 ntpd: asynchronous dns resolver

May 11 20:59:47 SAPXSLDB01 ntpd[12295]: proto: precision = 0.043 usec (-24)
May 11 20:59:47 SAPXSLDB01 ntpd[12295]: line 88 column 22 syntax error, unexpected T_String, expecting T_EOC
May 11 20:59:47 SAPXSLDB01 ntpd[12295]: syntax error in /etc/ntp.conf line 88, column 22
May 11 20:59:47 SAPXSLDB01 ntpd[12295]: line 89 column 22 syntax error, unexpected T_String, expecting T_EOC
May 11 20:59:47 SAPXSLDB01 ntpd[12295]: syntax error in /etc/ntp.conf line 89, column 22
May 11 20:59:47 SAPXSLDB01 ntpd[12295]: basedate set to 2021-06-03
May 11 20:59:47 SAPXSLDB01 ntpd[12295]: gps base set to 2021-06-06 (week 2161)
May 11 20:59:47 SAPXSLDB01 ntpd[12295]: switching logging to file /var/log/ntp
May 11 20:59:47 SAPXSLDB01 start-ntpd[12286]: Starting network time protocol daemon (NTPD)
May 11 20:59:47 SAPXSLDB01 systemd[1]: Started NTP Server Daemon.
     remote           refid      st t when poll reach   delay   offset  jitter
==============================================================================
 ip-172-30-144-2 17.253.26.125    2 u   35   64    3   77.025   -6.744   7.620
 ip-172-30-144-2 17.253.4.253     2 u   35   64    3   77.160   -7.039   7.529

******************************************
SAPXSLDB01
5.3.18-24.67-default
NAME="SLES"
VERSION="15-SP2"
VERSION_ID="15.2"
PRETTY_NAME="SUSE Linux Enterprise Server 15 SP2"
ID="sles"
ID_LIKE="suse"
ANSI_COLOR="0;32"
CPE_NAME="cpe:/o:suse:sles:15:sp2"
VARIANT_ID="sles-sap"
 21:01:28  up 9 days  5:55,  1 user,  load average: 0.11, 0.12, 0.14
################################################################################
## /etc/ntp.conf
##
## Sample NTP configuration file.
## See package 'ntp-doc' for documentation, Mini-HOWTO and FAQ.
## Copyright (c) 1998 S.u.S.E. GmbH Fuerth, Germany.
##
## Author: Michael Andres,  <ma@suse.de>
##         Michael Skibbe,  <mskibbe@suse.de>
##
################################################################################

##
## Radio and modem clocks by convention have addresses in the 
## form 127.127.t.u, where t is the clock type and u is a unit 
## number in the range 0-3. 
##
## Most of these clocks require support in the form of a 
## serial port or special bus peripheral. The particular  
## device is normally specified by adding a soft link 
## /dev/device-u to the particular hardware device involved, 
## where u correspond to the unit number above. 
## 
## Generic DCF77 clock on serial port (Conrad DCF77)
## Address:     127.127.8.u
## Serial Port: /dev/refclock-u
##  
## (create soft link /dev/refclock-0 to the particular ttyS?)
##
# server 127.127.8.0 mode 5 prefer

##
## Undisciplined Local Clock. This is a fake driver intended for backup
## and when no outside source of synchronized time is available.
##
# server 127.127.1.0		# local clock (LCL)
# fudge  127.127.1.0 stratum 10	# LCL is unsynchronized

##
## Add external Servers using
## # rcntpd addserver <yourserver>
## The servers will only be added to the currently running instance, not
## to /etc/ntp.conf.
##

# Access control configuration; see /usr/share/doc/packages/ntp/html/accopt.html for
# details.  The web page <http://support.ntp.org/bin/view/Support/AccessRestrictions>
# might also be helpful.
#
# Note that "restrict" applies to both servers and clients, so a configuration
# that might be intended to block requests from certain clients could also end
# up blocking replies from your own upstream servers.

# By default, exchange time with everybody, but don't allow configuration.
restrict -4 default notrap nomodify nopeer noquery
restrict -6 default notrap nomodify nopeer noquery

# Local users may interrogate the ntp server more closely.
restrict 127.0.0.1
restrict ::1

# Clients from this (example!) subnet have unlimited access, but only if
# cryptographically authenticated.
#restrict 192.168.123.0 mask 255.255.255.0 notrust

##
## Miscellaneous stuff
##

driftfile /var/lib/ntp/drift/ntp.drift # path for drift file

logfile   /var/log/ntp		# alternate log file
# logconfig =syncstatus + sysevents
# logconfig =all

# statsdir /var/log/ntpstats/		# directory for statistics files
# filegen peerstats  file peerstats  type day enable
# filegen loopstats  file loopstats  type day enable
# filegen clockstats file clockstats type day enable

#
# Authentication stuff
#
keys /etc/ntp.keys		# path for keys file
trustedkey 1 # define trusted keys
requestkey 1			# key (7) for accessing server variables
controlkey 1			# key (6) for accessing server variables
server 172.30.144.243 ibrust
server 172.30.144.244 ibrust
     remote           refid      st t when poll reach   delay   offset  jitter
==============================================================================
 ip-172-30-144-2 17.253.26.125    2 u   35   64    3   77.025   -6.744   7.620
 ip-172-30-144-2 17.253.4.253     2 u   35   64    3   77.160   -7.039   7.529
aaa_base-extras-84.87+git20180409.04c9dae-3.52.1.x86_64 Mon May  2 15:03:52 2022
libdns1605-9.16.6-150000.12.60.1.x86_64       Mon May  2 15:03:20 2022
libirs1601-9.16.6-150000.12.60.1.x86_64       Mon May  2 15:03:16 2022
libns1604-9.16.6-150000.12.60.1.x86_64        Mon May  2 15:03:10 2022
libisccc1600-9.16.6-150000.12.60.1.x86_64     Mon May  2 15:03:07 2022
libisccfg1600-9.16.6-150000.12.60.1.x86_64    Mon May  2 15:03:03 2022
libisc1606-9.16.6-150000.12.60.1.x86_64       Mon May  2 15:03:00 2022
ruby2.5-stdlib-2.5.9-4.20.1.x86_64            Mon May  2 15:02:49 2022
libruby2_5-2_5-2.5.9-4.20.1.x86_64            Mon May  2 15:02:48 2022
mozilla-nss-tools-3.68.3-150000.3.67.1.x86_64 Mon May  2 15:02:45 2022
libsasl2-3-32bit-2.1.26-5.10.1.x86_64         Mon May  2 15:02:25 2022
cyrus-sasl-saslauthd-2.1.26-5.10.1.x86_64     Mon May  2 15:02:22 2022
cyrus-sasl-gssapi-2.1.26-5.10.1.x86_64        Mon May  2 15:02:18 2022
cyrus-sasl-plain-2.1.26-5.10.1.x86_64         Mon May  2 15:02:15 2022
cyrus-sasl-digestmd5-2.1.26-5.10.1.x86_64     Mon May  2 15:02:12 2022
libsasl2-3-2.1.26-5.10.1.x86_64               Mon May  2 15:02:08 2022
snmp-mibs-5.7.3-10.12.1.x86_64                Mon May  2 15:02:05 2022
perl-SNMP-5.7.3-10.12.1.x86_64                Mon May  2 15:02:02 2022
libsnmp30-5.7.3-10.12.1.x86_64                Mon May  2 15:01:58 2022
libinput10-1.10.5-150000.3.3.1.x86_64         Mon May  2 15:01:36 2022
libinput-udev-1.10.5-150000.3.3.1.x86_64      Mon May  2 15:01:36 2022
zypper-needs-restarting-1.14.52-150200.30.2.noarch Mon May  2 15:01:33 2022
zypper-log-1.14.52-150200.30.2.noarch         Mon May  2 15:01:33 2022
zypper-1.14.52-150200.30.2.x86_64             Mon May  2 15:01:33 2022
ruby-solv-0.7.22-150200.12.1.x86_64           Mon May  2 15:01:27 2022
python3-solv-0.7.22-150200.12.1.x86_64        Mon May  2 15:01:27 2022
libzypp-17.30.0-150200.36.1.x86_64            Mon May  2 15:01:16 2022
libsolv-tools-0.7.22-150200.12.1.x86_64       Mon May  2 15:01:15 2022
sqlite3-3.36.0-3.12.1.x86_64                  Mon May  2 15:01:10 2022
aaa_base-84.87+git20180409.04c9dae-3.52.1.x86_64 Mon May  2 15:01:04 2022
python3-pip-20.0.2-6.15.1.noarch              Mon May  2 15:01:00 2022
python3-dbm-3.6.15-3.91.4.x86_64              Mon May  2 15:01:00 2022
python3-curses-3.6.15-3.91.4.x86_64           Mon May  2 15:01:00 2022
python3-3.6.15-3.91.4.x86_64                  Mon May  2 15:01:00 2022
python3-base-3.6.15-3.91.3.x86_64             Mon May  2 15:00:59 2022
shared-python-startup-0.1-1.5.1.noarch        Mon May  2 15:00:58 2022
libpython3_6m1_0-3.6.15-3.91.3.x86_64         Mon May  2 15:00:58 2022
polkit-0.116-3.6.1.x86_64                     Mon May  2 15:00:54 2022
libpolkit0-0.116-3.6.1.x86_64                 Mon May  2 15:00:54 2022
samba-python3-4.11.14+git.322.4d2b83a55cc-150200.4.38.2.x86_64 Mon May  2 15:00:48 2022
libsamba-policy0-python3-4.11.14+git.322.4d2b83a55cc-150200.4.38.2.x86_64 Mon May  2 15:00:48 2022
samba-client-4.11.14+git.322.4d2b83a55cc-150200.4.38.2.x86_64 Mon May  2 15:00:47 2022
